[2025-03-26T11:26:10.569+0000][29648][info][gc,init] CardTable entry size: 512
[2025-03-26T11:26:10.569+0000][29648][info][gc     ] Using G1
[2025-03-26T11:26:12.131+0000][29648][info][gc,init] Version: 23+37-2369 (release)
[2025-03-26T11:26:12.131+0000][29648][info][gc,init] CPUs: 24 total, 24 available
[2025-03-26T11:26:12.131+0000][29648][info][gc,init] Memory: 16296M
[2025-03-26T11:26:12.131+0000][29648][info][gc,init] Large Page Support: Disabled
[2025-03-26T11:26:12.131+0000][29648][info][gc,init] NUMA Support: Disabled
[2025-03-26T11:26:12.131+0000][29648][info][gc,init] Compressed Oops: Enabled (Zero based)
[2025-03-26T11:26:12.131+0000][29648][info][gc,init] Heap Region Size: 4M
[2025-03-26T11:26:12.131+0000][29648][info][gc,init] Heap Min Capacity: 8148M
[2025-03-26T11:26:12.131+0000][29648][info][gc,init] Heap Initial Capacity: 8148M
[2025-03-26T11:26:12.131+0000][29648][info][gc,init] Heap Max Capacity: 8148M
[2025-03-26T11:26:12.131+0000][29648][info][gc,init] Pre-touch: Enabled
[2025-03-26T11:26:12.131+0000][29648][info][gc,init] Parallel Workers: 18
[2025-03-26T11:26:12.131+0000][29648][info][gc,init] Concurrent Workers: 5
[2025-03-26T11:26:12.131+0000][29648][info][gc,init] Concurrent Refinement Workers: 18
[2025-03-26T11:26:12.131+0000][29648][info][gc,init] Periodic GC: Disabled
[2025-03-26T11:26:12.140+0000][29648][info][gc,metaspace] CDS archive(s) mapped at: [0x000001f835000000-0x000001f835d70000-0x000001f835d70000), size 14090240, SharedBaseAddress: 0x000001f835000000, ArchiveRelocationMode: 1.
[2025-03-26T11:26:12.140+0000][29648][info][gc,metaspace] Compressed class space mapped at: 0x000001f836000000-0x000001f876000000, reserved size: 1073741824
[2025-03-26T11:26:12.140+0000][29648][info][gc,metaspace] Narrow klass base: 0x000001f835000000, Narrow klass shift: 0, Narrow klass range: 0x41000000
[2025-03-26T11:26:15.234+0000][29648][info][gc,start    ] GC(0) Pause Young (Concurrent Start) (Metadata GC Threshold)
[2025-03-26T11:26:15.236+0000][29648][info][gc,task     ] GC(0) Using 18 workers of 18 for evacuation
[2025-03-26T11:26:15.236+0000][29648][debug][gc,age      ] GC(0) Desired survivor size 27262976 bytes, new threshold 15 (max threshold 15)
[2025-03-26T11:26:15.243+0000][29648][info ][gc,phases   ] GC(0)   Pre Evacuate Collection Set: 0.26ms
[2025-03-26T11:26:15.243+0000][29648][info ][gc,phases   ] GC(0)   Merge Heap Roots: 0.16ms
[2025-03-26T11:26:15.243+0000][29648][info ][gc,phases   ] GC(0)   Evacuate Collection Set: 5.62ms
[2025-03-26T11:26:15.243+0000][29648][info ][gc,phases   ] GC(0)   Post Evacuate Collection Set: 0.97ms
[2025-03-26T11:26:15.243+0000][29648][info ][gc,phases   ] GC(0)   Other: 3.02ms
[2025-03-26T11:26:15.243+0000][29648][trace][gc,age      ] GC(0) Age table:
[2025-03-26T11:26:15.243+0000][29648][trace][gc,age      ] GC(0) - age   1:   15264480 bytes,   15264480 total
[2025-03-26T11:26:15.243+0000][29648][info ][gc,heap     ] GC(0) Eden regions: 69->0(97)
[2025-03-26T11:26:15.243+0000][29648][info ][gc,heap     ] GC(0) Survivor regions: 0->4(13)
[2025-03-26T11:26:15.243+0000][29648][info ][gc,heap     ] GC(0) Old regions: 0->0
[2025-03-26T11:26:15.243+0000][29648][info ][gc,heap     ] GC(0) Humongous regions: 0->0
[2025-03-26T11:26:15.243+0000][29648][info ][gc,metaspace] GC(0) Metaspace: 20779K(21504K)->20779K(21504K) NonClass: 18455K(18880K)->18455K(18880K) Class: 2323K(2624K)->2323K(2624K)
[2025-03-26T11:26:15.243+0000][29648][info ][gc          ] GC(0) Pause Young (Concurrent Start) (Metadata GC Threshold) 274M->15M(8148M) 10.301ms
[2025-03-26T11:26:15.243+0000][29648][info ][gc,cpu      ] GC(0) User=0.00s Sys=0.00s Real=0.01s
[2025-03-26T11:26:15.243+0000][29648][info ][gc          ] GC(1) Concurrent Mark Cycle
[2025-03-26T11:26:15.243+0000][29648][info ][gc,marking  ] GC(1) Concurrent Scan Root Regions
[2025-03-26T11:26:15.243+0000][29648][info ][safepoint   ] Safepoint "CollectForMetadataAllocation", Time since last: 3090774200 ns, Reaching safepoint: 5400 ns, At safepoint: 10385400 ns, Total: 10390800 ns
[2025-03-26T11:26:15.248+0000][29648][info ][gc,marking  ] GC(1) Concurrent Scan Root Regions 3.495ms
[2025-03-26T11:26:15.248+0000][29648][info ][gc,marking  ] GC(1) Concurrent Mark
[2025-03-26T11:26:15.248+0000][29648][info ][gc,marking  ] GC(1) Concurrent Mark From Roots
[2025-03-26T11:26:15.248+0000][29648][info ][gc,task     ] GC(1) Using 5 workers of 5 for marking
[2025-03-26T11:26:15.249+0000][29648][info ][gc,marking  ] GC(1) Concurrent Mark From Roots 1.127ms
[2025-03-26T11:26:15.249+0000][29648][info ][gc,marking  ] GC(1) Concurrent Preclean
[2025-03-26T11:26:15.249+0000][29648][info ][gc,marking  ] GC(1) Concurrent Preclean 0.013ms
[2025-03-26T11:26:15.249+0000][29648][info ][gc,start    ] GC(1) Pause Remark
[2025-03-26T11:26:15.250+0000][29648][info ][gc          ] GC(1) Pause Remark 19M->19M(8148M) 1.606ms
[2025-03-26T11:26:15.250+0000][29648][info ][gc,cpu      ] GC(1) User=0.00s Sys=0.00s Real=0.00s
[2025-03-26T11:26:15.250+0000][29648][info ][safepoint   ] Safepoint "G1PauseRemark", Time since last: 4765900 ns, Reaching safepoint: 12900 ns, At safepoint: 1659800 ns, Total: 1672700 ns
[2025-03-26T11:26:15.250+0000][29648][info ][gc,marking  ] GC(1) Concurrent Mark 2.898ms
[2025-03-26T11:26:15.251+0000][29648][info ][gc,marking  ] GC(1) Concurrent Rebuild Remembered Sets and Scrub Regions
[2025-03-26T11:26:15.251+0000][29648][info ][gc,marking  ] GC(1) Concurrent Rebuild Remembered Sets and Scrub Regions 0.102ms
[2025-03-26T11:26:15.251+0000][29648][info ][gc,start    ] GC(1) Pause Cleanup
[2025-03-26T11:26:15.251+0000][29648][info ][gc          ] GC(1) Pause Cleanup 19M->19M(8148M) 0.034ms
[2025-03-26T11:26:15.251+0000][29648][info ][gc,cpu      ] GC(1) User=0.00s Sys=0.00s Real=0.00s
[2025-03-26T11:26:15.251+0000][29648][info ][safepoint   ] Safepoint "G1PauseCleanup", Time since last: 209400 ns, Reaching safepoint: 13500 ns, At safepoint: 78000 ns, Total: 91500 ns
[2025-03-26T11:26:15.251+0000][29648][info ][gc,marking  ] GC(1) Concurrent Clear Claimed Marks
[2025-03-26T11:26:15.251+0000][29648][info ][gc,marking  ] GC(1) Concurrent Clear Claimed Marks 0.045ms
[2025-03-26T11:26:15.251+0000][29648][info ][gc,marking  ] GC(1) Concurrent Cleanup for Next Mark
[2025-03-26T11:26:15.259+0000][29648][info ][gc,marking  ] GC(1) Concurrent Cleanup for Next Mark 8.868ms
[2025-03-26T11:26:15.259+0000][29648][info ][gc          ] GC(1) Concurrent Mark Cycle 15.772ms
[2025-03-26T11:26:16.308+0000][29648][info ][gc,start    ] GC(2) Pause Young (Normal) (G1 Evacuation Pause)
[2025-03-26T11:26:16.308+0000][29648][info ][gc,task     ] GC(2) Using 18 workers of 18 for evacuation
[2025-03-26T11:26:16.308+0000][29648][debug][gc,age      ] GC(2) Desired survivor size 27262976 bytes, new threshold 15 (max threshold 15)
[2025-03-26T11:26:16.317+0000][29648][info ][gc,phases   ] GC(2)   Pre Evacuate Collection Set: 0.19ms
[2025-03-26T11:26:16.317+0000][29648][info ][gc,phases   ] GC(2)   Merge Heap Roots: 0.11ms
[2025-03-26T11:26:16.317+0000][29648][info ][gc,phases   ] GC(2)   Evacuate Collection Set: 7.03ms
[2025-03-26T11:26:16.317+0000][29648][info ][gc,phases   ] GC(2)   Post Evacuate Collection Set: 0.95ms
[2025-03-26T11:26:16.317+0000][29648][info ][gc,phases   ] GC(2)   Other: 0.11ms
[2025-03-26T11:26:16.317+0000][29648][trace][gc,age      ] GC(2) Age table:
[2025-03-26T11:26:16.317+0000][29648][trace][gc,age      ] GC(2) - age   1:    6917696 bytes,    6917696 total
[2025-03-26T11:26:16.317+0000][29648][trace][gc,age      ] GC(2) - age   2:   14329576 bytes,   21247272 total
[2025-03-26T11:26:16.317+0000][29648][info ][gc,heap     ] GC(2) Eden regions: 97->0(95)
[2025-03-26T11:26:16.317+0000][29648][info ][gc,heap     ] GC(2) Survivor regions: 4->6(13)
[2025-03-26T11:26:16.317+0000][29648][info ][gc,heap     ] GC(2) Old regions: 0->0
[2025-03-26T11:26:16.317+0000][29648][info ][gc,heap     ] GC(2) Humongous regions: 0->0
[2025-03-26T11:26:16.317+0000][29648][info ][gc,metaspace] GC(2) Metaspace: 29111K(30080K)->29111K(30080K) NonClass: 25838K(26368K)->25838K(26368K) Class: 3273K(3712K)->3273K(3712K)
[2025-03-26T11:26:16.317+0000][29648][info ][gc          ] GC(2) Pause Young (Normal) (G1 Evacuation Pause) 403M->21M(8148M) 8.669ms
[2025-03-26T11:26:16.317+0000][29648][info ][gc,cpu      ] GC(2) User=0.00s Sys=0.00s Real=0.01s
[2025-03-26T11:26:16.317+0000][29648][info ][safepoint   ] Safepoint "G1CollectForAllocation", Time since last: 1057079000 ns, Reaching safepoint: 4000 ns, At safepoint: 8733600 ns, Total: 8737600 ns
[2025-03-26T11:26:16.764+0000][29648][info ][gc,start    ] GC(3) Pause Young (Normal) (G1 Evacuation Pause)
[2025-03-26T11:26:16.764+0000][29648][info ][gc,task     ] GC(3) Using 18 workers of 18 for evacuation
[2025-03-26T11:26:16.764+0000][29648][debug][gc,age      ] GC(3) Desired survivor size 27262976 bytes, new threshold 15 (max threshold 15)
[2025-03-26T11:26:16.772+0000][29648][info ][gc,phases   ] GC(3)   Pre Evacuate Collection Set: 0.17ms
[2025-03-26T11:26:16.772+0000][29648][info ][gc,phases   ] GC(3)   Merge Heap Roots: 0.08ms
[2025-03-26T11:26:16.772+0000][29648][info ][gc,phases   ] GC(3)   Evacuate Collection Set: 7.33ms
[2025-03-26T11:26:16.772+0000][29648][info ][gc,phases   ] GC(3)   Post Evacuate Collection Set: 0.99ms
[2025-03-26T11:26:16.772+0000][29648][info ][gc,phases   ] GC(3)   Other: 0.10ms
[2025-03-26T11:26:16.772+0000][29648][trace][gc,age      ] GC(3) Age table:
[2025-03-26T11:26:16.772+0000][29648][trace][gc,age      ] GC(3) - age   1:    6545928 bytes,    6545928 total
[2025-03-26T11:26:16.772+0000][29648][trace][gc,age      ] GC(3) - age   2:    6108360 bytes,   12654288 total
[2025-03-26T11:26:16.772+0000][29648][trace][gc,age      ] GC(3) - age   3:   14329448 bytes,   26983736 total
[2025-03-26T11:26:16.772+0000][29648][info ][gc,heap     ] GC(3) Eden regions: 95->0(94)
[2025-03-26T11:26:16.772+0000][29648][info ][gc,heap     ] GC(3) Survivor regions: 6->7(13)
[2025-03-26T11:26:16.772+0000][29648][info ][gc,heap     ] GC(3) Old regions: 0->0
[2025-03-26T11:26:16.772+0000][29648][info ][gc,heap     ] GC(3) Humongous regions: 0->0
[2025-03-26T11:26:16.772+0000][29648][info ][gc,metaspace] GC(3) Metaspace: 30259K(31232K)->30259K(31232K) NonClass: 26825K(27392K)->26825K(27392K) Class: 3434K(3840K)->3434K(3840K)
[2025-03-26T11:26:16.772+0000][29648][info ][gc          ] GC(3) Pause Young (Normal) (G1 Evacuation Pause) 401M->28M(8148M) 8.885ms
[2025-03-26T11:26:16.772+0000][29648][info ][gc,cpu      ] GC(3) User=0.02s Sys=0.00s Real=0.01s
[2025-03-26T11:26:16.772+0000][29648][info ][safepoint   ] Safepoint "G1CollectForAllocation", Time since last: 446846700 ns, Reaching safepoint: 3200 ns, At safepoint: 8934000 ns, Total: 8937200 ns
[2025-03-26T11:26:17.341+0000][29648][info ][gc,start    ] GC(4) Pause Young (Concurrent Start) (Metadata GC Threshold)
[2025-03-26T11:26:17.341+0000][29648][info ][gc,task     ] GC(4) Using 18 workers of 18 for evacuation
[2025-03-26T11:26:17.341+0000][29648][debug][gc,age      ] GC(4) Desired survivor size 27262976 bytes, new threshold 15 (max threshold 15)
[2025-03-26T11:26:17.351+0000][29648][info ][gc,phases   ] GC(4)   Pre Evacuate Collection Set: 0.24ms
[2025-03-26T11:26:17.351+0000][29648][info ][gc,phases   ] GC(4)   Merge Heap Roots: 0.08ms
[2025-03-26T11:26:17.351+0000][29648][info ][gc,phases   ] GC(4)   Evacuate Collection Set: 7.80ms
[2025-03-26T11:26:17.351+0000][29648][info ][gc,phases   ] GC(4)   Post Evacuate Collection Set: 0.86ms
[2025-03-26T11:26:17.351+0000][29648][info ][gc,phases   ] GC(4)   Other: 0.09ms
[2025-03-26T11:26:17.351+0000][29648][trace][gc,age      ] GC(4) Age table:
[2025-03-26T11:26:17.351+0000][29648][trace][gc,age      ] GC(4) - age   1:    4542504 bytes,    4542504 total
[2025-03-26T11:26:17.351+0000][29648][trace][gc,age      ] GC(4) - age   2:    4550216 bytes,    9092720 total
[2025-03-26T11:26:17.351+0000][29648][trace][gc,age      ] GC(4) - age   3:    6102832 bytes,   15195552 total
[2025-03-26T11:26:17.351+0000][29648][trace][gc,age      ] GC(4) - age   4:   14328776 bytes,   29524328 total
[2025-03-26T11:26:17.351+0000][29648][info ][gc,heap     ] GC(4) Eden regions: 93->0(93)
[2025-03-26T11:26:17.351+0000][29648][info ][gc,heap     ] GC(4) Survivor regions: 7->8(13)
[2025-03-26T11:26:17.351+0000][29648][info ][gc,heap     ] GC(4) Old regions: 0->0
[2025-03-26T11:26:17.351+0000][29648][info ][gc,heap     ] GC(4) Humongous regions: 0->0
[2025-03-26T11:26:17.351+0000][29648][info ][gc,metaspace] GC(4) Metaspace: 35100K(36096K)->35100K(36096K) NonClass: 31148K(31744K)->31148K(31744K) Class: 3951K(4352K)->3951K(4352K)
[2025-03-26T11:26:17.351+0000][29648][info ][gc          ] GC(4) Pause Young (Concurrent Start) (Metadata GC Threshold) 400M->30M(8148M) 9.356ms
[2025-03-26T11:26:17.351+0000][29648][info ][gc,cpu      ] GC(4) User=0.05s Sys=0.00s Real=0.01s
[2025-03-26T11:26:17.351+0000][29648][info ][gc          ] GC(5) Concurrent Mark Cycle
[2025-03-26T11:26:17.351+0000][29648][info ][gc,marking  ] GC(5) Concurrent Scan Root Regions
[2025-03-26T11:26:17.351+0000][29648][info ][safepoint   ] Safepoint "CollectForMetadataAllocation", Time since last: 569142400 ns, Reaching safepoint: 3100 ns, At safepoint: 9439900 ns, Total: 9443000 ns
[2025-03-26T11:26:17.353+0000][29648][info ][gc,marking  ] GC(5) Concurrent Scan Root Regions 1.740ms
[2025-03-26T11:26:17.353+0000][29648][info ][gc,marking  ] GC(5) Concurrent Mark
[2025-03-26T11:26:17.353+0000][29648][info ][gc,marking  ] GC(5) Concurrent Mark From Roots
[2025-03-26T11:26:17.353+0000][29648][info ][gc,task     ] GC(5) Using 5 workers of 5 for marking
[2025-03-26T11:26:17.353+0000][29648][info ][gc,marking  ] GC(5) Concurrent Mark From Roots 0.383ms
[2025-03-26T11:26:17.353+0000][29648][info ][gc,marking  ] GC(5) Concurrent Preclean
[2025-03-26T11:26:17.353+0000][29648][info ][gc,marking  ] GC(5) Concurrent Preclean 0.013ms
[2025-03-26T11:26:17.353+0000][29648][info ][gc,start    ] GC(5) Pause Remark
[2025-03-26T11:26:17.355+0000][29648][info ][gc          ] GC(5) Pause Remark 33M->33M(8148M) 2.514ms
[2025-03-26T11:26:17.355+0000][29648][info ][gc,cpu      ] GC(5) User=0.00s Sys=0.00s Real=0.00s
[2025-03-26T11:26:17.355+0000][29648][info ][safepoint   ] Safepoint "G1PauseRemark", Time since last: 2220900 ns, Reaching safepoint: 33000 ns, At safepoint: 2566200 ns, Total: 2599200 ns
[2025-03-26T11:26:17.355+0000][29648][info ][gc,marking  ] GC(5) Concurrent Mark 3.079ms
[2025-03-26T11:26:17.355+0000][29648][info ][gc,marking  ] GC(5) Concurrent Rebuild Remembered Sets and Scrub Regions
[2025-03-26T11:26:17.355+0000][29648][info ][gc,marking  ] GC(5) Concurrent Rebuild Remembered Sets and Scrub Regions 0.061ms
[2025-03-26T11:26:17.355+0000][29648][info ][gc,start    ] GC(5) Pause Cleanup
[2025-03-26T11:26:17.355+0000][29648][info ][gc          ] GC(5) Pause Cleanup 33M->33M(8148M) 0.021ms
[2025-03-26T11:26:17.355+0000][29648][info ][gc,cpu      ] GC(5) User=0.00s Sys=0.00s Real=0.00s
[2025-03-26T11:26:17.356+0000][29648][info ][safepoint   ] Safepoint "G1PauseCleanup", Time since last: 137800 ns, Reaching safepoint: 12200 ns, At safepoint: 54500 ns, Total: 66700 ns
[2025-03-26T11:26:17.356+0000][29648][info ][gc,marking  ] GC(5) Concurrent Clear Claimed Marks
[2025-03-26T11:26:17.356+0000][29648][info ][gc,marking  ] GC(5) Concurrent Clear Claimed Marks 0.032ms
[2025-03-26T11:26:17.356+0000][29648][info ][gc,marking  ] GC(5) Concurrent Cleanup for Next Mark
[2025-03-26T11:26:17.364+0000][29648][info ][gc,marking  ] GC(5) Concurrent Cleanup for Next Mark 8.448ms
[2025-03-26T11:26:17.365+0000][29648][info ][gc          ] GC(5) Concurrent Mark Cycle 13.650ms
[2025-03-26T11:26:17.858+0000][29648][info ][gc,start    ] GC(6) Pause Young (Normal) (G1 Evacuation Pause)
[2025-03-26T11:26:17.858+0000][29648][info ][gc,task     ] GC(6) Using 18 workers of 18 for evacuation
[2025-03-26T11:26:17.858+0000][29648][debug][gc,age      ] GC(6) Desired survivor size 27262976 bytes, new threshold 4 (max threshold 15)
[2025-03-26T11:26:17.867+0000][29648][info ][gc,phases   ] GC(6)   Pre Evacuate Collection Set: 0.17ms
[2025-03-26T11:26:17.867+0000][29648][info ][gc,phases   ] GC(6)   Merge Heap Roots: 0.08ms
[2025-03-26T11:26:17.867+0000][29648][info ][gc,phases   ] GC(6)   Evacuate Collection Set: 8.56ms
[2025-03-26T11:26:17.867+0000][29648][info ][gc,phases   ] GC(6)   Post Evacuate Collection Set: 0.86ms
[2025-03-26T11:26:17.867+0000][29648][info ][gc,phases   ] GC(6)   Other: 0.08ms
[2025-03-26T11:26:17.867+0000][29648][trace][gc,age      ] GC(6) Age table:
[2025-03-26T11:26:17.867+0000][29648][trace][gc,age      ] GC(6) - age   1:    6038480 bytes,    6038480 total
[2025-03-26T11:26:17.867+0000][29648][trace][gc,age      ] GC(6) - age   2:    4508064 bytes,   10546544 total
[2025-03-26T11:26:17.867+0000][29648][trace][gc,age      ] GC(6) - age   3:    4547464 bytes,   15094008 total
[2025-03-26T11:26:17.867+0000][29648][trace][gc,age      ] GC(6) - age   4:    6101560 bytes,   21195568 total
[2025-03-26T11:26:17.867+0000][29648][info ][gc,heap     ] GC(6) Eden regions: 93->0(95)
[2025-03-26T11:26:17.867+0000][29648][info ][gc,heap     ] GC(6) Survivor regions: 8->6(13)
[2025-03-26T11:26:17.867+0000][29648][info ][gc,heap     ] GC(6) Old regions: 0->4
[2025-03-26T11:26:17.867+0000][29648][info ][gc,heap     ] GC(6) Humongous regions: 0->0
[2025-03-26T11:26:17.867+0000][29648][info ][gc,metaspace] GC(6) Metaspace: 38095K(39232K)->38095K(39232K) NonClass: 33700K(34368K)->33700K(34368K) Class: 4395K(4864K)->4395K(4864K)
[2025-03-26T11:26:17.867+0000][29648][info ][gc          ] GC(6) Pause Young (Normal) (G1 Evacuation Pause) 402M->38M(8148M) 10.030ms
[2025-03-26T11:26:17.867+0000][29648][info ][gc,cpu      ] GC(6) User=0.00s Sys=0.00s Real=0.01s
[2025-03-26T11:26:17.868+0000][29648][info ][safepoint   ] Safepoint "G1CollectForAllocation", Time since last: 501944600 ns, Reaching safepoint: 3100 ns, At safepoint: 10084800 ns, Total: 10087900 ns
[2025-03-26T11:26:18.327+0000][29648][info ][gc,start    ] GC(7) Pause Young (Normal) (G1 Evacuation Pause)
[2025-03-26T11:26:18.328+0000][29648][info ][gc,task     ] GC(7) Using 18 workers of 18 for evacuation
[2025-03-26T11:26:18.328+0000][29648][debug][gc,age      ] GC(7) Desired survivor size 27262976 bytes, new threshold 15 (max threshold 15)
[2025-03-26T11:26:18.333+0000][29648][info ][gc,phases   ] GC(7)   Pre Evacuate Collection Set: 0.19ms
[2025-03-26T11:26:18.333+0000][29648][info ][gc,phases   ] GC(7)   Merge Heap Roots: 0.10ms
[2025-03-26T11:26:18.333+0000][29648][info ][gc,phases   ] GC(7)   Evacuate Collection Set: 4.13ms
[2025-03-26T11:26:18.333+0000][29648][info ][gc,phases   ] GC(7)   Post Evacuate Collection Set: 0.51ms
[2025-03-26T11:26:18.333+0000][29648][info ][gc,phases   ] GC(7)   Other: 0.10ms
[2025-03-26T11:26:18.333+0000][29648][trace][gc,age      ] GC(7) Age table:
[2025-03-26T11:26:18.333+0000][29648][trace][gc,age      ] GC(7) - age   1:    6920664 bytes,    6920664 total
[2025-03-26T11:26:18.333+0000][29648][trace][gc,age      ] GC(7) - age   2:    6005344 bytes,   12926008 total
[2025-03-26T11:26:18.333+0000][29648][trace][gc,age      ] GC(7) - age   3:    4505392 bytes,   17431400 total
[2025-03-26T11:26:18.333+0000][29648][trace][gc,age      ] GC(7) - age   4:    4547368 bytes,   21978768 total
[2025-03-26T11:26:18.333+0000][29648][trace][gc,age      ] GC(7) - age   5:    6098792 bytes,   28077560 total
[2025-03-26T11:26:18.333+0000][29648][info ][gc,heap     ] GC(7) Eden regions: 95->0(93)
[2025-03-26T11:26:18.333+0000][29648][info ][gc,heap     ] GC(7) Survivor regions: 6->8(13)
[2025-03-26T11:26:18.333+0000][29648][info ][gc,heap     ] GC(7) Old regions: 4->4
[2025-03-26T11:26:18.333+0000][29648][info ][gc,heap     ] GC(7) Humongous regions: 0->0
[2025-03-26T11:26:18.333+0000][29648][info ][gc,metaspace] GC(7) Metaspace: 39231K(40448K)->39231K(40448K) NonClass: 34702K(35456K)->34702K(35456K) Class: 4529K(4992K)->4529K(4992K)
[2025-03-26T11:26:18.333+0000][29648][info ][gc          ] GC(7) Pause Young (Normal) (G1 Evacuation Pause) 418M->43M(8148M) 5.276ms
[2025-03-26T11:26:18.333+0000][29648][info ][gc,cpu      ] GC(7) User=0.00s Sys=0.00s Real=0.01s
[2025-03-26T11:26:18.333+0000][29648][info ][safepoint   ] Safepoint "G1CollectForAllocation", Time since last: 459711800 ns, Reaching safepoint: 3800 ns, At safepoint: 5326600 ns, Total: 5330400 ns
[2025-03-26T11:26:18.685+0000][29648][info ][gc,start    ] GC(8) Pause Young (Normal) (G1 Evacuation Pause)
[2025-03-26T11:26:18.685+0000][29648][info ][gc,task     ] GC(8) Using 18 workers of 18 for evacuation
[2025-03-26T11:26:18.685+0000][29648][debug][gc,age      ] GC(8) Desired survivor size 27262976 bytes, new threshold 5 (max threshold 15)
[2025-03-26T11:26:18.691+0000][29648][info ][gc,phases   ] GC(8)   Pre Evacuate Collection Set: 0.18ms
[2025-03-26T11:26:18.691+0000][29648][info ][gc,phases   ] GC(8)   Merge Heap Roots: 0.09ms
[2025-03-26T11:26:18.691+0000][29648][info ][gc,phases   ] GC(8)   Evacuate Collection Set: 4.86ms
[2025-03-26T11:26:18.691+0000][29648][info ][gc,phases   ] GC(8)   Post Evacuate Collection Set: 0.50ms
[2025-03-26T11:26:18.691+0000][29648][info ][gc,phases   ] GC(8)   Other: 0.09ms
[2025-03-26T11:26:18.691+0000][29648][trace][gc,age      ] GC(8) Age table:
[2025-03-26T11:26:18.691+0000][29648][trace][gc,age      ] GC(8) - age   1:    4267152 bytes,    4267152 total
[2025-03-26T11:26:18.691+0000][29648][trace][gc,age      ] GC(8) - age   2:    4373688 bytes,    8640840 total
[2025-03-26T11:26:18.691+0000][29648][trace][gc,age      ] GC(8) - age   3:    6004984 bytes,   14645824 total
[2025-03-26T11:26:18.691+0000][29648][trace][gc,age      ] GC(8) - age   4:    4505360 bytes,   19151184 total
[2025-03-26T11:26:18.691+0000][29648][trace][gc,age      ] GC(8) - age   5:    4546872 bytes,   23698056 total
[2025-03-26T11:26:18.691+0000][29648][info ][gc,heap     ] GC(8) Eden regions: 93->0(133)
[2025-03-26T11:26:18.691+0000][29648][info ][gc,heap     ] GC(8) Survivor regions: 8->7(13)
[2025-03-26T11:26:18.691+0000][29648][info ][gc,heap     ] GC(8) Old regions: 4->6
[2025-03-26T11:26:18.691+0000][29648][info ][gc,heap     ] GC(8) Humongous regions: 0->0
[2025-03-26T11:26:18.691+0000][29648][info ][gc,metaspace] GC(8) Metaspace: 39768K(41024K)->39768K(41024K) NonClass: 35172K(35968K)->35172K(35968K) Class: 4596K(5056K)->4596K(5056K)
[2025-03-26T11:26:18.691+0000][29648][info ][gc          ] GC(8) Pause Young (Normal) (G1 Evacuation Pause) 415M->46M(8148M) 5.956ms
[2025-03-26T11:26:18.691+0000][29648][info ][gc,cpu      ] GC(8) User=0.00s Sys=0.00s Real=0.01s
[2025-03-26T11:26:18.691+0000][29648][info ][safepoint   ] Safepoint "G1CollectForAllocation", Time since last: 352441500 ns, Reaching safepoint: 3000 ns, At safepoint: 5998500 ns, Total: 6001500 ns
[2025-03-26T11:26:20.603+0000][29648][info ][gc,start    ] GC(9) Pause Young (Concurrent Start) (Metadata GC Threshold)
[2025-03-26T11:26:20.603+0000][29648][info ][gc,task     ] GC(9) Using 18 workers of 18 for evacuation
[2025-03-26T11:26:20.603+0000][29648][debug][gc,age      ] GC(9) Desired survivor size 37748736 bytes, new threshold 15 (max threshold 15)
[2025-03-26T11:26:20.610+0000][29648][info ][gc,phases   ] GC(9)   Pre Evacuate Collection Set: 0.24ms
[2025-03-26T11:26:20.610+0000][29648][info ][gc,phases   ] GC(9)   Merge Heap Roots: 0.08ms
[2025-03-26T11:26:20.610+0000][29648][info ][gc,phases   ] GC(9)   Evacuate Collection Set: 5.43ms
[2025-03-26T11:26:20.610+0000][29648][info ][gc,phases   ] GC(9)   Post Evacuate Collection Set: 0.59ms
[2025-03-26T11:26:20.610+0000][29648][info ][gc,phases   ] GC(9)   Other: 0.09ms
[2025-03-26T11:26:20.610+0000][29648][trace][gc,age      ] GC(9) Age table:
[2025-03-26T11:26:20.610+0000][29648][trace][gc,age      ] GC(9) - age   1:    6628848 bytes,    6628848 total
[2025-03-26T11:26:20.610+0000][29648][trace][gc,age      ] GC(9) - age   2:    3444896 bytes,   10073744 total
[2025-03-26T11:26:20.610+0000][29648][trace][gc,age      ] GC(9) - age   3:    4346056 bytes,   14419800 total
[2025-03-26T11:26:20.610+0000][29648][trace][gc,age      ] GC(9) - age   4:    5991128 bytes,   20410928 total
[2025-03-26T11:26:20.610+0000][29648][trace][gc,age      ] GC(9) - age   5:    4497784 bytes,   24908712 total
[2025-03-26T11:26:20.610+0000][29648][trace][gc,age      ] GC(9) - age   6:    4542704 bytes,   29451416 total
[2025-03-26T11:26:20.610+0000][29648][info ][gc,heap     ] GC(9) Eden regions: 96->0(206)
[2025-03-26T11:26:20.610+0000][29648][info ][gc,heap     ] GC(9) Survivor regions: 7->8(18)
[2025-03-26T11:26:20.610+0000][29648][info ][gc,heap     ] GC(9) Old regions: 6->6
[2025-03-26T11:26:20.610+0000][29648][info ][gc,heap     ] GC(9) Humongous regions: 0->0
[2025-03-26T11:26:20.610+0000][29648][info ][gc,metaspace] GC(9) Metaspace: 58804K(60288K)->58804K(60288K) NonClass: 51575K(52480K)->51575K(52480K) Class: 7229K(7808K)->7229K(7808K)
[2025-03-26T11:26:20.610+0000][29648][info ][gc          ] GC(9) Pause Young (Concurrent Start) (Metadata GC Threshold) 430M->50M(8148M) 6.703ms
[2025-03-26T11:26:20.610+0000][29648][info ][gc,cpu      ] GC(9) User=0.02s Sys=0.00s Real=0.01s
[2025-03-26T11:26:20.610+0000][29648][info ][gc          ] GC(10) Concurrent Mark Cycle
[2025-03-26T11:26:20.610+0000][29648][info ][gc,marking  ] GC(10) Concurrent Scan Root Regions
[2025-03-26T11:26:20.610+0000][29648][info ][safepoint   ] Safepoint "CollectForMetadataAllocation", Time since last: 1911871500 ns, Reaching safepoint: 2500 ns, At safepoint: 6796500 ns, Total: 6799000 ns
[2025-03-26T11:26:20.612+0000][29648][info ][gc,marking  ] GC(10) Concurrent Scan Root Regions 1.980ms
[2025-03-26T11:26:20.612+0000][29648][info ][gc,marking  ] GC(10) Concurrent Mark
[2025-03-26T11:26:20.612+0000][29648][info ][gc,marking  ] GC(10) Concurrent Mark From Roots
[2025-03-26T11:26:20.612+0000][29648][info ][gc,task     ] GC(10) Using 5 workers of 5 for marking
[2025-03-26T11:26:20.617+0000][29648][info ][gc,marking  ] GC(10) Concurrent Mark From Roots 5.327ms
[2025-03-26T11:26:20.617+0000][29648][info ][gc,marking  ] GC(10) Concurrent Preclean
[2025-03-26T11:26:20.617+0000][29648][info ][gc,marking  ] GC(10) Concurrent Preclean 0.116ms
[2025-03-26T11:26:20.617+0000][29648][info ][gc,start    ] GC(10) Pause Remark
[2025-03-26T11:26:20.620+0000][29648][info ][gc          ] GC(10) Pause Remark 53M->53M(8148M) 2.478ms
[2025-03-26T11:26:20.620+0000][29648][info ][gc,cpu      ] GC(10) User=0.00s Sys=0.00s Real=0.00s
[2025-03-26T11:26:20.620+0000][29648][info ][safepoint   ] Safepoint "G1PauseRemark", Time since last: 7498900 ns, Reaching safepoint: 2400 ns, At safepoint: 2532900 ns, Total: 2535300 ns
[2025-03-26T11:26:20.620+0000][29648][info ][gc,marking  ] GC(10) Concurrent Mark 8.065ms
[2025-03-26T11:26:20.620+0000][29648][info ][gc,marking  ] GC(10) Concurrent Rebuild Remembered Sets and Scrub Regions
[2025-03-26T11:26:20.622+0000][29648][info ][gc,marking  ] GC(10) Concurrent Rebuild Remembered Sets and Scrub Regions 1.523ms
[2025-03-26T11:26:20.622+0000][29648][info ][gc,start    ] GC(10) Pause Cleanup
[2025-03-26T11:26:20.622+0000][29648][info ][gc          ] GC(10) Pause Cleanup 53M->53M(8148M) 0.038ms
[2025-03-26T11:26:20.622+0000][29648][info ][gc,cpu      ] GC(10) User=0.00s Sys=0.00s Real=0.00s
[2025-03-26T11:26:20.622+0000][29648][info ][safepoint   ] Safepoint "G1PauseCleanup", Time since last: 1604200 ns, Reaching safepoint: 12500 ns, At safepoint: 77800 ns, Total: 90300 ns
[2025-03-26T11:26:20.622+0000][29648][info ][gc,marking  ] GC(10) Concurrent Clear Claimed Marks
[2025-03-26T11:26:20.622+0000][29648][info ][gc,marking  ] GC(10) Concurrent Clear Claimed Marks 0.046ms
[2025-03-26T11:26:20.622+0000][29648][info ][gc,marking  ] GC(10) Concurrent Cleanup for Next Mark
[2025-03-26T11:26:20.630+0000][29648][info ][gc,marking  ] GC(10) Concurrent Cleanup for Next Mark 8.269ms
[2025-03-26T11:26:20.630+0000][29648][info ][gc          ] GC(10) Concurrent Mark Cycle 20.167ms
[2025-03-26T11:26:23.852+0000][29648][info ][gc,start    ] GC(11) Pause Young (Prepare Mixed) (G1 Evacuation Pause)
[2025-03-26T11:26:23.852+0000][29648][info ][gc,task     ] GC(11) Using 18 workers of 18 for evacuation
[2025-03-26T11:26:23.852+0000][29648][debug][gc,age      ] GC(11) Desired survivor size 56623104 bytes, new threshold 15 (max threshold 15)
[2025-03-26T11:26:23.864+0000][29648][info ][gc,phases   ] GC(11)   Pre Evacuate Collection Set: 0.15ms
[2025-03-26T11:26:23.864+0000][29648][info ][gc,phases   ] GC(11)   Merge Heap Roots: 0.10ms
[2025-03-26T11:26:23.864+0000][29648][info ][gc,phases   ] GC(11)   Evacuate Collection Set: 9.91ms
[2025-03-26T11:26:23.864+0000][29648][info ][gc,phases   ] GC(11)   Post Evacuate Collection Set: 1.11ms
[2025-03-26T11:26:23.864+0000][29648][info ][gc,phases   ] GC(11)   Other: 0.10ms
[2025-03-26T11:26:23.864+0000][29648][trace][gc,age      ] GC(11) Age table:
[2025-03-26T11:26:23.864+0000][29648][trace][gc,age      ] GC(11) - age   1:   16064432 bytes,   16064432 total
[2025-03-26T11:26:23.864+0000][29648][trace][gc,age      ] GC(11) - age   2:    6118464 bytes,   22182896 total
[2025-03-26T11:26:23.864+0000][29648][trace][gc,age      ] GC(11) - age   3:    3386952 bytes,   25569848 total
[2025-03-26T11:26:23.864+0000][29648][trace][gc,age      ] GC(11) - age   4:    4330896 bytes,   29900744 total
[2025-03-26T11:26:23.864+0000][29648][trace][gc,age      ] GC(11) - age   5:    5968216 bytes,   35868960 total
[2025-03-26T11:26:23.864+0000][29648][trace][gc,age      ] GC(11) - age   6:    4459976 bytes,   40328936 total
[2025-03-26T11:26:23.864+0000][29648][trace][gc,age      ] GC(11) - age   7:    4521288 bytes,   44850224 total
[2025-03-26T11:26:23.864+0000][29648][info ][gc,heap     ] GC(11) Eden regions: 206->0(124)
[2025-03-26T11:26:23.864+0000][29648][info ][gc,heap     ] GC(11) Survivor regions: 8->12(27)
[2025-03-26T11:26:23.864+0000][29648][info ][gc,heap     ] GC(11) Old regions: 6->6
[2025-03-26T11:26:23.864+0000][29648][info ][gc,heap     ] GC(11) Humongous regions: 0->0
[2025-03-26T11:26:23.864+0000][29648][info ][gc,metaspace] GC(11) Metaspace: 87136K(89216K)->87136K(89216K) NonClass: 75430K(76672K)->75430K(76672K) Class: 11706K(12544K)->11706K(12544K)
[2025-03-26T11:26:23.864+0000][29648][info ][gc          ] GC(11) Pause Young (Prepare Mixed) (G1 Evacuation Pause) 874M->67M(8148M) 11.672ms
[2025-03-26T11:26:23.864+0000][29648][info ][gc,cpu      ] GC(11) User=0.02s Sys=0.00s Real=0.01s
[2025-03-26T11:26:23.864+0000][29648][info ][safepoint   ] Safepoint "G1CollectForAllocation", Time since last: 3230512300 ns, Reaching safepoint: 22900 ns, At safepoint: 11731700 ns, Total: 11754600 ns
[2025-03-26T11:26:24.867+0000][29648][info ][gc,start    ] GC(12) Pause Young (Mixed) (Metadata GC Threshold)
[2025-03-26T11:26:24.867+0000][29648][info ][gc,task     ] GC(12) Using 18 workers of 18 for evacuation
[2025-03-26T11:26:24.867+0000][29648][debug][gc,age      ] GC(12) Desired survivor size 35651584 bytes, new threshold 5 (max threshold 15)
[2025-03-26T11:26:24.882+0000][29648][info ][gc,phases   ] GC(12)   Pre Evacuate Collection Set: 0.17ms
[2025-03-26T11:26:24.882+0000][29648][info ][gc,phases   ] GC(12)   Merge Heap Roots: 0.09ms
[2025-03-26T11:26:24.882+0000][29648][info ][gc,phases   ] GC(12)   Evacuate Collection Set: 14.05ms
[2025-03-26T11:26:24.882+0000][29648][info ][gc,phases   ] GC(12)   Post Evacuate Collection Set: 0.95ms
[2025-03-26T11:26:24.882+0000][29648][info ][gc,phases   ] GC(12)   Other: 0.09ms
[2025-03-26T11:26:24.882+0000][29648][trace][gc,age      ] GC(12) Age table:
[2025-03-26T11:26:24.882+0000][29648][trace][gc,age      ] GC(12) - age   1:    6140336 bytes,    6140336 total
[2025-03-26T11:26:24.882+0000][29648][trace][gc,age      ] GC(12) - age   2:   15458088 bytes,   21598424 total
[2025-03-26T11:26:24.882+0000][29648][trace][gc,age      ] GC(12) - age   3:    6052336 bytes,   27650760 total
[2025-03-26T11:26:24.882+0000][29648][trace][gc,age      ] GC(12) - age   4:    3384488 bytes,   31035248 total
[2025-03-26T11:26:24.882+0000][29648][trace][gc,age      ] GC(12) - age   5:    4326656 bytes,   35361904 total
[2025-03-26T11:26:24.882+0000][29648][info ][gc,heap     ] GC(12) Eden regions: 47->0(129)
[2025-03-26T11:26:24.882+0000][29648][info ][gc,heap     ] GC(12) Survivor regions: 12->10(17)
[2025-03-26T11:26:24.882+0000][29648][info ][gc,heap     ] GC(12) Old regions: 6->9
[2025-03-26T11:26:24.882+0000][29648][info ][gc,heap     ] GC(12) Humongous regions: 0->0
[2025-03-26T11:26:24.882+0000][29648][info ][gc,metaspace] GC(12) Metaspace: 98797K(100800K)->98797K(100800K) NonClass: 85346K(86464K)->85346K(86464K) Class: 13451K(14336K)->13451K(14336K)
[2025-03-26T11:26:24.882+0000][29648][info ][gc          ] GC(12) Pause Young (Mixed) (Metadata GC Threshold) 253M->71M(8148M) 15.664ms
[2025-03-26T11:26:24.882+0000][29648][info ][gc,cpu      ] GC(12) User=0.02s Sys=0.00s Real=0.01s
[2025-03-26T11:26:24.882+0000][29648][info ][safepoint   ] Safepoint "CollectForMetadataAllocation", Time since last: 1002810600 ns, Reaching safepoint: 2900 ns, At safepoint: 15752000 ns, Total: 15754900 ns
[2025-03-26T11:26:24.898+0000][29648][info ][gc,start    ] GC(13) Pause Young (Concurrent Start) (Metadata GC Threshold)
[2025-03-26T11:26:24.898+0000][29648][info ][gc,task     ] GC(13) Using 18 workers of 18 for evacuation
[2025-03-26T11:26:24.898+0000][29648][debug][gc,age      ] GC(13) Desired survivor size 37748736 bytes, new threshold 15 (max threshold 15)
[2025-03-26T11:26:24.908+0000][29648][info ][gc,phases   ] GC(13)   Pre Evacuate Collection Set: 0.21ms
[2025-03-26T11:26:24.908+0000][29648][info ][gc,phases   ] GC(13)   Merge Heap Roots: 0.07ms
[2025-03-26T11:26:24.908+0000][29648][info ][gc,phases   ] GC(13)   Evacuate Collection Set: 8.27ms
[2025-03-26T11:26:24.908+0000][29648][info ][gc,phases   ] GC(13)   Post Evacuate Collection Set: 1.08ms
[2025-03-26T11:26:24.908+0000][29648][info ][gc,phases   ] GC(13)   Other: 0.10ms
[2025-03-26T11:26:24.908+0000][29648][trace][gc,age      ] GC(13) Age table:
[2025-03-26T11:26:24.908+0000][29648][trace][gc,age      ] GC(13) - age   1:     136088 bytes,     136088 total
[2025-03-26T11:26:24.908+0000][29648][trace][gc,age      ] GC(13) - age   2:    6027768 bytes,    6163856 total
[2025-03-26T11:26:24.908+0000][29648][trace][gc,age      ] GC(13) - age   3:   15457120 bytes,   21620976 total
[2025-03-26T11:26:24.908+0000][29648][trace][gc,age      ] GC(13) - age   4:    6051104 bytes,   27672080 total
[2025-03-26T11:26:24.908+0000][29648][trace][gc,age      ] GC(13) - age   5:    3384200 bytes,   31056280 total
[2025-03-26T11:26:24.908+0000][29648][trace][gc,age      ] GC(13) - age   6:    4326656 bytes,   35382936 total
[2025-03-26T11:26:24.908+0000][29648][info ][gc,heap     ] GC(13) Eden regions: 1->0(173)
[2025-03-26T11:26:24.908+0000][29648][info ][gc,heap     ] GC(13) Survivor regions: 10->10(18)
[2025-03-26T11:26:24.908+0000][29648][info ][gc,heap     ] GC(13) Old regions: 9->9
[2025-03-26T11:26:24.908+0000][29648][info ][gc,heap     ] GC(13) Humongous regions: 0->0
[2025-03-26T11:26:24.908+0000][29648][info ][gc,metaspace] GC(13) Metaspace: 99064K(101120K)->99064K(101120K) NonClass: 85568K(86784K)->85568K(86784K) Class: 13495K(14336K)->13495K(14336K)
[2025-03-26T11:26:24.908+0000][29648][info ][gc          ] GC(13) Pause Young (Concurrent Start) (Metadata GC Threshold) 75M->72M(8148M) 9.971ms
[2025-03-26T11:26:24.908+0000][29648][info ][gc,cpu      ] GC(13) User=0.00s Sys=0.00s Real=0.01s
[2025-03-26T11:26:24.908+0000][29648][info ][gc          ] GC(14) Concurrent Mark Cycle
[2025-03-26T11:26:24.908+0000][29648][info ][gc,marking  ] GC(14) Concurrent Scan Root Regions
[2025-03-26T11:26:24.908+0000][29648][info ][safepoint   ] Safepoint "CollectForMetadataAllocation", Time since last: 15396100 ns, Reaching safepoint: 3000 ns, At safepoint: 10057800 ns, Total: 10060800 ns
[2025-03-26T11:26:24.911+0000][29648][info ][gc,marking  ] GC(14) Concurrent Scan Root Regions 3.405ms
[2025-03-26T11:26:24.911+0000][29648][info ][gc,marking  ] GC(14) Concurrent Mark
[2025-03-26T11:26:24.911+0000][29648][info ][gc,marking  ] GC(14) Concurrent Mark From Roots
[2025-03-26T11:26:24.911+0000][29648][info ][gc,task     ] GC(14) Using 5 workers of 5 for marking
[2025-03-26T11:26:24.917+0000][29648][info ][gc,marking  ] GC(14) Concurrent Mark From Roots 6.120ms
[2025-03-26T11:26:24.917+0000][29648][info ][gc,marking  ] GC(14) Concurrent Preclean
[2025-03-26T11:26:24.917+0000][29648][info ][gc,marking  ] GC(14) Concurrent Preclean 0.156ms
[2025-03-26T11:26:24.917+0000][29648][info ][gc,start    ] GC(14) Pause Remark
[2025-03-26T11:26:24.920+0000][29648][info ][gc          ] GC(14) Pause Remark 74M->74M(8148M) 2.855ms
[2025-03-26T11:26:24.920+0000][29648][info ][gc,cpu      ] GC(14) User=0.02s Sys=0.00s Real=0.00s
[2025-03-26T11:26:24.920+0000][29648][info ][safepoint   ] Safepoint "G1PauseRemark", Time since last: 9767900 ns, Reaching safepoint: 13400 ns, At safepoint: 2910600 ns, Total: 2924000 ns
[2025-03-26T11:26:24.920+0000][29648][info ][gc,marking  ] GC(14) Concurrent Mark 9.294ms
[2025-03-26T11:26:24.920+0000][29648][info ][gc,marking  ] GC(14) Concurrent Rebuild Remembered Sets and Scrub Regions
[2025-03-26T11:26:24.923+0000][29648][info ][gc,marking  ] GC(14) Concurrent Rebuild Remembered Sets and Scrub Regions 1.878ms
[2025-03-26T11:26:24.923+0000][29648][info ][gc,start    ] GC(14) Pause Cleanup
[2025-03-26T11:26:24.923+0000][29648][info ][gc          ] GC(14) Pause Cleanup 74M->74M(8148M) 0.032ms
[2025-03-26T11:26:24.923+0000][29648][info ][gc,cpu      ] GC(14) User=0.00s Sys=0.00s Real=0.00s
[2025-03-26T11:26:24.923+0000][29648][info ][safepoint   ] Safepoint "G1PauseCleanup", Time since last: 1956400 ns, Reaching safepoint: 12700 ns, At safepoint: 66400 ns, Total: 79100 ns
[2025-03-26T11:26:24.923+0000][29648][info ][gc,marking  ] GC(14) Concurrent Clear Claimed Marks
[2025-03-26T11:26:24.923+0000][29648][info ][gc,marking  ] GC(14) Concurrent Clear Claimed Marks 0.066ms
[2025-03-26T11:26:24.923+0000][29648][info ][gc,marking  ] GC(14) Concurrent Cleanup for Next Mark
[2025-03-26T11:26:24.931+0000][29648][info ][gc,marking  ] GC(14) Concurrent Cleanup for Next Mark 8.942ms
[2025-03-26T11:26:24.932+0000][29648][info ][gc          ] GC(14) Concurrent Mark Cycle 23.876ms
[2025-03-26T11:26:27.899+0000][29648][info ][gc,start    ] GC(15) Pause Young (Normal) (G1 Evacuation Pause)
[2025-03-26T11:26:27.899+0000][29648][info ][gc,task     ] GC(15) Using 18 workers of 18 for evacuation
[2025-03-26T11:26:27.899+0000][29648][debug][gc,age      ] GC(15) Desired survivor size 48234496 bytes, new threshold 15 (max threshold 15)
[2025-03-26T11:26:27.919+0000][29648][info ][gc,phases   ] GC(15)   Pre Evacuate Collection Set: 0.18ms
[2025-03-26T11:26:27.919+0000][29648][info ][gc,phases   ] GC(15)   Merge Heap Roots: 0.10ms
[2025-03-26T11:26:27.919+0000][29648][info ][gc,phases   ] GC(15)   Evacuate Collection Set: 17.75ms
[2025-03-26T11:26:27.919+0000][29648][info ][gc,phases   ] GC(15)   Post Evacuate Collection Set: 1.48ms
[2025-03-26T11:26:27.919+0000][29648][info ][gc,phases   ] GC(15)   Other: 0.09ms
[2025-03-26T11:26:27.919+0000][29648][trace][gc,age      ] GC(15) Age table:
[2025-03-26T11:26:27.919+0000][29648][trace][gc,age      ] GC(15) - age   1:   28103512 bytes,   28103512 total
[2025-03-26T11:26:27.919+0000][29648][trace][gc,age      ] GC(15) - age   2:      79992 bytes,   28183504 total
[2025-03-26T11:26:27.919+0000][29648][trace][gc,age      ] GC(15) - age   3:    5878856 bytes,   34062360 total
[2025-03-26T11:26:27.919+0000][29648][trace][gc,age      ] GC(15) - age   4:   15227624 bytes,   49289984 total
[2025-03-26T11:26:27.919+0000][29648][trace][gc,age      ] GC(15) - age   5:    6019624 bytes,   55309608 total
[2025-03-26T11:26:27.919+0000][29648][trace][gc,age      ] GC(15) - age   6:    3381936 bytes,   58691544 total
[2025-03-26T11:26:27.919+0000][29648][trace][gc,age      ] GC(15) - age   7:    4322536 bytes,   63014080 total
[2025-03-26T11:26:27.919+0000][29648][info ][gc,heap     ] GC(15) Eden regions: 173->0(200)
[2025-03-26T11:26:27.919+0000][29648][info ][gc,heap     ] GC(15) Survivor regions: 10->17(23)
[2025-03-26T11:26:27.919+0000][29648][info ][gc,heap     ] GC(15) Old regions: 9->9
[2025-03-26T11:26:27.919+0000][29648][info ][gc,heap     ] GC(15) Humongous regions: 2->2
[2025-03-26T11:26:27.919+0000][29648][info ][gc,metaspace] GC(15) Metaspace: 142450K(146496K)->142450K(146496K) NonClass: 122113K(124288K)->122113K(124288K) Class: 20336K(22208K)->20336K(22208K)
[2025-03-26T11:26:27.919+0000][29648][info ][gc          ] GC(15) Pause Young (Normal) (G1 Evacuation Pause) 772M->108M(8148M) 19.938ms
[2025-03-26T11:26:27.919+0000][29648][info ][gc,cpu      ] GC(15) User=0.03s Sys=0.00s Real=0.02s
[2025-03-26T11:26:27.919+0000][29648][info ][safepoint   ] Safepoint "G1CollectForAllocation", Time since last: 2976812100 ns, Reaching safepoint: 9700 ns, At safepoint: 20033100 ns, Total: 20042800 ns
[2025-03-26T11:34:29.564+0000][29648][info ][gc,start    ] GC(16) Pause Young (Normal) (G1 Evacuation Pause)
[2025-03-26T11:34:29.564+0000][29648][info ][gc,task     ] GC(16) Using 18 workers of 18 for evacuation
[2025-03-26T11:34:29.564+0000][29648][debug][gc,age      ] GC(16) Desired survivor size 58720256 bytes, new threshold 7 (max threshold 15)
[2025-03-26T11:34:29.584+0000][29648][info ][gc,phases   ] GC(16)   Pre Evacuate Collection Set: 0.25ms
[2025-03-26T11:34:29.584+0000][29648][info ][gc,phases   ] GC(16)   Merge Heap Roots: 0.11ms
[2025-03-26T11:34:29.584+0000][29648][info ][gc,phases   ] GC(16)   Evacuate Collection Set: 18.68ms
[2025-03-26T11:34:29.584+0000][29648][info ][gc,phases   ] GC(16)   Post Evacuate Collection Set: 1.67ms
[2025-03-26T11:34:29.584+0000][29648][info ][gc,phases   ] GC(16)   Other: 0.16ms
[2025-03-26T11:34:29.584+0000][29648][trace][gc,age      ] GC(16) Age table:
[2025-03-26T11:34:29.584+0000][29648][trace][gc,age      ] GC(16) - age   1:   53371032 bytes,   53371032 total
[2025-03-26T11:34:29.584+0000][29648][trace][gc,age      ] GC(16) - age   2:   25732512 bytes,   79103544 total
[2025-03-26T11:34:29.584+0000][29648][trace][gc,age      ] GC(16) - age   3:      79808 bytes,   79183352 total
[2025-03-26T11:34:29.584+0000][29648][trace][gc,age      ] GC(16) - age   4:    5846168 bytes,   85029520 total
[2025-03-26T11:34:29.584+0000][29648][trace][gc,age      ] GC(16) - age   5:   14855296 bytes,   99884816 total
[2025-03-26T11:34:29.584+0000][29648][trace][gc,age      ] GC(16) - age   6:    5717448 bytes,  105602264 total
[2025-03-26T11:34:29.584+0000][29648][trace][gc,age      ] GC(16) - age   7:    3380816 bytes,  108983080 total
[2025-03-26T11:34:29.584+0000][29648][info ][gc,heap     ] GC(16) Eden regions: 200->0(214)
[2025-03-26T11:34:29.584+0000][29648][info ][gc,heap     ] GC(16) Survivor regions: 17->28(28)
[2025-03-26T11:34:29.584+0000][29648][info ][gc,heap     ] GC(16) Old regions: 9->11
[2025-03-26T11:34:29.584+0000][29648][info ][gc,heap     ] GC(16) Humongous regions: 2->2
[2025-03-26T11:34:29.584+0000][29648][info ][gc,metaspace] GC(16) Metaspace: 150428K(154624K)->150428K(154624K) NonClass: 129167K(131456K)->129167K(131456K) Class: 21260K(23168K)->21260K(23168K)
[2025-03-26T11:34:29.584+0000][29648][info ][gc          ] GC(16) Pause Young (Normal) (G1 Evacuation Pause) 908M->160M(8148M) 21.184ms
[2025-03-26T11:34:29.584+0000][29648][info ][gc,cpu      ] GC(16) User=0.03s Sys=0.00s Real=0.02s
[2025-03-26T11:34:29.586+0000][29648][info ][safepoint   ] Safepoint "G1CollectForAllocation", Time since last: 481644502300 ns, Reaching safepoint: 13000 ns, At safepoint: 21294900 ns, Total: 21307900 ns
