[2025-03-12T11:22:15.985+0000][13612][info][gc,init] CardTable entry size: 512
[2025-03-12T11:22:15.985+0000][13612][info][gc     ] Using G1
[2025-03-12T11:22:18.227+0000][13612][info][gc,init] Version: 23+37-2369 (release)
[2025-03-12T11:22:18.227+0000][13612][info][gc,init] CPUs: 24 total, 24 available
[2025-03-12T11:22:18.227+0000][13612][info][gc,init] Memory: 16296M
[2025-03-12T11:22:18.227+0000][13612][info][gc,init] Large Page Support: Disabled
[2025-03-12T11:22:18.227+0000][13612][info][gc,init] NUMA Support: Disabled
[2025-03-12T11:22:18.227+0000][13612][info][gc,init] Compressed Oops: Enabled (Zero based)
[2025-03-12T11:22:18.227+0000][13612][info][gc,init] Heap Region Size: 4M
[2025-03-12T11:22:18.227+0000][13612][info][gc,init] Heap Min Capacity: 8148M
[2025-03-12T11:22:18.227+0000][13612][info][gc,init] Heap Initial Capacity: 8148M
[2025-03-12T11:22:18.227+0000][13612][info][gc,init] Heap Max Capacity: 8148M
[2025-03-12T11:22:18.227+0000][13612][info][gc,init] Pre-touch: Enabled
[2025-03-12T11:22:18.227+0000][13612][info][gc,init] Parallel Workers: 18
[2025-03-12T11:22:18.227+0000][13612][info][gc,init] Concurrent Workers: 5
[2025-03-12T11:22:18.227+0000][13612][info][gc,init] Concurrent Refinement Workers: 18
[2025-03-12T11:22:18.227+0000][13612][info][gc,init] Periodic GC: Disabled
[2025-03-12T11:22:18.235+0000][13612][info][gc,metaspace] CDS archive(s) mapped at: [0x00000198b4000000-0x00000198b4d70000-0x00000198b4d70000), size 14090240, SharedBaseAddress: 0x00000198b4000000, ArchiveRelocationMode: 1.
[2025-03-12T11:22:18.235+0000][13612][info][gc,metaspace] Compressed class space mapped at: 0x00000198b5000000-0x00000198f5000000, reserved size: 1073741824
[2025-03-12T11:22:18.235+0000][13612][info][gc,metaspace] Narrow klass base: 0x00000198b4000000, Narrow klass shift: 0, Narrow klass range: 0x41000000
[2025-03-12T11:22:21.456+0000][13612][info][gc,start    ] GC(0) Pause Young (Concurrent Start) (Metadata GC Threshold)
[2025-03-12T11:22:21.461+0000][13612][info][gc,task     ] GC(0) Using 18 workers of 18 for evacuation
[2025-03-12T11:22:21.461+0000][13612][debug][gc,age      ] GC(0) Desired survivor size 27262976 bytes, new threshold 15 (max threshold 15)
[2025-03-12T11:22:21.468+0000][13612][info ][gc,phases   ] GC(0)   Pre Evacuate Collection Set: 0.64ms
[2025-03-12T11:22:21.468+0000][13612][info ][gc,phases   ] GC(0)   Merge Heap Roots: 0.14ms
[2025-03-12T11:22:21.468+0000][13612][info ][gc,phases   ] GC(0)   Evacuate Collection Set: 5.84ms
[2025-03-12T11:22:21.468+0000][13612][info ][gc,phases   ] GC(0)   Post Evacuate Collection Set: 1.07ms
[2025-03-12T11:22:21.468+0000][13612][info ][gc,phases   ] GC(0)   Other: 4.32ms
[2025-03-12T11:22:21.468+0000][13612][trace][gc,age      ] GC(0) Age table:
[2025-03-12T11:22:21.468+0000][13612][trace][gc,age      ] GC(0) - age   1:   15371104 bytes,   15371104 total
[2025-03-12T11:22:21.468+0000][13612][info ][gc,heap     ] GC(0) Eden regions: 69->0(96)
[2025-03-12T11:22:21.468+0000][13612][info ][gc,heap     ] GC(0) Survivor regions: 0->5(13)
[2025-03-12T11:22:21.468+0000][13612][info ][gc,heap     ] GC(0) Old regions: 0->0
[2025-03-12T11:22:21.468+0000][13612][info ][gc,heap     ] GC(0) Humongous regions: 0->0
[2025-03-12T11:22:21.468+0000][13612][info ][gc,metaspace] GC(0) Metaspace: 20776K(21504K)->20776K(21504K) NonClass: 18452K(18880K)->18452K(18880K) Class: 2323K(2624K)->2323K(2624K)
[2025-03-12T11:22:21.468+0000][13612][info ][gc          ] GC(0) Pause Young (Concurrent Start) (Metadata GC Threshold) 276M->16M(8148M) 12.741ms
[2025-03-12T11:22:21.468+0000][13612][info ][gc          ] GC(1) Concurrent Mark Cycle
[2025-03-12T11:22:21.468+0000][13612][info ][gc,cpu      ] GC(0) User=0.02s Sys=0.00s Real=0.01s
[2025-03-12T11:22:21.468+0000][13612][info ][gc,marking  ] GC(1) Concurrent Scan Root Regions
[2025-03-12T11:22:21.468+0000][13612][info ][safepoint   ] Safepoint "CollectForMetadataAllocation", Time since last: 3216470000 ns, Reaching safepoint: 4500 ns, At safepoint: 13028000 ns, Total: 13032500 ns
[2025-03-12T11:22:21.473+0000][13612][info ][gc,marking  ] GC(1) Concurrent Scan Root Regions 4.266ms
[2025-03-12T11:22:21.473+0000][13612][info ][gc,marking  ] GC(1) Concurrent Mark
[2025-03-12T11:22:21.473+0000][13612][info ][gc,marking  ] GC(1) Concurrent Mark From Roots
[2025-03-12T11:22:21.473+0000][13612][info ][gc,task     ] GC(1) Using 5 workers of 5 for marking
[2025-03-12T11:22:21.473+0000][13612][info ][gc,marking  ] GC(1) Concurrent Mark From Roots 0.403ms
[2025-03-12T11:22:21.473+0000][13612][info ][gc,marking  ] GC(1) Concurrent Preclean
[2025-03-12T11:22:21.473+0000][13612][info ][gc,marking  ] GC(1) Concurrent Preclean 0.013ms
[2025-03-12T11:22:21.474+0000][13612][info ][gc,start    ] GC(1) Pause Remark
[2025-03-12T11:22:21.475+0000][13612][info ][gc          ] GC(1) Pause Remark 20M->20M(8148M) 1.761ms
[2025-03-12T11:22:21.475+0000][13612][info ][gc,cpu      ] GC(1) User=0.00s Sys=0.00s Real=0.00s
[2025-03-12T11:22:21.475+0000][13612][info ][safepoint   ] Safepoint "G1PauseRemark", Time since last: 4759700 ns, Reaching safepoint: 33500 ns, At safepoint: 1816500 ns, Total: 1850000 ns
[2025-03-12T11:22:21.475+0000][13612][info ][gc,marking  ] GC(1) Concurrent Mark 2.356ms
[2025-03-12T11:22:21.475+0000][13612][info ][gc,marking  ] GC(1) Concurrent Rebuild Remembered Sets and Scrub Regions
[2025-03-12T11:22:21.475+0000][13612][info ][gc,marking  ] GC(1) Concurrent Rebuild Remembered Sets and Scrub Regions 0.058ms
[2025-03-12T11:22:21.475+0000][13612][info ][gc,start    ] GC(1) Pause Cleanup
[2025-03-12T11:22:21.475+0000][13612][info ][gc          ] GC(1) Pause Cleanup 20M->20M(8148M) 0.025ms
[2025-03-12T11:22:21.475+0000][13612][info ][gc,cpu      ] GC(1) User=0.00s Sys=0.00s Real=0.00s
[2025-03-12T11:22:21.475+0000][13612][info ][safepoint   ] Safepoint "G1PauseCleanup", Time since last: 126300 ns, Reaching safepoint: 22000 ns, At safepoint: 68900 ns, Total: 90900 ns
[2025-03-12T11:22:21.475+0000][13612][info ][gc,marking  ] GC(1) Concurrent Clear Claimed Marks
[2025-03-12T11:22:21.476+0000][13612][info ][gc,marking  ] GC(1) Concurrent Clear Claimed Marks 0.037ms
[2025-03-12T11:22:21.476+0000][13612][info ][gc,marking  ] GC(1) Concurrent Cleanup for Next Mark
[2025-03-12T11:22:21.485+0000][13612][info ][gc,marking  ] GC(1) Concurrent Cleanup for Next Mark 9.071ms
[2025-03-12T11:22:21.485+0000][13612][info ][gc          ] GC(1) Concurrent Mark Cycle 16.098ms
[2025-03-12T11:22:26.168+0000][13612][info ][gc,start    ] GC(2) Pause Young (Normal) (G1 Evacuation Pause)
[2025-03-12T11:22:26.168+0000][13612][info ][gc,task     ] GC(2) Using 18 workers of 18 for evacuation
[2025-03-12T11:22:26.168+0000][13612][debug][gc,age      ] GC(2) Desired survivor size 27262976 bytes, new threshold 15 (max threshold 15)
[2025-03-12T11:22:26.175+0000][13612][info ][gc,phases   ] GC(2)   Pre Evacuate Collection Set: 0.19ms
[2025-03-12T11:22:26.175+0000][13612][info ][gc,phases   ] GC(2)   Merge Heap Roots: 0.08ms
[2025-03-12T11:22:26.175+0000][13612][info ][gc,phases   ] GC(2)   Evacuate Collection Set: 6.93ms
[2025-03-12T11:22:26.175+0000][13612][info ][gc,phases   ] GC(2)   Post Evacuate Collection Set: 0.82ms
[2025-03-12T11:22:26.175+0000][13612][info ][gc,phases   ] GC(2)   Other: 0.10ms
[2025-03-12T11:22:26.175+0000][13612][trace][gc,age      ] GC(2) Age table:
[2025-03-12T11:22:26.175+0000][13612][trace][gc,age      ] GC(2) - age   1:    7941792 bytes,    7941792 total
[2025-03-12T11:22:26.175+0000][13612][trace][gc,age      ] GC(2) - age   2:   14342992 bytes,   22284784 total
[2025-03-12T11:22:26.175+0000][13612][info ][gc,heap     ] GC(2) Eden regions: 96->0(95)
[2025-03-12T11:22:26.175+0000][13612][info ][gc,heap     ] GC(2) Survivor regions: 5->6(13)
[2025-03-12T11:22:26.175+0000][13612][info ][gc,heap     ] GC(2) Old regions: 0->0
[2025-03-12T11:22:26.175+0000][13612][info ][gc,heap     ] GC(2) Humongous regions: 0->0
[2025-03-12T11:22:26.175+0000][13612][info ][gc,metaspace] GC(2) Metaspace: 28875K(29760K)->28875K(29760K) NonClass: 25648K(26176K)->25648K(26176K) Class: 3226K(3584K)->3226K(3584K)
[2025-03-12T11:22:26.177+0000][13612][info ][gc          ] GC(2) Pause Young (Normal) (G1 Evacuation Pause) 400M->23M(8148M) 8.380ms
[2025-03-12T11:22:26.177+0000][13612][info ][gc,cpu      ] GC(2) User=0.00s Sys=0.00s Real=0.01s
[2025-03-12T11:22:26.177+0000][13612][info ][safepoint   ] Safepoint "G1CollectForAllocation", Time since last: 4692144200 ns, Reaching safepoint: 4400 ns, At safepoint: 8432400 ns, Total: 8436800 ns
[2025-03-12T11:22:29.660+0000][13612][info ][gc,start    ] GC(3) Pause Young (Normal) (G1 Evacuation Pause)
[2025-03-12T11:22:29.660+0000][13612][info ][gc,task     ] GC(3) Using 18 workers of 18 for evacuation
[2025-03-12T11:22:29.661+0000][13612][debug][gc,age      ] GC(3) Desired survivor size 27262976 bytes, new threshold 15 (max threshold 15)
[2025-03-12T11:22:29.669+0000][13612][info ][gc,phases   ] GC(3)   Pre Evacuate Collection Set: 0.19ms
[2025-03-12T11:22:29.669+0000][13612][info ][gc,phases   ] GC(3)   Merge Heap Roots: 0.08ms
[2025-03-12T11:22:29.669+0000][13612][info ][gc,phases   ] GC(3)   Evacuate Collection Set: 7.23ms
[2025-03-12T11:22:29.669+0000][13612][info ][gc,phases   ] GC(3)   Post Evacuate Collection Set: 0.91ms
[2025-03-12T11:22:29.669+0000][13612][info ][gc,phases   ] GC(3)   Other: 0.09ms
[2025-03-12T11:22:29.669+0000][13612][trace][gc,age      ] GC(3) Age table:
[2025-03-12T11:22:29.669+0000][13612][trace][gc,age      ] GC(3) - age   1:    4031432 bytes,    4031432 total
[2025-03-12T11:22:29.669+0000][13612][trace][gc,age      ] GC(3) - age   2:    5179936 bytes,    9211368 total
[2025-03-12T11:22:29.669+0000][13612][trace][gc,age      ] GC(3) - age   3:   14340592 bytes,   23551960 total
[2025-03-12T11:22:29.669+0000][13612][info ][gc,heap     ] GC(3) Eden regions: 95->0(94)
[2025-03-12T11:22:29.669+0000][13612][info ][gc,heap     ] GC(3) Survivor regions: 6->7(13)
[2025-03-12T11:22:29.669+0000][13612][info ][gc,heap     ] GC(3) Old regions: 0->0
[2025-03-12T11:22:29.669+0000][13612][info ][gc,heap     ] GC(3) Humongous regions: 0->0
[2025-03-12T11:22:29.669+0000][13612][info ][gc,metaspace] GC(3) Metaspace: 30289K(31296K)->30289K(31296K) NonClass: 26851K(27456K)->26851K(27456K) Class: 3438K(3840K)->3438K(3840K)
[2025-03-12T11:22:29.669+0000][13612][info ][gc          ] GC(3) Pause Young (Normal) (G1 Evacuation Pause) 403M->24M(8148M) 8.715ms
[2025-03-12T11:22:29.669+0000][13612][info ][gc,cpu      ] GC(3) User=0.00s Sys=0.00s Real=0.01s
[2025-03-12T11:22:29.669+0000][13612][info ][safepoint   ] Safepoint "G1CollectForAllocation", Time since last: 3484609600 ns, Reaching safepoint: 3600 ns, At safepoint: 8760200 ns, Total: 8763800 ns
[2025-03-12T11:22:33.347+0000][13612][info ][gc,start    ] GC(4) Pause Young (Normal) (G1 Evacuation Pause)
[2025-03-12T11:22:33.347+0000][13612][info ][gc,task     ] GC(4) Using 18 workers of 18 for evacuation
[2025-03-12T11:22:33.347+0000][13612][debug][gc,age      ] GC(4) Desired survivor size 27262976 bytes, new threshold 15 (max threshold 15)
[2025-03-12T11:22:33.358+0000][13612][info ][gc,phases   ] GC(4)   Pre Evacuate Collection Set: 0.20ms
[2025-03-12T11:22:33.358+0000][13612][info ][gc,phases   ] GC(4)   Merge Heap Roots: 0.11ms
[2025-03-12T11:22:33.358+0000][13612][info ][gc,phases   ] GC(4)   Evacuate Collection Set: 8.77ms
[2025-03-12T11:22:33.358+0000][13612][info ][gc,phases   ] GC(4)   Post Evacuate Collection Set: 1.66ms
[2025-03-12T11:22:33.358+0000][13612][info ][gc,phases   ] GC(4)   Other: 0.13ms
[2025-03-12T11:22:33.358+0000][13612][trace][gc,age      ] GC(4) Age table:
[2025-03-12T11:22:33.358+0000][13612][trace][gc,age      ] GC(4) - age   1:    3547600 bytes,    3547600 total
[2025-03-12T11:22:33.358+0000][13612][trace][gc,age      ] GC(4) - age   2:    3844584 bytes,    7392184 total
[2025-03-12T11:22:33.358+0000][13612][trace][gc,age      ] GC(4) - age   3:    5179464 bytes,   12571648 total
[2025-03-12T11:22:33.358+0000][13612][trace][gc,age      ] GC(4) - age   4:   14340592 bytes,   26912240 total
[2025-03-12T11:22:33.358+0000][13612][info ][gc,heap     ] GC(4) Eden regions: 94->0(93)
[2025-03-12T11:22:33.358+0000][13612][info ][gc,heap     ] GC(4) Survivor regions: 7->8(13)
[2025-03-12T11:22:33.358+0000][13612][info ][gc,heap     ] GC(4) Old regions: 0->0
[2025-03-12T11:22:33.358+0000][13612][info ][gc,heap     ] GC(4) Humongous regions: 0->0
[2025-03-12T11:22:33.358+0000][13612][info ][gc,metaspace] GC(4) Metaspace: 30736K(31744K)->30736K(31744K) NonClass: 27235K(27840K)->27235K(27840K) Class: 3501K(3904K)->3501K(3904K)
[2025-03-12T11:22:33.358+0000][13612][info ][gc          ] GC(4) Pause Young (Normal) (G1 Evacuation Pause) 400M->28M(8148M) 11.312ms
[2025-03-12T11:22:33.358+0000][13612][info ][gc,cpu      ] GC(4) User=0.02s Sys=0.00s Real=0.01s
[2025-03-12T11:22:33.358+0000][13612][info ][safepoint   ] Safepoint "G1CollectForAllocation", Time since last: 3676736300 ns, Reaching safepoint: 3800 ns, At safepoint: 11406100 ns, Total: 11409900 ns
[2025-03-12T11:22:37.828+0000][13612][info ][gc,start    ] GC(5) Pause Young (Concurrent Start) (Metadata GC Threshold)
[2025-03-12T11:22:37.828+0000][13612][info ][gc,task     ] GC(5) Using 18 workers of 18 for evacuation
[2025-03-12T11:22:37.828+0000][13612][debug][gc,age      ] GC(5) Desired survivor size 27262976 bytes, new threshold 15 (max threshold 15)
[2025-03-12T11:22:37.838+0000][13612][info ][gc,phases   ] GC(5)   Pre Evacuate Collection Set: 0.23ms
[2025-03-12T11:22:37.838+0000][13612][info ][gc,phases   ] GC(5)   Merge Heap Roots: 0.07ms
[2025-03-12T11:22:37.838+0000][13612][info ][gc,phases   ] GC(5)   Evacuate Collection Set: 8.57ms
[2025-03-12T11:22:37.838+0000][13612][info ][gc,phases   ] GC(5)   Post Evacuate Collection Set: 1.04ms
[2025-03-12T11:22:37.838+0000][13612][info ][gc,phases   ] GC(5)   Other: 0.12ms
[2025-03-12T11:22:37.838+0000][13612][trace][gc,age      ] GC(5) Age table:
[2025-03-12T11:22:37.838+0000][13612][trace][gc,age      ] GC(5) - age   1:    3585920 bytes,    3585920 total
[2025-03-12T11:22:37.838+0000][13612][trace][gc,age      ] GC(5) - age   2:    2603504 bytes,    6189424 total
[2025-03-12T11:22:37.838+0000][13612][trace][gc,age      ] GC(5) - age   3:    3841656 bytes,   10031080 total
[2025-03-12T11:22:37.838+0000][13612][trace][gc,age      ] GC(5) - age   4:    5177928 bytes,   15209008 total
[2025-03-12T11:22:37.838+0000][13612][trace][gc,age      ] GC(5) - age   5:   14339920 bytes,   29548928 total
[2025-03-12T11:22:37.838+0000][13612][info ][gc,heap     ] GC(5) Eden regions: 52->0(93)
[2025-03-12T11:22:37.838+0000][13612][info ][gc,heap     ] GC(5) Survivor regions: 8->8(13)
[2025-03-12T11:22:37.838+0000][13612][info ][gc,heap     ] GC(5) Old regions: 0->0
[2025-03-12T11:22:37.838+0000][13612][info ][gc,heap     ] GC(5) Humongous regions: 0->0
[2025-03-12T11:22:37.838+0000][13612][info ][gc,metaspace] GC(5) Metaspace: 35197K(36160K)->35197K(36160K) NonClass: 31230K(31808K)->31230K(31808K) Class: 3966K(4352K)->3966K(4352K)
[2025-03-12T11:22:37.838+0000][13612][info ][gc          ] GC(5) Pause Young (Concurrent Start) (Metadata GC Threshold) 236M->32M(8148M) 10.406ms
[2025-03-12T11:22:37.838+0000][13612][info ][gc          ] GC(6) Concurrent Mark Cycle
[2025-03-12T11:22:37.838+0000][13612][info ][gc,cpu      ] GC(5) User=0.00s Sys=0.00s Real=0.01s
[2025-03-12T11:22:37.838+0000][13612][info ][gc,marking  ] GC(6) Concurrent Scan Root Regions
[2025-03-12T11:22:37.838+0000][13612][info ][safepoint   ] Safepoint "CollectForMetadataAllocation", Time since last: 4469675400 ns, Reaching safepoint: 3500 ns, At safepoint: 10560900 ns, Total: 10564400 ns
[2025-03-12T11:22:37.840+0000][13612][info ][gc,marking  ] GC(6) Concurrent Scan Root Regions 2.049ms
[2025-03-12T11:22:37.840+0000][13612][info ][gc,marking  ] GC(6) Concurrent Mark
[2025-03-12T11:22:37.840+0000][13612][info ][gc,marking  ] GC(6) Concurrent Mark From Roots
[2025-03-12T11:22:37.840+0000][13612][info ][gc,task     ] GC(6) Using 5 workers of 5 for marking
[2025-03-12T11:22:37.841+0000][13612][info ][gc,marking  ] GC(6) Concurrent Mark From Roots 0.364ms
[2025-03-12T11:22:37.841+0000][13612][info ][gc,marking  ] GC(6) Concurrent Preclean
[2025-03-12T11:22:37.841+0000][13612][info ][gc,marking  ] GC(6) Concurrent Preclean 0.064ms
[2025-03-12T11:22:37.841+0000][13612][info ][gc,start    ] GC(6) Pause Remark
[2025-03-12T11:22:37.843+0000][13612][info ][gc          ] GC(6) Pause Remark 34M->34M(8148M) 2.561ms
[2025-03-12T11:22:37.843+0000][13612][info ][gc,cpu      ] GC(6) User=0.00s Sys=0.00s Real=0.00s
[2025-03-12T11:22:37.843+0000][13612][info ][safepoint   ] Safepoint "G1PauseRemark", Time since last: 2497800 ns, Reaching safepoint: 13800 ns, At safepoint: 2613300 ns, Total: 2627100 ns
[2025-03-12T11:22:37.843+0000][13612][info ][gc,marking  ] GC(6) Concurrent Mark 3.148ms
[2025-03-12T11:22:37.843+0000][13612][info ][gc,marking  ] GC(6) Concurrent Rebuild Remembered Sets and Scrub Regions
[2025-03-12T11:22:37.843+0000][13612][info ][gc,marking  ] GC(6) Concurrent Rebuild Remembered Sets and Scrub Regions 0.069ms
[2025-03-12T11:22:37.843+0000][13612][info ][gc,start    ] GC(6) Pause Cleanup
[2025-03-12T11:22:37.844+0000][13612][info ][gc          ] GC(6) Pause Cleanup 34M->34M(8148M) 0.038ms
[2025-03-12T11:22:37.844+0000][13612][info ][gc,cpu      ] GC(6) User=0.00s Sys=0.00s Real=0.00s
[2025-03-12T11:22:37.844+0000][13612][info ][safepoint   ] Safepoint "G1PauseCleanup", Time since last: 173000 ns, Reaching safepoint: 84600 ns, At safepoint: 86400 ns, Total: 171000 ns
[2025-03-12T11:22:37.844+0000][13612][info ][gc,marking  ] GC(6) Concurrent Clear Claimed Marks
[2025-03-12T11:22:37.844+0000][13612][info ][gc,marking  ] GC(6) Concurrent Clear Claimed Marks 0.035ms
[2025-03-12T11:22:37.844+0000][13612][info ][gc,marking  ] GC(6) Concurrent Cleanup for Next Mark
[2025-03-12T11:22:37.854+0000][13612][info ][gc,marking  ] GC(6) Concurrent Cleanup for Next Mark 10.588ms
[2025-03-12T11:22:37.854+0000][13612][info ][gc          ] GC(6) Concurrent Mark Cycle 16.338ms
[2025-03-12T11:22:41.309+0000][13612][info ][gc,start    ] GC(7) Pause Young (Normal) (G1 Evacuation Pause)
[2025-03-12T11:22:41.309+0000][13612][info ][gc,task     ] GC(7) Using 18 workers of 18 for evacuation
[2025-03-12T11:22:41.309+0000][13612][debug][gc,age      ] GC(7) Desired survivor size 27262976 bytes, new threshold 5 (max threshold 15)
[2025-03-12T11:22:41.318+0000][13612][info ][gc,phases   ] GC(7)   Pre Evacuate Collection Set: 0.21ms
[2025-03-12T11:22:41.318+0000][13612][info ][gc,phases   ] GC(7)   Merge Heap Roots: 0.09ms
[2025-03-12T11:22:41.318+0000][13612][info ][gc,phases   ] GC(7)   Evacuate Collection Set: 7.72ms
[2025-03-12T11:22:41.318+0000][13612][info ][gc,phases   ] GC(7)   Post Evacuate Collection Set: 0.81ms
[2025-03-12T11:22:41.318+0000][13612][info ][gc,phases   ] GC(7)   Other: 0.11ms
[2025-03-12T11:22:41.318+0000][13612][trace][gc,age      ] GC(7) Age table:
[2025-03-12T11:22:41.318+0000][13612][trace][gc,age      ] GC(7) - age   1:    3718328 bytes,    3718328 total
[2025-03-12T11:22:41.318+0000][13612][trace][gc,age      ] GC(7) - age   2:    3542328 bytes,    7260656 total
[2025-03-12T11:22:41.318+0000][13612][trace][gc,age      ] GC(7) - age   3:    2603376 bytes,    9864032 total
[2025-03-12T11:22:41.318+0000][13612][trace][gc,age      ] GC(7) - age   4:    3840568 bytes,   13704600 total
[2025-03-12T11:22:41.318+0000][13612][trace][gc,age      ] GC(7) - age   5:    5177928 bytes,   18882528 total
[2025-03-12T11:22:41.318+0000][13612][info ][gc,heap     ] GC(7) Eden regions: 93->0(97)
[2025-03-12T11:22:41.318+0000][13612][info ][gc,heap     ] GC(7) Survivor regions: 8->6(13)
[2025-03-12T11:22:41.318+0000][13612][info ][gc,heap     ] GC(7) Old regions: 0->4
[2025-03-12T11:22:41.318+0000][13612][info ][gc,heap     ] GC(7) Humongous regions: 0->0
[2025-03-12T11:22:41.318+0000][13612][info ][gc,metaspace] GC(7) Metaspace: 36936K(38080K)->36936K(38080K) NonClass: 32708K(33408K)->32708K(33408K) Class: 4227K(4672K)->4227K(4672K)
[2025-03-12T11:22:41.318+0000][13612][info ][gc          ] GC(7) Pause Young (Normal) (G1 Evacuation Pause) 404M->35M(8148M) 9.226ms
[2025-03-12T11:22:41.318+0000][13612][info ][gc,cpu      ] GC(7) User=0.00s Sys=0.00s Real=0.01s
[2025-03-12T11:22:41.318+0000][13612][info ][safepoint   ] Safepoint "G1CollectForAllocation", Time since last: 3464747900 ns, Reaching safepoint: 8500 ns, At safepoint: 9292600 ns, Total: 9301100 ns
[2025-03-12T11:22:45.972+0000][13612][info ][gc,start    ] GC(8) Pause Young (Normal) (G1 Evacuation Pause)
[2025-03-12T11:22:45.972+0000][13612][info ][gc,task     ] GC(8) Using 18 workers of 18 for evacuation
[2025-03-12T11:22:45.972+0000][13612][debug][gc,age      ] GC(8) Desired survivor size 27262976 bytes, new threshold 15 (max threshold 15)
[2025-03-12T11:22:45.977+0000][13612][info ][gc,phases   ] GC(8)   Pre Evacuate Collection Set: 0.16ms
[2025-03-12T11:22:45.977+0000][13612][info ][gc,phases   ] GC(8)   Merge Heap Roots: 0.11ms
[2025-03-12T11:22:45.977+0000][13612][info ][gc,phases   ] GC(8)   Evacuate Collection Set: 3.64ms
[2025-03-12T11:22:45.977+0000][13612][info ][gc,phases   ] GC(8)   Post Evacuate Collection Set: 0.50ms
[2025-03-12T11:22:45.977+0000][13612][info ][gc,phases   ] GC(8)   Other: 0.09ms
[2025-03-12T11:22:45.977+0000][13612][trace][gc,age      ] GC(8) Age table:
[2025-03-12T11:22:45.977+0000][13612][trace][gc,age      ] GC(8) - age   1:    3899816 bytes,    3899816 total
[2025-03-12T11:22:45.977+0000][13612][trace][gc,age      ] GC(8) - age   2:    3151208 bytes,    7051024 total
[2025-03-12T11:22:45.977+0000][13612][trace][gc,age      ] GC(8) - age   3:    3542264 bytes,   10593288 total
[2025-03-12T11:22:45.977+0000][13612][trace][gc,age      ] GC(8) - age   4:    2602616 bytes,   13195904 total
[2025-03-12T11:22:45.977+0000][13612][trace][gc,age      ] GC(8) - age   5:    3836184 bytes,   17032088 total
[2025-03-12T11:22:45.977+0000][13612][trace][gc,age      ] GC(8) - age   6:    5176992 bytes,   22209080 total
[2025-03-12T11:22:45.977+0000][13612][info ][gc,heap     ] GC(8) Eden regions: 97->0(108)
[2025-03-12T11:22:45.977+0000][13612][info ][gc,heap     ] GC(8) Survivor regions: 6->6(13)
[2025-03-12T11:22:45.977+0000][13612][info ][gc,heap     ] GC(8) Old regions: 4->4
[2025-03-12T11:22:45.977+0000][13612][info ][gc,heap     ] GC(8) Humongous regions: 0->0
[2025-03-12T11:22:45.977+0000][13612][info ][gc,metaspace] GC(8) Metaspace: 39137K(40256K)->39137K(40256K) NonClass: 34623K(35264K)->34623K(35264K) Class: 4514K(4992K)->4514K(4992K)
[2025-03-12T11:22:45.977+0000][13612][info ][gc          ] GC(8) Pause Young (Normal) (G1 Evacuation Pause) 423M->37M(8148M) 4.774ms
[2025-03-12T11:22:45.977+0000][13612][info ][gc,cpu      ] GC(8) User=0.00s Sys=0.00s Real=0.01s
[2025-03-12T11:22:45.977+0000][13612][info ][safepoint   ] Safepoint "G1CollectForAllocation", Time since last: 4654356900 ns, Reaching safepoint: 2200 ns, At safepoint: 4821700 ns, Total: 4823900 ns
[2025-03-12T11:22:49.875+0000][13612][info ][gc,start    ] GC(9) Pause Young (Normal) (G1 Evacuation Pause)
[2025-03-12T11:22:49.875+0000][13612][info ][gc,task     ] GC(9) Using 18 workers of 18 for evacuation
[2025-03-12T11:22:49.875+0000][13612][debug][gc,age      ] GC(9) Desired survivor size 31457280 bytes, new threshold 15 (max threshold 15)
[2025-03-12T11:22:49.881+0000][13612][info ][gc,phases   ] GC(9)   Pre Evacuate Collection Set: 0.19ms
[2025-03-12T11:22:49.881+0000][13612][info ][gc,phases   ] GC(9)   Merge Heap Roots: 0.10ms
[2025-03-12T11:22:49.881+0000][13612][info ][gc,phases   ] GC(9)   Evacuate Collection Set: 5.47ms
[2025-03-12T11:22:49.882+0000][13612][info ][gc,phases   ] GC(9)   Post Evacuate Collection Set: 0.66ms
[2025-03-12T11:22:49.882+0000][13612][info ][gc,phases   ] GC(9)   Other: 0.10ms
[2025-03-12T11:22:49.882+0000][13612][trace][gc,age      ] GC(9) Age table:
[2025-03-12T11:22:49.882+0000][13612][trace][gc,age      ] GC(9) - age   1:    8724280 bytes,    8724280 total
[2025-03-12T11:22:49.882+0000][13612][trace][gc,age      ] GC(9) - age   2:    3866184 bytes,   12590464 total
[2025-03-12T11:22:49.882+0000][13612][trace][gc,age      ] GC(9) - age   3:    3151144 bytes,   15741608 total
[2025-03-12T11:22:49.882+0000][13612][trace][gc,age      ] GC(9) - age   4:    3542264 bytes,   19283872 total
[2025-03-12T11:22:49.882+0000][13612][trace][gc,age      ] GC(9) - age   5:    2600216 bytes,   21884088 total
[2025-03-12T11:22:49.882+0000][13612][trace][gc,age      ] GC(9) - age   6:    3835992 bytes,   25720080 total
[2025-03-12T11:22:49.882+0000][13612][trace][gc,age      ] GC(9) - age   7:    5174272 bytes,   30894352 total
[2025-03-12T11:22:49.882+0000][13612][info ][gc,heap     ] GC(9) Eden regions: 108->0(117)
[2025-03-12T11:22:49.882+0000][13612][info ][gc,heap     ] GC(9) Survivor regions: 6->8(15)
[2025-03-12T11:22:49.882+0000][13612][info ][gc,heap     ] GC(9) Old regions: 4->4
[2025-03-12T11:22:49.882+0000][13612][info ][gc,heap     ] GC(9) Humongous regions: 0->0
[2025-03-12T11:22:49.882+0000][13612][info ][gc,metaspace] GC(9) Metaspace: 39418K(40640K)->39418K(40640K) NonClass: 34862K(35584K)->34862K(35584K) Class: 4556K(5056K)->4556K(5056K)
[2025-03-12T11:22:49.882+0000][13612][info ][gc          ] GC(9) Pause Young (Normal) (G1 Evacuation Pause) 469M->46M(8148M) 6.784ms
[2025-03-12T11:22:49.882+0000][13612][info ][gc,cpu      ] GC(9) User=0.00s Sys=0.00s Real=0.01s
[2025-03-12T11:22:49.882+0000][13612][info ][safepoint   ] Safepoint "G1CollectForAllocation", Time since last: 3897872500 ns, Reaching safepoint: 3400 ns, At safepoint: 6833200 ns, Total: 6836600 ns
[2025-03-12T11:22:52.602+0000][13612][info ][gc,start    ] GC(10) Pause Young (Normal) (G1 Evacuation Pause)
[2025-03-12T11:22:52.602+0000][13612][info ][gc,task     ] GC(10) Using 18 workers of 18 for evacuation
[2025-03-12T11:22:52.602+0000][13612][debug][gc,age      ] GC(10) Desired survivor size 33554432 bytes, new threshold 15 (max threshold 15)
[2025-03-12T11:22:52.610+0000][13612][info ][gc,phases   ] GC(10)   Pre Evacuate Collection Set: 0.17ms
[2025-03-12T11:22:52.610+0000][13612][info ][gc,phases   ] GC(10)   Merge Heap Roots: 0.10ms
[2025-03-12T11:22:52.610+0000][13612][info ][gc,phases   ] GC(10)   Evacuate Collection Set: 6.63ms
[2025-03-12T11:22:52.610+0000][13612][info ][gc,phases   ] GC(10)   Post Evacuate Collection Set: 0.67ms
[2025-03-12T11:22:52.610+0000][13612][info ][gc,phases   ] GC(10)   Other: 0.09ms
[2025-03-12T11:22:52.610+0000][13612][trace][gc,age      ] GC(10) Age table:
[2025-03-12T11:22:52.610+0000][13612][trace][gc,age      ] GC(10) - age   1:    5977960 bytes,    5977960 total
[2025-03-12T11:22:52.610+0000][13612][trace][gc,age      ] GC(10) - age   2:    6039504 bytes,   12017464 total
[2025-03-12T11:22:52.610+0000][13612][trace][gc,age      ] GC(10) - age   3:    3826000 bytes,   15843464 total
[2025-03-12T11:22:52.610+0000][13612][trace][gc,age      ] GC(10) - age   4:    3133168 bytes,   18976632 total
[2025-03-12T11:22:52.610+0000][13612][trace][gc,age      ] GC(10) - age   5:    3525992 bytes,   22502624 total
[2025-03-12T11:22:52.610+0000][13612][trace][gc,age      ] GC(10) - age   6:    2589048 bytes,   25091672 total
[2025-03-12T11:22:52.610+0000][13612][trace][gc,age      ] GC(10) - age   7:    3818728 bytes,   28910400 total
[2025-03-12T11:22:52.610+0000][13612][trace][gc,age      ] GC(10) - age   8:    4967792 bytes,   33878192 total
[2025-03-12T11:22:52.610+0000][13612][info ][gc,heap     ] GC(10) Eden regions: 117->0(135)
[2025-03-12T11:22:52.610+0000][13612][info ][gc,heap     ] GC(10) Survivor regions: 8->9(16)
[2025-03-12T11:22:52.610+0000][13612][info ][gc,heap     ] GC(10) Old regions: 4->4
[2025-03-12T11:22:52.610+0000][13612][info ][gc,heap     ] GC(10) Humongous regions: 0->0
[2025-03-12T11:22:52.610+0000][13612][info ][gc,metaspace] GC(10) Metaspace: 51486K(52864K)->51486K(52864K) NonClass: 45328K(46144K)->45328K(46144K) Class: 6158K(6720K)->6158K(6720K)
[2025-03-12T11:22:52.610+0000][13612][info ][gc          ] GC(10) Pause Young (Normal) (G1 Evacuation Pause) 514M->49M(8148M) 7.958ms
[2025-03-12T11:22:52.610+0000][13612][info ][gc,cpu      ] GC(10) User=0.02s Sys=0.00s Real=0.01s
[2025-03-12T11:22:52.610+0000][13612][info ][safepoint   ] Safepoint "G1CollectForAllocation", Time since last: 2720530800 ns, Reaching safepoint: 3900 ns, At safepoint: 8013200 ns, Total: 8017100 ns
[2025-03-12T11:22:53.045+0000][13612][info ][gc,start    ] GC(11) Pause Young (Concurrent Start) (Metadata GC Threshold)
[2025-03-12T11:22:53.045+0000][13612][info ][gc,task     ] GC(11) Using 18 workers of 18 for evacuation
[2025-03-12T11:22:53.045+0000][13612][debug][gc,age      ] GC(11) Desired survivor size 37748736 bytes, new threshold 15 (max threshold 15)
[2025-03-12T11:22:53.054+0000][13612][info ][gc,phases   ] GC(11)   Pre Evacuate Collection Set: 0.21ms
[2025-03-12T11:22:53.054+0000][13612][info ][gc,phases   ] GC(11)   Merge Heap Roots: 0.07ms
[2025-03-12T11:22:53.054+0000][13612][info ][gc,phases   ] GC(11)   Evacuate Collection Set: 7.00ms
[2025-03-12T11:22:53.054+0000][13612][info ][gc,phases   ] GC(11)   Post Evacuate Collection Set: 0.66ms
[2025-03-12T11:22:53.054+0000][13612][info ][gc,phases   ] GC(11)   Other: 0.08ms
[2025-03-12T11:22:53.054+0000][13612][trace][gc,age      ] GC(11) Age table:
[2025-03-12T11:22:53.054+0000][13612][trace][gc,age      ] GC(11) - age   1:    1530648 bytes,    1530648 total
[2025-03-12T11:22:53.054+0000][13612][trace][gc,age      ] GC(11) - age   2:    5786728 bytes,    7317376 total
[2025-03-12T11:22:53.054+0000][13612][trace][gc,age      ] GC(11) - age   3:    6037768 bytes,   13355144 total
[2025-03-12T11:22:53.054+0000][13612][trace][gc,age      ] GC(11) - age   4:    3825936 bytes,   17181080 total
[2025-03-12T11:22:53.054+0000][13612][trace][gc,age      ] GC(11) - age   5:    3131240 bytes,   20312320 total
[2025-03-12T11:22:53.054+0000][13612][trace][gc,age      ] GC(11) - age   6:    3525472 bytes,   23837792 total
[2025-03-12T11:22:53.054+0000][13612][trace][gc,age      ] GC(11) - age   7:    2589048 bytes,   26426840 total
[2025-03-12T11:22:53.054+0000][13612][trace][gc,age      ] GC(11) - age   8:    3817800 bytes,   30244640 total
[2025-03-12T11:22:53.054+0000][13612][trace][gc,age      ] GC(11) - age   9:    4966208 bytes,   35210848 total
[2025-03-12T11:22:53.054+0000][13612][info ][gc,heap     ] GC(11) Eden regions: 15->0(182)
[2025-03-12T11:22:53.054+0000][13612][info ][gc,heap     ] GC(11) Survivor regions: 9->10(18)
[2025-03-12T11:22:53.054+0000][13612][info ][gc,heap     ] GC(11) Old regions: 4->4
[2025-03-12T11:22:53.054+0000][13612][info ][gc,heap     ] GC(11) Humongous regions: 0->0
[2025-03-12T11:22:53.054+0000][13612][info ][gc,metaspace] GC(11) Metaspace: 59142K(60608K)->59142K(60608K) NonClass: 51851K(52736K)->51851K(52736K) Class: 7291K(7872K)->7291K(7872K)
[2025-03-12T11:22:53.054+0000][13612][info ][gc          ] GC(11) Pause Young (Concurrent Start) (Metadata GC Threshold) 107M->51M(8148M) 8.311ms
[2025-03-12T11:22:53.054+0000][13612][info ][gc,cpu      ] GC(11) User=0.00s Sys=0.00s Real=0.01s
[2025-03-12T11:22:53.055+0000][13612][info ][gc          ] GC(12) Concurrent Mark Cycle
[2025-03-12T11:22:53.055+0000][13612][info ][safepoint   ] Safepoint "CollectForMetadataAllocation", Time since last: 436000200 ns, Reaching safepoint: 2800 ns, At safepoint: 8392000 ns, Total: 8394800 ns
[2025-03-12T11:22:53.055+0000][13612][info ][gc,marking  ] GC(12) Concurrent Scan Root Regions
[2025-03-12T11:22:53.057+0000][13612][info ][gc,marking  ] GC(12) Concurrent Scan Root Regions 2.132ms
[2025-03-12T11:22:53.057+0000][13612][info ][gc,marking  ] GC(12) Concurrent Mark
[2025-03-12T11:22:53.057+0000][13612][info ][gc,marking  ] GC(12) Concurrent Mark From Roots
[2025-03-12T11:22:53.057+0000][13612][info ][gc,task     ] GC(12) Using 5 workers of 5 for marking
[2025-03-12T11:22:53.062+0000][13612][info ][gc,marking  ] GC(12) Concurrent Mark From Roots 5.240ms
[2025-03-12T11:22:53.062+0000][13612][info ][gc,marking  ] GC(12) Concurrent Preclean
[2025-03-12T11:22:53.062+0000][13612][info ][gc,marking  ] GC(12) Concurrent Preclean 0.111ms
[2025-03-12T11:22:53.062+0000][13612][info ][gc,start    ] GC(12) Pause Remark
[2025-03-12T11:22:53.065+0000][13612][info ][gc          ] GC(12) Pause Remark 54M->54M(8148M) 2.819ms
[2025-03-12T11:22:53.065+0000][13612][info ][gc,cpu      ] GC(12) User=0.00s Sys=0.00s Real=0.00s
[2025-03-12T11:22:53.065+0000][13612][info ][safepoint   ] Safepoint "G1PauseRemark", Time since last: 7585100 ns, Reaching safepoint: 2100 ns, At safepoint: 2936700 ns, Total: 2938800 ns
[2025-03-12T11:22:53.065+0000][13612][info ][gc,marking  ] GC(12) Concurrent Mark 8.386ms
[2025-03-12T11:22:53.065+0000][13612][info ][gc,marking  ] GC(12) Concurrent Rebuild Remembered Sets and Scrub Regions
[2025-03-12T11:22:53.067+0000][13612][info ][gc,marking  ] GC(12) Concurrent Rebuild Remembered Sets and Scrub Regions 1.477ms
[2025-03-12T11:22:53.067+0000][13612][info ][gc,start    ] GC(12) Pause Cleanup
[2025-03-12T11:22:53.067+0000][13612][info ][gc          ] GC(12) Pause Cleanup 54M->54M(8148M) 0.044ms
[2025-03-12T11:22:53.067+0000][13612][info ][gc,cpu      ] GC(12) User=0.00s Sys=0.00s Real=0.00s
[2025-03-12T11:22:53.067+0000][13612][info ][safepoint   ] Safepoint "G1PauseCleanup", Time since last: 1577400 ns, Reaching safepoint: 32700 ns, At safepoint: 85300 ns, Total: 118000 ns
[2025-03-12T11:22:53.067+0000][13612][info ][gc,marking  ] GC(12) Concurrent Clear Claimed Marks
[2025-03-12T11:22:53.067+0000][13612][info ][gc,marking  ] GC(12) Concurrent Clear Claimed Marks 0.060ms
[2025-03-12T11:22:53.067+0000][13612][info ][gc,marking  ] GC(12) Concurrent Cleanup for Next Mark
[2025-03-12T11:22:53.077+0000][13612][info ][gc,marking  ] GC(12) Concurrent Cleanup for Next Mark 10.246ms
[2025-03-12T11:22:53.077+0000][13612][info ][gc          ] GC(12) Concurrent Mark Cycle 22.668ms
[2025-03-12T11:22:55.652+0000][13612][info ][gc,start    ] GC(13) Pause Young (Normal) (G1 Evacuation Pause)
[2025-03-12T11:22:55.652+0000][13612][info ][gc,task     ] GC(13) Using 18 workers of 18 for evacuation
[2025-03-12T11:22:55.652+0000][13612][debug][gc,age      ] GC(13) Desired survivor size 50331648 bytes, new threshold 15 (max threshold 15)
[2025-03-12T11:22:55.665+0000][13612][info ][gc,phases   ] GC(13)   Pre Evacuate Collection Set: 0.19ms
[2025-03-12T11:22:55.665+0000][13612][info ][gc,phases   ] GC(13)   Merge Heap Roots: 0.10ms
[2025-03-12T11:22:55.665+0000][13612][info ][gc,phases   ] GC(13)   Evacuate Collection Set: 12.16ms
[2025-03-12T11:22:55.665+0000][13612][info ][gc,phases   ] GC(13)   Post Evacuate Collection Set: 1.11ms
[2025-03-12T11:22:55.665+0000][13612][info ][gc,phases   ] GC(13)   Other: 0.12ms
[2025-03-12T11:22:55.665+0000][13612][trace][gc,age      ] GC(13) Age table:
[2025-03-12T11:22:55.665+0000][13612][trace][gc,age      ] GC(13) - age   1:   11802016 bytes,   11802016 total
[2025-03-12T11:22:55.665+0000][13612][trace][gc,age      ] GC(13) - age   2:    1395392 bytes,   13197408 total
[2025-03-12T11:22:55.665+0000][13612][trace][gc,age      ] GC(13) - age   3:    5601752 bytes,   18799160 total
[2025-03-12T11:22:55.665+0000][13612][trace][gc,age      ] GC(13) - age   4:    5996496 bytes,   24795656 total
[2025-03-12T11:22:55.665+0000][13612][trace][gc,age      ] GC(13) - age   5:    3817736 bytes,   28613392 total
[2025-03-12T11:22:55.665+0000][13612][trace][gc,age      ] GC(13) - age   6:    3127920 bytes,   31741312 total
[2025-03-12T11:22:55.665+0000][13612][trace][gc,age      ] GC(13) - age   7:    3520648 bytes,   35261960 total
[2025-03-12T11:22:55.665+0000][13612][trace][gc,age      ] GC(13) - age   8:    2581216 bytes,   37843176 total
[2025-03-12T11:22:55.665+0000][13612][trace][gc,age      ] GC(13) - age   9:    3804552 bytes,   41647728 total
[2025-03-12T11:22:55.665+0000][13612][trace][gc,age      ] GC(13) - age  10:    4941216 bytes,   46588944 total
[2025-03-12T11:22:55.665+0000][13612][info ][gc,heap     ] GC(13) Eden regions: 182->0(170)
[2025-03-12T11:22:55.665+0000][13612][info ][gc,heap     ] GC(13) Survivor regions: 10->13(24)
[2025-03-12T11:22:55.665+0000][13612][info ][gc,heap     ] GC(13) Old regions: 4->4
[2025-03-12T11:22:55.665+0000][13612][info ][gc,heap     ] GC(13) Humongous regions: 0->0
[2025-03-12T11:22:55.665+0000][13612][info ][gc,metaspace] GC(13) Metaspace: 77992K(79936K)->77992K(79936K) NonClass: 67492K(68608K)->67492K(68608K) Class: 10499K(11328K)->10499K(11328K)
[2025-03-12T11:22:55.665+0000][13612][info ][gc          ] GC(13) Pause Young (Normal) (G1 Evacuation Pause) 779M->63M(8148M) 14.057ms
[2025-03-12T11:22:55.665+0000][13612][info ][gc,cpu      ] GC(13) User=0.00s Sys=0.00s Real=0.01s
[2025-03-12T11:22:55.665+0000][13612][info ][safepoint   ] Safepoint "G1CollectForAllocation", Time since last: 2584704900 ns, Reaching safepoint: 4000 ns, At safepoint: 14114900 ns, Total: 14118900 ns
[2025-03-12T11:22:57.784+0000][13612][info ][gc,start    ] GC(14) Pause Young (Concurrent Start) (Metadata GC Threshold)
[2025-03-12T11:22:57.784+0000][13612][info ][gc,task     ] GC(14) Using 18 workers of 18 for evacuation
[2025-03-12T11:22:57.784+0000][13612][debug][gc,age      ] GC(14) Desired survivor size 48234496 bytes, new threshold 15 (max threshold 15)
[2025-03-12T11:22:57.801+0000][13612][info ][gc,phases   ] GC(14)   Pre Evacuate Collection Set: 0.22ms
[2025-03-12T11:22:57.801+0000][13612][info ][gc,phases   ] GC(14)   Merge Heap Roots: 0.09ms
[2025-03-12T11:22:57.801+0000][13612][info ][gc,phases   ] GC(14)   Evacuate Collection Set: 14.98ms
[2025-03-12T11:22:57.801+0000][13612][info ][gc,phases   ] GC(14)   Post Evacuate Collection Set: 1.35ms
[2025-03-12T11:22:57.801+0000][13612][info ][gc,phases   ] GC(14)   Other: 0.09ms
[2025-03-12T11:22:57.801+0000][13612][trace][gc,age      ] GC(14) Age table:
[2025-03-12T11:22:57.801+0000][13612][trace][gc,age      ] GC(14) - age   1:   10360312 bytes,   10360312 total
[2025-03-12T11:22:57.801+0000][13612][trace][gc,age      ] GC(14) - age   2:   11364304 bytes,   21724616 total
[2025-03-12T11:22:57.801+0000][13612][trace][gc,age      ] GC(14) - age   3:    1387040 bytes,   23111656 total
[2025-03-12T11:22:57.801+0000][13612][trace][gc,age      ] GC(14) - age   4:    5470896 bytes,   28582552 total
[2025-03-12T11:22:57.801+0000][13612][trace][gc,age      ] GC(14) - age   5:    5992288 bytes,   34574840 total
[2025-03-12T11:22:57.801+0000][13612][trace][gc,age      ] GC(14) - age   6:    3802104 bytes,   38376944 total
[2025-03-12T11:22:57.801+0000][13612][trace][gc,age      ] GC(14) - age   7:    3120056 bytes,   41497000 total
[2025-03-12T11:22:57.801+0000][13612][trace][gc,age      ] GC(14) - age   8:    3509504 bytes,   45006504 total
[2025-03-12T11:22:57.801+0000][13612][trace][gc,age      ] GC(14) - age   9:    2577816 bytes,   47584320 total
[2025-03-12T11:22:57.801+0000][13612][trace][gc,age      ] GC(14) - age  10:    3800672 bytes,   51384992 total
[2025-03-12T11:22:57.801+0000][13612][trace][gc,age      ] GC(14) - age  11:    4930936 bytes,   56315928 total
[2025-03-12T11:22:57.801+0000][13612][info ][gc,heap     ] GC(14) Eden regions: 74->0(230)
[2025-03-12T11:22:57.801+0000][13612][info ][gc,heap     ] GC(14) Survivor regions: 13->15(23)
[2025-03-12T11:22:57.801+0000][13612][info ][gc,heap     ] GC(14) Old regions: 4->4
[2025-03-12T11:22:57.801+0000][13612][info ][gc,heap     ] GC(14) Humongous regions: 0->0
[2025-03-12T11:22:57.801+0000][13612][info ][gc,metaspace] GC(14) Metaspace: 99182K(101248K)->99182K(101248K) NonClass: 85656K(86848K)->85656K(86848K) Class: 13525K(14400K)->13525K(14400K)
[2025-03-12T11:22:57.801+0000][13612][info ][gc          ] GC(14) Pause Young (Concurrent Start) (Metadata GC Threshold) 357M->74M(8148M) 17.051ms
[2025-03-12T11:22:57.801+0000][13612][info ][gc          ] GC(15) Concurrent Mark Cycle
[2025-03-12T11:22:57.801+0000][13612][info ][gc,cpu      ] GC(14) User=0.02s Sys=0.00s Real=0.02s
[2025-03-12T11:22:57.801+0000][13612][info ][gc,marking  ] GC(15) Concurrent Scan Root Regions
[2025-03-12T11:22:57.801+0000][13612][info ][safepoint   ] Safepoint "CollectForMetadataAllocation", Time since last: 2118912700 ns, Reaching safepoint: 13600 ns, At safepoint: 17179000 ns, Total: 17192600 ns
[2025-03-12T11:22:57.805+0000][13612][info ][gc,marking  ] GC(15) Concurrent Scan Root Regions 4.139ms
[2025-03-12T11:22:57.805+0000][13612][info ][gc,marking  ] GC(15) Concurrent Mark
[2025-03-12T11:22:57.805+0000][13612][info ][gc,marking  ] GC(15) Concurrent Mark From Roots
[2025-03-12T11:22:57.805+0000][13612][info ][gc,task     ] GC(15) Using 5 workers of 5 for marking
[2025-03-12T11:22:57.811+0000][13612][info ][gc,marking  ] GC(15) Concurrent Mark From Roots 5.146ms
[2025-03-12T11:22:57.811+0000][13612][info ][gc,marking  ] GC(15) Concurrent Preclean
[2025-03-12T11:22:57.811+0000][13612][info ][gc,marking  ] GC(15) Concurrent Preclean 0.068ms
[2025-03-12T11:22:57.811+0000][13612][info ][gc,start    ] GC(15) Pause Remark
[2025-03-12T11:22:57.814+0000][13612][info ][gc          ] GC(15) Pause Remark 78M->78M(8148M) 2.962ms
[2025-03-12T11:22:57.814+0000][13612][info ][gc,cpu      ] GC(15) User=0.00s Sys=0.00s Real=0.00s
[2025-03-12T11:22:57.814+0000][13612][info ][safepoint   ] Safepoint "G1PauseRemark", Time since last: 9446500 ns, Reaching safepoint: 94600 ns, At safepoint: 3022500 ns, Total: 3117100 ns
[2025-03-12T11:22:57.814+0000][13612][info ][gc,marking  ] GC(15) Concurrent Mark 8.471ms
[2025-03-12T11:22:57.814+0000][13612][info ][gc,marking  ] GC(15) Concurrent Rebuild Remembered Sets and Scrub Regions
[2025-03-12T11:22:57.815+0000][13612][info ][gc,marking  ] GC(15) Concurrent Rebuild Remembered Sets and Scrub Regions 1.376ms
[2025-03-12T11:22:57.815+0000][13612][info ][gc,start    ] GC(15) Pause Cleanup
[2025-03-12T11:22:57.815+0000][13612][info ][gc          ] GC(15) Pause Cleanup 78M->78M(8148M) 0.033ms
[2025-03-12T11:22:57.815+0000][13612][info ][gc,cpu      ] GC(15) User=0.00s Sys=0.00s Real=0.00s
[2025-03-12T11:22:57.815+0000][13612][info ][safepoint   ] Safepoint "G1PauseCleanup", Time since last: 1457000 ns, Reaching safepoint: 43700 ns, At safepoint: 79700 ns, Total: 123400 ns
[2025-03-12T11:22:57.815+0000][13612][info ][gc,marking  ] GC(15) Concurrent Clear Claimed Marks
[2025-03-12T11:22:57.815+0000][13612][info ][gc,marking  ] GC(15) Concurrent Clear Claimed Marks 0.097ms
[2025-03-12T11:22:57.815+0000][13612][info ][gc,marking  ] GC(15) Concurrent Cleanup for Next Mark
[2025-03-12T11:22:57.823+0000][13612][info ][gc,marking  ] GC(15) Concurrent Cleanup for Next Mark 8.019ms
[2025-03-12T11:22:57.823+0000][13612][info ][gc          ] GC(15) Concurrent Mark Cycle 22.445ms
