[2025-02-26T12:42:21.875+0000][31876][info][gc,init] CardTable entry size: 512
[2025-02-26T12:42:21.875+0000][31876][info][gc     ] Using G1
[2025-02-26T12:42:23.433+0000][31876][info][gc,init] Version: 23+37-2369 (release)
[2025-02-26T12:42:23.433+0000][31876][info][gc,init] CPUs: 24 total, 24 available
[2025-02-26T12:42:23.434+0000][31876][info][gc,init] Memory: 16296M
[2025-02-26T12:42:23.434+0000][31876][info][gc,init] Large Page Support: Disabled
[2025-02-26T12:42:23.434+0000][31876][info][gc,init] NUMA Support: Disabled
[2025-02-26T12:42:23.434+0000][31876][info][gc,init] Compressed Oops: Enabled (Zero based)
[2025-02-26T12:42:23.434+0000][31876][info][gc,init] Heap Region Size: 4M
[2025-02-26T12:42:23.434+0000][31876][info][gc,init] Heap Min Capacity: 8148M
[2025-02-26T12:42:23.434+0000][31876][info][gc,init] Heap Initial Capacity: 8148M
[2025-02-26T12:42:23.434+0000][31876][info][gc,init] Heap Max Capacity: 8148M
[2025-02-26T12:42:23.434+0000][31876][info][gc,init] Pre-touch: Enabled
[2025-02-26T12:42:23.434+0000][31876][info][gc,init] Parallel Workers: 18
[2025-02-26T12:42:23.434+0000][31876][info][gc,init] Concurrent Workers: 5
[2025-02-26T12:42:23.434+0000][31876][info][gc,init] Concurrent Refinement Workers: 18
[2025-02-26T12:42:23.434+0000][31876][info][gc,init] Periodic GC: Disabled
[2025-02-26T12:42:23.448+0000][31876][info][gc,metaspace] CDS archive(s) mapped at: [0x000002c59a000000-0x000002c59ad70000-0x000002c59ad70000), size 14090240, SharedBaseAddress: 0x000002c59a000000, ArchiveRelocationMode: 1.
[2025-02-26T12:42:23.448+0000][31876][info][gc,metaspace] Compressed class space mapped at: 0x000002c59b000000-0x000002c5db000000, reserved size: 1073741824
[2025-02-26T12:42:23.448+0000][31876][info][gc,metaspace] Narrow klass base: 0x000002c59a000000, Narrow klass shift: 0, Narrow klass range: 0x41000000
[2025-02-26T12:42:26.453+0000][31876][info][gc,start    ] GC(0) Pause Young (Concurrent Start) (Metadata GC Threshold)
[2025-02-26T12:42:26.459+0000][31876][info][gc,task     ] GC(0) Using 18 workers of 18 for evacuation
[2025-02-26T12:42:26.459+0000][31876][debug][gc,age      ] GC(0) Desired survivor size 27262976 bytes, new threshold 15 (max threshold 15)
[2025-02-26T12:42:26.466+0000][31876][info ][gc,phases   ] GC(0)   Pre Evacuate Collection Set: 0.34ms
[2025-02-26T12:42:26.466+0000][31876][info ][gc,phases   ] GC(0)   Merge Heap Roots: 0.13ms
[2025-02-26T12:42:26.466+0000][31876][info ][gc,phases   ] GC(0)   Evacuate Collection Set: 5.63ms
[2025-02-26T12:42:26.466+0000][31876][info ][gc,phases   ] GC(0)   Post Evacuate Collection Set: 1.06ms
[2025-02-26T12:42:26.466+0000][31876][info ][gc,phases   ] GC(0)   Other: 5.55ms
[2025-02-26T12:42:26.466+0000][31876][trace][gc,age      ] GC(0) Age table:
[2025-02-26T12:42:26.466+0000][31876][trace][gc,age      ] GC(0) - age   1:   15273968 bytes,   15273968 total
[2025-02-26T12:42:26.466+0000][31876][info ][gc,heap     ] GC(0) Eden regions: 68->0(97)
[2025-02-26T12:42:26.466+0000][31876][info ][gc,heap     ] GC(0) Survivor regions: 0->4(13)
[2025-02-26T12:42:26.466+0000][31876][info ][gc,heap     ] GC(0) Old regions: 0->0
[2025-02-26T12:42:26.466+0000][31876][info ][gc,heap     ] GC(0) Humongous regions: 0->0
[2025-02-26T12:42:26.466+0000][31876][info ][gc,metaspace] GC(0) Metaspace: 20766K(21504K)->20766K(21504K) NonClass: 18442K(18880K)->18442K(18880K) Class: 2323K(2624K)->2323K(2624K)
[2025-02-26T12:42:26.466+0000][31876][info ][gc          ] GC(0) Pause Young (Concurrent Start) (Metadata GC Threshold) 272M->15M(8148M) 13.113ms
[2025-02-26T12:42:26.466+0000][31876][info ][gc          ] GC(1) Concurrent Mark Cycle
[2025-02-26T12:42:26.466+0000][31876][info ][gc,cpu      ] GC(0) User=0.00s Sys=0.00s Real=0.01s
[2025-02-26T12:42:26.466+0000][31876][info ][gc,marking  ] GC(1) Concurrent Scan Root Regions
[2025-02-26T12:42:26.467+0000][31876][info ][safepoint   ] Safepoint "CollectForMetadataAllocation", Time since last: 2999273100 ns, Reaching safepoint: 5000 ns, At safepoint: 13229300 ns, Total: 13234300 ns
[2025-02-26T12:42:26.471+0000][31876][info ][gc,marking  ] GC(1) Concurrent Scan Root Regions 4.847ms
[2025-02-26T12:42:26.471+0000][31876][info ][gc,marking  ] GC(1) Concurrent Mark
[2025-02-26T12:42:26.471+0000][31876][info ][gc,marking  ] GC(1) Concurrent Mark From Roots
[2025-02-26T12:42:26.471+0000][31876][info ][gc,task     ] GC(1) Using 5 workers of 5 for marking
[2025-02-26T12:42:26.473+0000][31876][info ][gc,marking  ] GC(1) Concurrent Mark From Roots 1.701ms
[2025-02-26T12:42:26.473+0000][31876][info ][gc,marking  ] GC(1) Concurrent Preclean
[2025-02-26T12:42:26.473+0000][31876][info ][gc,marking  ] GC(1) Concurrent Preclean 0.013ms
[2025-02-26T12:42:26.473+0000][31876][info ][gc,start    ] GC(1) Pause Remark
[2025-02-26T12:42:26.475+0000][31876][info ][gc          ] GC(1) Pause Remark 19M->19M(8148M) 1.450ms
[2025-02-26T12:42:26.475+0000][31876][info ][gc,cpu      ] GC(1) User=0.00s Sys=0.00s Real=0.00s
[2025-02-26T12:42:26.475+0000][31876][info ][safepoint   ] Safepoint "G1PauseRemark", Time since last: 6639100 ns, Reaching safepoint: 12500 ns, At safepoint: 1507600 ns, Total: 1520100 ns
[2025-02-26T12:42:26.475+0000][31876][info ][gc,marking  ] GC(1) Concurrent Mark 3.319ms
[2025-02-26T12:42:26.475+0000][31876][info ][gc,marking  ] GC(1) Concurrent Rebuild Remembered Sets and Scrub Regions
[2025-02-26T12:42:26.475+0000][31876][info ][gc,marking  ] GC(1) Concurrent Rebuild Remembered Sets and Scrub Regions 0.192ms
[2025-02-26T12:42:26.475+0000][31876][info ][gc,start    ] GC(1) Pause Cleanup
[2025-02-26T12:42:26.475+0000][31876][info ][gc          ] GC(1) Pause Cleanup 19M->19M(8148M) 0.025ms
[2025-02-26T12:42:26.475+0000][31876][info ][gc,cpu      ] GC(1) User=0.00s Sys=0.00s Real=0.00s
[2025-02-26T12:42:26.475+0000][31876][info ][safepoint   ] Safepoint "G1PauseCleanup", Time since last: 265800 ns, Reaching safepoint: 12000 ns, At safepoint: 64500 ns, Total: 76500 ns
[2025-02-26T12:42:26.475+0000][31876][info ][gc,marking  ] GC(1) Concurrent Clear Claimed Marks
[2025-02-26T12:42:26.475+0000][31876][info ][gc,marking  ] GC(1) Concurrent Clear Claimed Marks 0.029ms
[2025-02-26T12:42:26.475+0000][31876][info ][gc,marking  ] GC(1) Concurrent Cleanup for Next Mark
[2025-02-26T12:42:26.484+0000][31876][info ][gc,marking  ] GC(1) Concurrent Cleanup for Next Mark 9.416ms
[2025-02-26T12:42:26.484+0000][31876][info ][gc          ] GC(1) Concurrent Mark Cycle 18.123ms
[2025-02-26T12:42:27.438+0000][31876][info ][gc,start    ] GC(2) Pause Young (Normal) (G1 Evacuation Pause)
[2025-02-26T12:42:27.438+0000][31876][info ][gc,task     ] GC(2) Using 18 workers of 18 for evacuation
[2025-02-26T12:42:27.438+0000][31876][debug][gc,age      ] GC(2) Desired survivor size 27262976 bytes, new threshold 15 (max threshold 15)
[2025-02-26T12:42:27.445+0000][31876][info ][gc,phases   ] GC(2)   Pre Evacuate Collection Set: 0.18ms
[2025-02-26T12:42:27.445+0000][31876][info ][gc,phases   ] GC(2)   Merge Heap Roots: 0.10ms
[2025-02-26T12:42:27.445+0000][31876][info ][gc,phases   ] GC(2)   Evacuate Collection Set: 6.17ms
[2025-02-26T12:42:27.445+0000][31876][info ][gc,phases   ] GC(2)   Post Evacuate Collection Set: 0.80ms
[2025-02-26T12:42:27.445+0000][31876][info ][gc,phases   ] GC(2)   Other: 0.09ms
[2025-02-26T12:42:27.445+0000][31876][trace][gc,age      ] GC(2) Age table:
[2025-02-26T12:42:27.445+0000][31876][trace][gc,age      ] GC(2) - age   1:    5563352 bytes,    5563352 total
[2025-02-26T12:42:27.445+0000][31876][trace][gc,age      ] GC(2) - age   2:   14341304 bytes,   19904656 total
[2025-02-26T12:42:27.445+0000][31876][info ][gc,heap     ] GC(2) Eden regions: 97->0(95)
[2025-02-26T12:42:27.445+0000][31876][info ][gc,heap     ] GC(2) Survivor regions: 4->6(13)
[2025-02-26T12:42:27.445+0000][31876][info ][gc,heap     ] GC(2) Old regions: 0->0
[2025-02-26T12:42:27.445+0000][31876][info ][gc,heap     ] GC(2) Humongous regions: 0->0
[2025-02-26T12:42:27.445+0000][31876][info ][gc,metaspace] GC(2) Metaspace: 28788K(29760K)->28788K(29760K) NonClass: 25572K(26112K)->25572K(26112K) Class: 3215K(3648K)->3215K(3648K)
[2025-02-26T12:42:27.445+0000][31876][info ][gc          ] GC(2) Pause Young (Normal) (G1 Evacuation Pause) 403M->20M(8148M) 7.627ms
[2025-02-26T12:42:27.445+0000][31876][info ][gc,cpu      ] GC(2) User=0.00s Sys=0.00s Real=0.01s
[2025-02-26T12:42:27.445+0000][31876][info ][safepoint   ] Safepoint "G1CollectForAllocation", Time since last: 963480100 ns, Reaching safepoint: 2700 ns, At safepoint: 7684900 ns, Total: 7687600 ns
[2025-02-26T12:42:27.877+0000][31876][info ][gc,start    ] GC(3) Pause Young (Normal) (G1 Evacuation Pause)
[2025-02-26T12:42:27.877+0000][31876][info ][gc,task     ] GC(3) Using 18 workers of 18 for evacuation
[2025-02-26T12:42:27.877+0000][31876][debug][gc,age      ] GC(3) Desired survivor size 27262976 bytes, new threshold 15 (max threshold 15)
[2025-02-26T12:42:27.885+0000][31876][info ][gc,phases   ] GC(3)   Pre Evacuate Collection Set: 0.17ms
[2025-02-26T12:42:27.885+0000][31876][info ][gc,phases   ] GC(3)   Merge Heap Roots: 0.08ms
[2025-02-26T12:42:27.885+0000][31876][info ][gc,phases   ] GC(3)   Evacuate Collection Set: 7.09ms
[2025-02-26T12:42:27.885+0000][31876][info ][gc,phases   ] GC(3)   Post Evacuate Collection Set: 0.85ms
[2025-02-26T12:42:27.885+0000][31876][info ][gc,phases   ] GC(3)   Other: 0.08ms
[2025-02-26T12:42:27.885+0000][31876][trace][gc,age      ] GC(3) Age table:
[2025-02-26T12:42:27.885+0000][31876][trace][gc,age      ] GC(3) - age   1:    4762256 bytes,    4762256 total
[2025-02-26T12:42:27.885+0000][31876][trace][gc,age      ] GC(3) - age   2:    5541696 bytes,   10303952 total
[2025-02-26T12:42:27.885+0000][31876][trace][gc,age      ] GC(3) - age   3:   14338840 bytes,   24642792 total
[2025-02-26T12:42:27.885+0000][31876][info ][gc,heap     ] GC(3) Eden regions: 95->0(94)
[2025-02-26T12:42:27.885+0000][31876][info ][gc,heap     ] GC(3) Survivor regions: 6->7(13)
[2025-02-26T12:42:27.885+0000][31876][info ][gc,heap     ] GC(3) Old regions: 0->0
[2025-02-26T12:42:27.885+0000][31876][info ][gc,heap     ] GC(3) Humongous regions: 0->0
[2025-02-26T12:42:27.885+0000][31876][info ][gc,metaspace] GC(3) Metaspace: 30194K(31168K)->30194K(31168K) NonClass: 26768K(27328K)->26768K(27328K) Class: 3425K(3840K)->3425K(3840K)
[2025-02-26T12:42:27.885+0000][31876][info ][gc          ] GC(3) Pause Young (Normal) (G1 Evacuation Pause) 400M->25M(8148M) 8.509ms
[2025-02-26T12:42:27.885+0000][31876][info ][gc,cpu      ] GC(3) User=0.00s Sys=0.00s Real=0.01s
[2025-02-26T12:42:27.885+0000][31876][info ][safepoint   ] Safepoint "G1CollectForAllocation", Time since last: 430692700 ns, Reaching safepoint: 3100 ns, At safepoint: 8558900 ns, Total: 8562000 ns
[2025-02-26T12:42:28.178+0000][31876][info ][gc,start    ] GC(4) Pause Young (Normal) (G1 Evacuation Pause)
[2025-02-26T12:42:28.178+0000][31876][info ][gc,task     ] GC(4) Using 18 workers of 18 for evacuation
[2025-02-26T12:42:28.178+0000][31876][debug][gc,age      ] GC(4) Desired survivor size 27262976 bytes, new threshold 15 (max threshold 15)
[2025-02-26T12:42:28.186+0000][31876][info ][gc,phases   ] GC(4)   Pre Evacuate Collection Set: 0.15ms
[2025-02-26T12:42:28.186+0000][31876][info ][gc,phases   ] GC(4)   Merge Heap Roots: 0.08ms
[2025-02-26T12:42:28.186+0000][31876][info ][gc,phases   ] GC(4)   Evacuate Collection Set: 7.11ms
[2025-02-26T12:42:28.186+0000][31876][info ][gc,phases   ] GC(4)   Post Evacuate Collection Set: 0.84ms
[2025-02-26T12:42:28.186+0000][31876][info ][gc,phases   ] GC(4)   Other: 0.08ms
[2025-02-26T12:42:28.186+0000][31876][trace][gc,age      ] GC(4) Age table:
[2025-02-26T12:42:28.186+0000][31876][trace][gc,age      ] GC(4) - age   1:    2608048 bytes,    2608048 total
[2025-02-26T12:42:28.186+0000][31876][trace][gc,age      ] GC(4) - age   2:    3475872 bytes,    6083920 total
[2025-02-26T12:42:28.186+0000][31876][trace][gc,age      ] GC(4) - age   3:    5541224 bytes,   11625144 total
[2025-02-26T12:42:28.186+0000][31876][trace][gc,age      ] GC(4) - age   4:   14338840 bytes,   25963984 total
[2025-02-26T12:42:28.186+0000][31876][info ][gc,heap     ] GC(4) Eden regions: 94->0(94)
[2025-02-26T12:42:28.186+0000][31876][info ][gc,heap     ] GC(4) Survivor regions: 7->7(13)
[2025-02-26T12:42:28.186+0000][31876][info ][gc,heap     ] GC(4) Old regions: 0->0
[2025-02-26T12:42:28.186+0000][31876][info ][gc,heap     ] GC(4) Humongous regions: 0->0
[2025-02-26T12:42:28.186+0000][31876][info ][gc,metaspace] GC(4) Metaspace: 30643K(31680K)->30643K(31680K) NonClass: 27152K(27776K)->27152K(27776K) Class: 3490K(3904K)->3490K(3904K)
[2025-02-26T12:42:28.186+0000][31876][info ][gc          ] GC(4) Pause Young (Normal) (G1 Evacuation Pause) 401M->27M(8148M) 8.513ms
[2025-02-26T12:42:28.186+0000][31876][info ][gc,cpu      ] GC(4) User=0.02s Sys=0.00s Real=0.01s
[2025-02-26T12:42:28.186+0000][31876][info ][safepoint   ] Safepoint "G1CollectForAllocation", Time since last: 292912500 ns, Reaching safepoint: 14200 ns, At safepoint: 8568200 ns, Total: 8582400 ns
[2025-02-26T12:42:28.583+0000][31876][info ][gc,start    ] GC(5) Pause Young (Concurrent Start) (Metadata GC Threshold)
[2025-02-26T12:42:28.583+0000][31876][info ][gc,task     ] GC(5) Using 18 workers of 18 for evacuation
[2025-02-26T12:42:28.583+0000][31876][debug][gc,age      ] GC(5) Desired survivor size 27262976 bytes, new threshold 15 (max threshold 15)
[2025-02-26T12:42:28.592+0000][31876][info ][gc,phases   ] GC(5)   Pre Evacuate Collection Set: 0.24ms
[2025-02-26T12:42:28.592+0000][31876][info ][gc,phases   ] GC(5)   Merge Heap Roots: 0.07ms
[2025-02-26T12:42:28.592+0000][31876][info ][gc,phases   ] GC(5)   Evacuate Collection Set: 7.89ms
[2025-02-26T12:42:28.592+0000][31876][info ][gc,phases   ] GC(5)   Post Evacuate Collection Set: 0.93ms
[2025-02-26T12:42:28.592+0000][31876][info ][gc,phases   ] GC(5)   Other: 0.10ms
[2025-02-26T12:42:28.592+0000][31876][trace][gc,age      ] GC(5) Age table:
[2025-02-26T12:42:28.592+0000][31876][trace][gc,age      ] GC(5) - age   1:    3574728 bytes,    3574728 total
[2025-02-26T12:42:28.592+0000][31876][trace][gc,age      ] GC(5) - age   2:    2604072 bytes,    6178800 total
[2025-02-26T12:42:28.592+0000][31876][trace][gc,age      ] GC(5) - age   3:    3472944 bytes,    9651744 total
[2025-02-26T12:42:28.592+0000][31876][trace][gc,age      ] GC(5) - age   4:    5539688 bytes,   15191432 total
[2025-02-26T12:42:28.592+0000][31876][trace][gc,age      ] GC(5) - age   5:   14338168 bytes,   29529600 total
[2025-02-26T12:42:28.592+0000][31876][info ][gc,heap     ] GC(5) Eden regions: 50->0(93)
[2025-02-26T12:42:28.592+0000][31876][info ][gc,heap     ] GC(5) Survivor regions: 7->8(13)
[2025-02-26T12:42:28.592+0000][31876][info ][gc,heap     ] GC(5) Old regions: 0->0
[2025-02-26T12:42:28.592+0000][31876][info ][gc,heap     ] GC(5) Humongous regions: 0->0
[2025-02-26T12:42:28.592+0000][31876][info ][gc,metaspace] GC(5) Metaspace: 35056K(36096K)->35056K(36096K) NonClass: 31102K(31680K)->31102K(31680K) Class: 3953K(4416K)->3953K(4416K)
[2025-02-26T12:42:28.592+0000][31876][info ][gc          ] GC(5) Pause Young (Concurrent Start) (Metadata GC Threshold) 225M->30M(8148M) 9.496ms
[2025-02-26T12:42:28.592+0000][31876][info ][gc          ] GC(6) Concurrent Mark Cycle
[2025-02-26T12:42:28.592+0000][31876][info ][gc,cpu      ] GC(5) User=0.00s Sys=0.00s Real=0.01s
[2025-02-26T12:42:28.592+0000][31876][info ][gc,marking  ] GC(6) Concurrent Scan Root Regions
[2025-02-26T12:42:28.592+0000][31876][info ][safepoint   ] Safepoint "CollectForMetadataAllocation", Time since last: 396309800 ns, Reaching safepoint: 3500 ns, At safepoint: 9616300 ns, Total: 9619800 ns
[2025-02-26T12:42:28.595+0000][31876][info ][gc,marking  ] GC(6) Concurrent Scan Root Regions 1.686ms
[2025-02-26T12:42:28.595+0000][31876][info ][gc,marking  ] GC(6) Concurrent Mark
[2025-02-26T12:42:28.595+0000][31876][info ][gc,marking  ] GC(6) Concurrent Mark From Roots
[2025-02-26T12:42:28.595+0000][31876][info ][gc,task     ] GC(6) Using 5 workers of 5 for marking
[2025-02-26T12:42:28.595+0000][31876][info ][gc,marking  ] GC(6) Concurrent Mark From Roots 0.358ms
[2025-02-26T12:42:28.595+0000][31876][info ][gc,marking  ] GC(6) Concurrent Preclean
[2025-02-26T12:42:28.595+0000][31876][info ][gc,marking  ] GC(6) Concurrent Preclean 0.060ms
[2025-02-26T12:42:28.595+0000][31876][info ][gc,start    ] GC(6) Pause Remark
[2025-02-26T12:42:28.597+0000][31876][info ][gc          ] GC(6) Pause Remark 32M->32M(8148M) 2.364ms
[2025-02-26T12:42:28.597+0000][31876][info ][gc,cpu      ] GC(6) User=0.00s Sys=0.00s Real=0.00s
[2025-02-26T12:42:28.597+0000][31876][info ][safepoint   ] Safepoint "G1PauseRemark", Time since last: 2145400 ns, Reaching safepoint: 3000 ns, At safepoint: 2415200 ns, Total: 2418200 ns
[2025-02-26T12:42:28.597+0000][31876][info ][gc,marking  ] GC(6) Concurrent Mark 2.925ms
[2025-02-26T12:42:28.597+0000][31876][info ][gc,marking  ] GC(6) Concurrent Rebuild Remembered Sets and Scrub Regions
[2025-02-26T12:42:28.597+0000][31876][info ][gc,marking  ] GC(6) Concurrent Rebuild Remembered Sets and Scrub Regions 0.065ms
[2025-02-26T12:42:28.597+0000][31876][info ][gc,start    ] GC(6) Pause Cleanup
[2025-02-26T12:42:28.597+0000][31876][info ][gc          ] GC(6) Pause Cleanup 32M->32M(8148M) 0.026ms
[2025-02-26T12:42:28.597+0000][31876][info ][gc,cpu      ] GC(6) User=0.00s Sys=0.00s Real=0.00s
[2025-02-26T12:42:28.597+0000][31876][info ][safepoint   ] Safepoint "G1PauseCleanup", Time since last: 128900 ns, Reaching safepoint: 1500 ns, At safepoint: 61200 ns, Total: 62700 ns
[2025-02-26T12:42:28.597+0000][31876][info ][gc,marking  ] GC(6) Concurrent Clear Claimed Marks
[2025-02-26T12:42:28.597+0000][31876][info ][gc,marking  ] GC(6) Concurrent Clear Claimed Marks 0.029ms
[2025-02-26T12:42:28.597+0000][31876][info ][gc,marking  ] GC(6) Concurrent Cleanup for Next Mark
[2025-02-26T12:42:28.605+0000][31876][info ][gc,marking  ] GC(6) Concurrent Cleanup for Next Mark 7.752ms
[2025-02-26T12:42:28.605+0000][31876][info ][gc          ] GC(6) Concurrent Mark Cycle 12.755ms
[2025-02-26T12:42:28.956+0000][31876][info ][gc,start    ] GC(7) Pause Young (Normal) (G1 Evacuation Pause)
[2025-02-26T12:42:28.956+0000][31876][info ][gc,task     ] GC(7) Using 18 workers of 18 for evacuation
[2025-02-26T12:42:28.956+0000][31876][debug][gc,age      ] GC(7) Desired survivor size 27262976 bytes, new threshold 5 (max threshold 15)
[2025-02-26T12:42:28.966+0000][31876][info ][gc,phases   ] GC(7)   Pre Evacuate Collection Set: 0.16ms
[2025-02-26T12:42:28.966+0000][31876][info ][gc,phases   ] GC(7)   Merge Heap Roots: 0.08ms
[2025-02-26T12:42:28.966+0000][31876][info ][gc,phases   ] GC(7)   Evacuate Collection Set: 8.07ms
[2025-02-26T12:42:28.966+0000][31876][info ][gc,phases   ] GC(7)   Post Evacuate Collection Set: 0.83ms
[2025-02-26T12:42:28.966+0000][31876][info ][gc,phases   ] GC(7)   Other: 0.09ms
[2025-02-26T12:42:28.966+0000][31876][trace][gc,age      ] GC(7) Age table:
[2025-02-26T12:42:28.966+0000][31876][trace][gc,age      ] GC(7) - age   1:    3878928 bytes,    3878928 total
[2025-02-26T12:42:28.966+0000][31876][trace][gc,age      ] GC(7) - age   2:    3539984 bytes,    7418912 total
[2025-02-26T12:42:28.966+0000][31876][trace][gc,age      ] GC(7) - age   3:    2603976 bytes,   10022888 total
[2025-02-26T12:42:28.966+0000][31876][trace][gc,age      ] GC(7) - age   4:    3471856 bytes,   13494744 total
[2025-02-26T12:42:28.966+0000][31876][trace][gc,age      ] GC(7) - age   5:    5539688 bytes,   19034432 total
[2025-02-26T12:42:28.966+0000][31876][info ][gc,heap     ] GC(7) Eden regions: 93->0(96)
[2025-02-26T12:42:28.966+0000][31876][info ][gc,heap     ] GC(7) Survivor regions: 8->6(13)
[2025-02-26T12:42:28.966+0000][31876][info ][gc,heap     ] GC(7) Old regions: 0->4
[2025-02-26T12:42:28.966+0000][31876][info ][gc,heap     ] GC(7) Humongous regions: 0->0
[2025-02-26T12:42:28.966+0000][31876][info ][gc,metaspace] GC(7) Metaspace: 36842K(38016K)->36842K(38016K) NonClass: 32625K(33344K)->32625K(33344K) Class: 4217K(4672K)->4217K(4672K)
[2025-02-26T12:42:28.966+0000][31876][info ][gc          ] GC(7) Pause Young (Normal) (G1 Evacuation Pause) 402M->34M(8148M) 9.490ms
[2025-02-26T12:42:28.966+0000][31876][info ][gc,cpu      ] GC(7) User=0.00s Sys=0.00s Real=0.01s
[2025-02-26T12:42:28.966+0000][31876][info ][safepoint   ] Safepoint "G1CollectForAllocation", Time since last: 358662700 ns, Reaching safepoint: 3100 ns, At safepoint: 9542100 ns, Total: 9545200 ns
[2025-02-26T12:42:29.461+0000][31876][info ][gc,start    ] GC(8) Pause Young (Normal) (G1 Evacuation Pause)
[2025-02-26T12:42:29.461+0000][31876][info ][gc,task     ] GC(8) Using 18 workers of 18 for evacuation
[2025-02-26T12:42:29.461+0000][31876][debug][gc,age      ] GC(8) Desired survivor size 27262976 bytes, new threshold 15 (max threshold 15)
[2025-02-26T12:42:29.464+0000][31876][info ][gc,phases   ] GC(8)   Pre Evacuate Collection Set: 0.16ms
[2025-02-26T12:42:29.464+0000][31876][info ][gc,phases   ] GC(8)   Merge Heap Roots: 0.09ms
[2025-02-26T12:42:29.464+0000][31876][info ][gc,phases   ] GC(8)   Evacuate Collection Set: 3.56ms
[2025-02-26T12:42:29.464+0000][31876][info ][gc,phases   ] GC(8)   Post Evacuate Collection Set: 0.49ms
[2025-02-26T12:42:29.464+0000][31876][info ][gc,phases   ] GC(8)   Other: 0.08ms
[2025-02-26T12:42:29.464+0000][31876][trace][gc,age      ] GC(8) Age table:
[2025-02-26T12:42:29.464+0000][31876][trace][gc,age      ] GC(8) - age   1:    3938104 bytes,    3938104 total
[2025-02-26T12:42:29.464+0000][31876][trace][gc,age      ] GC(8) - age   2:    3151480 bytes,    7089584 total
[2025-02-26T12:42:29.464+0000][31876][trace][gc,age      ] GC(8) - age   3:    3539792 bytes,   10629376 total
[2025-02-26T12:42:29.464+0000][31876][trace][gc,age      ] GC(8) - age   4:    2603152 bytes,   13232528 total
[2025-02-26T12:42:29.464+0000][31876][trace][gc,age      ] GC(8) - age   5:    3467536 bytes,   16700064 total
[2025-02-26T12:42:29.464+0000][31876][trace][gc,age      ] GC(8) - age   6:    5538784 bytes,   22238848 total
[2025-02-26T12:42:29.464+0000][31876][info ][gc,heap     ] GC(8) Eden regions: 96->0(145)
[2025-02-26T12:42:29.464+0000][31876][info ][gc,heap     ] GC(8) Survivor regions: 6->6(13)
[2025-02-26T12:42:29.464+0000][31876][info ][gc,heap     ] GC(8) Old regions: 4->4
[2025-02-26T12:42:29.464+0000][31876][info ][gc,heap     ] GC(8) Humongous regions: 0->0
[2025-02-26T12:42:29.464+0000][31876][info ][gc,metaspace] GC(8) Metaspace: 39095K(40256K)->39095K(40256K) NonClass: 34582K(35264K)->34582K(35264K) Class: 4513K(4992K)->4513K(4992K)
[2025-02-26T12:42:29.464+0000][31876][info ][gc          ] GC(8) Pause Young (Normal) (G1 Evacuation Pause) 418M->37M(8148M) 4.650ms
[2025-02-26T12:42:29.464+0000][31876][info ][gc,cpu      ] GC(8) User=0.00s Sys=0.00s Real=0.00s
[2025-02-26T12:42:29.465+0000][31876][info ][safepoint   ] Safepoint "G1CollectForAllocation", Time since last: 494435500 ns, Reaching safepoint: 3200 ns, At safepoint: 4718200 ns, Total: 4721400 ns
[2025-02-26T12:42:29.991+0000][31876][info ][gc,start    ] GC(9) Pause Young (Normal) (G1 Evacuation Pause)
[2025-02-26T12:42:29.991+0000][31876][info ][gc,task     ] GC(9) Using 18 workers of 18 for evacuation
[2025-02-26T12:42:29.991+0000][31876][debug][gc,age      ] GC(9) Desired survivor size 39845888 bytes, new threshold 15 (max threshold 15)
[2025-02-26T12:42:29.997+0000][31876][info ][gc,phases   ] GC(9)   Pre Evacuate Collection Set: 0.17ms
[2025-02-26T12:42:29.997+0000][31876][info ][gc,phases   ] GC(9)   Merge Heap Roots: 0.10ms
[2025-02-26T12:42:29.997+0000][31876][info ][gc,phases   ] GC(9)   Evacuate Collection Set: 4.59ms
[2025-02-26T12:42:29.997+0000][31876][info ][gc,phases   ] GC(9)   Post Evacuate Collection Set: 0.54ms
[2025-02-26T12:42:29.997+0000][31876][info ][gc,phases   ] GC(9)   Other: 0.10ms
[2025-02-26T12:42:29.997+0000][31876][trace][gc,age      ] GC(9) Age table:
[2025-02-26T12:42:29.997+0000][31876][trace][gc,age      ] GC(9) - age   1:    7619928 bytes,    7619928 total
[2025-02-26T12:42:29.997+0000][31876][trace][gc,age      ] GC(9) - age   2:    3837784 bytes,   11457712 total
[2025-02-26T12:42:29.997+0000][31876][trace][gc,age      ] GC(9) - age   3:    3151176 bytes,   14608888 total
[2025-02-26T12:42:29.997+0000][31876][trace][gc,age      ] GC(9) - age   4:    3539760 bytes,   18148648 total
[2025-02-26T12:42:29.997+0000][31876][trace][gc,age      ] GC(9) - age   5:    2600688 bytes,   20749336 total
[2025-02-26T12:42:29.997+0000][31876][trace][gc,age      ] GC(9) - age   6:    3467248 bytes,   24216584 total
[2025-02-26T12:42:29.997+0000][31876][trace][gc,age      ] GC(9) - age   7:    5536144 bytes,   29752728 total
[2025-02-26T12:42:29.997+0000][31876][info ][gc,heap     ] GC(9) Eden regions: 145->0(118)
[2025-02-26T12:42:29.997+0000][31876][info ][gc,heap     ] GC(9) Survivor regions: 6->8(19)
[2025-02-26T12:42:29.997+0000][31876][info ][gc,heap     ] GC(9) Old regions: 4->4
[2025-02-26T12:42:29.997+0000][31876][info ][gc,heap     ] GC(9) Humongous regions: 0->0
[2025-02-26T12:42:29.997+0000][31876][info ][gc,metaspace] GC(9) Metaspace: 39811K(41024K)->39811K(41024K) NonClass: 35203K(35968K)->35203K(35968K) Class: 4607K(5056K)->4607K(5056K)
[2025-02-26T12:42:29.997+0000][31876][info ][gc          ] GC(9) Pause Young (Normal) (G1 Evacuation Pause) 617M->45M(8148M) 5.810ms
[2025-02-26T12:42:29.997+0000][31876][info ][gc,cpu      ] GC(9) User=0.00s Sys=0.00s Real=0.01s
[2025-02-26T12:42:29.997+0000][31876][info ][safepoint   ] Safepoint "G1CollectForAllocation", Time since last: 526429000 ns, Reaching safepoint: 3400 ns, At safepoint: 5862500 ns, Total: 5865900 ns
[2025-02-26T12:42:31.823+0000][31876][info ][gc,start    ] GC(10) Pause Young (Concurrent Start) (Metadata GC Threshold)
[2025-02-26T12:42:31.823+0000][31876][info ][gc,task     ] GC(10) Using 18 workers of 18 for evacuation
[2025-02-26T12:42:31.823+0000][31876][debug][gc,age      ] GC(10) Desired survivor size 33554432 bytes, new threshold 15 (max threshold 15)
[2025-02-26T12:42:31.832+0000][31876][info ][gc,phases   ] GC(10)   Pre Evacuate Collection Set: 0.25ms
[2025-02-26T12:42:31.832+0000][31876][info ][gc,phases   ] GC(10)   Merge Heap Roots: 0.08ms
[2025-02-26T12:42:31.832+0000][31876][info ][gc,phases   ] GC(10)   Evacuate Collection Set: 6.64ms
[2025-02-26T12:42:31.832+0000][31876][info ][gc,phases   ] GC(10)   Post Evacuate Collection Set: 0.65ms
[2025-02-26T12:42:31.832+0000][31876][info ][gc,phases   ] GC(10)   Other: 0.10ms
[2025-02-26T12:42:31.832+0000][31876][trace][gc,age      ] GC(10) Age table:
[2025-02-26T12:42:31.832+0000][31876][trace][gc,age      ] GC(10) - age   1:    6655048 bytes,    6655048 total
[2025-02-26T12:42:31.832+0000][31876][trace][gc,age      ] GC(10) - age   2:    6789200 bytes,   13444248 total
[2025-02-26T12:42:31.832+0000][31876][trace][gc,age      ] GC(10) - age   3:    3797568 bytes,   17241816 total
[2025-02-26T12:42:31.832+0000][31876][trace][gc,age      ] GC(10) - age   4:    3131544 bytes,   20373360 total
[2025-02-26T12:42:31.832+0000][31876][trace][gc,age      ] GC(10) - age   5:    3523000 bytes,   23896360 total
[2025-02-26T12:42:31.832+0000][31876][trace][gc,age      ] GC(10) - age   6:    2589552 bytes,   26485912 total
[2025-02-26T12:42:31.832+0000][31876][trace][gc,age      ] GC(10) - age   7:    3449120 bytes,   29935032 total
[2025-02-26T12:42:31.832+0000][31876][trace][gc,age      ] GC(10) - age   8:    5328104 bytes,   35263136 total
[2025-02-26T12:42:31.832+0000][31876][info ][gc,heap     ] GC(10) Eden regions: 93->0(153)
[2025-02-26T12:42:31.832+0000][31876][info ][gc,heap     ] GC(10) Survivor regions: 8->10(16)
[2025-02-26T12:42:31.832+0000][31876][info ][gc,heap     ] GC(10) Old regions: 4->4
[2025-02-26T12:42:31.832+0000][31876][info ][gc,heap     ] GC(10) Humongous regions: 0->0
[2025-02-26T12:42:31.832+0000][31876][info ][gc,metaspace] GC(10) Metaspace: 58772K(60288K)->58772K(60288K) NonClass: 51549K(52480K)->51549K(52480K) Class: 7222K(7808K)->7222K(7808K)
[2025-02-26T12:42:31.832+0000][31876][info ][gc          ] GC(10) Pause Young (Concurrent Start) (Metadata GC Threshold) 417M->51M(8148M) 8.008ms
[2025-02-26T12:42:31.832+0000][31876][info ][gc          ] GC(11) Concurrent Mark Cycle
[2025-02-26T12:42:31.832+0000][31876][info ][gc,cpu      ] GC(10) User=0.00s Sys=0.00s Real=0.01s
[2025-02-26T12:42:31.832+0000][31876][info ][gc,marking  ] GC(11) Concurrent Scan Root Regions
[2025-02-26T12:42:31.832+0000][31876][info ][safepoint   ] Safepoint "CollectForMetadataAllocation", Time since last: 1826421600 ns, Reaching safepoint: 2800 ns, At safepoint: 8123500 ns, Total: 8126300 ns
[2025-02-26T12:42:31.833+0000][31876][info ][gc,marking  ] GC(11) Concurrent Scan Root Regions 2.038ms
[2025-02-26T12:42:31.833+0000][31876][info ][gc,marking  ] GC(11) Concurrent Mark
[2025-02-26T12:42:31.833+0000][31876][info ][gc,marking  ] GC(11) Concurrent Mark From Roots
[2025-02-26T12:42:31.833+0000][31876][info ][gc,task     ] GC(11) Using 5 workers of 5 for marking
[2025-02-26T12:42:31.838+0000][31876][info ][gc,marking  ] GC(11) Concurrent Mark From Roots 4.279ms
[2025-02-26T12:42:31.838+0000][31876][info ][gc,marking  ] GC(11) Concurrent Preclean
[2025-02-26T12:42:31.838+0000][31876][info ][gc,marking  ] GC(11) Concurrent Preclean 0.021ms
[2025-02-26T12:42:31.838+0000][31876][info ][gc,start    ] GC(11) Pause Remark
[2025-02-26T12:42:31.840+0000][31876][info ][gc          ] GC(11) Pause Remark 54M->54M(8148M) 2.449ms
[2025-02-26T12:42:31.840+0000][31876][info ][gc,cpu      ] GC(11) User=0.00s Sys=0.00s Real=0.00s
[2025-02-26T12:42:31.840+0000][31876][info ][safepoint   ] Safepoint "G1PauseRemark", Time since last: 6375400 ns, Reaching safepoint: 74800 ns, At safepoint: 2497800 ns, Total: 2572600 ns
[2025-02-26T12:42:31.840+0000][31876][info ][gc,marking  ] GC(11) Concurrent Mark 6.958ms
[2025-02-26T12:42:31.840+0000][31876][info ][gc,marking  ] GC(11) Concurrent Rebuild Remembered Sets and Scrub Regions
[2025-02-26T12:42:31.842+0000][31876][info ][gc,marking  ] GC(11) Concurrent Rebuild Remembered Sets and Scrub Regions 1.242ms
[2025-02-26T12:42:31.842+0000][31876][info ][gc,start    ] GC(11) Pause Cleanup
[2025-02-26T12:42:31.842+0000][31876][info ][gc          ] GC(11) Pause Cleanup 54M->54M(8148M) 0.032ms
[2025-02-26T12:42:31.842+0000][31876][info ][gc,cpu      ] GC(11) User=0.00s Sys=0.00s Real=0.00s
[2025-02-26T12:42:31.842+0000][31876][info ][safepoint   ] Safepoint "G1PauseCleanup", Time since last: 1321400 ns, Reaching safepoint: 11800 ns, At safepoint: 67900 ns, Total: 79700 ns
[2025-02-26T12:42:31.842+0000][31876][info ][gc,marking  ] GC(11) Concurrent Clear Claimed Marks
[2025-02-26T12:42:31.842+0000][31876][info ][gc,marking  ] GC(11) Concurrent Clear Claimed Marks 0.027ms
[2025-02-26T12:42:31.842+0000][31876][info ][gc,marking  ] GC(11) Concurrent Cleanup for Next Mark
[2025-02-26T12:42:31.851+0000][31876][info ][gc,marking  ] GC(11) Concurrent Cleanup for Next Mark 8.197ms
[2025-02-26T12:42:31.851+0000][31876][info ][gc          ] GC(11) Concurrent Mark Cycle 18.742ms
[2025-02-26T12:42:33.875+0000][31876][info ][gc,start    ] GC(12) Pause Young (Normal) (G1 Evacuation Pause)
[2025-02-26T12:42:33.875+0000][31876][info ][gc,task     ] GC(12) Using 18 workers of 18 for evacuation
[2025-02-26T12:42:33.875+0000][31876][debug][gc,age      ] GC(12) Desired survivor size 44040192 bytes, new threshold 15 (max threshold 15)
[2025-02-26T12:42:33.889+0000][31876][info ][gc,phases   ] GC(12)   Pre Evacuate Collection Set: 0.22ms
[2025-02-26T12:42:33.890+0000][31876][info ][gc,phases   ] GC(12)   Merge Heap Roots: 0.10ms
[2025-02-26T12:42:33.890+0000][31876][info ][gc,phases   ] GC(12)   Evacuate Collection Set: 12.93ms
[2025-02-26T12:42:33.890+0000][31876][info ][gc,phases   ] GC(12)   Post Evacuate Collection Set: 1.16ms
[2025-02-26T12:42:33.890+0000][31876][info ][gc,phases   ] GC(12)   Other: 0.11ms
[2025-02-26T12:42:33.890+0000][31876][trace][gc,age      ] GC(12) Age table:
[2025-02-26T12:42:33.890+0000][31876][trace][gc,age      ] GC(12) - age   1:   11833656 bytes,   11833656 total
[2025-02-26T12:42:33.890+0000][31876][trace][gc,age      ] GC(12) - age   2:    6219696 bytes,   18053352 total
[2025-02-26T12:42:33.890+0000][31876][trace][gc,age      ] GC(12) - age   3:    6746184 bytes,   24799536 total
[2025-02-26T12:42:33.890+0000][31876][trace][gc,age      ] GC(12) - age   4:    3788920 bytes,   28588456 total
[2025-02-26T12:42:33.890+0000][31876][trace][gc,age      ] GC(12) - age   5:    3128096 bytes,   31716552 total
[2025-02-26T12:42:33.890+0000][31876][trace][gc,age      ] GC(12) - age   6:    3518272 bytes,   35234824 total
[2025-02-26T12:42:33.890+0000][31876][trace][gc,age      ] GC(12) - age   7:    2581464 bytes,   37816288 total
[2025-02-26T12:42:33.890+0000][31876][trace][gc,age      ] GC(12) - age   8:    3435776 bytes,   41252064 total
[2025-02-26T12:42:33.890+0000][31876][trace][gc,age      ] GC(12) - age   9:    5302888 bytes,   46554952 total
[2025-02-26T12:42:33.890+0000][31876][info ][gc,heap     ] GC(12) Eden regions: 153->0(165)
[2025-02-26T12:42:33.890+0000][31876][info ][gc,heap     ] GC(12) Survivor regions: 10->13(21)
[2025-02-26T12:42:33.890+0000][31876][info ][gc,heap     ] GC(12) Old regions: 4->4
[2025-02-26T12:42:33.890+0000][31876][info ][gc,heap     ] GC(12) Humongous regions: 0->0
[2025-02-26T12:42:33.890+0000][31876][info ][gc,metaspace] GC(12) Metaspace: 77921K(79808K)->77921K(79808K) NonClass: 67449K(68544K)->67449K(68544K) Class: 10472K(11264K)->10472K(11264K)
[2025-02-26T12:42:33.890+0000][31876][info ][gc          ] GC(12) Pause Young (Normal) (G1 Evacuation Pause) 663M->64M(8148M) 14.914ms
[2025-02-26T12:42:33.890+0000][31876][info ][gc,cpu      ] GC(12) User=0.00s Sys=0.00s Real=0.02s
[2025-02-26T12:42:33.890+0000][31876][info ][safepoint   ] Safepoint "G1CollectForAllocation", Time since last: 2032637500 ns, Reaching safepoint: 4100 ns, At safepoint: 14970700 ns, Total: 14974800 ns
[2025-02-26T12:42:34.290+0000][31876][info ][gc,heap,exit] Heap
[2025-02-26T12:42:34.290+0000][31876][info ][gc,heap,exit]  garbage-first heap   total reserved 8343552K, committed 8343552K, used 272849K [0x0000000602c00000, 0x0000000800000000)
[2025-02-26T12:42:34.290+0000][31876][info ][gc,heap,exit]   region size 4096K, 64 young (262144K), 13 survivors (53248K)
[2025-02-26T12:42:34.290+0000][31876][info ][gc,heap,exit]  Metaspace       used 82086K, committed 84160K, reserved 1179648K
[2025-02-26T12:42:34.291+0000][31876][info ][gc,heap,exit]   class space    used 11155K, committed 12032K, reserved 1048576K
