[2025-03-12T12:42:25.520+0000][28148][info][gc,init] CardTable entry size: 512
[2025-03-12T12:42:25.520+0000][28148][info][gc     ] Using G1
[2025-03-12T12:42:28.732+0000][28148][info][gc,init] Version: 23+37-2369 (release)
[2025-03-12T12:42:28.732+0000][28148][info][gc,init] CPUs: 24 total, 24 available
[2025-03-12T12:42:28.732+0000][28148][info][gc,init] Memory: 16296M
[2025-03-12T12:42:28.732+0000][28148][info][gc,init] Large Page Support: Disabled
[2025-03-12T12:42:28.732+0000][28148][info][gc,init] NUMA Support: Disabled
[2025-03-12T12:42:28.732+0000][28148][info][gc,init] Compressed Oops: Enabled (Zero based)
[2025-03-12T12:42:28.732+0000][28148][info][gc,init] Heap Region Size: 4M
[2025-03-12T12:42:28.732+0000][28148][info][gc,init] Heap Min Capacity: 8148M
[2025-03-12T12:42:28.732+0000][28148][info][gc,init] Heap Initial Capacity: 8148M
[2025-03-12T12:42:28.732+0000][28148][info][gc,init] Heap Max Capacity: 8148M
[2025-03-12T12:42:28.732+0000][28148][info][gc,init] Pre-touch: Enabled
[2025-03-12T12:42:28.732+0000][28148][info][gc,init] Parallel Workers: 18
[2025-03-12T12:42:28.732+0000][28148][info][gc,init] Concurrent Workers: 5
[2025-03-12T12:42:28.732+0000][28148][info][gc,init] Concurrent Refinement Workers: 18
[2025-03-12T12:42:28.732+0000][28148][info][gc,init] Periodic GC: Disabled
[2025-03-12T12:42:28.742+0000][28148][info][gc,metaspace] CDS archive(s) mapped at: [0x0000020d9d000000-0x0000020d9dd70000-0x0000020d9dd70000), size 14090240, SharedBaseAddress: 0x0000020d9d000000, ArchiveRelocationMode: 1.
[2025-03-12T12:42:28.742+0000][28148][info][gc,metaspace] Compressed class space mapped at: 0x0000020d9e000000-0x0000020dde000000, reserved size: 1073741824
[2025-03-12T12:42:28.742+0000][28148][info][gc,metaspace] Narrow klass base: 0x0000020d9d000000, Narrow klass shift: 0, Narrow klass range: 0x41000000
[2025-03-12T12:42:31.957+0000][28148][info][gc,start    ] GC(0) Pause Young (Concurrent Start) (Metadata GC Threshold)
[2025-03-12T12:42:31.960+0000][28148][info][gc,task     ] GC(0) Using 18 workers of 18 for evacuation
[2025-03-12T12:42:31.960+0000][28148][debug][gc,age      ] GC(0) Desired survivor size 27262976 bytes, new threshold 15 (max threshold 15)
[2025-03-12T12:42:31.969+0000][28148][info ][gc,phases   ] GC(0)   Pre Evacuate Collection Set: 0.33ms
[2025-03-12T12:42:31.969+0000][28148][info ][gc,phases   ] GC(0)   Merge Heap Roots: 0.17ms
[2025-03-12T12:42:31.969+0000][28148][info ][gc,phases   ] GC(0)   Evacuate Collection Set: 6.37ms
[2025-03-12T12:42:31.969+0000][28148][info ][gc,phases   ] GC(0)   Post Evacuate Collection Set: 1.34ms
[2025-03-12T12:42:31.969+0000][28148][info ][gc,phases   ] GC(0)   Other: 3.44ms
[2025-03-12T12:42:31.969+0000][28148][trace][gc,age      ] GC(0) Age table:
[2025-03-12T12:42:31.969+0000][28148][trace][gc,age      ] GC(0) - age   1:   15276728 bytes,   15276728 total
[2025-03-12T12:42:31.969+0000][28148][info ][gc,heap     ] GC(0) Eden regions: 68->0(97)
[2025-03-12T12:42:31.969+0000][28148][info ][gc,heap     ] GC(0) Survivor regions: 0->4(13)
[2025-03-12T12:42:31.969+0000][28148][info ][gc,heap     ] GC(0) Old regions: 0->0
[2025-03-12T12:42:31.969+0000][28148][info ][gc,heap     ] GC(0) Humongous regions: 0->0
[2025-03-12T12:42:31.969+0000][28148][info ][gc,metaspace] GC(0) Metaspace: 20785K(21504K)->20785K(21504K) NonClass: 18463K(18880K)->18463K(18880K) Class: 2321K(2624K)->2321K(2624K)
[2025-03-12T12:42:31.969+0000][28148][info ][gc          ] GC(0) Pause Young (Concurrent Start) (Metadata GC Threshold) 272M->15M(8148M) 11.924ms
[2025-03-12T12:42:31.969+0000][28148][info ][gc,cpu      ] GC(0) User=0.02s Sys=0.00s Real=0.01s
[2025-03-12T12:42:31.969+0000][28148][info ][gc          ] GC(1) Concurrent Mark Cycle
[2025-03-12T12:42:31.969+0000][28148][info ][gc,marking  ] GC(1) Concurrent Scan Root Regions
[2025-03-12T12:42:31.969+0000][28148][info ][safepoint   ] Safepoint "CollectForMetadataAllocation", Time since last: 3208613400 ns, Reaching safepoint: 6900 ns, At safepoint: 12029200 ns, Total: 12036100 ns
[2025-03-12T12:42:31.974+0000][28148][info ][gc,marking  ] GC(1) Concurrent Scan Root Regions 4.009ms
[2025-03-12T12:42:31.974+0000][28148][info ][gc,marking  ] GC(1) Concurrent Mark
[2025-03-12T12:42:31.974+0000][28148][info ][gc,marking  ] GC(1) Concurrent Mark From Roots
[2025-03-12T12:42:31.975+0000][28148][info ][gc,task     ] GC(1) Using 5 workers of 5 for marking
[2025-03-12T12:42:31.975+0000][28148][info ][gc,marking  ] GC(1) Concurrent Mark From Roots 1.745ms
[2025-03-12T12:42:31.976+0000][28148][info ][gc,marking  ] GC(1) Concurrent Preclean
[2025-03-12T12:42:31.976+0000][28148][info ][gc,marking  ] GC(1) Concurrent Preclean 0.014ms
[2025-03-12T12:42:31.976+0000][28148][info ][gc,start    ] GC(1) Pause Remark
[2025-03-12T12:42:31.977+0000][28148][info ][gc          ] GC(1) Pause Remark 20M->20M(8148M) 1.689ms
[2025-03-12T12:42:31.977+0000][28148][info ][gc,cpu      ] GC(1) User=0.00s Sys=0.00s Real=0.00s
[2025-03-12T12:42:31.977+0000][28148][info ][safepoint   ] Safepoint "G1PauseRemark", Time since last: 5904700 ns, Reaching safepoint: 75100 ns, At safepoint: 1750400 ns, Total: 1825500 ns
[2025-03-12T12:42:31.977+0000][28148][info ][gc,marking  ] GC(1) Concurrent Mark 3.685ms
[2025-03-12T12:42:31.977+0000][28148][info ][gc,marking  ] GC(1) Concurrent Rebuild Remembered Sets and Scrub Regions
[2025-03-12T12:42:31.977+0000][28148][info ][gc,marking  ] GC(1) Concurrent Rebuild Remembered Sets and Scrub Regions 0.082ms
[2025-03-12T12:42:31.977+0000][28148][info ][gc,start    ] GC(1) Pause Cleanup
[2025-03-12T12:42:31.977+0000][28148][info ][gc          ] GC(1) Pause Cleanup 20M->20M(8148M) 0.027ms
[2025-03-12T12:42:31.977+0000][28148][info ][gc,cpu      ] GC(1) User=0.00s Sys=0.00s Real=0.00s
[2025-03-12T12:42:31.977+0000][28148][info ][safepoint   ] Safepoint "G1PauseCleanup", Time since last: 175700 ns, Reaching safepoint: 74100 ns, At safepoint: 64300 ns, Total: 138400 ns
[2025-03-12T12:42:31.977+0000][28148][info ][gc,marking  ] GC(1) Concurrent Clear Claimed Marks
[2025-03-12T12:42:31.977+0000][28148][info ][gc,marking  ] GC(1) Concurrent Clear Claimed Marks 0.045ms
[2025-03-12T12:42:31.977+0000][28148][info ][gc,marking  ] GC(1) Concurrent Cleanup for Next Mark
[2025-03-12T12:42:31.987+0000][28148][info ][gc,marking  ] GC(1) Concurrent Cleanup for Next Mark 9.908ms
[2025-03-12T12:42:31.987+0000][28148][info ][gc          ] GC(1) Concurrent Mark Cycle 18.140ms
[2025-03-12T12:42:33.003+0000][28148][info ][gc,start    ] GC(2) Pause Young (Normal) (G1 Evacuation Pause)
[2025-03-12T12:42:33.003+0000][28148][info ][gc,task     ] GC(2) Using 18 workers of 18 for evacuation
[2025-03-12T12:42:33.003+0000][28148][debug][gc,age      ] GC(2) Desired survivor size 27262976 bytes, new threshold 15 (max threshold 15)
[2025-03-12T12:42:33.012+0000][28148][info ][gc,phases   ] GC(2)   Pre Evacuate Collection Set: 0.19ms
[2025-03-12T12:42:33.012+0000][28148][info ][gc,phases   ] GC(2)   Merge Heap Roots: 0.09ms
[2025-03-12T12:42:33.012+0000][28148][info ][gc,phases   ] GC(2)   Evacuate Collection Set: 7.36ms
[2025-03-12T12:42:33.012+0000][28148][info ][gc,phases   ] GC(2)   Post Evacuate Collection Set: 0.96ms
[2025-03-12T12:42:33.012+0000][28148][info ][gc,phases   ] GC(2)   Other: 0.10ms
[2025-03-12T12:42:33.012+0000][28148][trace][gc,age      ] GC(2) Age table:
[2025-03-12T12:42:33.012+0000][28148][trace][gc,age      ] GC(2) - age   1:    5564120 bytes,    5564120 total
[2025-03-12T12:42:33.012+0000][28148][trace][gc,age      ] GC(2) - age   2:   14337904 bytes,   19902024 total
[2025-03-12T12:42:33.012+0000][28148][info ][gc,heap     ] GC(2) Eden regions: 97->0(95)
[2025-03-12T12:42:33.012+0000][28148][info ][gc,heap     ] GC(2) Survivor regions: 4->6(13)
[2025-03-12T12:42:33.012+0000][28148][info ][gc,heap     ] GC(2) Old regions: 0->0
[2025-03-12T12:42:33.012+0000][28148][info ][gc,heap     ] GC(2) Humongous regions: 0->0
[2025-03-12T12:42:33.012+0000][28148][info ][gc,metaspace] GC(2) Metaspace: 28806K(29760K)->28806K(29760K) NonClass: 25590K(26112K)->25590K(26112K) Class: 3215K(3648K)->3215K(3648K)
[2025-03-12T12:42:33.012+0000][28148][info ][gc          ] GC(2) Pause Young (Normal) (G1 Evacuation Pause) 403M->20M(8148M) 8.970ms
[2025-03-12T12:42:33.012+0000][28148][info ][gc,cpu      ] GC(2) User=0.02s Sys=0.00s Real=0.01s
[2025-03-12T12:42:33.012+0000][28148][info ][safepoint   ] Safepoint "G1CollectForAllocation", Time since last: 1025154500 ns, Reaching safepoint: 3400 ns, At safepoint: 9022900 ns, Total: 9026300 ns
[2025-03-12T12:42:33.471+0000][28148][info ][gc,start    ] GC(3) Pause Young (Normal) (G1 Evacuation Pause)
[2025-03-12T12:42:33.471+0000][28148][info ][gc,task     ] GC(3) Using 18 workers of 18 for evacuation
[2025-03-12T12:42:33.471+0000][28148][debug][gc,age      ] GC(3) Desired survivor size 27262976 bytes, new threshold 15 (max threshold 15)
[2025-03-12T12:42:33.480+0000][28148][info ][gc,phases   ] GC(3)   Pre Evacuate Collection Set: 0.19ms
[2025-03-12T12:42:33.480+0000][28148][info ][gc,phases   ] GC(3)   Merge Heap Roots: 0.08ms
[2025-03-12T12:42:33.480+0000][28148][info ][gc,phases   ] GC(3)   Evacuate Collection Set: 7.84ms
[2025-03-12T12:42:33.480+0000][28148][info ][gc,phases   ] GC(3)   Post Evacuate Collection Set: 0.95ms
[2025-03-12T12:42:33.480+0000][28148][info ][gc,phases   ] GC(3)   Other: 0.09ms
[2025-03-12T12:42:33.480+0000][28148][trace][gc,age      ] GC(3) Age table:
[2025-03-12T12:42:33.480+0000][28148][trace][gc,age      ] GC(3) - age   1:    4737416 bytes,    4737416 total
[2025-03-12T12:42:33.480+0000][28148][trace][gc,age      ] GC(3) - age   2:    5542864 bytes,   10280280 total
[2025-03-12T12:42:33.480+0000][28148][trace][gc,age      ] GC(3) - age   3:   14335440 bytes,   24615720 total
[2025-03-12T12:42:33.480+0000][28148][info ][gc,heap     ] GC(3) Eden regions: 95->0(94)
[2025-03-12T12:42:33.480+0000][28148][info ][gc,heap     ] GC(3) Survivor regions: 6->7(13)
[2025-03-12T12:42:33.480+0000][28148][info ][gc,heap     ] GC(3) Old regions: 0->0
[2025-03-12T12:42:33.480+0000][28148][info ][gc,heap     ] GC(3) Humongous regions: 0->0
[2025-03-12T12:42:33.480+0000][28148][info ][gc,metaspace] GC(3) Metaspace: 30216K(31168K)->30216K(31168K) NonClass: 26791K(27328K)->26791K(27328K) Class: 3425K(3840K)->3425K(3840K)
[2025-03-12T12:42:33.480+0000][28148][info ][gc          ] GC(3) Pause Young (Normal) (G1 Evacuation Pause) 400M->25M(8148M) 9.373ms
[2025-03-12T12:42:33.480+0000][28148][info ][gc,cpu      ] GC(3) User=0.02s Sys=0.00s Real=0.01s
[2025-03-12T12:42:33.480+0000][28148][info ][safepoint   ] Safepoint "G1CollectForAllocation", Time since last: 458577600 ns, Reaching safepoint: 3300 ns, At safepoint: 9420100 ns, Total: 9423400 ns
[2025-03-12T12:42:33.800+0000][28148][info ][gc,start    ] GC(4) Pause Young (Normal) (G1 Evacuation Pause)
[2025-03-12T12:42:33.800+0000][28148][info ][gc,task     ] GC(4) Using 18 workers of 18 for evacuation
[2025-03-12T12:42:33.800+0000][28148][debug][gc,age      ] GC(4) Desired survivor size 27262976 bytes, new threshold 15 (max threshold 15)
[2025-03-12T12:42:33.810+0000][28148][info ][gc,phases   ] GC(4)   Pre Evacuate Collection Set: 0.21ms
[2025-03-12T12:42:33.810+0000][28148][info ][gc,phases   ] GC(4)   Merge Heap Roots: 0.11ms
[2025-03-12T12:42:33.810+0000][28148][info ][gc,phases   ] GC(4)   Evacuate Collection Set: 7.66ms
[2025-03-12T12:42:33.810+0000][28148][info ][gc,phases   ] GC(4)   Post Evacuate Collection Set: 0.92ms
[2025-03-12T12:42:33.810+0000][28148][info ][gc,phases   ] GC(4)   Other: 0.10ms
[2025-03-12T12:42:33.810+0000][28148][trace][gc,age      ] GC(4) Age table:
[2025-03-12T12:42:33.810+0000][28148][trace][gc,age      ] GC(4) - age   1:    2608128 bytes,    2608128 total
[2025-03-12T12:42:33.810+0000][28148][trace][gc,age      ] GC(4) - age   2:    3476616 bytes,    6084744 total
[2025-03-12T12:42:33.810+0000][28148][trace][gc,age      ] GC(4) - age   3:    5542328 bytes,   11627072 total
[2025-03-12T12:42:33.810+0000][28148][trace][gc,age      ] GC(4) - age   4:   14335376 bytes,   25962448 total
[2025-03-12T12:42:33.810+0000][28148][info ][gc,heap     ] GC(4) Eden regions: 94->0(94)
[2025-03-12T12:42:33.810+0000][28148][info ][gc,heap     ] GC(4) Survivor regions: 7->7(13)
[2025-03-12T12:42:33.810+0000][28148][info ][gc,heap     ] GC(4) Old regions: 0->0
[2025-03-12T12:42:33.810+0000][28148][info ][gc,heap     ] GC(4) Humongous regions: 0->0
[2025-03-12T12:42:33.810+0000][28148][info ][gc,metaspace] GC(4) Metaspace: 30660K(31680K)->30660K(31680K) NonClass: 27170K(27776K)->27170K(27776K) Class: 3489K(3904K)->3489K(3904K)
[2025-03-12T12:42:33.810+0000][28148][info ][gc          ] GC(4) Pause Young (Normal) (G1 Evacuation Pause) 401M->27M(8148M) 9.270ms
[2025-03-12T12:42:33.810+0000][28148][info ][gc,cpu      ] GC(4) User=0.02s Sys=0.00s Real=0.01s
[2025-03-12T12:42:33.810+0000][28148][info ][safepoint   ] Safepoint "G1CollectForAllocation", Time since last: 321249900 ns, Reaching safepoint: 5700 ns, At safepoint: 9329200 ns, Total: 9334900 ns
[2025-03-12T12:42:34.239+0000][28148][info ][gc,start    ] GC(5) Pause Young (Concurrent Start) (Metadata GC Threshold)
[2025-03-12T12:42:34.239+0000][28148][info ][gc,task     ] GC(5) Using 18 workers of 18 for evacuation
[2025-03-12T12:42:34.239+0000][28148][debug][gc,age      ] GC(5) Desired survivor size 27262976 bytes, new threshold 15 (max threshold 15)
[2025-03-12T12:42:34.250+0000][28148][info ][gc,phases   ] GC(5)   Pre Evacuate Collection Set: 0.26ms
[2025-03-12T12:42:34.250+0000][28148][info ][gc,phases   ] GC(5)   Merge Heap Roots: 0.08ms
[2025-03-12T12:42:34.250+0000][28148][info ][gc,phases   ] GC(5)   Evacuate Collection Set: 8.99ms
[2025-03-12T12:42:34.250+0000][28148][info ][gc,phases   ] GC(5)   Post Evacuate Collection Set: 1.05ms
[2025-03-12T12:42:34.250+0000][28148][info ][gc,phases   ] GC(5)   Other: 0.11ms
[2025-03-12T12:42:34.250+0000][28148][trace][gc,age      ] GC(5) Age table:
[2025-03-12T12:42:34.250+0000][28148][trace][gc,age      ] GC(5) - age   1:    3563672 bytes,    3563672 total
[2025-03-12T12:42:34.250+0000][28148][trace][gc,age      ] GC(5) - age   2:    2604256 bytes,    6167928 total
[2025-03-12T12:42:34.250+0000][28148][trace][gc,age      ] GC(5) - age   3:    3473688 bytes,    9641616 total
[2025-03-12T12:42:34.250+0000][28148][trace][gc,age      ] GC(5) - age   4:    5540824 bytes,   15182440 total
[2025-03-12T12:42:34.250+0000][28148][trace][gc,age      ] GC(5) - age   5:   14334704 bytes,   29517144 total
[2025-03-12T12:42:34.250+0000][28148][info ][gc,heap     ] GC(5) Eden regions: 50->0(93)
[2025-03-12T12:42:34.250+0000][28148][info ][gc,heap     ] GC(5) Survivor regions: 7->8(13)
[2025-03-12T12:42:34.250+0000][28148][info ][gc,heap     ] GC(5) Old regions: 0->0
[2025-03-12T12:42:34.250+0000][28148][info ][gc,heap     ] GC(5) Humongous regions: 0->0
[2025-03-12T12:42:34.250+0000][28148][info ][gc,metaspace] GC(5) Metaspace: 35162K(36160K)->35162K(36160K) NonClass: 31198K(31744K)->31198K(31744K) Class: 3964K(4416K)->3964K(4416K)
[2025-03-12T12:42:34.250+0000][28148][info ][gc          ] GC(5) Pause Young (Concurrent Start) (Metadata GC Threshold) 227M->30M(8148M) 10.741ms
[2025-03-12T12:42:34.250+0000][28148][info ][gc,cpu      ] GC(5) User=0.00s Sys=0.00s Real=0.01s
[2025-03-12T12:42:34.250+0000][28148][info ][gc          ] GC(6) Concurrent Mark Cycle
[2025-03-12T12:42:34.250+0000][28148][info ][gc,marking  ] GC(6) Concurrent Scan Root Regions
[2025-03-12T12:42:34.250+0000][28148][info ][safepoint   ] Safepoint "CollectForMetadataAllocation", Time since last: 428774400 ns, Reaching safepoint: 4200 ns, At safepoint: 10837400 ns, Total: 10841600 ns
[2025-03-12T12:42:34.252+0000][28148][info ][gc,marking  ] GC(6) Concurrent Scan Root Regions 2.471ms
[2025-03-12T12:42:34.252+0000][28148][info ][gc,marking  ] GC(6) Concurrent Mark
[2025-03-12T12:42:34.252+0000][28148][info ][gc,marking  ] GC(6) Concurrent Mark From Roots
[2025-03-12T12:42:34.252+0000][28148][info ][gc,task     ] GC(6) Using 5 workers of 5 for marking
[2025-03-12T12:42:34.253+0000][28148][info ][gc,marking  ] GC(6) Concurrent Mark From Roots 0.431ms
[2025-03-12T12:42:34.253+0000][28148][info ][gc,marking  ] GC(6) Concurrent Preclean
[2025-03-12T12:42:34.253+0000][28148][info ][gc,marking  ] GC(6) Concurrent Preclean 0.052ms
[2025-03-12T12:42:34.253+0000][28148][info ][gc,start    ] GC(6) Pause Remark
[2025-03-12T12:42:34.256+0000][28148][info ][gc          ] GC(6) Pause Remark 33M->33M(8148M) 2.642ms
[2025-03-12T12:42:34.256+0000][28148][info ][gc,cpu      ] GC(6) User=0.00s Sys=0.00s Real=0.00s
[2025-03-12T12:42:34.256+0000][28148][info ][safepoint   ] Safepoint "G1PauseRemark", Time since last: 3050300 ns, Reaching safepoint: 3700 ns, At safepoint: 2706000 ns, Total: 2709700 ns
[2025-03-12T12:42:34.256+0000][28148][info ][gc,marking  ] GC(6) Concurrent Mark 3.303ms
[2025-03-12T12:42:34.256+0000][28148][info ][gc,marking  ] GC(6) Concurrent Rebuild Remembered Sets and Scrub Regions
[2025-03-12T12:42:34.256+0000][28148][info ][gc,marking  ] GC(6) Concurrent Rebuild Remembered Sets and Scrub Regions 0.056ms
[2025-03-12T12:42:34.256+0000][28148][info ][gc,start    ] GC(6) Pause Cleanup
[2025-03-12T12:42:34.256+0000][28148][info ][gc          ] GC(6) Pause Cleanup 33M->33M(8148M) 0.023ms
[2025-03-12T12:42:34.256+0000][28148][info ][gc,cpu      ] GC(6) User=0.00s Sys=0.00s Real=0.00s
[2025-03-12T12:42:34.256+0000][28148][info ][safepoint   ] Safepoint "G1PauseCleanup", Time since last: 137900 ns, Reaching safepoint: 22600 ns, At safepoint: 60100 ns, Total: 82700 ns
[2025-03-12T12:42:34.256+0000][28148][info ][gc,marking  ] GC(6) Concurrent Clear Claimed Marks
[2025-03-12T12:42:34.256+0000][28148][info ][gc,marking  ] GC(6) Concurrent Clear Claimed Marks 0.043ms
[2025-03-12T12:42:34.256+0000][28148][info ][gc,marking  ] GC(6) Concurrent Cleanup for Next Mark
[2025-03-12T12:42:34.267+0000][28148][info ][gc,marking  ] GC(6) Concurrent Cleanup for Next Mark 11.907ms
[2025-03-12T12:42:34.267+0000][28148][info ][gc          ] GC(6) Concurrent Mark Cycle 18.095ms
[2025-03-12T12:42:34.672+0000][28148][info ][gc,start    ] GC(7) Pause Young (Normal) (G1 Evacuation Pause)
[2025-03-12T12:42:34.672+0000][28148][info ][gc,task     ] GC(7) Using 18 workers of 18 for evacuation
[2025-03-12T12:42:34.672+0000][28148][debug][gc,age      ] GC(7) Desired survivor size 27262976 bytes, new threshold 5 (max threshold 15)
[2025-03-12T12:42:34.682+0000][28148][info ][gc,phases   ] GC(7)   Pre Evacuate Collection Set: 0.20ms
[2025-03-12T12:42:34.682+0000][28148][info ][gc,phases   ] GC(7)   Merge Heap Roots: 0.11ms
[2025-03-12T12:42:34.682+0000][28148][info ][gc,phases   ] GC(7)   Evacuate Collection Set: 9.43ms
[2025-03-12T12:42:34.682+0000][28148][info ][gc,phases   ] GC(7)   Post Evacuate Collection Set: 0.89ms
[2025-03-12T12:42:34.682+0000][28148][info ][gc,phases   ] GC(7)   Other: 0.10ms
[2025-03-12T12:42:34.682+0000][28148][trace][gc,age      ] GC(7) Age table:
[2025-03-12T12:42:34.683+0000][28148][trace][gc,age      ] GC(7) - age   1:    3886256 bytes,    3886256 total
[2025-03-12T12:42:34.683+0000][28148][trace][gc,age      ] GC(7) - age   2:    3543800 bytes,    7430056 total
[2025-03-12T12:42:34.683+0000][28148][trace][gc,age      ] GC(7) - age   3:    2604128 bytes,   10034184 total
[2025-03-12T12:42:34.683+0000][28148][trace][gc,age      ] GC(7) - age   4:    3472600 bytes,   13506784 total
[2025-03-12T12:42:34.683+0000][28148][trace][gc,age      ] GC(7) - age   5:    5540824 bytes,   19047608 total
[2025-03-12T12:42:34.683+0000][28148][info ][gc,heap     ] GC(7) Eden regions: 93->0(95)
[2025-03-12T12:42:34.683+0000][28148][info ][gc,heap     ] GC(7) Survivor regions: 8->6(13)
[2025-03-12T12:42:34.683+0000][28148][info ][gc,heap     ] GC(7) Old regions: 0->4
[2025-03-12T12:42:34.683+0000][28148][info ][gc,heap     ] GC(7) Humongous regions: 0->0
[2025-03-12T12:42:34.683+0000][28148][info ][gc,metaspace] GC(7) Metaspace: 36859K(38016K)->36859K(38016K) NonClass: 32642K(33344K)->32642K(33344K) Class: 4217K(4672K)->4217K(4672K)
[2025-03-12T12:42:34.683+0000][28148][info ][gc          ] GC(7) Pause Young (Normal) (G1 Evacuation Pause) 402M->34M(8148M) 11.000ms
[2025-03-12T12:42:34.683+0000][28148][info ][gc,cpu      ] GC(7) User=0.00s Sys=0.00s Real=0.01s
[2025-03-12T12:42:34.683+0000][28148][info ][safepoint   ] Safepoint "G1CollectForAllocation", Time since last: 415937200 ns, Reaching safepoint: 4500 ns, At safepoint: 11052300 ns, Total: 11056800 ns
[2025-03-12T12:42:35.185+0000][28148][info ][gc,start    ] GC(8) Pause Young (Normal) (G1 Evacuation Pause)
[2025-03-12T12:42:35.185+0000][28148][info ][gc,task     ] GC(8) Using 18 workers of 18 for evacuation
[2025-03-12T12:42:35.185+0000][28148][debug][gc,age      ] GC(8) Desired survivor size 27262976 bytes, new threshold 15 (max threshold 15)
[2025-03-12T12:42:35.188+0000][28148][info ][gc,phases   ] GC(8)   Pre Evacuate Collection Set: 0.24ms
[2025-03-12T12:42:35.188+0000][28148][info ][gc,phases   ] GC(8)   Merge Heap Roots: 0.09ms
[2025-03-12T12:42:35.188+0000][28148][info ][gc,phases   ] GC(8)   Evacuate Collection Set: 3.42ms
[2025-03-12T12:42:35.188+0000][28148][info ][gc,phases   ] GC(8)   Post Evacuate Collection Set: 0.59ms
[2025-03-12T12:42:35.188+0000][28148][info ][gc,phases   ] GC(8)   Other: 0.09ms
[2025-03-12T12:42:35.188+0000][28148][trace][gc,age      ] GC(8) Age table:
[2025-03-12T12:42:35.188+0000][28148][trace][gc,age      ] GC(8) - age   1:    3959160 bytes,    3959160 total
[2025-03-12T12:42:35.188+0000][28148][trace][gc,age      ] GC(8) - age   2:    3148176 bytes,    7107336 total
[2025-03-12T12:42:35.188+0000][28148][trace][gc,age      ] GC(8) - age   3:    3543672 bytes,   10651008 total
[2025-03-12T12:42:35.188+0000][28148][trace][gc,age      ] GC(8) - age   4:    2603368 bytes,   13254376 total
[2025-03-12T12:42:35.189+0000][28148][trace][gc,age      ] GC(8) - age   5:    3468184 bytes,   16722560 total
[2025-03-12T12:42:35.189+0000][28148][trace][gc,age      ] GC(8) - age   6:    5539824 bytes,   22262384 total
[2025-03-12T12:42:35.189+0000][28148][info ][gc,heap     ] GC(8) Eden regions: 95->0(138)
[2025-03-12T12:42:35.189+0000][28148][info ][gc,heap     ] GC(8) Survivor regions: 6->7(13)
[2025-03-12T12:42:35.189+0000][28148][info ][gc,heap     ] GC(8) Old regions: 4->4
[2025-03-12T12:42:35.189+0000][28148][info ][gc,heap     ] GC(8) Humongous regions: 0->0
[2025-03-12T12:42:35.189+0000][28148][info ][gc,metaspace] GC(8) Metaspace: 39067K(40192K)->39067K(40192K) NonClass: 34563K(35200K)->34563K(35200K) Class: 4503K(4992K)->4503K(4992K)
[2025-03-12T12:42:35.189+0000][28148][info ][gc          ] GC(8) Pause Young (Normal) (G1 Evacuation Pause) 414M->38M(8148M) 4.675ms
[2025-03-12T12:42:35.189+0000][28148][info ][gc,cpu      ] GC(8) User=0.00s Sys=0.00s Real=0.00s
[2025-03-12T12:42:35.189+0000][28148][info ][safepoint   ] Safepoint "G1CollectForAllocation", Time since last: 501518800 ns, Reaching safepoint: 3200 ns, At safepoint: 4720800 ns, Total: 4724000 ns
[2025-03-12T12:42:35.717+0000][28148][info ][gc,start    ] GC(9) Pause Young (Normal) (G1 Evacuation Pause)
[2025-03-12T12:42:35.717+0000][28148][info ][gc,task     ] GC(9) Using 18 workers of 18 for evacuation
[2025-03-12T12:42:35.717+0000][28148][debug][gc,age      ] GC(9) Desired survivor size 39845888 bytes, new threshold 15 (max threshold 15)
[2025-03-12T12:42:35.724+0000][28148][info ][gc,phases   ] GC(9)   Pre Evacuate Collection Set: 0.18ms
[2025-03-12T12:42:35.724+0000][28148][info ][gc,phases   ] GC(9)   Merge Heap Roots: 0.09ms
[2025-03-12T12:42:35.724+0000][28148][info ][gc,phases   ] GC(9)   Evacuate Collection Set: 5.82ms
[2025-03-12T12:42:35.724+0000][28148][info ][gc,phases   ] GC(9)   Post Evacuate Collection Set: 0.73ms
[2025-03-12T12:42:35.724+0000][28148][info ][gc,phases   ] GC(9)   Other: 0.13ms
[2025-03-12T12:42:35.724+0000][28148][trace][gc,age      ] GC(9) Age table:
[2025-03-12T12:42:35.724+0000][28148][trace][gc,age      ] GC(9) - age   1:    7996176 bytes,    7996176 total
[2025-03-12T12:42:35.724+0000][28148][trace][gc,age      ] GC(9) - age   2:    3854496 bytes,   11850672 total
[2025-03-12T12:42:35.724+0000][28148][trace][gc,age      ] GC(9) - age   3:    3147872 bytes,   14998544 total
[2025-03-12T12:42:35.724+0000][28148][trace][gc,age      ] GC(9) - age   4:    3543672 bytes,   18542216 total
[2025-03-12T12:42:35.724+0000][28148][trace][gc,age      ] GC(9) - age   5:    2600904 bytes,   21143120 total
[2025-03-12T12:42:35.724+0000][28148][trace][gc,age      ] GC(9) - age   6:    3468024 bytes,   24611144 total
[2025-03-12T12:42:35.724+0000][28148][trace][gc,age      ] GC(9) - age   7:    5537136 bytes,   30148280 total
[2025-03-12T12:42:35.724+0000][28148][info ][gc,heap     ] GC(9) Eden regions: 138->0(118)
[2025-03-12T12:42:35.724+0000][28148][info ][gc,heap     ] GC(9) Survivor regions: 7->8(19)
[2025-03-12T12:42:35.724+0000][28148][info ][gc,heap     ] GC(9) Old regions: 4->4
[2025-03-12T12:42:35.724+0000][28148][info ][gc,heap     ] GC(9) Humongous regions: 0->0
[2025-03-12T12:42:35.724+0000][28148][info ][gc,metaspace] GC(9) Metaspace: 39408K(40640K)->39408K(40640K) NonClass: 34849K(35584K)->34849K(35584K) Class: 4559K(5056K)->4559K(5056K)
[2025-03-12T12:42:35.724+0000][28148][info ][gc          ] GC(9) Pause Young (Normal) (G1 Evacuation Pause) 590M->45M(8148M) 7.244ms
[2025-03-12T12:42:35.724+0000][28148][info ][gc,cpu      ] GC(9) User=0.00s Sys=0.00s Real=0.01s
[2025-03-12T12:42:35.724+0000][28148][info ][safepoint   ] Safepoint "G1CollectForAllocation", Time since last: 528030500 ns, Reaching safepoint: 3300 ns, At safepoint: 7297200 ns, Total: 7300500 ns
[2025-03-12T12:42:38.041+0000][28148][info ][gc,start    ] GC(10) Pause Young (Concurrent Start) (Metadata GC Threshold)
[2025-03-12T12:42:38.041+0000][28148][info ][gc,task     ] GC(10) Using 18 workers of 18 for evacuation
[2025-03-12T12:42:38.041+0000][28148][debug][gc,age      ] GC(10) Desired survivor size 33554432 bytes, new threshold 15 (max threshold 15)
[2025-03-12T12:42:38.051+0000][28148][info ][gc,phases   ] GC(10)   Pre Evacuate Collection Set: 0.36ms
[2025-03-12T12:42:38.051+0000][28148][info ][gc,phases   ] GC(10)   Merge Heap Roots: 0.12ms
[2025-03-12T12:42:38.051+0000][28148][info ][gc,phases   ] GC(10)   Evacuate Collection Set: 8.06ms
[2025-03-12T12:42:38.051+0000][28148][info ][gc,phases   ] GC(10)   Post Evacuate Collection Set: 0.82ms
[2025-03-12T12:42:38.051+0000][28148][info ][gc,phases   ] GC(10)   Other: 0.10ms
[2025-03-12T12:42:38.051+0000][28148][trace][gc,age      ] GC(10) Age table:
[2025-03-12T12:42:38.051+0000][28148][trace][gc,age      ] GC(10) - age   1:    6913392 bytes,    6913392 total
[2025-03-12T12:42:38.051+0000][28148][trace][gc,age      ] GC(10) - age   2:    6560168 bytes,   13473560 total
[2025-03-12T12:42:38.051+0000][28148][trace][gc,age      ] GC(10) - age   3:    3814176 bytes,   17287736 total
[2025-03-12T12:42:38.051+0000][28148][trace][gc,age      ] GC(10) - age   4:    3128240 bytes,   20415976 total
[2025-03-12T12:42:38.051+0000][28148][trace][gc,age      ] GC(10) - age   5:    3526912 bytes,   23942888 total
[2025-03-12T12:42:38.051+0000][28148][trace][gc,age      ] GC(10) - age   6:    2589704 bytes,   26532592 total
[2025-03-12T12:42:38.051+0000][28148][trace][gc,age      ] GC(10) - age   7:    3449848 bytes,   29982440 total
[2025-03-12T12:42:38.051+0000][28148][trace][gc,age      ] GC(10) - age   8:    5329168 bytes,   35311608 total
[2025-03-12T12:42:38.051+0000][28148][info ][gc,heap     ] GC(10) Eden regions: 103->0(152)
[2025-03-12T12:42:38.051+0000][28148][info ][gc,heap     ] GC(10) Survivor regions: 8->10(16)
[2025-03-12T12:42:38.051+0000][28148][info ][gc,heap     ] GC(10) Old regions: 4->4
[2025-03-12T12:42:38.051+0000][28148][info ][gc,heap     ] GC(10) Humongous regions: 0->0
[2025-03-12T12:42:38.051+0000][28148][info ][gc,metaspace] GC(10) Metaspace: 58972K(60480K)->58972K(60480K) NonClass: 51715K(52672K)->51715K(52672K) Class: 7256K(7808K)->7256K(7808K)
[2025-03-12T12:42:38.051+0000][28148][info ][gc          ] GC(10) Pause Young (Concurrent Start) (Metadata GC Threshold) 455M->51M(8148M) 9.734ms
[2025-03-12T12:42:38.051+0000][28148][info ][gc,cpu      ] GC(10) User=0.02s Sys=0.00s Real=0.01s
[2025-03-12T12:42:38.051+0000][28148][info ][gc          ] GC(11) Concurrent Mark Cycle
[2025-03-12T12:42:38.051+0000][28148][info ][gc,marking  ] GC(11) Concurrent Scan Root Regions
[2025-03-12T12:42:38.051+0000][28148][info ][safepoint   ] Safepoint "CollectForMetadataAllocation", Time since last: 2316427900 ns, Reaching safepoint: 13300 ns, At safepoint: 9822600 ns, Total: 9835900 ns
[2025-03-12T12:42:38.054+0000][28148][info ][gc,marking  ] GC(11) Concurrent Scan Root Regions 2.758ms
[2025-03-12T12:42:38.054+0000][28148][info ][gc,marking  ] GC(11) Concurrent Mark
[2025-03-12T12:42:38.054+0000][28148][info ][gc,marking  ] GC(11) Concurrent Mark From Roots
[2025-03-12T12:42:38.054+0000][28148][info ][gc,task     ] GC(11) Using 5 workers of 5 for marking
[2025-03-12T12:42:38.058+0000][28148][info ][gc,marking  ] GC(11) Concurrent Mark From Roots 4.620ms
[2025-03-12T12:42:38.058+0000][28148][info ][gc,marking  ] GC(11) Concurrent Preclean
[2025-03-12T12:42:38.058+0000][28148][info ][gc,marking  ] GC(11) Concurrent Preclean 0.032ms
[2025-03-12T12:42:38.058+0000][28148][info ][gc,start    ] GC(11) Pause Remark
[2025-03-12T12:42:38.061+0000][28148][info ][gc          ] GC(11) Pause Remark 54M->54M(8148M) 2.781ms
[2025-03-12T12:42:38.061+0000][28148][info ][gc,cpu      ] GC(11) User=0.00s Sys=0.00s Real=0.00s
[2025-03-12T12:42:38.061+0000][28148][info ][safepoint   ] Safepoint "G1PauseRemark", Time since last: 7498500 ns, Reaching safepoint: 33800 ns, At safepoint: 2838200 ns, Total: 2872000 ns
[2025-03-12T12:42:38.061+0000][28148][info ][gc,marking  ] GC(11) Concurrent Mark 7.616ms
[2025-03-12T12:42:38.061+0000][28148][info ][gc,marking  ] GC(11) Concurrent Rebuild Remembered Sets and Scrub Regions
[2025-03-12T12:42:38.063+0000][28148][info ][gc,marking  ] GC(11) Concurrent Rebuild Remembered Sets and Scrub Regions 1.754ms
[2025-03-12T12:42:38.063+0000][28148][info ][gc,start    ] GC(11) Pause Cleanup
[2025-03-12T12:42:38.063+0000][28148][info ][gc          ] GC(11) Pause Cleanup 54M->54M(8148M) 0.045ms
[2025-03-12T12:42:38.063+0000][28148][info ][gc,cpu      ] GC(11) User=0.00s Sys=0.00s Real=0.00s
[2025-03-12T12:42:38.063+0000][28148][info ][safepoint   ] Safepoint "G1PauseCleanup", Time since last: 1839000 ns, Reaching safepoint: 53800 ns, At safepoint: 84900 ns, Total: 138700 ns
[2025-03-12T12:42:38.063+0000][28148][info ][gc,marking  ] GC(11) Concurrent Clear Claimed Marks
[2025-03-12T12:42:38.063+0000][28148][info ][gc,marking  ] GC(11) Concurrent Clear Claimed Marks 0.052ms
[2025-03-12T12:42:38.063+0000][28148][info ][gc,marking  ] GC(11) Concurrent Cleanup for Next Mark
[2025-03-12T12:42:38.075+0000][28148][info ][gc,marking  ] GC(11) Concurrent Cleanup for Next Mark 11.772ms
[2025-03-12T12:42:38.075+0000][28148][info ][gc          ] GC(11) Concurrent Mark Cycle 24.323ms
[2025-03-12T12:42:40.531+0000][28148][info ][gc,start    ] GC(12) Pause Young (Normal) (G1 Evacuation Pause)
[2025-03-12T12:42:40.531+0000][28148][info ][gc,task     ] GC(12) Using 18 workers of 18 for evacuation
[2025-03-12T12:42:40.531+0000][28148][debug][gc,age      ] GC(12) Desired survivor size 44040192 bytes, new threshold 15 (max threshold 15)
[2025-03-12T12:42:40.546+0000][28148][info ][gc,phases   ] GC(12)   Pre Evacuate Collection Set: 0.31ms
[2025-03-12T12:42:40.546+0000][28148][info ][gc,phases   ] GC(12)   Merge Heap Roots: 0.18ms
[2025-03-12T12:42:40.546+0000][28148][info ][gc,phases   ] GC(12)   Evacuate Collection Set: 12.75ms
[2025-03-12T12:42:40.546+0000][28148][info ][gc,phases   ] GC(12)   Post Evacuate Collection Set: 1.49ms
[2025-03-12T12:42:40.546+0000][28148][info ][gc,phases   ] GC(12)   Other: 0.12ms
[2025-03-12T12:42:40.546+0000][28148][trace][gc,age      ] GC(12) Age table:
[2025-03-12T12:42:40.546+0000][28148][trace][gc,age      ] GC(12) - age   1:   11751816 bytes,   11751816 total
[2025-03-12T12:42:40.546+0000][28148][trace][gc,age      ] GC(12) - age   2:    6470904 bytes,   18222720 total
[2025-03-12T12:42:40.546+0000][28148][trace][gc,age      ] GC(12) - age   3:    6517192 bytes,   24739912 total
[2025-03-12T12:42:40.546+0000][28148][trace][gc,age      ] GC(12) - age   4:    3805816 bytes,   28545728 total
[2025-03-12T12:42:40.546+0000][28148][trace][gc,age      ] GC(12) - age   5:    3124792 bytes,   31670520 total
[2025-03-12T12:42:40.546+0000][28148][trace][gc,age      ] GC(12) - age   6:    3522152 bytes,   35192672 total
[2025-03-12T12:42:40.546+0000][28148][trace][gc,age      ] GC(12) - age   7:    2581744 bytes,   37774416 total
[2025-03-12T12:42:40.546+0000][28148][trace][gc,age      ] GC(12) - age   8:    3436728 bytes,   41211144 total
[2025-03-12T12:42:40.546+0000][28148][trace][gc,age      ] GC(12) - age   9:    5303856 bytes,   46515000 total
[2025-03-12T12:42:40.546+0000][28148][info ][gc,heap     ] GC(12) Eden regions: 152->0(161)
[2025-03-12T12:42:40.546+0000][28148][info ][gc,heap     ] GC(12) Survivor regions: 10->13(21)
[2025-03-12T12:42:40.546+0000][28148][info ][gc,heap     ] GC(12) Old regions: 4->4
[2025-03-12T12:42:40.546+0000][28148][info ][gc,heap     ] GC(12) Humongous regions: 0->0
[2025-03-12T12:42:40.546+0000][28148][info ][gc,metaspace] GC(12) Metaspace: 77901K(79872K)->77901K(79872K) NonClass: 67429K(68608K)->67429K(68608K) Class: 10471K(11264K)->10471K(11264K)
[2025-03-12T12:42:40.546+0000][28148][info ][gc          ] GC(12) Pause Young (Normal) (G1 Evacuation Pause) 659M->63M(8148M) 15.208ms
[2025-03-12T12:42:40.546+0000][28148][info ][gc,cpu      ] GC(12) User=0.03s Sys=0.00s Real=0.02s
[2025-03-12T12:42:40.546+0000][28148][info ][safepoint   ] Safepoint "G1CollectForAllocation", Time since last: 2468177300 ns, Reaching safepoint: 5000 ns, At safepoint: 15267000 ns, Total: 15272000 ns
[2025-03-12T12:42:42.782+0000][28148][info ][gc,start    ] GC(13) Pause Young (Concurrent Start) (Metadata GC Threshold)
[2025-03-12T12:42:42.782+0000][28148][info ][gc,task     ] GC(13) Using 18 workers of 18 for evacuation
[2025-03-12T12:42:42.782+0000][28148][debug][gc,age      ] GC(13) Desired survivor size 46137344 bytes, new threshold 9 (max threshold 15)
[2025-03-12T12:42:42.799+0000][28148][info ][gc,phases   ] GC(13)   Pre Evacuate Collection Set: 0.27ms
[2025-03-12T12:42:42.799+0000][28148][info ][gc,phases   ] GC(13)   Merge Heap Roots: 0.10ms
[2025-03-12T12:42:42.799+0000][28148][info ][gc,phases   ] GC(13)   Evacuate Collection Set: 15.40ms
[2025-03-12T12:42:42.799+0000][28148][info ][gc,phases   ] GC(13)   Post Evacuate Collection Set: 1.57ms
[2025-03-12T12:42:42.799+0000][28148][info ][gc,phases   ] GC(13)   Other: 0.11ms
[2025-03-12T12:42:42.799+0000][28148][trace][gc,age      ] GC(13) Age table:
[2025-03-12T12:42:42.799+0000][28148][trace][gc,age      ] GC(13) - age   1:   10457448 bytes,   10457448 total
[2025-03-12T12:42:42.799+0000][28148][trace][gc,age      ] GC(13) - age   2:   11315920 bytes,   21773368 total
[2025-03-12T12:42:42.799+0000][28148][trace][gc,age      ] GC(13) - age   3:    6335720 bytes,   28109088 total
[2025-03-12T12:42:42.799+0000][28148][trace][gc,age      ] GC(13) - age   4:    6510344 bytes,   34619432 total
[2025-03-12T12:42:42.799+0000][28148][trace][gc,age      ] GC(13) - age   5:    3790376 bytes,   38409808 total
[2025-03-12T12:42:42.799+0000][28148][trace][gc,age      ] GC(13) - age   6:    3117024 bytes,   41526832 total
[2025-03-12T12:42:42.799+0000][28148][trace][gc,age      ] GC(13) - age   7:    3510912 bytes,   45037744 total
[2025-03-12T12:42:42.799+0000][28148][trace][gc,age      ] GC(13) - age   8:    2578280 bytes,   47616024 total
[2025-03-12T12:42:42.799+0000][28148][trace][gc,age      ] GC(13) - age   9:    3433200 bytes,   51049224 total
[2025-03-12T12:42:42.799+0000][28148][info ][gc,heap     ] GC(13) Eden regions: 107->0(204)
[2025-03-12T12:42:42.799+0000][28148][info ][gc,heap     ] GC(13) Survivor regions: 13->14(22)
[2025-03-12T12:42:42.799+0000][28148][info ][gc,heap     ] GC(13) Old regions: 4->5
[2025-03-12T12:42:42.799+0000][28148][info ][gc,heap     ] GC(13) Humongous regions: 0->0
[2025-03-12T12:42:42.799+0000][28148][info ][gc,metaspace] GC(13) Metaspace: 98860K(100928K)->98860K(100928K) NonClass: 85395K(86592K)->85395K(86592K) Class: 13464K(14336K)->13464K(14336K)
[2025-03-12T12:42:42.799+0000][28148][info ][gc          ] GC(13) Pause Young (Concurrent Start) (Metadata GC Threshold) 491M->74M(8148M) 17.741ms
[2025-03-12T12:42:42.799+0000][28148][info ][gc,cpu      ] GC(13) User=0.03s Sys=0.00s Real=0.02s
[2025-03-12T12:42:42.799+0000][28148][info ][gc          ] GC(14) Concurrent Mark Cycle
[2025-03-12T12:42:42.799+0000][28148][info ][safepoint   ] Safepoint "CollectForMetadataAllocation", Time since last: 2235514200 ns, Reaching safepoint: 3900 ns, At safepoint: 17836200 ns, Total: 17840100 ns
[2025-03-12T12:42:42.799+0000][28148][info ][gc,marking  ] GC(14) Concurrent Scan Root Regions
[2025-03-12T12:42:42.804+0000][28148][info ][gc,marking  ] GC(14) Concurrent Scan Root Regions 4.163ms
[2025-03-12T12:42:42.804+0000][28148][info ][gc,marking  ] GC(14) Concurrent Mark
[2025-03-12T12:42:42.804+0000][28148][info ][gc,marking  ] GC(14) Concurrent Mark From Roots
[2025-03-12T12:42:42.804+0000][28148][info ][gc,task     ] GC(14) Using 5 workers of 5 for marking
[2025-03-12T12:42:42.809+0000][28148][info ][gc,marking  ] GC(14) Concurrent Mark From Roots 4.519ms
[2025-03-12T12:42:42.809+0000][28148][info ][gc,marking  ] GC(14) Concurrent Preclean
[2025-03-12T12:42:42.809+0000][28148][info ][gc,marking  ] GC(14) Concurrent Preclean 0.098ms
[2025-03-12T12:42:42.809+0000][28148][info ][gc,start    ] GC(14) Pause Remark
[2025-03-12T12:42:42.812+0000][28148][info ][gc          ] GC(14) Pause Remark 76M->76M(8148M) 3.176ms
[2025-03-12T12:42:42.812+0000][28148][info ][gc,cpu      ] GC(14) User=0.00s Sys=0.00s Real=0.00s
[2025-03-12T12:42:42.812+0000][28148][info ][safepoint   ] Safepoint "G1PauseRemark", Time since last: 8877500 ns, Reaching safepoint: 14500 ns, At safepoint: 3235500 ns, Total: 3250000 ns
[2025-03-12T12:42:42.812+0000][28148][info ][gc,marking  ] GC(14) Concurrent Mark 7.959ms
[2025-03-12T12:42:42.812+0000][28148][info ][gc,marking  ] GC(14) Concurrent Rebuild Remembered Sets and Scrub Regions
[2025-03-12T12:42:42.814+0000][28148][info ][gc,marking  ] GC(14) Concurrent Rebuild Remembered Sets and Scrub Regions 1.654ms
[2025-03-12T12:42:42.814+0000][28148][info ][gc,start    ] GC(14) Pause Cleanup
[2025-03-12T12:42:42.814+0000][28148][info ][gc          ] GC(14) Pause Cleanup 77M->77M(8148M) 0.048ms
[2025-03-12T12:42:42.814+0000][28148][info ][gc,cpu      ] GC(14) User=0.00s Sys=0.00s Real=0.00s
[2025-03-12T12:42:42.814+0000][28148][info ][safepoint   ] Safepoint "G1PauseCleanup", Time since last: 1762100 ns, Reaching safepoint: 24700 ns, At safepoint: 92300 ns, Total: 117000 ns
[2025-03-12T12:42:42.814+0000][28148][info ][gc,marking  ] GC(14) Concurrent Clear Claimed Marks
[2025-03-12T12:42:42.814+0000][28148][info ][gc,marking  ] GC(14) Concurrent Clear Claimed Marks 0.089ms
[2025-03-12T12:42:42.814+0000][28148][info ][gc,marking  ] GC(14) Concurrent Cleanup for Next Mark
[2025-03-12T12:42:42.823+0000][28148][info ][gc,marking  ] GC(14) Concurrent Cleanup for Next Mark 9.389ms
[2025-03-12T12:42:42.823+0000][28148][info ][gc          ] GC(14) Concurrent Mark Cycle 23.627ms
[2025-03-12T12:50:17.255+0000][28148][info ][gc,start    ] GC(15) Pause Young (Normal) (G1 Evacuation Pause)
[2025-03-12T12:50:17.255+0000][28148][info ][gc,task     ] GC(15) Using 18 workers of 18 for evacuation
[2025-03-12T12:50:17.255+0000][28148][debug][gc,age      ] GC(15) Desired survivor size 58720256 bytes, new threshold 15 (max threshold 15)
[2025-03-12T12:50:17.285+0000][28148][info ][gc,phases   ] GC(15)   Pre Evacuate Collection Set: 0.22ms
[2025-03-12T12:50:17.285+0000][28148][info ][gc,phases   ] GC(15)   Merge Heap Roots: 0.24ms
[2025-03-12T12:50:17.285+0000][28148][info ][gc,phases   ] GC(15)   Evacuate Collection Set: 27.47ms
[2025-03-12T12:50:17.285+0000][28148][info ][gc,phases   ] GC(15)   Post Evacuate Collection Set: 3.16ms
[2025-03-12T12:50:17.287+0000][28148][info ][gc,phases   ] GC(15)   Other: 0.12ms
[2025-03-12T12:50:17.287+0000][28148][trace][gc,age      ] GC(15) Age table:
[2025-03-12T12:50:17.287+0000][28148][trace][gc,age      ] GC(15) - age   1:   41837032 bytes,   41837032 total
[2025-03-12T12:50:17.287+0000][28148][trace][gc,age      ] GC(15) - age   2:    9937848 bytes,   51774880 total
[2025-03-12T12:50:17.287+0000][28148][trace][gc,age      ] GC(15) - age   3:   11150640 bytes,   62925520 total
[2025-03-12T12:50:17.287+0000][28148][trace][gc,age      ] GC(15) - age   4:    6303600 bytes,   69229120 total
[2025-03-12T12:50:17.287+0000][28148][trace][gc,age      ] GC(15) - age   5:    6507496 bytes,   75736616 total
[2025-03-12T12:50:17.287+0000][28148][trace][gc,age      ] GC(15) - age   6:    3784568 bytes,   79521184 total
[2025-03-12T12:50:17.287+0000][28148][trace][gc,age      ] GC(15) - age   7:    3114120 bytes,   82635304 total
[2025-03-12T12:50:17.287+0000][28148][trace][gc,age      ] GC(15) - age   8:    3508376 bytes,   86143680 total
[2025-03-12T12:50:17.287+0000][28148][trace][gc,age      ] GC(15) - age   9:    2573272 bytes,   88716952 total
[2025-03-12T12:50:17.287+0000][28148][trace][gc,age      ] GC(15) - age  10:    3426592 bytes,   92143544 total
[2025-03-12T12:50:17.287+0000][28148][info ][gc,heap     ] GC(15) Eden regions: 204->0(184)
[2025-03-12T12:50:17.287+0000][28148][info ][gc,heap     ] GC(15) Survivor regions: 14->24(28)
[2025-03-12T12:50:17.287+0000][28148][info ][gc,heap     ] GC(15) Old regions: 5->5
[2025-03-12T12:50:17.287+0000][28148][info ][gc,heap     ] GC(15) Humongous regions: 2->2
[2025-03-12T12:50:17.287+0000][28148][info ][gc,metaspace] GC(15) Metaspace: 144024K(148160K)->144024K(148160K) NonClass: 123339K(125568K)->123339K(125568K) Class: 20684K(22592K)->20684K(22592K)
[2025-03-12T12:50:17.287+0000][28148][info ][gc          ] GC(15) Pause Young (Normal) (G1 Evacuation Pause) 898M->122M(8148M) 31.563ms
[2025-03-12T12:50:17.287+0000][28148][info ][gc,cpu      ] GC(15) User=0.05s Sys=0.00s Real=0.03s
[2025-03-12T12:50:17.287+0000][28148][info ][safepoint   ] Safepoint "G1CollectForAllocation", Time since last: 454440856500 ns, Reaching safepoint: 10200 ns, At safepoint: 31646900 ns, Total: 31657100 ns
[2025-03-12T13:00:01.589+0000][28148][info ][gc,heap,exit] Heap
[2025-03-12T13:00:01.589+0000][28148][info ][gc,heap,exit]  garbage-first heap   total reserved 8343552K, committed 8343552K, used 598692K [0x0000000602c00000, 0x0000000800000000)
[2025-03-12T13:00:01.589+0000][28148][info ][gc,heap,exit]   region size 4096K, 140 young (573440K), 24 survivors (98304K)
[2025-03-12T13:00:01.589+0000][28148][info ][gc,heap,exit]  Metaspace       used 144984K, committed 149184K, reserved 1179648K
[2025-03-12T13:00:01.589+0000][28148][info ][gc,heap,exit]   class space    used 20811K, committed 22720K, reserved 1048576K
