[2025-02-26T12:44:01.204+0000][30044][info][gc,init] CardTable entry size: 512
[2025-02-26T12:44:01.204+0000][30044][info][gc     ] Using G1
[2025-02-26T12:44:02.796+0000][30044][info][gc,init] Version: 23+37-2369 (release)
[2025-02-26T12:44:02.796+0000][30044][info][gc,init] CPUs: 24 total, 24 available
[2025-02-26T12:44:02.796+0000][30044][info][gc,init] Memory: 16296M
[2025-02-26T12:44:02.796+0000][30044][info][gc,init] Large Page Support: Disabled
[2025-02-26T12:44:02.796+0000][30044][info][gc,init] NUMA Support: Disabled
[2025-02-26T12:44:02.796+0000][30044][info][gc,init] Compressed Oops: Enabled (Zero based)
[2025-02-26T12:44:02.796+0000][30044][info][gc,init] Heap Region Size: 4M
[2025-02-26T12:44:02.796+0000][30044][info][gc,init] Heap Min Capacity: 8148M
[2025-02-26T12:44:02.796+0000][30044][info][gc,init] Heap Initial Capacity: 8148M
[2025-02-26T12:44:02.796+0000][30044][info][gc,init] Heap Max Capacity: 8148M
[2025-02-26T12:44:02.796+0000][30044][info][gc,init] Pre-touch: Enabled
[2025-02-26T12:44:02.796+0000][30044][info][gc,init] Parallel Workers: 18
[2025-02-26T12:44:02.796+0000][30044][info][gc,init] Concurrent Workers: 5
[2025-02-26T12:44:02.796+0000][30044][info][gc,init] Concurrent Refinement Workers: 18
[2025-02-26T12:44:02.796+0000][30044][info][gc,init] Periodic GC: Disabled
[2025-02-26T12:44:02.807+0000][30044][info][gc,metaspace] CDS archive(s) mapped at: [0x0000018f17000000-0x0000018f17d70000-0x0000018f17d70000), size 14090240, SharedBaseAddress: 0x0000018f17000000, ArchiveRelocationMode: 1.
[2025-02-26T12:44:02.807+0000][30044][info][gc,metaspace] Compressed class space mapped at: 0x0000018f18000000-0x0000018f58000000, reserved size: 1073741824
[2025-02-26T12:44:02.807+0000][30044][info][gc,metaspace] Narrow klass base: 0x0000018f17000000, Narrow klass shift: 0, Narrow klass range: 0x41000000
[2025-02-26T12:44:05.553+0000][30044][info][gc,start    ] GC(0) Pause Young (Concurrent Start) (Metadata GC Threshold)
[2025-02-26T12:44:05.558+0000][30044][info][gc,task     ] GC(0) Using 18 workers of 18 for evacuation
[2025-02-26T12:44:05.558+0000][30044][debug][gc,age      ] GC(0) Desired survivor size 27262976 bytes, new threshold 15 (max threshold 15)
[2025-02-26T12:44:05.565+0000][30044][info ][gc,phases   ] GC(0)   Pre Evacuate Collection Set: 0.22ms
[2025-02-26T12:44:05.565+0000][30044][info ][gc,phases   ] GC(0)   Merge Heap Roots: 0.17ms
[2025-02-26T12:44:05.565+0000][30044][info ][gc,phases   ] GC(0)   Evacuate Collection Set: 5.69ms
[2025-02-26T12:44:05.565+0000][30044][info ][gc,phases   ] GC(0)   Post Evacuate Collection Set: 0.91ms
[2025-02-26T12:44:05.565+0000][30044][info ][gc,phases   ] GC(0)   Other: 5.24ms
[2025-02-26T12:44:05.565+0000][30044][trace][gc,age      ] GC(0) Age table:
[2025-02-26T12:44:05.565+0000][30044][trace][gc,age      ] GC(0) - age   1:   15274800 bytes,   15274800 total
[2025-02-26T12:44:05.565+0000][30044][info ][gc,heap     ] GC(0) Eden regions: 69->0(96)
[2025-02-26T12:44:05.565+0000][30044][info ][gc,heap     ] GC(0) Survivor regions: 0->5(13)
[2025-02-26T12:44:05.565+0000][30044][info ][gc,heap     ] GC(0) Old regions: 0->0
[2025-02-26T12:44:05.565+0000][30044][info ][gc,heap     ] GC(0) Humongous regions: 0->0
[2025-02-26T12:44:05.565+0000][30044][info ][gc,metaspace] GC(0) Metaspace: 20775K(21504K)->20775K(21504K) NonClass: 18452K(18880K)->18452K(18880K) Class: 2323K(2624K)->2323K(2624K)
[2025-02-26T12:44:05.565+0000][30044][info ][gc          ] GC(0) Pause Young (Concurrent Start) (Metadata GC Threshold) 274M->16M(8148M) 12.485ms
[2025-02-26T12:44:05.565+0000][30044][info ][gc          ] GC(1) Concurrent Mark Cycle
[2025-02-26T12:44:05.565+0000][30044][info ][gc,cpu      ] GC(0) User=0.02s Sys=0.00s Real=0.01s
[2025-02-26T12:44:05.565+0000][30044][info ][gc,marking  ] GC(1) Concurrent Scan Root Regions
[2025-02-26T12:44:05.565+0000][30044][info ][safepoint   ] Safepoint "CollectForMetadataAllocation", Time since last: 2741354600 ns, Reaching safepoint: 4300 ns, At safepoint: 12597000 ns, Total: 12601300 ns
[2025-02-26T12:44:05.572+0000][30044][info ][gc,marking  ] GC(1) Concurrent Scan Root Regions 6.009ms
[2025-02-26T12:44:05.572+0000][30044][info ][gc,marking  ] GC(1) Concurrent Mark
[2025-02-26T12:44:05.572+0000][30044][info ][gc,marking  ] GC(1) Concurrent Mark From Roots
[2025-02-26T12:44:05.572+0000][30044][info ][gc,task     ] GC(1) Using 5 workers of 5 for marking
[2025-02-26T12:44:05.572+0000][30044][info ][gc,marking  ] GC(1) Concurrent Mark From Roots 0.402ms
[2025-02-26T12:44:05.572+0000][30044][info ][gc,marking  ] GC(1) Concurrent Preclean
[2025-02-26T12:44:05.572+0000][30044][info ][gc,marking  ] GC(1) Concurrent Preclean 0.016ms
[2025-02-26T12:44:05.572+0000][30044][info ][gc,start    ] GC(1) Pause Remark
[2025-02-26T12:44:05.574+0000][30044][info ][gc          ] GC(1) Pause Remark 20M->20M(8148M) 1.425ms
[2025-02-26T12:44:05.574+0000][30044][info ][gc,cpu      ] GC(1) User=0.00s Sys=0.00s Real=0.00s
[2025-02-26T12:44:05.574+0000][30044][info ][safepoint   ] Safepoint "G1PauseRemark", Time since last: 6520900 ns, Reaching safepoint: 12400 ns, At safepoint: 1485000 ns, Total: 1497400 ns
[2025-02-26T12:44:05.574+0000][30044][info ][gc,marking  ] GC(1) Concurrent Mark 2.014ms
[2025-02-26T12:44:05.574+0000][30044][info ][gc,marking  ] GC(1) Concurrent Rebuild Remembered Sets and Scrub Regions
[2025-02-26T12:44:05.574+0000][30044][info ][gc,marking  ] GC(1) Concurrent Rebuild Remembered Sets and Scrub Regions 0.046ms
[2025-02-26T12:44:05.574+0000][30044][info ][gc,start    ] GC(1) Pause Cleanup
[2025-02-26T12:44:05.574+0000][30044][info ][gc          ] GC(1) Pause Cleanup 20M->20M(8148M) 0.017ms
[2025-02-26T12:44:05.574+0000][30044][info ][gc,cpu      ] GC(1) User=0.00s Sys=0.00s Real=0.00s
[2025-02-26T12:44:05.574+0000][30044][info ][safepoint   ] Safepoint "G1PauseCleanup", Time since last: 109400 ns, Reaching safepoint: 11800 ns, At safepoint: 49700 ns, Total: 61500 ns
[2025-02-26T12:44:05.574+0000][30044][info ][gc,marking  ] GC(1) Concurrent Clear Claimed Marks
[2025-02-26T12:44:05.574+0000][30044][info ][gc,marking  ] GC(1) Concurrent Clear Claimed Marks 0.026ms
[2025-02-26T12:44:05.574+0000][30044][info ][gc,marking  ] GC(1) Concurrent Cleanup for Next Mark
[2025-02-26T12:44:05.582+0000][30044][info ][gc,marking  ] GC(1) Concurrent Cleanup for Next Mark 7.997ms
[2025-02-26T12:44:05.582+0000][30044][info ][gc          ] GC(1) Concurrent Mark Cycle 16.356ms
[2025-02-26T12:44:06.464+0000][30044][info ][gc,start    ] GC(2) Pause Young (Normal) (G1 Evacuation Pause)
[2025-02-26T12:44:06.464+0000][30044][info ][gc,task     ] GC(2) Using 18 workers of 18 for evacuation
[2025-02-26T12:44:06.464+0000][30044][debug][gc,age      ] GC(2) Desired survivor size 27262976 bytes, new threshold 15 (max threshold 15)
[2025-02-26T12:44:06.471+0000][30044][info ][gc,phases   ] GC(2)   Pre Evacuate Collection Set: 0.19ms
[2025-02-26T12:44:06.471+0000][30044][info ][gc,phases   ] GC(2)   Merge Heap Roots: 0.08ms
[2025-02-26T12:44:06.471+0000][30044][info ][gc,phases   ] GC(2)   Evacuate Collection Set: 6.94ms
[2025-02-26T12:44:06.471+0000][30044][info ][gc,phases   ] GC(2)   Post Evacuate Collection Set: 0.89ms
[2025-02-26T12:44:06.471+0000][30044][info ][gc,phases   ] GC(2)   Other: 0.09ms
[2025-02-26T12:44:06.471+0000][30044][trace][gc,age      ] GC(2) Age table:
[2025-02-26T12:44:06.471+0000][30044][trace][gc,age      ] GC(2) - age   1:    5368208 bytes,    5368208 total
[2025-02-26T12:44:06.471+0000][30044][trace][gc,age      ] GC(2) - age   2:   14342168 bytes,   19710376 total
[2025-02-26T12:44:06.471+0000][30044][info ][gc,heap     ] GC(2) Eden regions: 96->0(95)
[2025-02-26T12:44:06.471+0000][30044][info ][gc,heap     ] GC(2) Survivor regions: 5->6(13)
[2025-02-26T12:44:06.471+0000][30044][info ][gc,heap     ] GC(2) Old regions: 0->0
[2025-02-26T12:44:06.471+0000][30044][info ][gc,heap     ] GC(2) Humongous regions: 0->0
[2025-02-26T12:44:06.471+0000][30044][info ][gc,metaspace] GC(2) Metaspace: 28776K(29760K)->28776K(29760K) NonClass: 25559K(26112K)->25559K(26112K) Class: 3216K(3648K)->3216K(3648K)
[2025-02-26T12:44:06.471+0000][30044][info ][gc          ] GC(2) Pause Young (Normal) (G1 Evacuation Pause) 400M->20M(8148M) 8.479ms
[2025-02-26T12:44:06.471+0000][30044][info ][gc,cpu      ] GC(2) User=0.02s Sys=0.02s Real=0.01s
[2025-02-26T12:44:06.471+0000][30044][info ][safepoint   ] Safepoint "G1CollectForAllocation", Time since last: 889521300 ns, Reaching safepoint: 3700 ns, At safepoint: 8536700 ns, Total: 8540400 ns
[2025-02-26T12:44:06.886+0000][30044][info ][gc,start    ] GC(3) Pause Young (Normal) (G1 Evacuation Pause)
[2025-02-26T12:44:06.886+0000][30044][info ][gc,task     ] GC(3) Using 18 workers of 18 for evacuation
[2025-02-26T12:44:06.886+0000][30044][debug][gc,age      ] GC(3) Desired survivor size 27262976 bytes, new threshold 15 (max threshold 15)
[2025-02-26T12:44:06.894+0000][30044][info ][gc,phases   ] GC(3)   Pre Evacuate Collection Set: 0.16ms
[2025-02-26T12:44:06.894+0000][30044][info ][gc,phases   ] GC(3)   Merge Heap Roots: 0.08ms
[2025-02-26T12:44:06.894+0000][30044][info ][gc,phases   ] GC(3)   Evacuate Collection Set: 7.10ms
[2025-02-26T12:44:06.894+0000][30044][info ][gc,phases   ] GC(3)   Post Evacuate Collection Set: 0.88ms
[2025-02-26T12:44:06.894+0000][30044][info ][gc,phases   ] GC(3)   Other: 0.08ms
[2025-02-26T12:44:06.894+0000][30044][trace][gc,age      ] GC(3) Age table:
[2025-02-26T12:44:06.894+0000][30044][trace][gc,age      ] GC(3) - age   1:    4663152 bytes,    4663152 total
[2025-02-26T12:44:06.894+0000][30044][trace][gc,age      ] GC(3) - age   2:    5188744 bytes,    9851896 total
[2025-02-26T12:44:06.894+0000][30044][trace][gc,age      ] GC(3) - age   3:   14339736 bytes,   24191632 total
[2025-02-26T12:44:06.894+0000][30044][info ][gc,heap     ] GC(3) Eden regions: 95->0(94)
[2025-02-26T12:44:06.894+0000][30044][info ][gc,heap     ] GC(3) Survivor regions: 6->7(13)
[2025-02-26T12:44:06.894+0000][30044][info ][gc,heap     ] GC(3) Old regions: 0->0
[2025-02-26T12:44:06.894+0000][30044][info ][gc,heap     ] GC(3) Humongous regions: 0->0
[2025-02-26T12:44:06.894+0000][30044][info ][gc,metaspace] GC(3) Metaspace: 30201K(31168K)->30201K(31168K) NonClass: 26775K(27328K)->26775K(27328K) Class: 3425K(3840K)->3425K(3840K)
[2025-02-26T12:44:06.894+0000][30044][info ][gc          ] GC(3) Pause Young (Normal) (G1 Evacuation Pause) 400M->25M(8148M) 8.525ms
[2025-02-26T12:44:06.894+0000][30044][info ][gc,cpu      ] GC(3) User=0.02s Sys=0.00s Real=0.01s
[2025-02-26T12:44:06.894+0000][30044][info ][safepoint   ] Safepoint "G1CollectForAllocation", Time since last: 414173800 ns, Reaching safepoint: 2800 ns, At safepoint: 8575600 ns, Total: 8578400 ns
[2025-02-26T12:44:07.183+0000][30044][info ][gc,start    ] GC(4) Pause Young (Normal) (G1 Evacuation Pause)
[2025-02-26T12:44:07.183+0000][30044][info ][gc,task     ] GC(4) Using 18 workers of 18 for evacuation
[2025-02-26T12:44:07.184+0000][30044][debug][gc,age      ] GC(4) Desired survivor size 27262976 bytes, new threshold 15 (max threshold 15)
[2025-02-26T12:44:07.192+0000][30044][info ][gc,phases   ] GC(4)   Pre Evacuate Collection Set: 0.17ms
[2025-02-26T12:44:07.192+0000][30044][info ][gc,phases   ] GC(4)   Merge Heap Roots: 0.08ms
[2025-02-26T12:44:07.192+0000][30044][info ][gc,phases   ] GC(4)   Evacuate Collection Set: 7.47ms
[2025-02-26T12:44:07.192+0000][30044][info ][gc,phases   ] GC(4)   Post Evacuate Collection Set: 0.87ms
[2025-02-26T12:44:07.192+0000][30044][info ][gc,phases   ] GC(4)   Other: 0.09ms
[2025-02-26T12:44:07.192+0000][30044][trace][gc,age      ] GC(4) Age table:
[2025-02-26T12:44:07.192+0000][30044][trace][gc,age      ] GC(4) - age   1:    4953128 bytes,    4953128 total
[2025-02-26T12:44:07.192+0000][30044][trace][gc,age      ] GC(4) - age   2:    3829568 bytes,    8782696 total
[2025-02-26T12:44:07.192+0000][30044][trace][gc,age      ] GC(4) - age   3:    5188272 bytes,   13970968 total
[2025-02-26T12:44:07.192+0000][30044][trace][gc,age      ] GC(4) - age   4:   14339704 bytes,   28310672 total
[2025-02-26T12:44:07.192+0000][30044][info ][gc,heap     ] GC(4) Eden regions: 94->0(93)
[2025-02-26T12:44:07.192+0000][30044][info ][gc,heap     ] GC(4) Survivor regions: 7->8(13)
[2025-02-26T12:44:07.192+0000][30044][info ][gc,heap     ] GC(4) Old regions: 0->0
[2025-02-26T12:44:07.192+0000][30044][info ][gc,heap     ] GC(4) Humongous regions: 0->0
[2025-02-26T12:44:07.192+0000][30044][info ][gc,metaspace] GC(4) Metaspace: 30648K(31680K)->30648K(31680K) NonClass: 27158K(27776K)->27158K(27776K) Class: 3490K(3904K)->3490K(3904K)
[2025-02-26T12:44:07.192+0000][30044][info ][gc          ] GC(4) Pause Young (Normal) (G1 Evacuation Pause) 401M->29M(8148M) 8.928ms
[2025-02-26T12:44:07.192+0000][30044][info ][gc,cpu      ] GC(4) User=0.00s Sys=0.00s Real=0.01s
[2025-02-26T12:44:07.192+0000][30044][info ][safepoint   ] Safepoint "G1CollectForAllocation", Time since last: 288700600 ns, Reaching safepoint: 3700 ns, At safepoint: 8979500 ns, Total: 8983200 ns
[2025-02-26T12:44:07.569+0000][30044][info ][gc,start    ] GC(5) Pause Young (Concurrent Start) (Metadata GC Threshold)
[2025-02-26T12:44:07.569+0000][30044][info ][gc,task     ] GC(5) Using 18 workers of 18 for evacuation
[2025-02-26T12:44:07.569+0000][30044][debug][gc,age      ] GC(5) Desired survivor size 27262976 bytes, new threshold 4 (max threshold 15)
[2025-02-26T12:44:07.578+0000][30044][info ][gc,phases   ] GC(5)   Pre Evacuate Collection Set: 0.22ms
[2025-02-26T12:44:07.578+0000][30044][info ][gc,phases   ] GC(5)   Merge Heap Roots: 0.07ms
[2025-02-26T12:44:07.578+0000][30044][info ][gc,phases   ] GC(5)   Evacuate Collection Set: 7.43ms
[2025-02-26T12:44:07.578+0000][30044][info ][gc,phases   ] GC(5)   Post Evacuate Collection Set: 0.78ms
[2025-02-26T12:44:07.578+0000][30044][info ][gc,phases   ] GC(5)   Other: 0.10ms
[2025-02-26T12:44:07.578+0000][30044][trace][gc,age      ] GC(5) Age table:
[2025-02-26T12:44:07.578+0000][30044][trace][gc,age      ] GC(5) - age   1:    3601880 bytes,    3601880 total
[2025-02-26T12:44:07.578+0000][30044][trace][gc,age      ] GC(5) - age   2:    2602720 bytes,    6204600 total
[2025-02-26T12:44:07.578+0000][30044][trace][gc,age      ] GC(5) - age   3:    3826640 bytes,   10031240 total
[2025-02-26T12:44:07.578+0000][30044][trace][gc,age      ] GC(5) - age   4:    5186736 bytes,   15217976 total
[2025-02-26T12:44:07.578+0000][30044][info ][gc,heap     ] GC(5) Eden regions: 51->0(96)
[2025-02-26T12:44:07.578+0000][30044][info ][gc,heap     ] GC(5) Survivor regions: 8->5(13)
[2025-02-26T12:44:07.578+0000][30044][info ][gc,heap     ] GC(5) Old regions: 0->4
[2025-02-26T12:44:07.578+0000][30044][info ][gc,heap     ] GC(5) Humongous regions: 0->0
[2025-02-26T12:44:07.578+0000][30044][info ][gc,metaspace] GC(5) Metaspace: 35149K(36160K)->35149K(36160K) NonClass: 31185K(31744K)->31185K(31744K) Class: 3964K(4416K)->3964K(4416K)
[2025-02-26T12:44:07.578+0000][30044][info ][gc          ] GC(5) Pause Young (Concurrent Start) (Metadata GC Threshold) 231M->31M(8148M) 8.856ms
[2025-02-26T12:44:07.578+0000][30044][info ][gc,cpu      ] GC(5) User=0.03s Sys=0.00s Real=0.01s
[2025-02-26T12:44:07.578+0000][30044][info ][gc          ] GC(6) Concurrent Mark Cycle
[2025-02-26T12:44:07.579+0000][30044][info ][gc,marking  ] GC(6) Concurrent Scan Root Regions
[2025-02-26T12:44:07.579+0000][30044][info ][safepoint   ] Safepoint "CollectForMetadataAllocation", Time since last: 377079600 ns, Reaching safepoint: 3000 ns, At safepoint: 8944500 ns, Total: 8947500 ns
[2025-02-26T12:44:07.580+0000][30044][info ][gc,marking  ] GC(6) Concurrent Scan Root Regions 1.748ms
[2025-02-26T12:44:07.580+0000][30044][info ][gc,marking  ] GC(6) Concurrent Mark
[2025-02-26T12:44:07.580+0000][30044][info ][gc,marking  ] GC(6) Concurrent Mark From Roots
[2025-02-26T12:44:07.580+0000][30044][info ][gc,task     ] GC(6) Using 5 workers of 5 for marking
[2025-02-26T12:44:07.581+0000][30044][info ][gc,marking  ] GC(6) Concurrent Mark From Roots 0.380ms
[2025-02-26T12:44:07.581+0000][30044][info ][gc,marking  ] GC(6) Concurrent Preclean
[2025-02-26T12:44:07.581+0000][30044][info ][gc,marking  ] GC(6) Concurrent Preclean 0.012ms
[2025-02-26T12:44:07.581+0000][30044][info ][gc,start    ] GC(6) Pause Remark
[2025-02-26T12:44:07.583+0000][30044][info ][gc          ] GC(6) Pause Remark 33M->33M(8148M) 2.342ms
[2025-02-26T12:44:07.583+0000][30044][info ][gc,cpu      ] GC(6) User=0.00s Sys=0.00s Real=0.00s
[2025-02-26T12:44:07.583+0000][30044][info ][safepoint   ] Safepoint "G1PauseRemark", Time since last: 2252900 ns, Reaching safepoint: 12700 ns, At safepoint: 2390900 ns, Total: 2403600 ns
[2025-02-26T12:44:07.583+0000][30044][info ][gc,marking  ] GC(6) Concurrent Mark 2.912ms
[2025-02-26T12:44:07.583+0000][30044][info ][gc,marking  ] GC(6) Concurrent Rebuild Remembered Sets and Scrub Regions
[2025-02-26T12:44:07.584+0000][30044][info ][gc,marking  ] GC(6) Concurrent Rebuild Remembered Sets and Scrub Regions 1.125ms
[2025-02-26T12:44:07.584+0000][30044][info ][gc,start    ] GC(6) Pause Cleanup
[2025-02-26T12:44:07.584+0000][30044][info ][gc          ] GC(6) Pause Cleanup 33M->33M(8148M) 0.064ms
[2025-02-26T12:44:07.584+0000][30044][info ][gc,cpu      ] GC(6) User=0.00s Sys=0.00s Real=0.00s
[2025-02-26T12:44:07.584+0000][30044][info ][safepoint   ] Safepoint "G1PauseCleanup", Time since last: 1203200 ns, Reaching safepoint: 3400 ns, At safepoint: 108300 ns, Total: 111700 ns
[2025-02-26T12:44:07.584+0000][30044][info ][gc,marking  ] GC(6) Concurrent Clear Claimed Marks
[2025-02-26T12:44:07.584+0000][30044][info ][gc,marking  ] GC(6) Concurrent Clear Claimed Marks 0.034ms
[2025-02-26T12:44:07.584+0000][30044][info ][gc,marking  ] GC(6) Concurrent Cleanup for Next Mark
[2025-02-26T12:44:07.592+0000][30044][info ][gc,marking  ] GC(6) Concurrent Cleanup for Next Mark 8.303ms
[2025-02-26T12:44:07.592+0000][30044][info ][gc          ] GC(6) Concurrent Mark Cycle 14.462ms
[2025-02-26T12:44:07.956+0000][30044][info ][gc,start    ] GC(7) Pause Young (Normal) (G1 Evacuation Pause)
[2025-02-26T12:44:07.957+0000][30044][info ][gc,task     ] GC(7) Using 18 workers of 18 for evacuation
[2025-02-26T12:44:07.957+0000][30044][debug][gc,age      ] GC(7) Desired survivor size 27262976 bytes, new threshold 15 (max threshold 15)
[2025-02-26T12:44:07.961+0000][30044][info ][gc,phases   ] GC(7)   Pre Evacuate Collection Set: 0.17ms
[2025-02-26T12:44:07.961+0000][30044][info ][gc,phases   ] GC(7)   Merge Heap Roots: 0.09ms
[2025-02-26T12:44:07.961+0000][30044][info ][gc,phases   ] GC(7)   Evacuate Collection Set: 3.14ms
[2025-02-26T12:44:07.961+0000][30044][info ][gc,phases   ] GC(7)   Post Evacuate Collection Set: 0.45ms
[2025-02-26T12:44:07.961+0000][30044][info ][gc,phases   ] GC(7)   Other: 0.09ms
[2025-02-26T12:44:07.961+0000][30044][trace][gc,age      ] GC(7) Age table:
[2025-02-26T12:44:07.961+0000][30044][trace][gc,age      ] GC(7) - age   1:    6073440 bytes,    6073440 total
[2025-02-26T12:44:07.961+0000][30044][trace][gc,age      ] GC(7) - age   2:    3544720 bytes,    9618160 total
[2025-02-26T12:44:07.961+0000][30044][trace][gc,age      ] GC(7) - age   3:    2602592 bytes,   12220752 total
[2025-02-26T12:44:07.961+0000][30044][trace][gc,age      ] GC(7) - age   4:    3825552 bytes,   16046304 total
[2025-02-26T12:44:07.961+0000][30044][trace][gc,age      ] GC(7) - age   5:    5186736 bytes,   21233040 total
[2025-02-26T12:44:07.961+0000][30044][info ][gc,heap     ] GC(7) Eden regions: 96->0(95)
[2025-02-26T12:44:07.961+0000][30044][info ][gc,heap     ] GC(7) Survivor regions: 5->6(13)
[2025-02-26T12:44:07.961+0000][30044][info ][gc,heap     ] GC(7) Old regions: 4->4
[2025-02-26T12:44:07.961+0000][30044][info ][gc,heap     ] GC(7) Humongous regions: 0->0
[2025-02-26T12:44:07.961+0000][30044][info ][gc,metaspace] GC(7) Metaspace: 36849K(38016K)->36849K(38016K) NonClass: 32631K(33344K)->32631K(33344K) Class: 4218K(4672K)->4218K(4672K)
[2025-02-26T12:44:07.961+0000][30044][info ][gc          ] GC(7) Pause Young (Normal) (G1 Evacuation Pause) 415M->36M(8148M) 4.192ms
[2025-02-26T12:44:07.961+0000][30044][info ][gc,cpu      ] GC(7) User=0.00s Sys=0.00s Real=0.00s
[2025-02-26T12:44:07.961+0000][30044][info ][safepoint   ] Safepoint "G1CollectForAllocation", Time since last: 372614200 ns, Reaching safepoint: 2900 ns, At safepoint: 4237800 ns, Total: 4240700 ns
[2025-02-26T12:44:08.430+0000][30044][info ][gc,start    ] GC(8) Pause Young (Normal) (G1 Evacuation Pause)
[2025-02-26T12:44:08.430+0000][30044][info ][gc,task     ] GC(8) Using 18 workers of 18 for evacuation
[2025-02-26T12:44:08.430+0000][30044][debug][gc,age      ] GC(8) Desired survivor size 27262976 bytes, new threshold 15 (max threshold 15)
[2025-02-26T12:44:08.434+0000][30044][info ][gc,phases   ] GC(8)   Pre Evacuate Collection Set: 0.16ms
[2025-02-26T12:44:08.434+0000][30044][info ][gc,phases   ] GC(8)   Merge Heap Roots: 0.09ms
[2025-02-26T12:44:08.434+0000][30044][info ][gc,phases   ] GC(8)   Evacuate Collection Set: 3.23ms
[2025-02-26T12:44:08.434+0000][30044][info ][gc,phases   ] GC(8)   Post Evacuate Collection Set: 0.57ms
[2025-02-26T12:44:08.434+0000][30044][info ][gc,phases   ] GC(8)   Other: 0.08ms
[2025-02-26T12:44:08.434+0000][30044][trace][gc,age      ] GC(8) Age table:
[2025-02-26T12:44:08.434+0000][30044][trace][gc,age      ] GC(8) - age   1:    4159120 bytes,    4159120 total
[2025-02-26T12:44:08.434+0000][30044][trace][gc,age      ] GC(8) - age   2:    3147776 bytes,    7306896 total
[2025-02-26T12:44:08.434+0000][30044][trace][gc,age      ] GC(8) - age   3:    3544528 bytes,   10851424 total
[2025-02-26T12:44:08.434+0000][30044][trace][gc,age      ] GC(8) - age   4:    2601832 bytes,   13453256 total
[2025-02-26T12:44:08.434+0000][30044][trace][gc,age      ] GC(8) - age   5:    3821264 bytes,   17274520 total
[2025-02-26T12:44:08.434+0000][30044][trace][gc,age      ] GC(8) - age   6:    5185864 bytes,   22460384 total
[2025-02-26T12:44:08.434+0000][30044][info ][gc,heap     ] GC(8) Eden regions: 95->0(150)
[2025-02-26T12:44:08.434+0000][30044][info ][gc,heap     ] GC(8) Survivor regions: 6->6(13)
[2025-02-26T12:44:08.434+0000][30044][info ][gc,heap     ] GC(8) Old regions: 4->4
[2025-02-26T12:44:08.434+0000][30044][info ][gc,heap     ] GC(8) Humongous regions: 0->0
[2025-02-26T12:44:08.434+0000][30044][info ][gc,metaspace] GC(8) Metaspace: 39060K(40192K)->39060K(40192K) NonClass: 34557K(35200K)->34557K(35200K) Class: 4503K(4992K)->4503K(4992K)
[2025-02-26T12:44:08.434+0000][30044][info ][gc          ] GC(8) Pause Young (Normal) (G1 Evacuation Pause) 416M->38M(8148M) 4.380ms
[2025-02-26T12:44:08.434+0000][30044][info ][gc,cpu      ] GC(8) User=0.00s Sys=0.00s Real=0.00s
[2025-02-26T12:44:08.434+0000][30044][info ][safepoint   ] Safepoint "G1CollectForAllocation", Time since last: 468775900 ns, Reaching safepoint: 2700 ns, At safepoint: 4429300 ns, Total: 4432000 ns
[2025-02-26T12:44:08.963+0000][30044][info ][gc,start    ] GC(9) Pause Young (Normal) (G1 Evacuation Pause)
[2025-02-26T12:44:08.963+0000][30044][info ][gc,task     ] GC(9) Using 18 workers of 18 for evacuation
[2025-02-26T12:44:08.963+0000][30044][debug][gc,age      ] GC(9) Desired survivor size 41943040 bytes, new threshold 15 (max threshold 15)
[2025-02-26T12:44:08.968+0000][30044][info ][gc,phases   ] GC(9)   Pre Evacuate Collection Set: 0.16ms
[2025-02-26T12:44:08.968+0000][30044][info ][gc,phases   ] GC(9)   Merge Heap Roots: 0.09ms
[2025-02-26T12:44:08.968+0000][30044][info ][gc,phases   ] GC(9)   Evacuate Collection Set: 4.73ms
[2025-02-26T12:44:08.968+0000][30044][info ][gc,phases   ] GC(9)   Post Evacuate Collection Set: 0.56ms
[2025-02-26T12:44:08.968+0000][30044][info ][gc,phases   ] GC(9)   Other: 0.11ms
[2025-02-26T12:44:08.968+0000][30044][trace][gc,age      ] GC(9) Age table:
[2025-02-26T12:44:08.968+0000][30044][trace][gc,age      ] GC(9) - age   1:    6923968 bytes,    6923968 total
[2025-02-26T12:44:08.968+0000][30044][trace][gc,age      ] GC(9) - age   2:    4055936 bytes,   10979904 total
[2025-02-26T12:44:08.968+0000][30044][trace][gc,age      ] GC(9) - age   3:    3147376 bytes,   14127280 total
[2025-02-26T12:44:08.968+0000][30044][trace][gc,age      ] GC(9) - age   4:    3544528 bytes,   17671808 total
[2025-02-26T12:44:08.968+0000][30044][trace][gc,age      ] GC(9) - age   5:    2599400 bytes,   20271208 total
[2025-02-26T12:44:08.968+0000][30044][trace][gc,age      ] GC(9) - age   6:    3819784 bytes,   24090992 total
[2025-02-26T12:44:08.968+0000][30044][trace][gc,age      ] GC(9) - age   7:    5166672 bytes,   29257664 total
[2025-02-26T12:44:08.968+0000][30044][info ][gc,heap     ] GC(9) Eden regions: 150->0(120)
[2025-02-26T12:44:08.968+0000][30044][info ][gc,heap     ] GC(9) Survivor regions: 6->8(20)
[2025-02-26T12:44:08.968+0000][30044][info ][gc,heap     ] GC(9) Old regions: 4->4
[2025-02-26T12:44:08.968+0000][30044][info ][gc,heap     ] GC(9) Humongous regions: 0->0
[2025-02-26T12:44:08.968+0000][30044][info ][gc,metaspace] GC(9) Metaspace: 40292K(41536K)->40292K(41536K) NonClass: 35574K(36352K)->35574K(36352K) Class: 4717K(5184K)->4717K(5184K)
[2025-02-26T12:44:08.968+0000][30044][info ][gc          ] GC(9) Pause Young (Normal) (G1 Evacuation Pause) 638M->45M(8148M) 5.924ms
[2025-02-26T12:44:08.968+0000][30044][info ][gc,cpu      ] GC(9) User=0.02s Sys=0.00s Real=0.00s
[2025-02-26T12:44:08.968+0000][30044][info ][safepoint   ] Safepoint "G1CollectForAllocation", Time since last: 528643800 ns, Reaching safepoint: 2900 ns, At safepoint: 5979700 ns, Total: 5982600 ns
[2025-02-26T12:44:10.786+0000][30044][info ][gc,start    ] GC(10) Pause Young (Concurrent Start) (Metadata GC Threshold)
[2025-02-26T12:44:10.786+0000][30044][info ][gc,task     ] GC(10) Using 18 workers of 18 for evacuation
[2025-02-26T12:44:10.786+0000][30044][debug][gc,age      ] GC(10) Desired survivor size 33554432 bytes, new threshold 15 (max threshold 15)
[2025-02-26T12:44:10.794+0000][30044][info ][gc,phases   ] GC(10)   Pre Evacuate Collection Set: 0.22ms
[2025-02-26T12:44:10.794+0000][30044][info ][gc,phases   ] GC(10)   Merge Heap Roots: 0.08ms
[2025-02-26T12:44:10.794+0000][30044][info ][gc,phases   ] GC(10)   Evacuate Collection Set: 6.89ms
[2025-02-26T12:44:10.794+0000][30044][info ][gc,phases   ] GC(10)   Post Evacuate Collection Set: 0.69ms
[2025-02-26T12:44:10.794+0000][30044][info ][gc,phases   ] GC(10)   Other: 0.10ms
[2025-02-26T12:44:10.794+0000][30044][trace][gc,age      ] GC(10) Age table:
[2025-02-26T12:44:10.794+0000][30044][trace][gc,age      ] GC(10) - age   1:    6427352 bytes,    6427352 total
[2025-02-26T12:44:10.794+0000][30044][trace][gc,age      ] GC(10) - age   2:    6849608 bytes,   13276960 total
[2025-02-26T12:44:10.794+0000][30044][trace][gc,age      ] GC(10) - age   3:    4015816 bytes,   17292776 total
[2025-02-26T12:44:10.794+0000][30044][trace][gc,age      ] GC(10) - age   4:    3128400 bytes,   20421176 total
[2025-02-26T12:44:10.794+0000][30044][trace][gc,age      ] GC(10) - age   5:    3527768 bytes,   23948944 total
[2025-02-26T12:44:10.794+0000][30044][trace][gc,age      ] GC(10) - age   6:    2588264 bytes,   26537208 total
[2025-02-26T12:44:10.794+0000][30044][trace][gc,age      ] GC(10) - age   7:    3802832 bytes,   30340040 total
[2025-02-26T12:44:10.794+0000][30044][trace][gc,age      ] GC(10) - age   8:    4975240 bytes,   35315280 total
[2025-02-26T12:44:10.794+0000][30044][info ][gc,heap     ] GC(10) Eden regions: 86->0(154)
[2025-02-26T12:44:10.794+0000][30044][info ][gc,heap     ] GC(10) Survivor regions: 8->10(16)
[2025-02-26T12:44:10.794+0000][30044][info ][gc,heap     ] GC(10) Old regions: 4->4
[2025-02-26T12:44:10.794+0000][30044][info ][gc,heap     ] GC(10) Humongous regions: 0->0
[2025-02-26T12:44:10.794+0000][30044][info ][gc,metaspace] GC(10) Metaspace: 59010K(60480K)->59010K(60480K) NonClass: 51741K(52608K)->51741K(52608K) Class: 7268K(7872K)->7268K(7872K)
[2025-02-26T12:44:10.795+0000][30044][info ][gc          ] GC(10) Pause Young (Concurrent Start) (Metadata GC Threshold) 387M->50M(8148M) 8.293ms
[2025-02-26T12:44:10.795+0000][30044][info ][gc,cpu      ] GC(10) User=0.00s Sys=0.00s Real=0.01s
[2025-02-26T12:44:10.795+0000][30044][info ][gc          ] GC(11) Concurrent Mark Cycle
[2025-02-26T12:44:10.795+0000][30044][info ][safepoint   ] Safepoint "CollectForMetadataAllocation", Time since last: 1817119000 ns, Reaching safepoint: 2300 ns, At safepoint: 8385000 ns, Total: 8387300 ns
[2025-02-26T12:44:10.795+0000][30044][info ][gc,marking  ] GC(11) Concurrent Scan Root Regions
[2025-02-26T12:44:10.796+0000][30044][info ][gc,marking  ] GC(11) Concurrent Scan Root Regions 2.002ms
[2025-02-26T12:44:10.796+0000][30044][info ][gc,marking  ] GC(11) Concurrent Mark
[2025-02-26T12:44:10.796+0000][30044][info ][gc,marking  ] GC(11) Concurrent Mark From Roots
[2025-02-26T12:44:10.796+0000][30044][info ][gc,task     ] GC(11) Using 5 workers of 5 for marking
[2025-02-26T12:44:10.800+0000][30044][info ][gc,marking  ] GC(11) Concurrent Mark From Roots 3.980ms
[2025-02-26T12:44:10.800+0000][30044][info ][gc,marking  ] GC(11) Concurrent Preclean
[2025-02-26T12:44:10.800+0000][30044][info ][gc,marking  ] GC(11) Concurrent Preclean 0.084ms
[2025-02-26T12:44:10.800+0000][30044][info ][gc,start    ] GC(11) Pause Remark
[2025-02-26T12:44:10.803+0000][30044][info ][gc          ] GC(11) Pause Remark 53M->53M(8148M) 2.449ms
[2025-02-26T12:44:10.803+0000][30044][info ][gc,cpu      ] GC(11) User=0.00s Sys=0.00s Real=0.00s
[2025-02-26T12:44:10.803+0000][30044][info ][safepoint   ] Safepoint "G1PauseRemark", Time since last: 6169200 ns, Reaching safepoint: 12700 ns, At safepoint: 2504800 ns, Total: 2517500 ns
[2025-02-26T12:44:10.803+0000][30044][info ][gc,marking  ] GC(11) Concurrent Mark 6.677ms
[2025-02-26T12:44:10.803+0000][30044][info ][gc,marking  ] GC(11) Concurrent Rebuild Remembered Sets and Scrub Regions
[2025-02-26T12:44:10.805+0000][30044][info ][gc,marking  ] GC(11) Concurrent Rebuild Remembered Sets and Scrub Regions 1.412ms
[2025-02-26T12:44:10.805+0000][30044][info ][gc,start    ] GC(11) Pause Cleanup
[2025-02-26T12:44:10.805+0000][30044][info ][gc          ] GC(11) Pause Cleanup 53M->53M(8148M) 0.033ms
[2025-02-26T12:44:10.805+0000][30044][info ][gc,cpu      ] GC(11) User=0.00s Sys=0.00s Real=0.00s
[2025-02-26T12:44:10.805+0000][30044][info ][safepoint   ] Safepoint "G1PauseCleanup", Time since last: 1491000 ns, Reaching safepoint: 1800 ns, At safepoint: 71300 ns, Total: 73100 ns
[2025-02-26T12:44:10.805+0000][30044][info ][gc,marking  ] GC(11) Concurrent Clear Claimed Marks
[2025-02-26T12:44:10.805+0000][30044][info ][gc,marking  ] GC(11) Concurrent Clear Claimed Marks 0.031ms
[2025-02-26T12:44:10.805+0000][30044][info ][gc,marking  ] GC(11) Concurrent Cleanup for Next Mark
[2025-02-26T12:44:10.813+0000][30044][info ][gc,marking  ] GC(11) Concurrent Cleanup for Next Mark 8.561ms
[2025-02-26T12:44:10.813+0000][30044][info ][gc          ] GC(11) Concurrent Mark Cycle 18.958ms
[2025-02-26T12:44:12.831+0000][30044][info ][gc,start    ] GC(12) Pause Young (Normal) (G1 Evacuation Pause)
[2025-02-26T12:44:12.831+0000][30044][info ][gc,task     ] GC(12) Using 18 workers of 18 for evacuation
[2025-02-26T12:44:12.831+0000][30044][debug][gc,age      ] GC(12) Desired survivor size 44040192 bytes, new threshold 15 (max threshold 15)
[2025-02-26T12:44:12.845+0000][30044][info ][gc,phases   ] GC(12)   Pre Evacuate Collection Set: 0.20ms
[2025-02-26T12:44:12.845+0000][30044][info ][gc,phases   ] GC(12)   Merge Heap Roots: 0.17ms
[2025-02-26T12:44:12.845+0000][30044][info ][gc,phases   ] GC(12)   Evacuate Collection Set: 11.34ms
[2025-02-26T12:44:12.845+0000][30044][info ][gc,phases   ] GC(12)   Post Evacuate Collection Set: 1.07ms
[2025-02-26T12:44:12.845+0000][30044][info ][gc,phases   ] GC(12)   Other: 0.12ms
[2025-02-26T12:44:12.845+0000][30044][trace][gc,age      ] GC(12) Age table:
[2025-02-26T12:44:12.845+0000][30044][trace][gc,age      ] GC(12) - age   1:   11768600 bytes,   11768600 total
[2025-02-26T12:44:12.845+0000][30044][trace][gc,age      ] GC(12) - age   2:    6018808 bytes,   17787408 total
[2025-02-26T12:44:12.845+0000][30044][trace][gc,age      ] GC(12) - age   3:    6781416 bytes,   24568824 total
[2025-02-26T12:44:12.845+0000][30044][trace][gc,age      ] GC(12) - age   4:    4007456 bytes,   28576280 total
[2025-02-26T12:44:12.845+0000][30044][trace][gc,age      ] GC(12) - age   5:    3124360 bytes,   31700640 total
[2025-02-26T12:44:12.845+0000][30044][trace][gc,age      ] GC(12) - age   6:    3523040 bytes,   35223680 total
[2025-02-26T12:44:12.845+0000][30044][trace][gc,age      ] GC(12) - age   7:    2580304 bytes,   37803984 total
[2025-02-26T12:44:12.845+0000][30044][trace][gc,age      ] GC(12) - age   8:    3789648 bytes,   41593632 total
[2025-02-26T12:44:12.845+0000][30044][trace][gc,age      ] GC(12) - age   9:    4949928 bytes,   46543560 total
[2025-02-26T12:44:12.845+0000][30044][info ][gc,heap     ] GC(12) Eden regions: 154->0(169)
[2025-02-26T12:44:12.845+0000][30044][info ][gc,heap     ] GC(12) Survivor regions: 10->13(21)
[2025-02-26T12:44:12.845+0000][30044][info ][gc,heap     ] GC(12) Old regions: 4->4
[2025-02-26T12:44:12.845+0000][30044][info ][gc,heap     ] GC(12) Humongous regions: 0->0
[2025-02-26T12:44:12.845+0000][30044][info ][gc,metaspace] GC(12) Metaspace: 77876K(79808K)->77876K(79808K) NonClass: 67411K(68544K)->67411K(68544K) Class: 10465K(11264K)->10465K(11264K)
[2025-02-26T12:44:12.845+0000][30044][info ][gc          ] GC(12) Pause Young (Normal) (G1 Evacuation Pause) 666M->63M(8148M) 13.274ms
[2025-02-26T12:44:12.845+0000][30044][info ][gc,cpu      ] GC(12) User=0.00s Sys=0.00s Real=0.01s
[2025-02-26T12:44:12.845+0000][30044][info ][safepoint   ] Safepoint "G1CollectForAllocation", Time since last: 2027012800 ns, Reaching safepoint: 3600 ns, At safepoint: 13332600 ns, Total: 13336200 ns
[2025-02-26T12:44:14.828+0000][30044][info ][gc,start    ] GC(13) Pause Young (Concurrent Start) (Metadata GC Threshold)
[2025-02-26T12:44:14.828+0000][30044][info ][gc,task     ] GC(13) Using 18 workers of 18 for evacuation
[2025-02-26T12:44:14.828+0000][30044][debug][gc,age      ] GC(13) Desired survivor size 48234496 bytes, new threshold 15 (max threshold 15)
[2025-02-26T12:44:14.844+0000][30044][info ][gc,phases   ] GC(13)   Pre Evacuate Collection Set: 0.20ms
[2025-02-26T12:44:14.844+0000][30044][info ][gc,phases   ] GC(13)   Merge Heap Roots: 0.08ms
[2025-02-26T12:44:14.844+0000][30044][info ][gc,phases   ] GC(13)   Evacuate Collection Set: 14.29ms
[2025-02-26T12:44:14.844+0000][30044][info ][gc,phases   ] GC(13)   Post Evacuate Collection Set: 1.25ms
[2025-02-26T12:44:14.844+0000][30044][info ][gc,phases   ] GC(13)   Other: 0.09ms
[2025-02-26T12:44:14.844+0000][30044][trace][gc,age      ] GC(13) Age table:
[2025-02-26T12:44:14.844+0000][30044][trace][gc,age      ] GC(13) - age   1:   10429200 bytes,   10429200 total
[2025-02-26T12:44:14.844+0000][30044][trace][gc,age      ] GC(13) - age   2:   11303000 bytes,   21732200 total
[2025-02-26T12:44:14.844+0000][30044][trace][gc,age      ] GC(13) - age   3:    5887224 bytes,   27619424 total
[2025-02-26T12:44:14.844+0000][30044][trace][gc,age      ] GC(13) - age   4:    6769512 bytes,   34388936 total
[2025-02-26T12:44:14.844+0000][30044][trace][gc,age      ] GC(13) - age   5:    3992112 bytes,   38381048 total
[2025-02-26T12:44:14.844+0000][30044][trace][gc,age      ] GC(13) - age   6:    3116560 bytes,   41497608 total
[2025-02-26T12:44:14.844+0000][30044][trace][gc,age      ] GC(13) - age   7:    3511768 bytes,   45009376 total
[2025-02-26T12:44:14.844+0000][30044][trace][gc,age      ] GC(13) - age   8:    2576840 bytes,   47586216 total
[2025-02-26T12:44:14.844+0000][30044][trace][gc,age      ] GC(13) - age   9:    3785896 bytes,   51372112 total
[2025-02-26T12:44:14.844+0000][30044][trace][gc,age      ] GC(13) - age  10:    4939680 bytes,   56311792 total
[2025-02-26T12:44:14.844+0000][30044][info ][gc,heap     ] GC(13) Eden regions: 107->0(210)
[2025-02-26T12:44:14.844+0000][30044][info ][gc,heap     ] GC(13) Survivor regions: 13->15(23)
[2025-02-26T12:44:14.844+0000][30044][info ][gc,heap     ] GC(13) Old regions: 4->4
[2025-02-26T12:44:14.844+0000][30044][info ][gc,heap     ] GC(13) Humongous regions: 0->0
[2025-02-26T12:44:14.844+0000][30044][info ][gc,metaspace] GC(13) Metaspace: 98986K(101120K)->98986K(101120K) NonClass: 85504K(86720K)->85504K(86720K) Class: 13482K(14400K)->13482K(14400K)
[2025-02-26T12:44:14.844+0000][30044][info ][gc          ] GC(13) Pause Young (Concurrent Start) (Metadata GC Threshold) 491M->73M(8148M) 16.287ms
[2025-02-26T12:44:14.844+0000][30044][info ][gc          ] GC(14) Concurrent Mark Cycle
[2025-02-26T12:44:14.844+0000][30044][info ][gc,cpu      ] GC(13) User=0.03s Sys=0.00s Real=0.02s
[2025-02-26T12:44:14.844+0000][30044][info ][gc,marking  ] GC(14) Concurrent Scan Root Regions
[2025-02-26T12:44:14.844+0000][30044][info ][safepoint   ] Safepoint "CollectForMetadataAllocation", Time since last: 1982866900 ns, Reaching safepoint: 13200 ns, At safepoint: 16408700 ns, Total: 16421900 ns
[2025-02-26T12:44:14.848+0000][30044][info ][gc,marking  ] GC(14) Concurrent Scan Root Regions 4.072ms
[2025-02-26T12:44:14.848+0000][30044][info ][gc,marking  ] GC(14) Concurrent Mark
[2025-02-26T12:44:14.848+0000][30044][info ][gc,marking  ] GC(14) Concurrent Mark From Roots
[2025-02-26T12:44:14.849+0000][30044][info ][gc,task     ] GC(14) Using 5 workers of 5 for marking
[2025-02-26T12:44:14.852+0000][30044][info ][gc,marking  ] GC(14) Concurrent Mark From Roots 3.897ms
[2025-02-26T12:44:14.852+0000][30044][info ][gc,marking  ] GC(14) Concurrent Preclean
[2025-02-26T12:44:14.852+0000][30044][info ][gc,marking  ] GC(14) Concurrent Preclean 0.044ms
[2025-02-26T12:44:14.852+0000][30044][info ][gc,start    ] GC(14) Pause Remark
[2025-02-26T12:44:14.855+0000][30044][info ][gc          ] GC(14) Pause Remark 77M->77M(8148M) 2.796ms
[2025-02-26T12:44:14.855+0000][30044][info ][gc,cpu      ] GC(14) User=0.00s Sys=0.00s Real=0.00s
[2025-02-26T12:44:14.856+0000][30044][info ][safepoint   ] Safepoint "G1PauseRemark", Time since last: 8056400 ns, Reaching safepoint: 2900 ns, At safepoint: 2852700 ns, Total: 2855600 ns
[2025-02-26T12:44:14.856+0000][30044][info ][gc,marking  ] GC(14) Concurrent Mark 6.885ms
[2025-02-26T12:44:14.856+0000][30044][info ][gc,marking  ] GC(14) Concurrent Rebuild Remembered Sets and Scrub Regions
[2025-02-26T12:44:14.857+0000][30044][info ][gc,marking  ] GC(14) Concurrent Rebuild Remembered Sets and Scrub Regions 1.274ms
[2025-02-26T12:44:14.857+0000][30044][info ][gc,start    ] GC(14) Pause Cleanup
[2025-02-26T12:44:14.857+0000][30044][info ][gc          ] GC(14) Pause Cleanup 77M->77M(8148M) 0.032ms
[2025-02-26T12:44:14.857+0000][30044][info ][gc,cpu      ] GC(14) User=0.00s Sys=0.00s Real=0.00s
[2025-02-26T12:44:14.857+0000][30044][info ][safepoint   ] Safepoint "G1PauseCleanup", Time since last: 1357400 ns, Reaching safepoint: 277900 ns, At safepoint: 67800 ns, Total: 345700 ns
[2025-02-26T12:44:14.857+0000][30044][info ][gc,marking  ] GC(14) Concurrent Clear Claimed Marks
[2025-02-26T12:44:14.857+0000][30044][info ][gc,marking  ] GC(14) Concurrent Clear Claimed Marks 0.041ms
[2025-02-26T12:44:14.857+0000][30044][info ][gc,marking  ] GC(14) Concurrent Cleanup for Next Mark
[2025-02-26T12:44:14.865+0000][30044][info ][gc,marking  ] GC(14) Concurrent Cleanup for Next Mark 7.905ms
[2025-02-26T12:44:14.865+0000][30044][info ][gc          ] GC(14) Concurrent Mark Cycle 20.720ms
[2025-02-26T12:45:30.139+0000][13036][info][gc,init] CardTable entry size: 512
[2025-02-26T12:45:30.139+0000][13036][info][gc     ] Using G1
[2025-02-26T12:45:30.146+0000][13036][info][gc,init] Version: 23+37-2369 (release)
[2025-02-26T12:45:30.146+0000][13036][info][gc,init] CPUs: 24 total, 24 available
[2025-02-26T12:45:30.146+0000][13036][info][gc,init] Memory: 16296M
[2025-02-26T12:45:30.146+0000][13036][info][gc,init] Large Page Support: Disabled
[2025-02-26T12:45:30.146+0000][13036][info][gc,init] NUMA Support: Disabled
[2025-02-26T12:45:30.146+0000][13036][info][gc,init] Compressed Oops: Enabled (Zero based)
[2025-02-26T12:45:30.146+0000][13036][info][gc,init] Heap Region Size: 2M
[2025-02-26T12:45:30.146+0000][13036][info][gc,init] Heap Min Capacity: 8M
[2025-02-26T12:45:30.146+0000][13036][info][gc,init] Heap Initial Capacity: 256M
[2025-02-26T12:45:30.146+0000][13036][info][gc,init] Heap Max Capacity: 4076M
[2025-02-26T12:45:30.146+0000][13036][info][gc,init] Pre-touch: Disabled
[2025-02-26T12:45:30.146+0000][13036][info][gc,init] Parallel Workers: 18
[2025-02-26T12:45:30.146+0000][13036][info][gc,init] Concurrent Workers: 5
[2025-02-26T12:45:30.146+0000][13036][info][gc,init] Concurrent Refinement Workers: 18
[2025-02-26T12:45:30.146+0000][13036][info][gc,init] Periodic GC: Disabled
[2025-02-26T12:45:30.157+0000][13036][info][gc,metaspace] CDS archive(s) mapped at: [0x0000017e80000000-0x0000017e80d70000-0x0000017e80d70000), size 14090240, SharedBaseAddress: 0x0000017e80000000, ArchiveRelocationMode: 1.
[2025-02-26T12:45:30.157+0000][13036][info][gc,metaspace] Compressed class space mapped at: 0x0000017e81000000-0x0000017ec1000000, reserved size: 1073741824
[2025-02-26T12:45:30.157+0000][13036][info][gc,metaspace] Narrow klass base: 0x0000017e80000000, Narrow klass shift: 0, Narrow klass range: 0x41000000
[2025-02-26T12:45:30.207+0000][13036][info][gc,heap,exit] Heap
[2025-02-26T12:45:30.207+0000][13036][info][gc,heap,exit]  garbage-first heap   total reserved 4173824K, committed 262144K, used 3031K [0x0000000701400000, 0x0000000800000000)
[2025-02-26T12:45:30.207+0000][13036][info][gc,heap,exit]   region size 2048K, 2 young (4096K), 0 survivors (0K)
[2025-02-26T12:45:30.207+0000][13036][info][gc,heap,exit]  Metaspace       used 219K, committed 448K, reserved 1114112K
[2025-02-26T12:45:30.207+0000][13036][info][gc,heap,exit]   class space    used 6K, committed 128K, reserved 1048576K
[2025-02-26T12:45:30.350+0000][30488][info][gc,init] CardTable entry size: 512
[2025-02-26T12:45:30.351+0000][30488][info][gc     ] Using G1
[2025-02-26T12:45:31.001+0000][30488][info][gc,init] Version: 23+37-2369 (release)
[2025-02-26T12:45:31.001+0000][30488][info][gc,init] CPUs: 24 total, 24 available
[2025-02-26T12:45:31.001+0000][30488][info][gc,init] Memory: 16296M
[2025-02-26T12:45:31.001+0000][30488][info][gc,init] Large Page Support: Disabled
[2025-02-26T12:45:31.001+0000][30488][info][gc,init] NUMA Support: Disabled
[2025-02-26T12:45:31.001+0000][30488][info][gc,init] Compressed Oops: Enabled (Zero based)
[2025-02-26T12:45:31.001+0000][30488][info][gc,init] Heap Region Size: 4M
[2025-02-26T12:45:31.001+0000][30488][info][gc,init] Heap Min Capacity: 8148M
[2025-02-26T12:45:31.001+0000][30488][info][gc,init] Heap Initial Capacity: 8148M
[2025-02-26T12:45:31.001+0000][30488][info][gc,init] Heap Max Capacity: 8148M
[2025-02-26T12:45:31.001+0000][30488][info][gc,init] Pre-touch: Disabled
[2025-02-26T12:45:31.001+0000][30488][info][gc,init] Parallel Workers: 18
[2025-02-26T12:45:31.001+0000][30488][info][gc,init] Concurrent Workers: 5
[2025-02-26T12:45:31.001+0000][30488][info][gc,init] Concurrent Refinement Workers: 18
[2025-02-26T12:45:31.001+0000][30488][info][gc,init] Periodic GC: Disabled
[2025-02-26T12:45:31.036+0000][30488][info][gc,metaspace] CDS archive(s) mapped at: [0x000001e680000000-0x000001e680d70000-0x000001e680d70000), size 14090240, SharedBaseAddress: 0x000001e680000000, ArchiveRelocationMode: 1.
[2025-02-26T12:45:31.036+0000][30488][info][gc,metaspace] Compressed class space mapped at: 0x000001e681000000-0x000001e6c1000000, reserved size: 1073741824
[2025-02-26T12:45:31.036+0000][30488][info][gc,metaspace] Narrow klass base: 0x000001e680000000, Narrow klass shift: 0, Narrow klass range: 0x41000000
[2025-02-26T12:45:31.126+0000][30488][info][gc,heap,exit] Heap
[2025-02-26T12:45:31.140+0000][30488][info][gc,heap,exit]  garbage-first heap   total reserved 8343552K, committed 8343552K, used 10240K [0x0000000602c00000, 0x0000000800000000)
[2025-02-26T12:45:31.140+0000][30488][info][gc,heap,exit]   region size 4096K, 3 young (12288K), 0 survivors (0K)
[2025-02-26T12:45:31.140+0000][30488][info][gc,heap,exit]  Metaspace       used 221K, committed 448K, reserved 1114112K
[2025-02-26T12:45:31.140+0000][30488][info][gc,heap,exit]   class space    used 6K, committed 128K, reserved 1048576K
[2025-02-26T12:45:31.270+0000][15800][info][gc,init] CardTable entry size: 512
[2025-02-26T12:45:31.270+0000][15800][info][gc     ] Using G1
[2025-02-26T12:45:34.720+0000][15800][info][gc,init] Version: 23+37-2369 (release)
[2025-02-26T12:45:34.720+0000][15800][info][gc,init] CPUs: 24 total, 24 available
[2025-02-26T12:45:34.720+0000][15800][info][gc,init] Memory: 16296M
[2025-02-26T12:45:34.720+0000][15800][info][gc,init] Large Page Support: Disabled
[2025-02-26T12:45:34.720+0000][15800][info][gc,init] NUMA Support: Disabled
[2025-02-26T12:45:34.720+0000][15800][info][gc,init] Compressed Oops: Enabled (Zero based)
[2025-02-26T12:45:34.720+0000][15800][info][gc,init] Heap Region Size: 4M
[2025-02-26T12:45:34.720+0000][15800][info][gc,init] Heap Min Capacity: 8148M
[2025-02-26T12:45:34.720+0000][15800][info][gc,init] Heap Initial Capacity: 8148M
[2025-02-26T12:45:34.720+0000][15800][info][gc,init] Heap Max Capacity: 8148M
[2025-02-26T12:45:34.720+0000][15800][info][gc,init] Pre-touch: Enabled
[2025-02-26T12:45:34.720+0000][15800][info][gc,init] Parallel Workers: 18
[2025-02-26T12:45:34.720+0000][15800][info][gc,init] Concurrent Workers: 5
[2025-02-26T12:45:34.720+0000][15800][info][gc,init] Concurrent Refinement Workers: 18
[2025-02-26T12:45:34.720+0000][15800][info][gc,init] Periodic GC: Disabled
[2025-02-26T12:45:34.731+0000][15800][info][gc,metaspace] CDS archive(s) mapped at: [0x0000024693000000-0x0000024693d70000-0x0000024693d70000), size 14090240, SharedBaseAddress: 0x0000024693000000, ArchiveRelocationMode: 1.
[2025-02-26T12:45:34.731+0000][15800][info][gc,metaspace] Compressed class space mapped at: 0x0000024694000000-0x00000246d4000000, reserved size: 1073741824
[2025-02-26T12:45:34.731+0000][15800][info][gc,metaspace] Narrow klass base: 0x0000024693000000, Narrow klass shift: 0, Narrow klass range: 0x41000000
[2025-02-26T12:45:37.646+0000][15800][info][gc,start    ] GC(0) Pause Young (Concurrent Start) (Metadata GC Threshold)
[2025-02-26T12:45:37.651+0000][15800][info][gc,task     ] GC(0) Using 18 workers of 18 for evacuation
[2025-02-26T12:45:37.651+0000][15800][debug][gc,age      ] GC(0) Desired survivor size 27262976 bytes, new threshold 15 (max threshold 15)
[2025-02-26T12:45:37.659+0000][15800][info ][gc,phases   ] GC(0)   Pre Evacuate Collection Set: 1.28ms
[2025-02-26T12:45:37.659+0000][15800][info ][gc,phases   ] GC(0)   Merge Heap Roots: 0.18ms
[2025-02-26T12:45:37.659+0000][15800][info ][gc,phases   ] GC(0)   Evacuate Collection Set: 5.91ms
[2025-02-26T12:45:37.660+0000][15800][info ][gc,phases   ] GC(0)   Post Evacuate Collection Set: 1.12ms
[2025-02-26T12:45:37.660+0000][15800][info ][gc,phases   ] GC(0)   Other: 5.22ms
[2025-02-26T12:45:37.660+0000][15800][trace][gc,age      ] GC(0) Age table:
[2025-02-26T12:45:37.660+0000][15800][trace][gc,age      ] GC(0) - age   1:   15267632 bytes,   15267632 total
[2025-02-26T12:45:37.660+0000][15800][info ][gc,heap     ] GC(0) Eden regions: 67->0(97)
[2025-02-26T12:45:37.660+0000][15800][info ][gc,heap     ] GC(0) Survivor regions: 0->4(13)
[2025-02-26T12:45:37.660+0000][15800][info ][gc,heap     ] GC(0) Old regions: 0->0
[2025-02-26T12:45:37.660+0000][15800][info ][gc,heap     ] GC(0) Humongous regions: 0->0
[2025-02-26T12:45:37.660+0000][15800][info ][gc,metaspace] GC(0) Metaspace: 20770K(21504K)->20770K(21504K) NonClass: 18447K(18880K)->18447K(18880K) Class: 2322K(2624K)->2322K(2624K)
[2025-02-26T12:45:37.660+0000][15800][info ][gc          ] GC(0) Pause Young (Concurrent Start) (Metadata GC Threshold) 268M->15M(8148M) 14.013ms
[2025-02-26T12:45:37.660+0000][15800][info ][gc,cpu      ] GC(0) User=0.02s Sys=0.00s Real=0.01s
[2025-02-26T12:45:37.660+0000][15800][info ][gc          ] GC(1) Concurrent Mark Cycle
[2025-02-26T12:45:37.660+0000][15800][info ][gc,marking  ] GC(1) Concurrent Scan Root Regions
[2025-02-26T12:45:37.660+0000][15800][info ][safepoint   ] Safepoint "CollectForMetadataAllocation", Time since last: 2910430600 ns, Reaching safepoint: 8600 ns, At safepoint: 14116100 ns, Total: 14124700 ns
[2025-02-26T12:45:37.664+0000][15800][info ][gc,marking  ] GC(1) Concurrent Scan Root Regions 4.646ms
[2025-02-26T12:45:37.664+0000][15800][info ][gc,marking  ] GC(1) Concurrent Mark
[2025-02-26T12:45:37.664+0000][15800][info ][gc,marking  ] GC(1) Concurrent Mark From Roots
[2025-02-26T12:45:37.666+0000][15800][info ][gc,task     ] GC(1) Using 5 workers of 5 for marking
[2025-02-26T12:45:37.667+0000][15800][info ][gc,marking  ] GC(1) Concurrent Mark From Roots 1.668ms
[2025-02-26T12:45:37.667+0000][15800][info ][gc,marking  ] GC(1) Concurrent Preclean
[2025-02-26T12:45:37.667+0000][15800][info ][gc,marking  ] GC(1) Concurrent Preclean 0.013ms
[2025-02-26T12:45:37.667+0000][15800][info ][gc,start    ] GC(1) Pause Remark
[2025-02-26T12:45:37.668+0000][15800][info ][gc          ] GC(1) Pause Remark 19M->19M(8148M) 1.417ms
[2025-02-26T12:45:37.668+0000][15800][info ][gc,cpu      ] GC(1) User=0.00s Sys=0.00s Real=0.00s
[2025-02-26T12:45:37.668+0000][15800][info ][safepoint   ] Safepoint "G1PauseRemark", Time since last: 6441000 ns, Reaching safepoint: 42800 ns, At safepoint: 1469400 ns, Total: 1512200 ns
[2025-02-26T12:45:37.668+0000][15800][info ][gc,marking  ] GC(1) Concurrent Mark 3.320ms
[2025-02-26T12:45:37.668+0000][15800][info ][gc,marking  ] GC(1) Concurrent Rebuild Remembered Sets and Scrub Regions
[2025-02-26T12:45:37.668+0000][15800][info ][gc,marking  ] GC(1) Concurrent Rebuild Remembered Sets and Scrub Regions 0.051ms
[2025-02-26T12:45:37.668+0000][15800][info ][gc,start    ] GC(1) Pause Cleanup
[2025-02-26T12:45:37.668+0000][15800][info ][gc          ] GC(1) Pause Cleanup 19M->19M(8148M) 0.018ms
[2025-02-26T12:45:37.668+0000][15800][info ][gc,cpu      ] GC(1) User=0.00s Sys=0.00s Real=0.00s
[2025-02-26T12:45:37.668+0000][15800][info ][safepoint   ] Safepoint "G1PauseCleanup", Time since last: 119700 ns, Reaching safepoint: 43100 ns, At safepoint: 51700 ns, Total: 94800 ns
[2025-02-26T12:45:37.668+0000][15800][info ][gc,marking  ] GC(1) Concurrent Clear Claimed Marks
[2025-02-26T12:45:37.668+0000][15800][info ][gc,marking  ] GC(1) Concurrent Clear Claimed Marks 0.041ms
[2025-02-26T12:45:37.669+0000][15800][info ][gc,marking  ] GC(1) Concurrent Cleanup for Next Mark
[2025-02-26T12:45:37.677+0000][15800][info ][gc,marking  ] GC(1) Concurrent Cleanup for Next Mark 8.684ms
[2025-02-26T12:45:37.677+0000][15800][info ][gc          ] GC(1) Concurrent Mark Cycle 17.023ms
[2025-02-26T12:45:38.626+0000][15800][info ][gc,start    ] GC(2) Pause Young (Normal) (G1 Evacuation Pause)
[2025-02-26T12:45:38.626+0000][15800][info ][gc,task     ] GC(2) Using 18 workers of 18 for evacuation
[2025-02-26T12:45:38.626+0000][15800][debug][gc,age      ] GC(2) Desired survivor size 27262976 bytes, new threshold 15 (max threshold 15)
[2025-02-26T12:45:38.639+0000][15800][info ][gc,phases   ] GC(2)   Pre Evacuate Collection Set: 0.17ms
[2025-02-26T12:45:38.639+0000][15800][info ][gc,phases   ] GC(2)   Merge Heap Roots: 0.18ms
[2025-02-26T12:45:38.639+0000][15800][info ][gc,phases   ] GC(2)   Evacuate Collection Set: 11.78ms
[2025-02-26T12:45:38.639+0000][15800][info ][gc,phases   ] GC(2)   Post Evacuate Collection Set: 0.98ms
[2025-02-26T12:45:38.639+0000][15800][info ][gc,phases   ] GC(2)   Other: 0.10ms
[2025-02-26T12:45:38.639+0000][15800][trace][gc,age      ] GC(2) Age table:
[2025-02-26T12:45:38.639+0000][15800][trace][gc,age      ] GC(2) - age   1:    6905976 bytes,    6905976 total
[2025-02-26T12:45:38.639+0000][15800][trace][gc,age      ] GC(2) - age   2:   14332760 bytes,   21238736 total
[2025-02-26T12:45:38.639+0000][15800][info ][gc,heap     ] GC(2) Eden regions: 97->0(95)
[2025-02-26T12:45:38.639+0000][15800][info ][gc,heap     ] GC(2) Survivor regions: 4->6(13)
[2025-02-26T12:45:38.639+0000][15800][info ][gc,heap     ] GC(2) Old regions: 0->0
[2025-02-26T12:45:38.639+0000][15800][info ][gc,heap     ] GC(2) Humongous regions: 0->0
[2025-02-26T12:45:38.639+0000][15800][info ][gc,metaspace] GC(2) Metaspace: 29092K(30080K)->29092K(30080K) NonClass: 25817K(26368K)->25817K(26368K) Class: 3274K(3712K)->3274K(3712K)
[2025-02-26T12:45:38.639+0000][15800][info ][gc          ] GC(2) Pause Young (Normal) (G1 Evacuation Pause) 403M->22M(8148M) 13.447ms
[2025-02-26T12:45:38.639+0000][15800][info ][gc,cpu      ] GC(2) User=0.00s Sys=0.00s Real=0.01s
[2025-02-26T12:45:38.639+0000][15800][info ][safepoint   ] Safepoint "G1CollectForAllocation", Time since last: 957553700 ns, Reaching safepoint: 3500 ns, At safepoint: 13497000 ns, Total: 13500500 ns
[2025-02-26T12:45:39.042+0000][15800][info ][gc,start    ] GC(3) Pause Young (Normal) (G1 Evacuation Pause)
[2025-02-26T12:45:39.042+0000][15800][info ][gc,task     ] GC(3) Using 18 workers of 18 for evacuation
[2025-02-26T12:45:39.042+0000][15800][debug][gc,age      ] GC(3) Desired survivor size 27262976 bytes, new threshold 15 (max threshold 15)
[2025-02-26T12:45:39.051+0000][15800][info ][gc,phases   ] GC(3)   Pre Evacuate Collection Set: 0.17ms
[2025-02-26T12:45:39.051+0000][15800][info ][gc,phases   ] GC(3)   Merge Heap Roots: 0.08ms
[2025-02-26T12:45:39.051+0000][15800][info ][gc,phases   ] GC(3)   Evacuate Collection Set: 7.88ms
[2025-02-26T12:45:39.051+0000][15800][info ][gc,phases   ] GC(3)   Post Evacuate Collection Set: 0.89ms
[2025-02-26T12:45:39.051+0000][15800][info ][gc,phases   ] GC(3)   Other: 0.10ms
[2025-02-26T12:45:39.051+0000][15800][trace][gc,age      ] GC(3) Age table:
[2025-02-26T12:45:39.051+0000][15800][trace][gc,age      ] GC(3) - age   1:    6790256 bytes,    6790256 total
[2025-02-26T12:45:39.051+0000][15800][trace][gc,age      ] GC(3) - age   2:    6101616 bytes,   12891872 total
[2025-02-26T12:45:39.051+0000][15800][trace][gc,age      ] GC(3) - age   3:   14332632 bytes,   27224504 total
[2025-02-26T12:45:39.051+0000][15800][info ][gc,heap     ] GC(3) Eden regions: 95->0(94)
[2025-02-26T12:45:39.051+0000][15800][info ][gc,heap     ] GC(3) Survivor regions: 6->7(13)
[2025-02-26T12:45:39.051+0000][15800][info ][gc,heap     ] GC(3) Old regions: 0->0
[2025-02-26T12:45:39.051+0000][15800][info ][gc,heap     ] GC(3) Humongous regions: 0->0
[2025-02-26T12:45:39.051+0000][15800][info ][gc,metaspace] GC(3) Metaspace: 30239K(31232K)->30239K(31232K) NonClass: 26805K(27392K)->26805K(27392K) Class: 3434K(3840K)->3434K(3840K)
[2025-02-26T12:45:39.051+0000][15800][info ][gc          ] GC(3) Pause Young (Normal) (G1 Evacuation Pause) 402M->27M(8148M) 9.364ms
[2025-02-26T12:45:39.051+0000][15800][info ][gc,cpu      ] GC(3) User=0.02s Sys=0.00s Real=0.01s
[2025-02-26T12:45:39.051+0000][15800][info ][safepoint   ] Safepoint "G1CollectForAllocation", Time since last: 402357300 ns, Reaching safepoint: 3800 ns, At safepoint: 9416500 ns, Total: 9420300 ns
[2025-02-26T12:45:39.567+0000][15800][info ][gc,start    ] GC(4) Pause Young (Concurrent Start) (Metadata GC Threshold)
[2025-02-26T12:45:39.567+0000][15800][info ][gc,task     ] GC(4) Using 18 workers of 18 for evacuation
[2025-02-26T12:45:39.567+0000][15800][debug][gc,age      ] GC(4) Desired survivor size 27262976 bytes, new threshold 15 (max threshold 15)
[2025-02-26T12:45:39.576+0000][15800][info ][gc,phases   ] GC(4)   Pre Evacuate Collection Set: 0.23ms
[2025-02-26T12:45:39.576+0000][15800][info ][gc,phases   ] GC(4)   Merge Heap Roots: 0.08ms
[2025-02-26T12:45:39.576+0000][15800][info ][gc,phases   ] GC(4)   Evacuate Collection Set: 7.39ms
[2025-02-26T12:45:39.576+0000][15800][info ][gc,phases   ] GC(4)   Post Evacuate Collection Set: 0.90ms
[2025-02-26T12:45:39.576+0000][15800][info ][gc,phases   ] GC(4)   Other: 0.10ms
[2025-02-26T12:45:39.576+0000][15800][trace][gc,age      ] GC(4) Age table:
[2025-02-26T12:45:39.576+0000][15800][trace][gc,age      ] GC(4) - age   1:    4538584 bytes,    4538584 total
[2025-02-26T12:45:39.576+0000][15800][trace][gc,age      ] GC(4) - age   2:    4549776 bytes,    9088360 total
[2025-02-26T12:45:39.576+0000][15800][trace][gc,age      ] GC(4) - age   3:    6096088 bytes,   15184448 total
[2025-02-26T12:45:39.576+0000][15800][trace][gc,age      ] GC(4) - age   4:   14331960 bytes,   29516408 total
[2025-02-26T12:45:39.576+0000][15800][info ][gc,heap     ] GC(4) Eden regions: 93->0(93)
[2025-02-26T12:45:39.576+0000][15800][info ][gc,heap     ] GC(4) Survivor regions: 7->8(13)
[2025-02-26T12:45:39.576+0000][15800][info ][gc,heap     ] GC(4) Old regions: 0->0
[2025-02-26T12:45:39.576+0000][15800][info ][gc,heap     ] GC(4) Humongous regions: 0->0
[2025-02-26T12:45:39.576+0000][15800][info ][gc,metaspace] GC(4) Metaspace: 35146K(36160K)->35146K(36160K) NonClass: 31182K(31744K)->31182K(31744K) Class: 3963K(4416K)->3963K(4416K)
[2025-02-26T12:45:39.576+0000][15800][info ][gc          ] GC(4) Pause Young (Concurrent Start) (Metadata GC Threshold) 399M->30M(8148M) 9.019ms
[2025-02-26T12:45:39.576+0000][15800][info ][gc,cpu      ] GC(4) User=0.00s Sys=0.00s Real=0.01s
[2025-02-26T12:45:39.576+0000][15800][info ][gc          ] GC(5) Concurrent Mark Cycle
[2025-02-26T12:45:39.576+0000][15800][info ][safepoint   ] Safepoint "CollectForMetadataAllocation", Time since last: 515846200 ns, Reaching safepoint: 5400 ns, At safepoint: 9104600 ns, Total: 9110000 ns
[2025-02-26T12:45:39.576+0000][15800][info ][gc,marking  ] GC(5) Concurrent Scan Root Regions
[2025-02-26T12:45:39.578+0000][15800][info ][gc,marking  ] GC(5) Concurrent Scan Root Regions 1.834ms
[2025-02-26T12:45:39.578+0000][15800][info ][gc,marking  ] GC(5) Concurrent Mark
[2025-02-26T12:45:39.578+0000][15800][info ][gc,marking  ] GC(5) Concurrent Mark From Roots
[2025-02-26T12:45:39.578+0000][15800][info ][gc,task     ] GC(5) Using 5 workers of 5 for marking
[2025-02-26T12:45:39.578+0000][15800][info ][gc,marking  ] GC(5) Concurrent Mark From Roots 0.353ms
[2025-02-26T12:45:39.578+0000][15800][info ][gc,marking  ] GC(5) Concurrent Preclean
[2025-02-26T12:45:39.578+0000][15800][info ][gc,marking  ] GC(5) Concurrent Preclean 0.015ms
[2025-02-26T12:45:39.578+0000][15800][info ][gc,start    ] GC(5) Pause Remark
[2025-02-26T12:45:39.580+0000][15800][info ][gc          ] GC(5) Pause Remark 33M->33M(8148M) 2.265ms
[2025-02-26T12:45:39.580+0000][15800][info ][gc,cpu      ] GC(5) User=0.00s Sys=0.00s Real=0.00s
[2025-02-26T12:45:39.580+0000][15800][info ][safepoint   ] Safepoint "G1PauseRemark", Time since last: 2290700 ns, Reaching safepoint: 2400 ns, At safepoint: 2315600 ns, Total: 2318000 ns
[2025-02-26T12:45:39.581+0000][15800][info ][gc,marking  ] GC(5) Concurrent Mark 2.786ms
[2025-02-26T12:45:39.581+0000][15800][info ][gc,marking  ] GC(5) Concurrent Rebuild Remembered Sets and Scrub Regions
[2025-02-26T12:45:39.581+0000][15800][info ][gc,marking  ] GC(5) Concurrent Rebuild Remembered Sets and Scrub Regions 0.050ms
[2025-02-26T12:45:39.581+0000][15800][info ][gc,start    ] GC(5) Pause Cleanup
[2025-02-26T12:45:39.581+0000][15800][info ][gc          ] GC(5) Pause Cleanup 33M->33M(8148M) 0.017ms
[2025-02-26T12:45:39.581+0000][15800][info ][gc,cpu      ] GC(5) User=0.00s Sys=0.00s Real=0.00s
[2025-02-26T12:45:39.581+0000][15800][info ][safepoint   ] Safepoint "G1PauseCleanup", Time since last: 136000 ns, Reaching safepoint: 11800 ns, At safepoint: 48900 ns, Total: 60700 ns
[2025-02-26T12:45:39.581+0000][15800][info ][gc,marking  ] GC(5) Concurrent Clear Claimed Marks
[2025-02-26T12:45:39.581+0000][15800][info ][gc,marking  ] GC(5) Concurrent Clear Claimed Marks 0.035ms
[2025-02-26T12:45:39.581+0000][15800][info ][gc,marking  ] GC(5) Concurrent Cleanup for Next Mark
[2025-02-26T12:45:39.589+0000][15800][info ][gc,marking  ] GC(5) Concurrent Cleanup for Next Mark 8.578ms
[2025-02-26T12:45:39.589+0000][15800][info ][gc          ] GC(5) Concurrent Mark Cycle 13.522ms
[2025-02-26T12:45:40.040+0000][15800][info ][gc,start    ] GC(6) Pause Young (Normal) (G1 Evacuation Pause)
[2025-02-26T12:45:40.040+0000][15800][info ][gc,task     ] GC(6) Using 18 workers of 18 for evacuation
[2025-02-26T12:45:40.040+0000][15800][debug][gc,age      ] GC(6) Desired survivor size 27262976 bytes, new threshold 4 (max threshold 15)
[2025-02-26T12:45:40.050+0000][15800][info ][gc,phases   ] GC(6)   Pre Evacuate Collection Set: 0.14ms
[2025-02-26T12:45:40.050+0000][15800][info ][gc,phases   ] GC(6)   Merge Heap Roots: 0.07ms
[2025-02-26T12:45:40.050+0000][15800][info ][gc,phases   ] GC(6)   Evacuate Collection Set: 9.66ms
[2025-02-26T12:45:40.050+0000][15800][info ][gc,phases   ] GC(6)   Post Evacuate Collection Set: 0.82ms
[2025-02-26T12:45:40.050+0000][15800][info ][gc,phases   ] GC(6)   Other: 0.08ms
[2025-02-26T12:45:40.050+0000][15800][trace][gc,age      ] GC(6) Age table:
[2025-02-26T12:45:40.050+0000][15800][trace][gc,age      ] GC(6) - age   1:    6034224 bytes,    6034224 total
[2025-02-26T12:45:40.050+0000][15800][trace][gc,age      ] GC(6) - age   2:    4510464 bytes,   10544688 total
[2025-02-26T12:45:40.050+0000][15800][trace][gc,age      ] GC(6) - age   3:    4547088 bytes,   15091776 total
[2025-02-26T12:45:40.050+0000][15800][trace][gc,age      ] GC(6) - age   4:    6094880 bytes,   21186656 total
[2025-02-26T12:45:40.050+0000][15800][info ][gc,heap     ] GC(6) Eden regions: 93->0(95)
[2025-02-26T12:45:40.050+0000][15800][info ][gc,heap     ] GC(6) Survivor regions: 8->6(13)
[2025-02-26T12:45:40.050+0000][15800][info ][gc,heap     ] GC(6) Old regions: 0->4
[2025-02-26T12:45:40.050+0000][15800][info ][gc,heap     ] GC(6) Humongous regions: 0->0
[2025-02-26T12:45:40.050+0000][15800][info ][gc,metaspace] GC(6) Metaspace: 38082K(39168K)->38082K(39168K) NonClass: 33684K(34304K)->33684K(34304K) Class: 4398K(4864K)->4398K(4864K)
[2025-02-26T12:45:40.050+0000][15800][info ][gc          ] GC(6) Pause Young (Normal) (G1 Evacuation Pause) 402M->37M(8148M) 11.016ms
[2025-02-26T12:45:40.050+0000][15800][info ][gc,cpu      ] GC(6) User=0.00s Sys=0.02s Real=0.01s
[2025-02-26T12:45:40.050+0000][15800][info ][safepoint   ] Safepoint "G1CollectForAllocation", Time since last: 458887800 ns, Reaching safepoint: 2500 ns, At safepoint: 11066800 ns, Total: 11069300 ns
[2025-02-26T12:45:40.441+0000][15800][info ][gc,start    ] GC(7) Pause Young (Normal) (G1 Evacuation Pause)
[2025-02-26T12:45:40.441+0000][15800][info ][gc,task     ] GC(7) Using 18 workers of 18 for evacuation
[2025-02-26T12:45:40.441+0000][15800][debug][gc,age      ] GC(7) Desired survivor size 27262976 bytes, new threshold 15 (max threshold 15)
[2025-02-26T12:45:40.446+0000][15800][info ][gc,phases   ] GC(7)   Pre Evacuate Collection Set: 0.18ms
[2025-02-26T12:45:40.446+0000][15800][info ][gc,phases   ] GC(7)   Merge Heap Roots: 0.08ms
[2025-02-26T12:45:40.446+0000][15800][info ][gc,phases   ] GC(7)   Evacuate Collection Set: 3.76ms
[2025-02-26T12:45:40.446+0000][15800][info ][gc,phases   ] GC(7)   Post Evacuate Collection Set: 0.61ms
[2025-02-26T12:45:40.446+0000][15800][info ][gc,phases   ] GC(7)   Other: 0.08ms
[2025-02-26T12:45:40.446+0000][15800][trace][gc,age      ] GC(7) Age table:
[2025-02-26T12:45:40.446+0000][15800][trace][gc,age      ] GC(7) - age   1:    4401280 bytes,    4401280 total
[2025-02-26T12:45:40.446+0000][15800][trace][gc,age      ] GC(7) - age   2:    6002336 bytes,   10403616 total
[2025-02-26T12:45:40.446+0000][15800][trace][gc,age      ] GC(7) - age   3:    4507792 bytes,   14911408 total
[2025-02-26T12:45:40.446+0000][15800][trace][gc,age      ] GC(7) - age   4:    4546992 bytes,   19458400 total
[2025-02-26T12:45:40.446+0000][15800][trace][gc,age      ] GC(7) - age   5:    6092144 bytes,   25550544 total
[2025-02-26T12:45:40.446+0000][15800][info ][gc,heap     ] GC(7) Eden regions: 95->0(94)
[2025-02-26T12:45:40.446+0000][15800][info ][gc,heap     ] GC(7) Survivor regions: 6->7(13)
[2025-02-26T12:45:40.446+0000][15800][info ][gc,heap     ] GC(7) Old regions: 4->4
[2025-02-26T12:45:40.446+0000][15800][info ][gc,heap     ] GC(7) Humongous regions: 0->0
[2025-02-26T12:45:40.446+0000][15800][info ][gc,metaspace] GC(7) Metaspace: 39218K(40384K)->39218K(40384K) NonClass: 34688K(35392K)->34688K(35392K) Class: 4529K(4992K)->4529K(4992K)
[2025-02-26T12:45:40.446+0000][15800][info ][gc          ] GC(7) Pause Young (Normal) (G1 Evacuation Pause) 417M->42M(8148M) 4.973ms
[2025-02-26T12:45:40.446+0000][15800][info ][gc,cpu      ] GC(7) User=0.00s Sys=0.00s Real=0.01s
[2025-02-26T12:45:40.446+0000][15800][info ][safepoint   ] Safepoint "G1CollectForAllocation", Time since last: 390273200 ns, Reaching safepoint: 2800 ns, At safepoint: 5024700 ns, Total: 5027500 ns
[2025-02-26T12:45:40.755+0000][15800][info ][gc,start    ] GC(8) Pause Young (Normal) (G1 Evacuation Pause)
[2025-02-26T12:45:40.755+0000][15800][info ][gc,task     ] GC(8) Using 18 workers of 18 for evacuation
[2025-02-26T12:45:40.755+0000][15800][debug][gc,age      ] GC(8) Desired survivor size 27262976 bytes, new threshold 15 (max threshold 15)
[2025-02-26T12:45:40.760+0000][15800][info ][gc,phases   ] GC(8)   Pre Evacuate Collection Set: 0.17ms
[2025-02-26T12:45:40.760+0000][15800][info ][gc,phases   ] GC(8)   Merge Heap Roots: 0.10ms
[2025-02-26T12:45:40.760+0000][15800][info ][gc,phases   ] GC(8)   Evacuate Collection Set: 4.49ms
[2025-02-26T12:45:40.760+0000][15800][info ][gc,phases   ] GC(8)   Post Evacuate Collection Set: 0.56ms
[2025-02-26T12:45:40.760+0000][15800][info ][gc,phases   ] GC(8)   Other: 0.08ms
[2025-02-26T12:45:40.760+0000][15800][trace][gc,age      ] GC(8) Age table:
[2025-02-26T12:45:40.760+0000][15800][trace][gc,age      ] GC(8) - age   1:    4248376 bytes,    4248376 total
[2025-02-26T12:45:40.760+0000][15800][trace][gc,age      ] GC(8) - age   2:    4386424 bytes,    8634800 total
[2025-02-26T12:45:40.760+0000][15800][trace][gc,age      ] GC(8) - age   3:    6001944 bytes,   14636744 total
[2025-02-26T12:45:40.760+0000][15800][trace][gc,age      ] GC(8) - age   4:    4507760 bytes,   19144504 total
[2025-02-26T12:45:40.760+0000][15800][trace][gc,age      ] GC(8) - age   5:    4546464 bytes,   23690968 total
[2025-02-26T12:45:40.760+0000][15800][trace][gc,age      ] GC(8) - age   6:    6089440 bytes,   29780408 total
[2025-02-26T12:45:40.760+0000][15800][info ][gc,heap     ] GC(8) Eden regions: 94->0(123)
[2025-02-26T12:45:40.760+0000][15800][info ][gc,heap     ] GC(8) Survivor regions: 7->8(13)
[2025-02-26T12:45:40.760+0000][15800][info ][gc,heap     ] GC(8) Old regions: 4->4
[2025-02-26T12:45:40.760+0000][15800][info ][gc,heap     ] GC(8) Humongous regions: 0->0
[2025-02-26T12:45:40.760+0000][15800][info ][gc,metaspace] GC(8) Metaspace: 39756K(40960K)->39756K(40960K) NonClass: 35159K(35904K)->35159K(35904K) Class: 4597K(5056K)->4597K(5056K)
[2025-02-26T12:45:40.760+0000][15800][info ][gc          ] GC(8) Pause Young (Normal) (G1 Evacuation Pause) 418M->46M(8148M) 5.665ms
[2025-02-26T12:45:40.760+0000][15800][info ][gc,cpu      ] GC(8) User=0.00s Sys=0.00s Real=0.00s
[2025-02-26T12:45:40.760+0000][15800][info ][safepoint   ] Safepoint "G1CollectForAllocation", Time since last: 309064700 ns, Reaching safepoint: 2600 ns, At safepoint: 5717600 ns, Total: 5720200 ns
[2025-02-26T12:45:42.349+0000][15800][info ][gc,heap,exit] Heap
[2025-02-26T12:45:42.349+0000][15800][info ][gc,heap,exit]  garbage-first heap   total reserved 8343552K, committed 8343552K, used 391718K [0x0000000602c00000, 0x0000000800000000)
[2025-02-26T12:45:42.349+0000][15800][info ][gc,heap,exit]   region size 4096K, 92 young (376832K), 8 survivors (32768K)
[2025-02-26T12:45:42.349+0000][15800][info ][gc,heap,exit]  Metaspace       used 51722K, committed 53248K, reserved 1114112K
[2025-02-26T12:45:42.349+0000][15800][info ][gc,heap,exit]   class space    used 6197K, committed 6784K, reserved 1048576K
[2025-02-26T12:47:58.803+0000][30044][info ][gc,heap,exit] Heap
[2025-02-26T12:47:58.803+0000][30044][info ][gc,heap,exit]  garbage-first heap   total reserved 8343552K, committed 8343552K, used 771163K [0x0000000602c00000, 0x0000000800000000)
[2025-02-26T12:47:58.803+0000][30044][info ][gc,heap,exit]   region size 4096K, 183 young (749568K), 15 survivors (61440K)
[2025-02-26T12:47:58.803+0000][30044][info ][gc,heap,exit]  Metaspace       used 143633K, committed 147840K, reserved 1179648K
[2025-02-26T12:47:58.803+0000][30044][info ][gc,heap,exit]   class space    used 20613K, committed 22592K, reserved 1048576K
