[2025-04-01T09:53:22.032+0000][33424][info][gc,init] CardTable entry size: 512
[2025-04-01T09:53:22.032+0000][33424][info][gc     ] Using G1
[2025-04-01T09:53:25.303+0000][33424][info][gc,init] Version: 23+37-2369 (release)
[2025-04-01T09:53:25.303+0000][33424][info][gc,init] CPUs: 24 total, 24 available
[2025-04-01T09:53:25.303+0000][33424][info][gc,init] Memory: 16296M
[2025-04-01T09:53:25.303+0000][33424][info][gc,init] Large Page Support: Disabled
[2025-04-01T09:53:25.303+0000][33424][info][gc,init] NUMA Support: Disabled
[2025-04-01T09:53:25.303+0000][33424][info][gc,init] Compressed Oops: Enabled (Zero based)
[2025-04-01T09:53:25.303+0000][33424][info][gc,init] Heap Region Size: 4M
[2025-04-01T09:53:25.303+0000][33424][info][gc,init] Heap Min Capacity: 8148M
[2025-04-01T09:53:25.303+0000][33424][info][gc,init] Heap Initial Capacity: 8148M
[2025-04-01T09:53:25.303+0000][33424][info][gc,init] Heap Max Capacity: 8148M
[2025-04-01T09:53:25.303+0000][33424][info][gc,init] Pre-touch: Enabled
[2025-04-01T09:53:25.303+0000][33424][info][gc,init] Parallel Workers: 18
[2025-04-01T09:53:25.303+0000][33424][info][gc,init] Concurrent Workers: 5
[2025-04-01T09:53:25.303+0000][33424][info][gc,init] Concurrent Refinement Workers: 18
[2025-04-01T09:53:25.303+0000][33424][info][gc,init] Periodic GC: Disabled
[2025-04-01T09:53:25.316+0000][33424][info][gc,metaspace] CDS archive(s) mapped at: [0x000002493c000000-0x000002493cd70000-0x000002493cd70000), size 14090240, SharedBaseAddress: 0x000002493c000000, ArchiveRelocationMode: 1.
[2025-04-01T09:53:25.316+0000][33424][info][gc,metaspace] Compressed class space mapped at: 0x000002493d000000-0x000002497d000000, reserved size: 1073741824
[2025-04-01T09:53:25.316+0000][33424][info][gc,metaspace] Narrow klass base: 0x000002493c000000, Narrow klass shift: 0, Narrow klass range: 0x41000000
[2025-04-01T09:53:28.757+0000][33424][info][gc,start    ] GC(0) Pause Young (Concurrent Start) (Metadata GC Threshold)
[2025-04-01T09:53:28.759+0000][33424][info][gc,task     ] GC(0) Using 18 workers of 18 for evacuation
[2025-04-01T09:53:28.759+0000][33424][debug][gc,age      ] GC(0) Desired survivor size 27262976 bytes, new threshold 15 (max threshold 15)
[2025-04-01T09:53:28.766+0000][33424][info ][gc,phases   ] GC(0)   Pre Evacuate Collection Set: 0.39ms
[2025-04-01T09:53:28.766+0000][33424][info ][gc,phases   ] GC(0)   Merge Heap Roots: 0.16ms
[2025-04-01T09:53:28.766+0000][33424][info ][gc,phases   ] GC(0)   Evacuate Collection Set: 6.25ms
[2025-04-01T09:53:28.766+0000][33424][info ][gc,phases   ] GC(0)   Post Evacuate Collection Set: 1.02ms
[2025-04-01T09:53:28.766+0000][33424][info ][gc,phases   ] GC(0)   Other: 0.71ms
[2025-04-01T09:53:28.766+0000][33424][trace][gc,age      ] GC(0) Age table:
[2025-04-01T09:53:28.766+0000][33424][trace][gc,age      ] GC(0) - age   1:   15369960 bytes,   15369960 total
[2025-04-01T09:53:28.766+0000][33424][info ][gc,heap     ] GC(0) Eden regions: 69->0(96)
[2025-04-01T09:53:28.766+0000][33424][info ][gc,heap     ] GC(0) Survivor regions: 0->5(13)
[2025-04-01T09:53:28.766+0000][33424][info ][gc,heap     ] GC(0) Old regions: 0->0
[2025-04-01T09:53:28.766+0000][33424][info ][gc,heap     ] GC(0) Humongous regions: 0->0
[2025-04-01T09:53:28.766+0000][33424][info ][gc,metaspace] GC(0) Metaspace: 20771K(21504K)->20771K(21504K) NonClass: 18447K(18880K)->18447K(18880K) Class: 2324K(2624K)->2324K(2624K)
[2025-04-01T09:53:28.766+0000][33424][info ][gc          ] GC(0) Pause Young (Concurrent Start) (Metadata GC Threshold) 276M->16M(8148M) 9.368ms
[2025-04-01T09:53:28.766+0000][33424][info ][gc,cpu      ] GC(0) User=0.00s Sys=0.00s Real=0.01s
[2025-04-01T09:53:28.766+0000][33424][info ][gc          ] GC(1) Concurrent Mark Cycle
[2025-04-01T09:53:28.766+0000][33424][info ][gc,marking  ] GC(1) Concurrent Scan Root Regions
[2025-04-01T09:53:28.766+0000][33424][info ][safepoint   ] Safepoint "CollectForMetadataAllocation", Time since last: 3436224900 ns, Reaching safepoint: 5300 ns, At safepoint: 9613700 ns, Total: 9619000 ns
[2025-04-01T09:53:28.769+0000][33424][info ][gc,marking  ] GC(1) Concurrent Scan Root Regions 2.310ms
[2025-04-01T09:53:28.769+0000][33424][info ][gc,marking  ] GC(1) Concurrent Mark
[2025-04-01T09:53:28.769+0000][33424][info ][gc,marking  ] GC(1) Concurrent Mark From Roots
[2025-04-01T09:53:28.769+0000][33424][info ][gc,task     ] GC(1) Using 5 workers of 5 for marking
[2025-04-01T09:53:28.769+0000][33424][info ][gc,marking  ] GC(1) Concurrent Mark From Roots 0.446ms
[2025-04-01T09:53:28.769+0000][33424][info ][gc,marking  ] GC(1) Concurrent Preclean
[2025-04-01T09:53:28.769+0000][33424][info ][gc,marking  ] GC(1) Concurrent Preclean 0.014ms
[2025-04-01T09:53:28.771+0000][33424][info ][gc,start    ] GC(1) Pause Remark
[2025-04-01T09:53:28.772+0000][33424][info ][gc          ] GC(1) Pause Remark 20M->20M(8148M) 1.898ms
[2025-04-01T09:53:28.772+0000][33424][info ][gc,cpu      ] GC(1) User=0.00s Sys=0.00s Real=0.00s
[2025-04-01T09:53:28.772+0000][33424][info ][safepoint   ] Safepoint "G1PauseRemark", Time since last: 2914300 ns, Reaching safepoint: 308400 ns, At safepoint: 1969100 ns, Total: 2277500 ns
[2025-04-01T09:53:28.772+0000][33424][info ][gc,marking  ] GC(1) Concurrent Mark 2.849ms
[2025-04-01T09:53:28.772+0000][33424][info ][gc,marking  ] GC(1) Concurrent Rebuild Remembered Sets and Scrub Regions
[2025-04-01T09:53:28.772+0000][33424][info ][gc,marking  ] GC(1) Concurrent Rebuild Remembered Sets and Scrub Regions 0.084ms
[2025-04-01T09:53:28.772+0000][33424][info ][gc,start    ] GC(1) Pause Cleanup
[2025-04-01T09:53:28.772+0000][33424][info ][gc          ] GC(1) Pause Cleanup 20M->20M(8148M) 0.038ms
[2025-04-01T09:53:28.772+0000][33424][info ][gc,cpu      ] GC(1) User=0.00s Sys=0.00s Real=0.00s
[2025-04-01T09:53:28.772+0000][33424][info ][safepoint   ] Safepoint "G1PauseCleanup", Time since last: 188100 ns, Reaching safepoint: 24000 ns, At safepoint: 93100 ns, Total: 117100 ns
[2025-04-01T09:53:28.772+0000][33424][info ][gc,marking  ] GC(1) Concurrent Clear Claimed Marks
[2025-04-01T09:53:28.772+0000][33424][info ][gc,marking  ] GC(1) Concurrent Clear Claimed Marks 0.070ms
[2025-04-01T09:53:28.772+0000][33424][info ][gc,marking  ] GC(1) Concurrent Cleanup for Next Mark
[2025-04-01T09:53:28.783+0000][33424][info ][gc,marking  ] GC(1) Concurrent Cleanup for Next Mark 11.832ms
[2025-04-01T09:53:28.785+0000][33424][info ][gc          ] GC(1) Concurrent Mark Cycle 17.611ms
[2025-04-01T09:53:33.664+0000][33424][info ][gc,start    ] GC(2) Pause Young (Normal) (G1 Evacuation Pause)
[2025-04-01T09:53:33.664+0000][33424][info ][gc,task     ] GC(2) Using 18 workers of 18 for evacuation
[2025-04-01T09:53:33.664+0000][33424][debug][gc,age      ] GC(2) Desired survivor size 27262976 bytes, new threshold 15 (max threshold 15)
[2025-04-01T09:53:33.672+0000][33424][info ][gc,phases   ] GC(2)   Pre Evacuate Collection Set: 0.22ms
[2025-04-01T09:53:33.672+0000][33424][info ][gc,phases   ] GC(2)   Merge Heap Roots: 0.10ms
[2025-04-01T09:53:33.672+0000][33424][info ][gc,phases   ] GC(2)   Evacuate Collection Set: 7.18ms
[2025-04-01T09:53:33.672+0000][33424][info ][gc,phases   ] GC(2)   Post Evacuate Collection Set: 0.92ms
[2025-04-01T09:53:33.672+0000][33424][info ][gc,phases   ] GC(2)   Other: 0.10ms
[2025-04-01T09:53:33.672+0000][33424][trace][gc,age      ] GC(2) Age table:
[2025-04-01T09:53:33.672+0000][33424][trace][gc,age      ] GC(2) - age   1:    7816000 bytes,    7816000 total
[2025-04-01T09:53:33.672+0000][33424][trace][gc,age      ] GC(2) - age   2:   14341752 bytes,   22157752 total
[2025-04-01T09:53:33.672+0000][33424][info ][gc,heap     ] GC(2) Eden regions: 96->0(95)
[2025-04-01T09:53:33.672+0000][33424][info ][gc,heap     ] GC(2) Survivor regions: 5->6(13)
[2025-04-01T09:53:33.672+0000][33424][info ][gc,heap     ] GC(2) Old regions: 0->0
[2025-04-01T09:53:33.672+0000][33424][info ][gc,heap     ] GC(2) Humongous regions: 0->0
[2025-04-01T09:53:33.672+0000][33424][info ][gc,metaspace] GC(2) Metaspace: 28875K(29760K)->28875K(29760K) NonClass: 25648K(26176K)->25648K(26176K) Class: 3226K(3584K)->3226K(3584K)
[2025-04-01T09:53:33.672+0000][33424][info ][gc          ] GC(2) Pause Young (Normal) (G1 Evacuation Pause) 400M->22M(8148M) 8.780ms
[2025-04-01T09:53:33.672+0000][33424][info ][gc,cpu      ] GC(2) User=0.00s Sys=0.00s Real=0.01s
[2025-04-01T09:53:33.672+0000][33424][info ][safepoint   ] Safepoint "G1CollectForAllocation", Time since last: 4891087700 ns, Reaching safepoint: 3500 ns, At safepoint: 8838000 ns, Total: 8841500 ns
[2025-04-01T09:53:37.817+0000][33424][info ][gc,start    ] GC(3) Pause Young (Normal) (G1 Evacuation Pause)
[2025-04-01T09:53:37.817+0000][33424][info ][gc,task     ] GC(3) Using 18 workers of 18 for evacuation
[2025-04-01T09:53:37.817+0000][33424][debug][gc,age      ] GC(3) Desired survivor size 27262976 bytes, new threshold 15 (max threshold 15)
[2025-04-01T09:53:37.825+0000][33424][info ][gc,phases   ] GC(3)   Pre Evacuate Collection Set: 0.17ms
[2025-04-01T09:53:37.825+0000][33424][info ][gc,phases   ] GC(3)   Merge Heap Roots: 0.07ms
[2025-04-01T09:53:37.825+0000][33424][info ][gc,phases   ] GC(3)   Evacuate Collection Set: 6.95ms
[2025-04-01T09:53:37.825+0000][33424][info ][gc,phases   ] GC(3)   Post Evacuate Collection Set: 0.89ms
[2025-04-01T09:53:37.825+0000][33424][info ][gc,phases   ] GC(3)   Other: 0.08ms
[2025-04-01T09:53:37.825+0000][33424][trace][gc,age      ] GC(3) Age table:
[2025-04-01T09:53:37.825+0000][33424][trace][gc,age      ] GC(3) - age   1:    4084744 bytes,    4084744 total
[2025-04-01T09:53:37.825+0000][33424][trace][gc,age      ] GC(3) - age   2:    5181512 bytes,    9266256 total
[2025-04-01T09:53:37.825+0000][33424][trace][gc,age      ] GC(3) - age   3:   14339352 bytes,   23605608 total
[2025-04-01T09:53:37.825+0000][33424][info ][gc,heap     ] GC(3) Eden regions: 95->0(94)
[2025-04-01T09:53:37.825+0000][33424][info ][gc,heap     ] GC(3) Survivor regions: 6->7(13)
[2025-04-01T09:53:37.825+0000][33424][info ][gc,heap     ] GC(3) Old regions: 0->0
[2025-04-01T09:53:37.825+0000][33424][info ][gc,heap     ] GC(3) Humongous regions: 0->0
[2025-04-01T09:53:37.825+0000][33424][info ][gc,metaspace] GC(3) Metaspace: 30290K(31296K)->30290K(31296K) NonClass: 26852K(27456K)->26852K(27456K) Class: 3437K(3840K)->3437K(3840K)
[2025-04-01T09:53:37.825+0000][33424][info ][gc          ] GC(3) Pause Young (Normal) (G1 Evacuation Pause) 402M->24M(8148M) 8.397ms
[2025-04-01T09:53:37.825+0000][33424][info ][gc,cpu      ] GC(3) User=0.00s Sys=0.00s Real=0.01s
[2025-04-01T09:53:37.825+0000][33424][info ][safepoint   ] Safepoint "G1CollectForAllocation", Time since last: 4144431000 ns, Reaching safepoint: 3300 ns, At safepoint: 8445500 ns, Total: 8448800 ns
[2025-04-01T09:53:41.255+0000][33424][info ][gc,start    ] GC(4) Pause Young (Normal) (G1 Evacuation Pause)
[2025-04-01T09:53:41.255+0000][33424][info ][gc,task     ] GC(4) Using 18 workers of 18 for evacuation
[2025-04-01T09:53:41.255+0000][33424][debug][gc,age      ] GC(4) Desired survivor size 27262976 bytes, new threshold 15 (max threshold 15)
[2025-04-01T09:53:41.263+0000][33424][info ][gc,phases   ] GC(4)   Pre Evacuate Collection Set: 0.20ms
[2025-04-01T09:53:41.263+0000][33424][info ][gc,phases   ] GC(4)   Merge Heap Roots: 0.08ms
[2025-04-01T09:53:41.263+0000][33424][info ][gc,phases   ] GC(4)   Evacuate Collection Set: 7.33ms
[2025-04-01T09:53:41.263+0000][33424][info ][gc,phases   ] GC(4)   Post Evacuate Collection Set: 0.88ms
[2025-04-01T09:53:41.263+0000][33424][info ][gc,phases   ] GC(4)   Other: 0.11ms
[2025-04-01T09:53:41.263+0000][33424][trace][gc,age      ] GC(4) Age table:
[2025-04-01T09:53:41.263+0000][33424][trace][gc,age      ] GC(4) - age   1:    3708376 bytes,    3708376 total
[2025-04-01T09:53:41.263+0000][33424][trace][gc,age      ] GC(4) - age   2:    3844256 bytes,    7552632 total
[2025-04-01T09:53:41.263+0000][33424][trace][gc,age      ] GC(4) - age   3:    5181040 bytes,   12733672 total
[2025-04-01T09:53:41.263+0000][33424][trace][gc,age      ] GC(4) - age   4:   14339320 bytes,   27072992 total
[2025-04-01T09:53:41.263+0000][33424][info ][gc,heap     ] GC(4) Eden regions: 94->0(93)
[2025-04-01T09:53:41.263+0000][33424][info ][gc,heap     ] GC(4) Survivor regions: 7->8(13)
[2025-04-01T09:53:41.263+0000][33424][info ][gc,heap     ] GC(4) Old regions: 0->0
[2025-04-01T09:53:41.263+0000][33424][info ][gc,heap     ] GC(4) Humongous regions: 0->0
[2025-04-01T09:53:41.263+0000][33424][info ][gc,metaspace] GC(4) Metaspace: 30735K(31744K)->30735K(31744K) NonClass: 27234K(27840K)->27234K(27840K) Class: 3501K(3904K)->3501K(3904K)
[2025-04-01T09:53:41.263+0000][33424][info ][gc          ] GC(4) Pause Young (Normal) (G1 Evacuation Pause) 400M->28M(8148M) 8.861ms
[2025-04-01T09:53:41.263+0000][33424][info ][gc,cpu      ] GC(4) User=0.02s Sys=0.00s Real=0.01s
[2025-04-01T09:53:41.263+0000][33424][info ][safepoint   ] Safepoint "G1CollectForAllocation", Time since last: 3429108800 ns, Reaching safepoint: 2700 ns, At safepoint: 8915100 ns, Total: 8917800 ns
[2025-04-01T09:53:45.806+0000][33424][info ][gc,start    ] GC(5) Pause Young (Concurrent Start) (Metadata GC Threshold)
[2025-04-01T09:53:45.806+0000][33424][info ][gc,task     ] GC(5) Using 18 workers of 18 for evacuation
[2025-04-01T09:53:45.806+0000][33424][debug][gc,age      ] GC(5) Desired survivor size 27262976 bytes, new threshold 15 (max threshold 15)
[2025-04-01T09:53:45.817+0000][33424][info ][gc,phases   ] GC(5)   Pre Evacuate Collection Set: 0.28ms
[2025-04-01T09:53:45.817+0000][33424][info ][gc,phases   ] GC(5)   Merge Heap Roots: 0.08ms
[2025-04-01T09:53:45.817+0000][33424][info ][gc,phases   ] GC(5)   Evacuate Collection Set: 8.80ms
[2025-04-01T09:53:45.817+0000][33424][info ][gc,phases   ] GC(5)   Post Evacuate Collection Set: 1.01ms
[2025-04-01T09:53:45.817+0000][33424][info ][gc,phases   ] GC(5)   Other: 0.11ms
[2025-04-01T09:53:45.817+0000][33424][trace][gc,age      ] GC(5) Age table:
[2025-04-01T09:53:45.817+0000][33424][trace][gc,age      ] GC(5) - age   1:    3576552 bytes,    3576552 total
[2025-04-01T09:53:45.817+0000][33424][trace][gc,age      ] GC(5) - age   2:    2604008 bytes,    6180560 total
[2025-04-01T09:53:45.817+0000][33424][trace][gc,age      ] GC(5) - age   3:    3841328 bytes,   10021888 total
[2025-04-01T09:53:45.817+0000][33424][trace][gc,age      ] GC(5) - age   4:    5179504 bytes,   15201392 total
[2025-04-01T09:53:45.817+0000][33424][trace][gc,age      ] GC(5) - age   5:   14338648 bytes,   29540040 total
[2025-04-01T09:53:45.817+0000][33424][info ][gc,heap     ] GC(5) Eden regions: 52->0(93)
[2025-04-01T09:53:45.817+0000][33424][info ][gc,heap     ] GC(5) Survivor regions: 8->8(13)
[2025-04-01T09:53:45.817+0000][33424][info ][gc,heap     ] GC(5) Old regions: 0->0
[2025-04-01T09:53:45.817+0000][33424][info ][gc,heap     ] GC(5) Humongous regions: 0->0
[2025-04-01T09:53:45.817+0000][33424][info ][gc,metaspace] GC(5) Metaspace: 35144K(36096K)->35144K(36096K) NonClass: 31179K(31744K)->31179K(31744K) Class: 3965K(4352K)->3965K(4352K)
[2025-04-01T09:53:45.818+0000][33424][info ][gc          ] GC(5) Pause Young (Concurrent Start) (Metadata GC Threshold) 234M->31M(8148M) 10.569ms
[2025-04-01T09:53:45.818+0000][33424][info ][gc,cpu      ] GC(5) User=0.02s Sys=0.00s Real=0.01s
[2025-04-01T09:53:45.818+0000][33424][info ][gc          ] GC(6) Concurrent Mark Cycle
[2025-04-01T09:53:45.818+0000][33424][info ][safepoint   ] Safepoint "CollectForMetadataAllocation", Time since last: 4543893300 ns, Reaching safepoint: 2900 ns, At safepoint: 10654600 ns, Total: 10657500 ns
[2025-04-01T09:53:45.818+0000][33424][info ][gc,marking  ] GC(6) Concurrent Scan Root Regions
[2025-04-01T09:53:45.819+0000][33424][info ][gc,marking  ] GC(6) Concurrent Scan Root Regions 1.790ms
[2025-04-01T09:53:45.819+0000][33424][info ][gc,marking  ] GC(6) Concurrent Mark
[2025-04-01T09:53:45.819+0000][33424][info ][gc,marking  ] GC(6) Concurrent Mark From Roots
[2025-04-01T09:53:45.819+0000][33424][info ][gc,task     ] GC(6) Using 5 workers of 5 for marking
[2025-04-01T09:53:45.819+0000][33424][info ][gc,marking  ] GC(6) Concurrent Mark From Roots 0.416ms
[2025-04-01T09:53:45.819+0000][33424][info ][gc,marking  ] GC(6) Concurrent Preclean
[2025-04-01T09:53:45.819+0000][33424][info ][gc,marking  ] GC(6) Concurrent Preclean 0.053ms
[2025-04-01T09:53:45.819+0000][33424][info ][gc,start    ] GC(6) Pause Remark
[2025-04-01T09:53:45.822+0000][33424][info ][gc          ] GC(6) Pause Remark 33M->33M(8148M) 2.586ms
[2025-04-01T09:53:45.822+0000][33424][info ][gc,cpu      ] GC(6) User=0.00s Sys=0.00s Real=0.00s
[2025-04-01T09:53:45.822+0000][33424][info ][safepoint   ] Safepoint "G1PauseRemark", Time since last: 2361000 ns, Reaching safepoint: 12500 ns, At safepoint: 2639200 ns, Total: 2651700 ns
[2025-04-01T09:53:45.822+0000][33424][info ][gc,marking  ] GC(6) Concurrent Mark 3.217ms
[2025-04-01T09:53:45.822+0000][33424][info ][gc,marking  ] GC(6) Concurrent Rebuild Remembered Sets and Scrub Regions
[2025-04-01T09:53:45.822+0000][33424][info ][gc,marking  ] GC(6) Concurrent Rebuild Remembered Sets and Scrub Regions 0.065ms
[2025-04-01T09:53:45.822+0000][33424][info ][gc,start    ] GC(6) Pause Cleanup
[2025-04-01T09:53:45.822+0000][33424][info ][gc          ] GC(6) Pause Cleanup 33M->33M(8148M) 0.030ms
[2025-04-01T09:53:45.822+0000][33424][info ][gc,cpu      ] GC(6) User=0.00s Sys=0.00s Real=0.00s
[2025-04-01T09:53:45.822+0000][33424][info ][safepoint   ] Safepoint "G1PauseCleanup", Time since last: 175900 ns, Reaching safepoint: 22400 ns, At safepoint: 67600 ns, Total: 90000 ns
[2025-04-01T09:53:45.822+0000][33424][info ][gc,marking  ] GC(6) Concurrent Clear Claimed Marks
[2025-04-01T09:53:45.822+0000][33424][info ][gc,marking  ] GC(6) Concurrent Clear Claimed Marks 0.070ms
[2025-04-01T09:53:45.822+0000][33424][info ][gc,marking  ] GC(6) Concurrent Cleanup for Next Mark
[2025-04-01T09:53:45.835+0000][33424][info ][gc,marking  ] GC(6) Concurrent Cleanup for Next Mark 11.450ms
[2025-04-01T09:53:45.835+0000][33424][info ][gc          ] GC(6) Concurrent Mark Cycle 16.983ms
[2025-04-01T09:53:49.059+0000][33424][info ][gc,start    ] GC(7) Pause Young (Normal) (G1 Evacuation Pause)
[2025-04-01T09:53:49.059+0000][33424][info ][gc,task     ] GC(7) Using 18 workers of 18 for evacuation
[2025-04-01T09:53:49.059+0000][33424][debug][gc,age      ] GC(7) Desired survivor size 27262976 bytes, new threshold 5 (max threshold 15)
[2025-04-01T09:53:49.068+0000][33424][info ][gc,phases   ] GC(7)   Pre Evacuate Collection Set: 0.19ms
[2025-04-01T09:53:49.068+0000][33424][info ][gc,phases   ] GC(7)   Merge Heap Roots: 0.08ms
[2025-04-01T09:53:49.068+0000][33424][info ][gc,phases   ] GC(7)   Evacuate Collection Set: 8.09ms
[2025-04-01T09:53:49.068+0000][33424][info ][gc,phases   ] GC(7)   Post Evacuate Collection Set: 0.91ms
[2025-04-01T09:53:49.068+0000][33424][info ][gc,phases   ] GC(7)   Other: 0.09ms
[2025-04-01T09:53:49.068+0000][33424][trace][gc,age      ] GC(7) Age table:
[2025-04-01T09:53:49.068+0000][33424][trace][gc,age      ] GC(7) - age   1:    3716960 bytes,    3716960 total
[2025-04-01T09:53:49.068+0000][33424][trace][gc,age      ] GC(7) - age   2:    3541640 bytes,    7258600 total
[2025-04-01T09:53:49.068+0000][33424][trace][gc,age      ] GC(7) - age   3:    2603912 bytes,    9862512 total
[2025-04-01T09:53:49.068+0000][33424][trace][gc,age      ] GC(7) - age   4:    3840240 bytes,   13702752 total
[2025-04-01T09:53:49.068+0000][33424][trace][gc,age      ] GC(7) - age   5:    5179504 bytes,   18882256 total
[2025-04-01T09:53:49.068+0000][33424][info ][gc,heap     ] GC(7) Eden regions: 93->0(97)
[2025-04-01T09:53:49.068+0000][33424][info ][gc,heap     ] GC(7) Survivor regions: 8->6(13)
[2025-04-01T09:53:49.068+0000][33424][info ][gc,heap     ] GC(7) Old regions: 0->4
[2025-04-01T09:53:49.068+0000][33424][info ][gc,heap     ] GC(7) Humongous regions: 0->0
[2025-04-01T09:53:49.068+0000][33424][info ][gc,metaspace] GC(7) Metaspace: 36935K(38080K)->36935K(38080K) NonClass: 32706K(33408K)->32706K(33408K) Class: 4229K(4672K)->4229K(4672K)
[2025-04-01T09:53:49.068+0000][33424][info ][gc          ] GC(7) Pause Young (Normal) (G1 Evacuation Pause) 403M->35M(8148M) 9.615ms
[2025-04-01T09:53:49.068+0000][33424][info ][gc,cpu      ] GC(7) User=0.17s Sys=0.11s Real=0.01s
[2025-04-01T09:53:49.068+0000][33424][info ][safepoint   ] Safepoint "G1CollectForAllocation", Time since last: 3235200700 ns, Reaching safepoint: 2800 ns, At safepoint: 9721200 ns, Total: 9724000 ns
[2025-04-01T09:53:53.785+0000][33424][info ][gc,start    ] GC(8) Pause Young (Normal) (G1 Evacuation Pause)
[2025-04-01T09:53:53.785+0000][33424][info ][gc,task     ] GC(8) Using 18 workers of 18 for evacuation
[2025-04-01T09:53:53.785+0000][33424][debug][gc,age      ] GC(8) Desired survivor size 27262976 bytes, new threshold 15 (max threshold 15)
[2025-04-01T09:53:53.789+0000][33424][info ][gc,phases   ] GC(8)   Pre Evacuate Collection Set: 0.19ms
[2025-04-01T09:53:53.789+0000][33424][info ][gc,phases   ] GC(8)   Merge Heap Roots: 0.09ms
[2025-04-01T09:53:53.789+0000][33424][info ][gc,phases   ] GC(8)   Evacuate Collection Set: 3.43ms
[2025-04-01T09:53:53.789+0000][33424][info ][gc,phases   ] GC(8)   Post Evacuate Collection Set: 0.56ms
[2025-04-01T09:53:53.789+0000][33424][info ][gc,phases   ] GC(8)   Other: 0.09ms
[2025-04-01T09:53:53.789+0000][33424][trace][gc,age      ] GC(8) Age table:
[2025-04-01T09:53:53.789+0000][33424][trace][gc,age      ] GC(8) - age   1:    3898672 bytes,    3898672 total
[2025-04-01T09:53:53.789+0000][33424][trace][gc,age      ] GC(8) - age   2:    3151288 bytes,    7049960 total
[2025-04-01T09:53:53.789+0000][33424][trace][gc,age      ] GC(8) - age   3:    3541416 bytes,   10591376 total
[2025-04-01T09:53:53.789+0000][33424][trace][gc,age      ] GC(8) - age   4:    2603152 bytes,   13194528 total
[2025-04-01T09:53:53.789+0000][33424][trace][gc,age      ] GC(8) - age   5:    3835856 bytes,   17030384 total
[2025-04-01T09:53:53.789+0000][33424][trace][gc,age      ] GC(8) - age   6:    5178632 bytes,   22209016 total
[2025-04-01T09:53:53.789+0000][33424][info ][gc,heap     ] GC(8) Eden regions: 97->0(108)
[2025-04-01T09:53:53.789+0000][33424][info ][gc,heap     ] GC(8) Survivor regions: 6->6(13)
[2025-04-01T09:53:53.789+0000][33424][info ][gc,heap     ] GC(8) Old regions: 4->4
[2025-04-01T09:53:53.789+0000][33424][info ][gc,heap     ] GC(8) Humongous regions: 0->0
[2025-04-01T09:53:53.789+0000][33424][info ][gc,metaspace] GC(8) Metaspace: 39131K(40256K)->39131K(40256K) NonClass: 34616K(35264K)->34616K(35264K) Class: 4514K(4992K)->4514K(4992K)
[2025-04-01T09:53:53.789+0000][33424][info ][gc          ] GC(8) Pause Young (Normal) (G1 Evacuation Pause) 423M->38M(8148M) 4.631ms
[2025-04-01T09:53:53.789+0000][33424][info ][gc,cpu      ] GC(8) User=0.02s Sys=0.00s Real=0.00s
[2025-04-01T09:53:53.789+0000][33424][info ][safepoint   ] Safepoint "G1CollectForAllocation", Time since last: 4716950700 ns, Reaching safepoint: 3000 ns, At safepoint: 4679700 ns, Total: 4682700 ns
[2025-04-01T09:53:57.523+0000][33424][info ][gc,start    ] GC(9) Pause Young (Normal) (G1 Evacuation Pause)
[2025-04-01T09:53:57.523+0000][33424][info ][gc,task     ] GC(9) Using 18 workers of 18 for evacuation
[2025-04-01T09:53:57.523+0000][33424][debug][gc,age      ] GC(9) Desired survivor size 31457280 bytes, new threshold 15 (max threshold 15)
[2025-04-01T09:53:57.529+0000][33424][info ][gc,phases   ] GC(9)   Pre Evacuate Collection Set: 0.18ms
[2025-04-01T09:53:57.529+0000][33424][info ][gc,phases   ] GC(9)   Merge Heap Roots: 0.09ms
[2025-04-01T09:53:57.529+0000][33424][info ][gc,phases   ] GC(9)   Evacuate Collection Set: 4.11ms
[2025-04-01T09:53:57.529+0000][33424][info ][gc,phases   ] GC(9)   Post Evacuate Collection Set: 0.50ms
[2025-04-01T09:53:57.529+0000][33424][info ][gc,phases   ] GC(9)   Other: 0.09ms
[2025-04-01T09:53:57.529+0000][33424][trace][gc,age      ] GC(9) Age table:
[2025-04-01T09:53:57.529+0000][33424][trace][gc,age      ] GC(9) - age   1:    8710624 bytes,    8710624 total
[2025-04-01T09:53:57.529+0000][33424][trace][gc,age      ] GC(9) - age   2:    3866008 bytes,   12576632 total
[2025-04-01T09:53:57.529+0000][33424][trace][gc,age      ] GC(9) - age   3:    3151224 bytes,   15727856 total
[2025-04-01T09:53:57.529+0000][33424][trace][gc,age      ] GC(9) - age   4:    3541384 bytes,   19269240 total
[2025-04-01T09:53:57.529+0000][33424][trace][gc,age      ] GC(9) - age   5:    2600752 bytes,   21869992 total
[2025-04-01T09:53:57.529+0000][33424][trace][gc,age      ] GC(9) - age   6:    3835536 bytes,   25705528 total
[2025-04-01T09:53:57.529+0000][33424][trace][gc,age      ] GC(9) - age   7:    5175976 bytes,   30881504 total
[2025-04-01T09:53:57.529+0000][33424][info ][gc,heap     ] GC(9) Eden regions: 108->0(116)
[2025-04-01T09:53:57.529+0000][33424][info ][gc,heap     ] GC(9) Survivor regions: 6->9(15)
[2025-04-01T09:53:57.529+0000][33424][info ][gc,heap     ] GC(9) Old regions: 4->4
[2025-04-01T09:53:57.529+0000][33424][info ][gc,heap     ] GC(9) Humongous regions: 0->0
[2025-04-01T09:53:57.529+0000][33424][info ][gc,metaspace] GC(9) Metaspace: 39412K(40640K)->39412K(40640K) NonClass: 34854K(35584K)->34854K(35584K) Class: 4557K(5056K)->4557K(5056K)
[2025-04-01T09:53:57.529+0000][33424][info ][gc          ] GC(9) Pause Young (Normal) (G1 Evacuation Pause) 470M->47M(8148M) 5.244ms
[2025-04-01T09:53:57.529+0000][33424][info ][gc,cpu      ] GC(9) User=0.00s Sys=0.00s Real=0.01s
[2025-04-01T09:53:57.529+0000][33424][info ][safepoint   ] Safepoint "G1CollectForAllocation", Time since last: 3734394400 ns, Reaching safepoint: 2500 ns, At safepoint: 5294000 ns, Total: 5296500 ns
[2025-04-01T09:54:00.330+0000][33424][info ][gc,start    ] GC(10) Pause Young (Normal) (G1 Evacuation Pause)
[2025-04-01T09:54:00.330+0000][33424][info ][gc,task     ] GC(10) Using 18 workers of 18 for evacuation
[2025-04-01T09:54:00.330+0000][33424][debug][gc,age      ] GC(10) Desired survivor size 33554432 bytes, new threshold 15 (max threshold 15)
[2025-04-01T09:54:00.338+0000][33424][info ][gc,phases   ] GC(10)   Pre Evacuate Collection Set: 0.17ms
[2025-04-01T09:54:00.338+0000][33424][info ][gc,phases   ] GC(10)   Merge Heap Roots: 0.13ms
[2025-04-01T09:54:00.338+0000][33424][info ][gc,phases   ] GC(10)   Evacuate Collection Set: 6.19ms
[2025-04-01T09:54:00.338+0000][33424][info ][gc,phases   ] GC(10)   Post Evacuate Collection Set: 0.77ms
[2025-04-01T09:54:00.338+0000][33424][info ][gc,phases   ] GC(10)   Other: 0.09ms
[2025-04-01T09:54:00.338+0000][33424][trace][gc,age      ] GC(10) Age table:
[2025-04-01T09:54:00.338+0000][33424][trace][gc,age      ] GC(10) - age   1:    5971296 bytes,    5971296 total
[2025-04-01T09:54:00.338+0000][33424][trace][gc,age      ] GC(10) - age   2:    6039528 bytes,   12010824 total
[2025-04-01T09:54:00.338+0000][33424][trace][gc,age      ] GC(10) - age   3:    3825728 bytes,   15836552 total
[2025-04-01T09:54:00.338+0000][33424][trace][gc,age      ] GC(10) - age   4:    3133312 bytes,   18969864 total
[2025-04-01T09:54:00.338+0000][33424][trace][gc,age      ] GC(10) - age   5:    3525112 bytes,   22494976 total
[2025-04-01T09:54:00.338+0000][33424][trace][gc,age      ] GC(10) - age   6:    2589584 bytes,   25084560 total
[2025-04-01T09:54:00.338+0000][33424][trace][gc,age      ] GC(10) - age   7:    3818288 bytes,   28902848 total
[2025-04-01T09:54:00.338+0000][33424][trace][gc,age      ] GC(10) - age   8:    4969496 bytes,   33872344 total
[2025-04-01T09:54:00.338+0000][33424][info ][gc,heap     ] GC(10) Eden regions: 116->0(134)
[2025-04-01T09:54:00.339+0000][33424][info ][gc,heap     ] GC(10) Survivor regions: 9->10(16)
[2025-04-01T09:54:00.339+0000][33424][info ][gc,heap     ] GC(10) Old regions: 4->4
[2025-04-01T09:54:00.339+0000][33424][info ][gc,heap     ] GC(10) Humongous regions: 0->0
[2025-04-01T09:54:00.339+0000][33424][info ][gc,metaspace] GC(10) Metaspace: 51478K(52928K)->51478K(52928K) NonClass: 45320K(46208K)->45320K(46208K) Class: 6157K(6720K)->6157K(6720K)
[2025-04-01T09:54:00.339+0000][33424][info ][gc          ] GC(10) Pause Young (Normal) (G1 Evacuation Pause) 511M->51M(8148M) 7.657ms
[2025-04-01T09:54:00.339+0000][33424][info ][gc,cpu      ] GC(10) User=0.22s Sys=0.08s Real=0.01s
[2025-04-01T09:54:00.339+0000][33424][info ][safepoint   ] Safepoint "G1CollectForAllocation", Time since last: 2801278400 ns, Reaching safepoint: 4100 ns, At safepoint: 7716900 ns, Total: 7721000 ns
[2025-04-01T09:54:00.976+0000][33424][info ][gc,start    ] GC(11) Pause Young (Concurrent Start) (Metadata GC Threshold)
[2025-04-01T09:54:00.976+0000][33424][info ][gc,task     ] GC(11) Using 18 workers of 18 for evacuation
[2025-04-01T09:54:00.976+0000][33424][debug][gc,age      ] GC(11) Desired survivor size 37748736 bytes, new threshold 15 (max threshold 15)
[2025-04-01T09:54:00.984+0000][33424][info ][gc,phases   ] GC(11)   Pre Evacuate Collection Set: 0.25ms
[2025-04-01T09:54:00.984+0000][33424][info ][gc,phases   ] GC(11)   Merge Heap Roots: 0.08ms
[2025-04-01T09:54:00.984+0000][33424][info ][gc,phases   ] GC(11)   Evacuate Collection Set: 6.67ms
[2025-04-01T09:54:00.984+0000][33424][info ][gc,phases   ] GC(11)   Post Evacuate Collection Set: 0.62ms
[2025-04-01T09:54:00.984+0000][33424][info ][gc,phases   ] GC(11)   Other: 0.09ms
[2025-04-01T09:54:00.984+0000][33424][trace][gc,age      ] GC(11) Age table:
[2025-04-01T09:54:00.984+0000][33424][trace][gc,age      ] GC(11) - age   1:    1515088 bytes,    1515088 total
[2025-04-01T09:54:00.984+0000][33424][trace][gc,age      ] GC(11) - age   2:    5776160 bytes,    7291248 total
[2025-04-01T09:54:00.984+0000][33424][trace][gc,age      ] GC(11) - age   3:    6037760 bytes,   13329008 total
[2025-04-01T09:54:00.984+0000][33424][trace][gc,age      ] GC(11) - age   4:    3825632 bytes,   17154640 total
[2025-04-01T09:54:00.984+0000][33424][trace][gc,age      ] GC(11) - age   5:    3131384 bytes,   20286024 total
[2025-04-01T09:54:00.984+0000][33424][trace][gc,age      ] GC(11) - age   6:    3524592 bytes,   23810616 total
[2025-04-01T09:54:00.984+0000][33424][trace][gc,age      ] GC(11) - age   7:    2589584 bytes,   26400200 total
[2025-04-01T09:54:00.984+0000][33424][trace][gc,age      ] GC(11) - age   8:    3817424 bytes,   30217624 total
[2025-04-01T09:54:00.984+0000][33424][trace][gc,age      ] GC(11) - age   9:    4967848 bytes,   35185472 total
[2025-04-01T09:54:00.984+0000][33424][info ][gc,heap     ] GC(11) Eden regions: 21->0(182)
[2025-04-01T09:54:00.984+0000][33424][info ][gc,heap     ] GC(11) Survivor regions: 10->10(18)
[2025-04-01T09:54:00.984+0000][33424][info ][gc,heap     ] GC(11) Old regions: 4->4
[2025-04-01T09:54:00.984+0000][33424][info ][gc,heap     ] GC(11) Humongous regions: 0->0
[2025-04-01T09:54:00.984+0000][33424][info ][gc,metaspace] GC(11) Metaspace: 59000K(60480K)->59000K(60480K) NonClass: 51737K(52672K)->51737K(52672K) Class: 7262K(7808K)->7262K(7808K)
[2025-04-01T09:54:00.984+0000][33424][info ][gc          ] GC(11) Pause Young (Concurrent Start) (Metadata GC Threshold) 135M->52M(8148M) 8.003ms
[2025-04-01T09:54:00.984+0000][33424][info ][gc          ] GC(12) Concurrent Mark Cycle
[2025-04-01T09:54:00.984+0000][33424][info ][gc,cpu      ] GC(11) User=0.00s Sys=0.00s Real=0.01s
[2025-04-01T09:54:00.984+0000][33424][info ][gc,marking  ] GC(12) Concurrent Scan Root Regions
[2025-04-01T09:54:00.984+0000][33424][info ][safepoint   ] Safepoint "CollectForMetadataAllocation", Time since last: 638028100 ns, Reaching safepoint: 2700 ns, At safepoint: 8117800 ns, Total: 8120500 ns
[2025-04-01T09:54:00.987+0000][33424][info ][gc,marking  ] GC(12) Concurrent Scan Root Regions 2.168ms
[2025-04-01T09:54:00.987+0000][33424][info ][gc,marking  ] GC(12) Concurrent Mark
[2025-04-01T09:54:00.987+0000][33424][info ][gc,marking  ] GC(12) Concurrent Mark From Roots
[2025-04-01T09:54:00.987+0000][33424][info ][gc,task     ] GC(12) Using 5 workers of 5 for marking
[2025-04-01T09:54:00.992+0000][33424][info ][gc,marking  ] GC(12) Concurrent Mark From Roots 5.019ms
[2025-04-01T09:54:00.992+0000][33424][info ][gc,marking  ] GC(12) Concurrent Preclean
[2025-04-01T09:54:00.992+0000][33424][info ][gc,marking  ] GC(12) Concurrent Preclean 0.046ms
[2025-04-01T09:54:00.992+0000][33424][info ][gc,start    ] GC(12) Pause Remark
[2025-04-01T09:54:00.995+0000][33424][info ][gc          ] GC(12) Pause Remark 54M->54M(8148M) 2.700ms
[2025-04-01T09:54:00.995+0000][33424][info ][gc,cpu      ] GC(12) User=0.00s Sys=0.00s Real=0.00s
[2025-04-01T09:54:00.995+0000][33424][info ][safepoint   ] Safepoint "G1PauseRemark", Time since last: 7271400 ns, Reaching safepoint: 43700 ns, At safepoint: 2757400 ns, Total: 2801100 ns
[2025-04-01T09:54:00.995+0000][33424][info ][gc,marking  ] GC(12) Concurrent Mark 7.954ms
[2025-04-01T09:54:00.995+0000][33424][info ][gc,marking  ] GC(12) Concurrent Rebuild Remembered Sets and Scrub Regions
[2025-04-01T09:54:00.996+0000][33424][info ][gc,marking  ] GC(12) Concurrent Rebuild Remembered Sets and Scrub Regions 1.402ms
[2025-04-01T09:54:00.996+0000][33424][info ][gc,start    ] GC(12) Pause Cleanup
[2025-04-01T09:54:00.996+0000][33424][info ][gc          ] GC(12) Pause Cleanup 54M->54M(8148M) 0.040ms
[2025-04-01T09:54:00.996+0000][33424][info ][gc,cpu      ] GC(12) User=0.00s Sys=0.00s Real=0.00s
[2025-04-01T09:54:00.996+0000][33424][info ][safepoint   ] Safepoint "G1PauseCleanup", Time since last: 1489000 ns, Reaching safepoint: 22600 ns, At safepoint: 75200 ns, Total: 97800 ns
[2025-04-01T09:54:00.996+0000][33424][info ][gc,marking  ] GC(12) Concurrent Clear Claimed Marks
[2025-04-01T09:54:00.996+0000][33424][info ][gc,marking  ] GC(12) Concurrent Clear Claimed Marks 0.042ms
[2025-04-01T09:54:00.996+0000][33424][info ][gc,marking  ] GC(12) Concurrent Cleanup for Next Mark
[2025-04-01T09:54:01.004+0000][33424][info ][gc,marking  ] GC(12) Concurrent Cleanup for Next Mark 8.182ms
[2025-04-01T09:54:01.004+0000][33424][info ][gc          ] GC(12) Concurrent Mark Cycle 20.034ms
[2025-04-01T09:54:03.347+0000][33424][info ][gc,start    ] GC(13) Pause Young (Normal) (G1 Evacuation Pause)
[2025-04-01T09:54:03.347+0000][33424][info ][gc,task     ] GC(13) Using 18 workers of 18 for evacuation
[2025-04-01T09:54:03.347+0000][33424][debug][gc,age      ] GC(13) Desired survivor size 50331648 bytes, new threshold 15 (max threshold 15)
[2025-04-01T09:54:03.359+0000][33424][info ][gc,phases   ] GC(13)   Pre Evacuate Collection Set: 0.18ms
[2025-04-01T09:54:03.359+0000][33424][info ][gc,phases   ] GC(13)   Merge Heap Roots: 0.10ms
[2025-04-01T09:54:03.359+0000][33424][info ][gc,phases   ] GC(13)   Evacuate Collection Set: 10.65ms
[2025-04-01T09:54:03.359+0000][33424][info ][gc,phases   ] GC(13)   Post Evacuate Collection Set: 1.01ms
[2025-04-01T09:54:03.359+0000][33424][info ][gc,phases   ] GC(13)   Other: 0.10ms
[2025-04-01T09:54:03.359+0000][33424][trace][gc,age      ] GC(13) Age table:
[2025-04-01T09:54:03.359+0000][33424][trace][gc,age      ] GC(13) - age   1:   12289704 bytes,   12289704 total
[2025-04-01T09:54:03.359+0000][33424][trace][gc,age      ] GC(13) - age   2:    1380624 bytes,   13670328 total
[2025-04-01T09:54:03.359+0000][33424][trace][gc,age      ] GC(13) - age   3:    5590992 bytes,   19261320 total
[2025-04-01T09:54:03.359+0000][33424][trace][gc,age      ] GC(13) - age   4:    5996488 bytes,   25257808 total
[2025-04-01T09:54:03.359+0000][33424][trace][gc,age      ] GC(13) - age   5:    3817432 bytes,   29075240 total
[2025-04-01T09:54:03.359+0000][33424][trace][gc,age      ] GC(13) - age   6:    3128064 bytes,   32203304 total
[2025-04-01T09:54:03.359+0000][33424][trace][gc,age      ] GC(13) - age   7:    3519832 bytes,   35723136 total
[2025-04-01T09:54:03.359+0000][33424][trace][gc,age      ] GC(13) - age   8:    2581592 bytes,   38304728 total
[2025-04-01T09:54:03.359+0000][33424][trace][gc,age      ] GC(13) - age   9:    3804272 bytes,   42109000 total
[2025-04-01T09:54:03.359+0000][33424][trace][gc,age      ] GC(13) - age  10:    4942664 bytes,   47051664 total
[2025-04-01T09:54:03.359+0000][33424][info ][gc,heap     ] GC(13) Eden regions: 182->0(172)
[2025-04-01T09:54:03.359+0000][33424][info ][gc,heap     ] GC(13) Survivor regions: 10->13(24)
[2025-04-01T09:54:03.359+0000][33424][info ][gc,heap     ] GC(13) Old regions: 4->4
[2025-04-01T09:54:03.359+0000][33424][info ][gc,heap     ] GC(13) Humongous regions: 0->0
[2025-04-01T09:54:03.359+0000][33424][info ][gc,metaspace] GC(13) Metaspace: 78018K(79936K)->78018K(79936K) NonClass: 67524K(68672K)->67524K(68672K) Class: 10493K(11264K)->10493K(11264K)
[2025-04-01T09:54:03.359+0000][33424][info ][gc          ] GC(13) Pause Young (Normal) (G1 Evacuation Pause) 780M->63M(8148M) 12.368ms
[2025-04-01T09:54:03.359+0000][33424][info ][gc,cpu      ] GC(13) User=0.25s Sys=0.05s Real=0.01s
[2025-04-01T09:54:03.359+0000][33424][info ][safepoint   ] Safepoint "G1CollectForAllocation", Time since last: 2350207700 ns, Reaching safepoint: 2700 ns, At safepoint: 12428900 ns, Total: 12431600 ns
[2025-04-01T09:54:05.285+0000][33424][info ][gc,start    ] GC(14) Pause Young (Concurrent Start) (Metadata GC Threshold)
[2025-04-01T09:54:05.285+0000][33424][info ][gc,task     ] GC(14) Using 18 workers of 18 for evacuation
[2025-04-01T09:54:05.287+0000][33424][debug][gc,age      ] GC(14) Desired survivor size 50331648 bytes, new threshold 15 (max threshold 15)
[2025-04-01T09:54:05.304+0000][33424][info ][gc,phases   ] GC(14)   Pre Evacuate Collection Set: 0.26ms
[2025-04-01T09:54:05.304+0000][33424][info ][gc,phases   ] GC(14)   Merge Heap Roots: 0.08ms
[2025-04-01T09:54:05.304+0000][33424][info ][gc,phases   ] GC(14)   Evacuate Collection Set: 15.31ms
[2025-04-01T09:54:05.304+0000][33424][info ][gc,phases   ] GC(14)   Post Evacuate Collection Set: 1.28ms
[2025-04-01T09:54:05.304+0000][33424][info ][gc,phases   ] GC(14)   Other: 0.12ms
[2025-04-01T09:54:05.304+0000][33424][trace][gc,age      ] GC(14) Age table:
[2025-04-01T09:54:05.304+0000][33424][trace][gc,age      ] GC(14) - age   1:   10369224 bytes,   10369224 total
[2025-04-01T09:54:05.304+0000][33424][trace][gc,age      ] GC(14) - age   2:   11335920 bytes,   21705144 total
[2025-04-01T09:54:05.304+0000][33424][trace][gc,age      ] GC(14) - age   3:    1372528 bytes,   23077672 total
[2025-04-01T09:54:05.304+0000][33424][trace][gc,age      ] GC(14) - age   4:    5461264 bytes,   28538936 total
[2025-04-01T09:54:05.304+0000][33424][trace][gc,age      ] GC(14) - age   5:    5992248 bytes,   34531184 total
[2025-04-01T09:54:05.304+0000][33424][trace][gc,age      ] GC(14) - age   6:    3802120 bytes,   38333304 total
[2025-04-01T09:54:05.304+0000][33424][trace][gc,age      ] GC(14) - age   7:    3120136 bytes,   41453440 total
[2025-04-01T09:54:05.304+0000][33424][trace][gc,age      ] GC(14) - age   8:    3508752 bytes,   44962192 total
[2025-04-01T09:54:05.304+0000][33424][trace][gc,age      ] GC(14) - age   9:    2578096 bytes,   47540288 total
[2025-04-01T09:54:05.304+0000][33424][trace][gc,age      ] GC(14) - age  10:    3800360 bytes,   51340648 total
[2025-04-01T09:54:05.304+0000][33424][trace][gc,age      ] GC(14) - age  11:    4932384 bytes,   56273032 total
[2025-04-01T09:54:05.304+0000][33424][info ][gc,heap     ] GC(14) Eden regions: 73->0(232)
[2025-04-01T09:54:05.304+0000][33424][info ][gc,heap     ] GC(14) Survivor regions: 13->15(24)
[2025-04-01T09:54:05.304+0000][33424][info ][gc,heap     ] GC(14) Old regions: 4->4
[2025-04-01T09:54:05.304+0000][33424][info ][gc,heap     ] GC(14) Humongous regions: 0->0
[2025-04-01T09:54:05.304+0000][33424][info ][gc,metaspace] GC(14) Metaspace: 99055K(101120K)->99055K(101120K) NonClass: 85564K(86784K)->85564K(86784K) Class: 13490K(14336K)->13490K(14336K)
[2025-04-01T09:54:05.304+0000][33424][info ][gc          ] GC(14) Pause Young (Concurrent Start) (Metadata GC Threshold) 355M->74M(8148M) 17.389ms
[2025-04-01T09:54:05.304+0000][33424][info ][gc          ] GC(15) Concurrent Mark Cycle
[2025-04-01T09:54:05.304+0000][33424][info ][gc,cpu      ] GC(14) User=0.16s Sys=0.06s Real=0.02s
[2025-04-01T09:54:05.304+0000][33424][info ][gc,marking  ] GC(15) Concurrent Scan Root Regions
[2025-04-01T09:54:05.304+0000][33424][info ][safepoint   ] Safepoint "CollectForMetadataAllocation", Time since last: 1927663600 ns, Reaching safepoint: 3100 ns, At safepoint: 17518500 ns, Total: 17521600 ns
[2025-04-01T09:54:05.308+0000][33424][info ][gc,marking  ] GC(15) Concurrent Scan Root Regions 4.118ms
[2025-04-01T09:54:05.308+0000][33424][info ][gc,marking  ] GC(15) Concurrent Mark
[2025-04-01T09:54:05.308+0000][33424][info ][gc,marking  ] GC(15) Concurrent Mark From Roots
[2025-04-01T09:54:05.308+0000][33424][info ][gc,task     ] GC(15) Using 5 workers of 5 for marking
[2025-04-01T09:54:05.312+0000][33424][info ][gc,marking  ] GC(15) Concurrent Mark From Roots 4.495ms
[2025-04-01T09:54:05.312+0000][33424][info ][gc,marking  ] GC(15) Concurrent Preclean
[2025-04-01T09:54:05.312+0000][33424][info ][gc,marking  ] GC(15) Concurrent Preclean 0.060ms
[2025-04-01T09:54:05.312+0000][33424][info ][gc,start    ] GC(15) Pause Remark
[2025-04-01T09:54:05.316+0000][33424][info ][gc          ] GC(15) Pause Remark 77M->77M(8148M) 2.845ms
[2025-04-01T09:54:05.316+0000][33424][info ][gc,cpu      ] GC(15) User=0.00s Sys=0.00s Real=0.00s
[2025-04-01T09:54:05.316+0000][33424][info ][safepoint   ] Safepoint "G1PauseRemark", Time since last: 8720500 ns, Reaching safepoint: 2900 ns, At safepoint: 2906300 ns, Total: 2909200 ns
[2025-04-01T09:54:05.316+0000][33424][info ][gc,marking  ] GC(15) Concurrent Mark 7.567ms
[2025-04-01T09:54:05.316+0000][33424][info ][gc,marking  ] GC(15) Concurrent Rebuild Remembered Sets and Scrub Regions
[2025-04-01T09:54:05.316+0000][33424][info ][gc,marking  ] GC(15) Concurrent Rebuild Remembered Sets and Scrub Regions 1.482ms
[2025-04-01T09:54:05.318+0000][33424][info ][gc,start    ] GC(15) Pause Cleanup
[2025-04-01T09:54:05.318+0000][33424][info ][gc          ] GC(15) Pause Cleanup 77M->77M(8148M) 0.041ms
[2025-04-01T09:54:05.318+0000][33424][info ][gc,cpu      ] GC(15) User=0.00s Sys=0.00s Real=0.00s
[2025-04-01T09:54:05.318+0000][33424][info ][safepoint   ] Safepoint "G1PauseCleanup", Time since last: 1565800 ns, Reaching safepoint: 12400 ns, At safepoint: 81000 ns, Total: 93400 ns
[2025-04-01T09:54:05.318+0000][33424][info ][gc,marking  ] GC(15) Concurrent Clear Claimed Marks
[2025-04-01T09:54:05.318+0000][33424][info ][gc,marking  ] GC(15) Concurrent Clear Claimed Marks 0.032ms
[2025-04-01T09:54:05.318+0000][33424][info ][gc,marking  ] GC(15) Concurrent Cleanup for Next Mark
[2025-04-01T09:54:05.327+0000][33424][info ][gc,marking  ] GC(15) Concurrent Cleanup for Next Mark 9.454ms
[2025-04-01T09:54:05.327+0000][33424][info ][gc          ] GC(15) Concurrent Mark Cycle 22.945ms
[2025-04-01T09:54:09.590+0000][33424][info ][gc,start    ] GC(16) Pause Young (Normal) (G1 Evacuation Pause)
[2025-04-01T09:54:09.590+0000][33424][info ][gc,task     ] GC(16) Using 18 workers of 18 for evacuation
[2025-04-01T09:54:09.590+0000][33424][debug][gc,age      ] GC(16) Desired survivor size 65011712 bytes, new threshold 15 (max threshold 15)
[2025-04-01T09:54:09.623+0000][33424][info ][gc,phases   ] GC(16)   Pre Evacuate Collection Set: 0.24ms
[2025-04-01T09:54:09.623+0000][33424][info ][gc,phases   ] GC(16)   Merge Heap Roots: 0.12ms
[2025-04-01T09:54:09.623+0000][33424][info ][gc,phases   ] GC(16)   Evacuate Collection Set: 29.60ms
[2025-04-01T09:54:09.623+0000][33424][info ][gc,phases   ] GC(16)   Post Evacuate Collection Set: 2.24ms
[2025-04-01T09:54:09.623+0000][33424][info ][gc,phases   ] GC(16)   Other: 0.11ms
[2025-04-01T09:54:09.623+0000][33424][trace][gc,age      ] GC(16) Age table:
[2025-04-01T09:54:09.623+0000][33424][trace][gc,age      ] GC(16) - age   1:   37085424 bytes,   37085424 total
[2025-04-01T09:54:09.623+0000][33424][trace][gc,age      ] GC(16) - age   2:    9958904 bytes,   47044328 total
[2025-04-01T09:54:09.623+0000][33424][trace][gc,age      ] GC(16) - age   3:   11168296 bytes,   58212624 total
[2025-04-01T09:54:09.623+0000][33424][trace][gc,age      ] GC(16) - age   4:    1366936 bytes,   59579560 total
[2025-04-01T09:54:09.623+0000][33424][trace][gc,age      ] GC(16) - age   5:    5433672 bytes,   65013232 total
[2025-04-01T09:54:09.623+0000][33424][trace][gc,age      ] GC(16) - age   6:    5989352 bytes,   71002584 total
[2025-04-01T09:54:09.623+0000][33424][trace][gc,age      ] GC(16) - age   7:    3796192 bytes,   74798776 total
[2025-04-01T09:54:09.623+0000][33424][trace][gc,age      ] GC(16) - age   8:    3116856 bytes,   77915632 total
[2025-04-01T09:54:09.623+0000][33424][trace][gc,age      ] GC(16) - age   9:    3506184 bytes,   81421816 total
[2025-04-01T09:54:09.623+0000][33424][trace][gc,age      ] GC(16) - age  10:    2573136 bytes,   83994952 total
[2025-04-01T09:54:09.623+0000][33424][trace][gc,age      ] GC(16) - age  11:    3793944 bytes,   87788896 total
[2025-04-01T09:54:09.623+0000][33424][trace][gc,age      ] GC(16) - age  12:    4925024 bytes,   92713920 total
[2025-04-01T09:54:09.623+0000][33424][info ][gc,heap     ] GC(16) Eden regions: 232->0(218)
[2025-04-01T09:54:09.623+0000][33424][info ][gc,heap     ] GC(16) Survivor regions: 15->25(31)
[2025-04-01T09:54:09.623+0000][33424][info ][gc,heap     ] GC(16) Old regions: 4->4
[2025-04-01T09:54:09.623+0000][33424][info ][gc,heap     ] GC(16) Humongous regions: 2->2
[2025-04-01T09:54:09.623+0000][33424][info ][gc,metaspace] GC(16) Metaspace: 146342K(150528K)->146342K(150528K) NonClass: 125451K(127744K)->125451K(127744K) Class: 20890K(22784K)->20890K(22784K)
[2025-04-01T09:54:09.623+0000][33424][info ][gc          ] GC(16) Pause Young (Normal) (G1 Evacuation Pause) 1010M->119M(8148M) 32.655ms
[2025-04-01T09:54:09.623+0000][33424][info ][gc,cpu      ] GC(16) User=0.31s Sys=0.03s Real=0.03s
[2025-04-01T09:54:09.623+0000][33424][info ][safepoint   ] Safepoint "G1CollectForAllocation", Time since last: 4272800900 ns, Reaching safepoint: 9400 ns, At safepoint: 32760900 ns, Total: 32770300 ns
[2025-04-01T10:02:21.748+0000][33424][info ][gc,start    ] GC(17) Pause Young (Normal) (G1 Evacuation Pause)
[2025-04-01T10:02:21.748+0000][33424][info ][gc,task     ] GC(17) Using 18 workers of 18 for evacuation
[2025-04-01T10:02:21.748+0000][33424][debug][gc,age      ] GC(17) Desired survivor size 65011712 bytes, new threshold 5 (max threshold 15)
[2025-04-01T10:02:21.779+0000][33424][info ][gc,phases   ] GC(17)   Pre Evacuate Collection Set: 0.25ms
[2025-04-01T10:02:21.779+0000][33424][info ][gc,phases   ] GC(17)   Merge Heap Roots: 0.13ms
[2025-04-01T10:02:21.779+0000][33424][info ][gc,phases   ] GC(17)   Evacuate Collection Set: 27.68ms
[2025-04-01T10:02:21.779+0000][33424][info ][gc,phases   ] GC(17)   Post Evacuate Collection Set: 2.35ms
[2025-04-01T10:02:21.779+0000][33424][info ][gc,phases   ] GC(17)   Other: 0.11ms
[2025-04-01T10:02:21.779+0000][33424][trace][gc,age      ] GC(17) Age table:
[2025-04-01T10:02:21.779+0000][33424][trace][gc,age      ] GC(17) - age   1:   45702656 bytes,   45702656 total
[2025-04-01T10:02:21.779+0000][33424][trace][gc,age      ] GC(17) - age   2:   34859872 bytes,   80562528 total
[2025-04-01T10:02:21.779+0000][33424][trace][gc,age      ] GC(17) - age   3:    9956664 bytes,   90519192 total
[2025-04-01T10:02:21.779+0000][33424][trace][gc,age      ] GC(17) - age   4:   11168248 bytes,  101687440 total
[2025-04-01T10:02:21.779+0000][33424][trace][gc,age      ] GC(17) - age   5:    1366872 bytes,  103054312 total
[2025-04-01T10:02:21.779+0000][33424][info ][gc,heap     ] GC(17) Eden regions: 218->0(270)
[2025-04-01T10:02:21.779+0000][33424][info ][gc,heap     ] GC(17) Survivor regions: 25->28(31)
[2025-04-01T10:02:21.779+0000][33424][info ][gc,heap     ] GC(17) Old regions: 4->12
[2025-04-01T10:02:21.779+0000][33424][info ][gc,heap     ] GC(17) Humongous regions: 2->2
[2025-04-01T10:02:21.779+0000][33424][info ][gc,metaspace] GC(17) Metaspace: 150048K(154304K)->150048K(154304K) NonClass: 128745K(131072K)->128745K(131072K) Class: 21302K(23232K)->21302K(23232K)
[2025-04-01T10:02:21.779+0000][33424][info ][gc          ] GC(17) Pause Young (Normal) (G1 Evacuation Pause) 991M->167M(8148M) 30.849ms
[2025-04-01T10:02:21.779+0000][33424][info ][gc,cpu      ] GC(17) User=0.41s Sys=0.06s Real=0.03s
[2025-04-01T10:02:21.779+0000][33424][info ][safepoint   ] Safepoint "G1CollectForAllocation", Time since last: 492125158200 ns, Reaching safepoint: 18800 ns, At safepoint: 30967600 ns, Total: 30986400 ns
[2025-04-01T10:03:42.466+0000][33424][info ][gc,heap,exit] Heap
[2025-04-01T10:03:42.466+0000][33424][info ][gc,heap,exit]  garbage-first heap   total reserved 8343552K, committed 8343552K, used 345775K [0x0000000602c00000, 0x0000000800000000)
[2025-04-01T10:03:42.466+0000][33424][info ][gc,heap,exit]   region size 4096K, 71 young (290816K), 28 survivors (114688K)
[2025-04-01T10:03:42.466+0000][33424][info ][gc,heap,exit]  Metaspace       used 150750K, committed 155008K, reserved 1245184K
[2025-04-01T10:03:42.466+0000][33424][info ][gc,heap,exit]   class space    used 21402K, committed 23296K, reserved 1048576K
