[2025-03-12T11:57:18.485+0000][29688][info][gc,init] CardTable entry size: 512
[2025-03-12T11:57:18.487+0000][29688][info][gc     ] Using G1
[2025-03-12T11:57:22.031+0000][29688][info][gc,init] Version: 23+37-2369 (release)
[2025-03-12T11:57:22.031+0000][29688][info][gc,init] CPUs: 24 total, 24 available
[2025-03-12T11:57:22.031+0000][29688][info][gc,init] Memory: 16296M
[2025-03-12T11:57:22.031+0000][29688][info][gc,init] Large Page Support: Disabled
[2025-03-12T11:57:22.031+0000][29688][info][gc,init] NUMA Support: Disabled
[2025-03-12T11:57:22.031+0000][29688][info][gc,init] Compressed Oops: Enabled (Zero based)
[2025-03-12T11:57:22.031+0000][29688][info][gc,init] Heap Region Size: 4M
[2025-03-12T11:57:22.031+0000][29688][info][gc,init] Heap Min Capacity: 8148M
[2025-03-12T11:57:22.031+0000][29688][info][gc,init] Heap Initial Capacity: 8148M
[2025-03-12T11:57:22.031+0000][29688][info][gc,init] Heap Max Capacity: 8148M
[2025-03-12T11:57:22.031+0000][29688][info][gc,init] Pre-touch: Enabled
[2025-03-12T11:57:22.031+0000][29688][info][gc,init] Parallel Workers: 18
[2025-03-12T11:57:22.031+0000][29688][info][gc,init] Concurrent Workers: 5
[2025-03-12T11:57:22.031+0000][29688][info][gc,init] Concurrent Refinement Workers: 18
[2025-03-12T11:57:22.031+0000][29688][info][gc,init] Periodic GC: Disabled
[2025-03-12T11:57:22.040+0000][29688][info][gc,metaspace] CDS archive(s) mapped at: [0x000001a8b0000000-0x000001a8b0d70000-0x000001a8b0d70000), size 14090240, SharedBaseAddress: 0x000001a8b0000000, ArchiveRelocationMode: 1.
[2025-03-12T11:57:22.040+0000][29688][info][gc,metaspace] Compressed class space mapped at: 0x000001a8b1000000-0x000001a8f1000000, reserved size: 1073741824
[2025-03-12T11:57:22.040+0000][29688][info][gc,metaspace] Narrow klass base: 0x000001a8b0000000, Narrow klass shift: 0, Narrow klass range: 0x41000000
[2025-03-12T11:57:24.966+0000][29688][info][gc,start    ] GC(0) Pause Young (Concurrent Start) (Metadata GC Threshold)
[2025-03-12T11:57:24.969+0000][29688][info][gc,task     ] GC(0) Using 18 workers of 18 for evacuation
[2025-03-12T11:57:24.969+0000][29688][debug][gc,age      ] GC(0) Desired survivor size 27262976 bytes, new threshold 15 (max threshold 15)
[2025-03-12T11:57:24.977+0000][29688][info ][gc,phases   ] GC(0)   Pre Evacuate Collection Set: 0.45ms
[2025-03-12T11:57:24.977+0000][29688][info ][gc,phases   ] GC(0)   Merge Heap Roots: 0.15ms
[2025-03-12T11:57:24.977+0000][29688][info ][gc,phases   ] GC(0)   Evacuate Collection Set: 5.99ms
[2025-03-12T11:57:24.977+0000][29688][info ][gc,phases   ] GC(0)   Post Evacuate Collection Set: 1.08ms
[2025-03-12T11:57:24.977+0000][29688][info ][gc,phases   ] GC(0)   Other: 3.24ms
[2025-03-12T11:57:24.977+0000][29688][trace][gc,age      ] GC(0) Age table:
[2025-03-12T11:57:24.977+0000][29688][trace][gc,age      ] GC(0) - age   1:   15277408 bytes,   15277408 total
[2025-03-12T11:57:24.977+0000][29688][info ][gc,heap     ] GC(0) Eden regions: 68->0(96)
[2025-03-12T11:57:24.977+0000][29688][info ][gc,heap     ] GC(0) Survivor regions: 0->5(13)
[2025-03-12T11:57:24.977+0000][29688][info ][gc,heap     ] GC(0) Old regions: 0->0
[2025-03-12T11:57:24.977+0000][29688][info ][gc,heap     ] GC(0) Humongous regions: 0->0
[2025-03-12T11:57:24.977+0000][29688][info ][gc,metaspace] GC(0) Metaspace: 20788K(21504K)->20788K(21504K) NonClass: 18465K(18880K)->18465K(18880K) Class: 2322K(2624K)->2322K(2624K)
[2025-03-12T11:57:24.977+0000][29688][info ][gc          ] GC(0) Pause Young (Concurrent Start) (Metadata GC Threshold) 270M->16M(8148M) 11.196ms
[2025-03-12T11:57:24.977+0000][29688][info ][gc,cpu      ] GC(0) User=0.00s Sys=0.00s Real=0.01s
[2025-03-12T11:57:24.977+0000][29688][info ][gc          ] GC(1) Concurrent Mark Cycle
[2025-03-12T11:57:24.977+0000][29688][info ][gc,marking  ] GC(1) Concurrent Scan Root Regions
[2025-03-12T11:57:24.977+0000][29688][info ][safepoint   ] Safepoint "CollectForMetadataAllocation", Time since last: 2920844300 ns, Reaching safepoint: 36700 ns, At safepoint: 11297400 ns, Total: 11334100 ns
[2025-03-12T11:57:24.984+0000][29688][info ][gc,marking  ] GC(1) Concurrent Scan Root Regions 7.214ms
[2025-03-12T11:57:24.984+0000][29688][info ][gc,marking  ] GC(1) Concurrent Mark
[2025-03-12T11:57:24.985+0000][29688][info ][gc,marking  ] GC(1) Concurrent Mark From Roots
[2025-03-12T11:57:24.985+0000][29688][info ][gc,task     ] GC(1) Using 5 workers of 5 for marking
[2025-03-12T11:57:24.997+0000][29688][info ][safepoint   ] Safepoint "CollectForMetadataAllocation", Time since last: 12092200 ns, Reaching safepoint: 8042700 ns, At safepoint: 76700 ns, Total: 8119400 ns
[2025-03-12T11:57:24.997+0000][29688][info ][gc,marking  ] GC(1) Concurrent Mark From Roots 12.991ms
[2025-03-12T11:57:24.997+0000][29688][info ][gc,marking  ] GC(1) Concurrent Preclean
[2025-03-12T11:57:24.997+0000][29688][info ][gc,marking  ] GC(1) Concurrent Preclean 0.014ms
[2025-03-12T11:57:24.997+0000][29688][info ][gc,start    ] GC(1) Pause Remark
[2025-03-12T11:57:24.999+0000][29688][info ][gc          ] GC(1) Pause Remark 22M->22M(8148M) 1.837ms
[2025-03-12T11:57:24.999+0000][29688][info ][gc,cpu      ] GC(1) User=0.00s Sys=0.00s Real=0.00s
[2025-03-12T11:57:24.999+0000][29688][info ][safepoint   ] Safepoint "G1PauseRemark", Time since last: 164100 ns, Reaching safepoint: 23800 ns, At safepoint: 1893500 ns, Total: 1917300 ns
[2025-03-12T11:57:24.999+0000][29688][info ][gc,marking  ] GC(1) Concurrent Mark 15.041ms
[2025-03-12T11:57:24.999+0000][29688][info ][gc,marking  ] GC(1) Concurrent Rebuild Remembered Sets and Scrub Regions
[2025-03-12T11:57:24.999+0000][29688][info ][gc,marking  ] GC(1) Concurrent Rebuild Remembered Sets and Scrub Regions 0.077ms
[2025-03-12T11:57:24.999+0000][29688][info ][gc,start    ] GC(1) Pause Cleanup
[2025-03-12T11:57:24.999+0000][29688][info ][gc          ] GC(1) Pause Cleanup 22M->22M(8148M) 0.022ms
[2025-03-12T11:57:24.999+0000][29688][info ][gc,cpu      ] GC(1) User=0.00s Sys=0.00s Real=0.00s
[2025-03-12T11:57:24.999+0000][29688][info ][safepoint   ] Safepoint "G1PauseCleanup", Time since last: 226200 ns, Reaching safepoint: 12200 ns, At safepoint: 53400 ns, Total: 65600 ns
[2025-03-12T11:57:24.999+0000][29688][info ][gc,marking  ] GC(1) Concurrent Clear Claimed Marks
[2025-03-12T11:57:24.999+0000][29688][info ][gc,marking  ] GC(1) Concurrent Clear Claimed Marks 0.069ms
[2025-03-12T11:57:24.999+0000][29688][info ][gc,marking  ] GC(1) Concurrent Cleanup for Next Mark
[2025-03-12T11:57:25.009+0000][29688][info ][gc,marking  ] GC(1) Concurrent Cleanup for Next Mark 9.953ms
[2025-03-12T11:57:25.009+0000][29688][info ][gc          ] GC(1) Concurrent Mark Cycle 32.758ms
[2025-03-12T11:57:25.855+0000][29688][info ][gc,start    ] GC(2) Pause Young (Normal) (G1 Evacuation Pause)
[2025-03-12T11:57:25.855+0000][29688][info ][gc,task     ] GC(2) Using 18 workers of 18 for evacuation
[2025-03-12T11:57:25.855+0000][29688][debug][gc,age      ] GC(2) Desired survivor size 27262976 bytes, new threshold 15 (max threshold 15)
[2025-03-12T11:57:25.864+0000][29688][info ][gc,phases   ] GC(2)   Pre Evacuate Collection Set: 0.17ms
[2025-03-12T11:57:25.864+0000][29688][info ][gc,phases   ] GC(2)   Merge Heap Roots: 0.08ms
[2025-03-12T11:57:25.864+0000][29688][info ][gc,phases   ] GC(2)   Evacuate Collection Set: 6.15ms
[2025-03-12T11:57:25.864+0000][29688][info ][gc,phases   ] GC(2)   Post Evacuate Collection Set: 0.81ms
[2025-03-12T11:57:25.864+0000][29688][info ][gc,phases   ] GC(2)   Other: 0.09ms
[2025-03-12T11:57:25.864+0000][29688][trace][gc,age      ] GC(2) Age table:
[2025-03-12T11:57:25.864+0000][29688][trace][gc,age      ] GC(2) - age   1:    5203360 bytes,    5203360 total
[2025-03-12T11:57:25.864+0000][29688][trace][gc,age      ] GC(2) - age   2:   14338880 bytes,   19542240 total
[2025-03-12T11:57:25.864+0000][29688][info ][gc,heap     ] GC(2) Eden regions: 96->0(95)
[2025-03-12T11:57:25.864+0000][29688][info ][gc,heap     ] GC(2) Survivor regions: 5->6(13)
[2025-03-12T11:57:25.864+0000][29688][info ][gc,heap     ] GC(2) Old regions: 0->0
[2025-03-12T11:57:25.864+0000][29688][info ][gc,heap     ] GC(2) Humongous regions: 0->0
[2025-03-12T11:57:25.864+0000][29688][info ][gc,metaspace] GC(2) Metaspace: 28789K(29760K)->28789K(29760K) NonClass: 25573K(26112K)->25573K(26112K) Class: 3216K(3648K)->3216K(3648K)
[2025-03-12T11:57:25.864+0000][29688][info ][gc          ] GC(2) Pause Young (Normal) (G1 Evacuation Pause) 400M->21M(8148M) 7.556ms
[2025-03-12T11:57:25.864+0000][29688][info ][gc,cpu      ] GC(2) User=0.00s Sys=0.00s Real=0.01s
[2025-03-12T11:57:25.864+0000][29688][info ][safepoint   ] Safepoint "G1CollectForAllocation", Time since last: 856763100 ns, Reaching safepoint: 2800 ns, At safepoint: 7608200 ns, Total: 7611000 ns
[2025-03-12T11:57:26.288+0000][29688][info ][gc,start    ] GC(3) Pause Young (Normal) (G1 Evacuation Pause)
[2025-03-12T11:57:26.288+0000][29688][info ][gc,task     ] GC(3) Using 18 workers of 18 for evacuation
[2025-03-12T11:57:26.288+0000][29688][debug][gc,age      ] GC(3) Desired survivor size 27262976 bytes, new threshold 15 (max threshold 15)
[2025-03-12T11:57:26.297+0000][29688][info ][gc,phases   ] GC(3)   Pre Evacuate Collection Set: 0.24ms
[2025-03-12T11:57:26.297+0000][29688][info ][gc,phases   ] GC(3)   Merge Heap Roots: 0.09ms
[2025-03-12T11:57:26.297+0000][29688][info ][gc,phases   ] GC(3)   Evacuate Collection Set: 7.44ms
[2025-03-12T11:57:26.297+0000][29688][info ][gc,phases   ] GC(3)   Post Evacuate Collection Set: 0.99ms
[2025-03-12T11:57:26.297+0000][29688][info ][gc,phases   ] GC(3)   Other: 0.11ms
[2025-03-12T11:57:26.297+0000][29688][trace][gc,age      ] GC(3) Age table:
[2025-03-12T11:57:26.297+0000][29688][trace][gc,age      ] GC(3) - age   1:    4523080 bytes,    4523080 total
[2025-03-12T11:57:26.297+0000][29688][trace][gc,age      ] GC(3) - age   2:    5182536 bytes,    9705616 total
[2025-03-12T11:57:26.297+0000][29688][trace][gc,age      ] GC(3) - age   3:   14336544 bytes,   24042160 total
[2025-03-12T11:57:26.297+0000][29688][info ][gc,heap     ] GC(3) Eden regions: 95->0(94)
[2025-03-12T11:57:26.297+0000][29688][info ][gc,heap     ] GC(3) Survivor regions: 6->7(13)
[2025-03-12T11:57:26.297+0000][29688][info ][gc,heap     ] GC(3) Old regions: 0->0
[2025-03-12T11:57:26.297+0000][29688][info ][gc,heap     ] GC(3) Humongous regions: 0->0
[2025-03-12T11:57:26.297+0000][29688][info ][gc,metaspace] GC(3) Metaspace: 30214K(31168K)->30214K(31168K) NonClass: 26788K(27328K)->26788K(27328K) Class: 3425K(3840K)->3425K(3840K)
[2025-03-12T11:57:26.297+0000][29688][info ][gc          ] GC(3) Pause Young (Normal) (G1 Evacuation Pause) 401M->24M(8148M) 9.114ms
[2025-03-12T11:57:26.297+0000][29688][info ][gc,cpu      ] GC(3) User=0.02s Sys=0.00s Real=0.01s
[2025-03-12T11:57:26.297+0000][29688][info ][safepoint   ] Safepoint "G1CollectForAllocation", Time since last: 423567200 ns, Reaching safepoint: 6500 ns, At safepoint: 9171000 ns, Total: 9177500 ns
[2025-03-12T11:57:26.595+0000][29688][info ][gc,start    ] GC(4) Pause Young (Normal) (G1 Evacuation Pause)
[2025-03-12T11:57:26.595+0000][29688][info ][gc,task     ] GC(4) Using 18 workers of 18 for evacuation
[2025-03-12T11:57:26.595+0000][29688][debug][gc,age      ] GC(4) Desired survivor size 27262976 bytes, new threshold 15 (max threshold 15)
[2025-03-12T11:57:26.606+0000][29688][info ][gc,phases   ] GC(4)   Pre Evacuate Collection Set: 0.26ms
[2025-03-12T11:57:26.606+0000][29688][info ][gc,phases   ] GC(4)   Merge Heap Roots: 0.13ms
[2025-03-12T11:57:26.606+0000][29688][info ][gc,phases   ] GC(4)   Evacuate Collection Set: 8.38ms
[2025-03-12T11:57:26.606+0000][29688][info ][gc,phases   ] GC(4)   Post Evacuate Collection Set: 1.20ms
[2025-03-12T11:57:26.606+0000][29688][info ][gc,phases   ] GC(4)   Other: 0.10ms
[2025-03-12T11:57:26.606+0000][29688][trace][gc,age      ] GC(4) Age table:
[2025-03-12T11:57:26.606+0000][29688][trace][gc,age      ] GC(4) - age   1:    4579584 bytes,    4579584 total
[2025-03-12T11:57:26.606+0000][29688][trace][gc,age      ] GC(4) - age   2:    3835768 bytes,    8415352 total
[2025-03-12T11:57:26.606+0000][29688][trace][gc,age      ] GC(4) - age   3:    5182032 bytes,   13597384 total
[2025-03-12T11:57:26.606+0000][29688][trace][gc,age      ] GC(4) - age   4:   14336512 bytes,   27933896 total
[2025-03-12T11:57:26.606+0000][29688][info ][gc,heap     ] GC(4) Eden regions: 94->0(93)
[2025-03-12T11:57:26.606+0000][29688][info ][gc,heap     ] GC(4) Survivor regions: 7->8(13)
[2025-03-12T11:57:26.606+0000][29688][info ][gc,heap     ] GC(4) Old regions: 0->0
[2025-03-12T11:57:26.606+0000][29688][info ][gc,heap     ] GC(4) Humongous regions: 0->0
[2025-03-12T11:57:26.606+0000][29688][info ][gc,metaspace] GC(4) Metaspace: 30658K(31680K)->30658K(31680K) NonClass: 27167K(27776K)->27167K(27776K) Class: 3490K(3904K)->3490K(3904K)
[2025-03-12T11:57:26.606+0000][29688][info ][gc          ] GC(4) Pause Young (Normal) (G1 Evacuation Pause) 400M->29M(8148M) 10.342ms
[2025-03-12T11:57:26.606+0000][29688][info ][gc,cpu      ] GC(4) User=0.02s Sys=0.00s Real=0.01s
[2025-03-12T11:57:26.606+0000][29688][info ][safepoint   ] Safepoint "G1CollectForAllocation", Time since last: 299173600 ns, Reaching safepoint: 5200 ns, At safepoint: 10399100 ns, Total: 10404300 ns
[2025-03-12T11:57:26.963+0000][29688][info ][gc,start    ] GC(5) Pause Young (Concurrent Start) (Metadata GC Threshold)
[2025-03-12T11:57:26.963+0000][29688][info ][gc,task     ] GC(5) Using 18 workers of 18 for evacuation
[2025-03-12T11:57:26.963+0000][29688][debug][gc,age      ] GC(5) Desired survivor size 27262976 bytes, new threshold 4 (max threshold 15)
[2025-03-12T11:57:26.973+0000][29688][info ][gc,phases   ] GC(5)   Pre Evacuate Collection Set: 0.22ms
[2025-03-12T11:57:26.973+0000][29688][info ][gc,phases   ] GC(5)   Merge Heap Roots: 0.07ms
[2025-03-12T11:57:26.973+0000][29688][info ][gc,phases   ] GC(5)   Evacuate Collection Set: 9.99ms
[2025-03-12T11:57:26.973+0000][29688][info ][gc,phases   ] GC(5)   Post Evacuate Collection Set: 0.82ms
[2025-03-12T11:57:26.973+0000][29688][info ][gc,phases   ] GC(5)   Other: 0.09ms
[2025-03-12T11:57:26.973+0000][29688][trace][gc,age      ] GC(5) Age table:
[2025-03-12T11:57:26.973+0000][29688][trace][gc,age      ] GC(5) - age   1:    3619912 bytes,    3619912 total
[2025-03-12T11:57:26.973+0000][29688][trace][gc,age      ] GC(5) - age   2:    2603632 bytes,    6223544 total
[2025-03-12T11:57:26.973+0000][29688][trace][gc,age      ] GC(5) - age   3:    3832840 bytes,   10056384 total
[2025-03-12T11:57:26.973+0000][29688][trace][gc,age      ] GC(5) - age   4:    5180496 bytes,   15236880 total
[2025-03-12T11:57:26.973+0000][29688][info ][gc,heap     ] GC(5) Eden regions: 51->0(96)
[2025-03-12T11:57:26.973+0000][29688][info ][gc,heap     ] GC(5) Survivor regions: 8->5(13)
[2025-03-12T11:57:26.973+0000][29688][info ][gc,heap     ] GC(5) Old regions: 0->4
[2025-03-12T11:57:26.973+0000][29688][info ][gc,heap     ] GC(5) Humongous regions: 0->0
[2025-03-12T11:57:26.973+0000][29688][info ][gc,metaspace] GC(5) Metaspace: 35509K(36480K)->35509K(36480K) NonClass: 31497K(32064K)->31497K(32064K) Class: 4012K(4416K)->4012K(4416K)
[2025-03-12T11:57:26.973+0000][29688][info ][gc          ] GC(5) Pause Young (Concurrent Start) (Metadata GC Threshold) 233M->31M(8148M) 11.429ms
[2025-03-12T11:57:26.973+0000][29688][info ][gc          ] GC(6) Concurrent Mark Cycle
[2025-03-12T11:57:26.973+0000][29688][info ][gc,cpu      ] GC(5) User=0.00s Sys=0.00s Real=0.01s
[2025-03-12T11:57:26.973+0000][29688][info ][gc,marking  ] GC(6) Concurrent Scan Root Regions
[2025-03-12T11:57:26.973+0000][29688][info ][safepoint   ] Safepoint "CollectForMetadataAllocation", Time since last: 356734600 ns, Reaching safepoint: 2900 ns, At safepoint: 11534400 ns, Total: 11537300 ns
[2025-03-12T11:57:26.975+0000][29688][info ][gc,marking  ] GC(6) Concurrent Scan Root Regions 1.542ms
[2025-03-12T11:57:26.975+0000][29688][info ][gc,marking  ] GC(6) Concurrent Mark
[2025-03-12T11:57:26.975+0000][29688][info ][gc,marking  ] GC(6) Concurrent Mark From Roots
[2025-03-12T11:57:26.975+0000][29688][info ][gc,task     ] GC(6) Using 5 workers of 5 for marking
[2025-03-12T11:57:26.977+0000][29688][info ][gc,marking  ] GC(6) Concurrent Mark From Roots 0.387ms
[2025-03-12T11:57:26.977+0000][29688][info ][gc,marking  ] GC(6) Concurrent Preclean
[2025-03-12T11:57:26.977+0000][29688][info ][gc,marking  ] GC(6) Concurrent Preclean 0.015ms
[2025-03-12T11:57:26.977+0000][29688][info ][gc,start    ] GC(6) Pause Remark
[2025-03-12T11:57:26.979+0000][29688][info ][gc          ] GC(6) Pause Remark 33M->33M(8148M) 2.441ms
[2025-03-12T11:57:26.979+0000][29688][info ][gc,cpu      ] GC(6) User=0.00s Sys=0.00s Real=0.00s
[2025-03-12T11:57:26.979+0000][29688][info ][safepoint   ] Safepoint "G1PauseRemark", Time since last: 2027800 ns, Reaching safepoint: 32600 ns, At safepoint: 2493000 ns, Total: 2525600 ns
[2025-03-12T11:57:26.979+0000][29688][info ][gc,marking  ] GC(6) Concurrent Mark 3.053ms
[2025-03-12T11:57:26.979+0000][29688][info ][gc,marking  ] GC(6) Concurrent Rebuild Remembered Sets and Scrub Regions
[2025-03-12T11:57:26.981+0000][29688][info ][gc,marking  ] GC(6) Concurrent Rebuild Remembered Sets and Scrub Regions 1.318ms
[2025-03-12T11:57:26.981+0000][29688][info ][gc,start    ] GC(6) Pause Cleanup
[2025-03-12T11:57:26.981+0000][29688][info ][gc          ] GC(6) Pause Cleanup 33M->33M(8148M) 0.036ms
[2025-03-12T11:57:26.981+0000][29688][info ][gc,cpu      ] GC(6) User=0.00s Sys=0.00s Real=0.00s
[2025-03-12T11:57:26.981+0000][29688][info ][safepoint   ] Safepoint "G1PauseCleanup", Time since last: 1400800 ns, Reaching safepoint: 12000 ns, At safepoint: 73300 ns, Total: 85300 ns
[2025-03-12T11:57:26.981+0000][29688][info ][gc,marking  ] GC(6) Concurrent Clear Claimed Marks
[2025-03-12T11:57:26.981+0000][29688][info ][gc,marking  ] GC(6) Concurrent Clear Claimed Marks 0.025ms
[2025-03-12T11:57:26.981+0000][29688][info ][gc,marking  ] GC(6) Concurrent Cleanup for Next Mark
[2025-03-12T11:57:26.989+0000][29688][info ][gc,marking  ] GC(6) Concurrent Cleanup for Next Mark 8.343ms
[2025-03-12T11:57:26.989+0000][29688][info ][gc          ] GC(6) Concurrent Mark Cycle 14.592ms
[2025-03-12T11:57:27.327+0000][29688][info ][gc,start    ] GC(7) Pause Young (Normal) (G1 Evacuation Pause)
[2025-03-12T11:57:27.327+0000][29688][info ][gc,task     ] GC(7) Using 18 workers of 18 for evacuation
[2025-03-12T11:57:27.327+0000][29688][debug][gc,age      ] GC(7) Desired survivor size 27262976 bytes, new threshold 15 (max threshold 15)
[2025-03-12T11:57:27.332+0000][29688][info ][gc,phases   ] GC(7)   Pre Evacuate Collection Set: 0.22ms
[2025-03-12T11:57:27.332+0000][29688][info ][gc,phases   ] GC(7)   Merge Heap Roots: 0.10ms
[2025-03-12T11:57:27.332+0000][29688][info ][gc,phases   ] GC(7)   Evacuate Collection Set: 3.26ms
[2025-03-12T11:57:27.332+0000][29688][info ][gc,phases   ] GC(7)   Post Evacuate Collection Set: 0.56ms
[2025-03-12T11:57:27.332+0000][29688][info ][gc,phases   ] GC(7)   Other: 0.12ms
[2025-03-12T11:57:27.332+0000][29688][trace][gc,age      ] GC(7) Age table:
[2025-03-12T11:57:27.332+0000][29688][trace][gc,age      ] GC(7) - age   1:    6218896 bytes,    6218896 total
[2025-03-12T11:57:27.332+0000][29688][trace][gc,age      ] GC(7) - age   2:    3563496 bytes,    9782392 total
[2025-03-12T11:57:27.332+0000][29688][trace][gc,age      ] GC(7) - age   3:    2603536 bytes,   12385928 total
[2025-03-12T11:57:27.332+0000][29688][trace][gc,age      ] GC(7) - age   4:    3831752 bytes,   16217680 total
[2025-03-12T11:57:27.332+0000][29688][trace][gc,age      ] GC(7) - age   5:    5180496 bytes,   21398176 total
[2025-03-12T11:57:27.332+0000][29688][info ][gc,heap     ] GC(7) Eden regions: 96->0(95)
[2025-03-12T11:57:27.332+0000][29688][info ][gc,heap     ] GC(7) Survivor regions: 5->6(13)
[2025-03-12T11:57:27.332+0000][29688][info ][gc,heap     ] GC(7) Old regions: 4->4
[2025-03-12T11:57:27.332+0000][29688][info ][gc,heap     ] GC(7) Humongous regions: 0->0
[2025-03-12T11:57:27.332+0000][29688][info ][gc,metaspace] GC(7) Metaspace: 36858K(38016K)->36858K(38016K) NonClass: 32640K(33344K)->32640K(33344K) Class: 4217K(4672K)->4217K(4672K)
[2025-03-12T11:57:27.332+0000][29688][info ][gc          ] GC(7) Pause Young (Normal) (G1 Evacuation Pause) 415M->37M(8148M) 4.511ms
[2025-03-12T11:57:27.332+0000][29688][info ][gc,cpu      ] GC(7) User=0.00s Sys=0.00s Real=0.01s
[2025-03-12T11:57:27.332+0000][29688][info ][safepoint   ] Safepoint "G1CollectForAllocation", Time since last: 346872000 ns, Reaching safepoint: 4400 ns, At safepoint: 4605900 ns, Total: 4610300 ns
[2025-03-12T11:57:27.777+0000][29688][info ][gc,start    ] GC(8) Pause Young (Normal) (G1 Evacuation Pause)
[2025-03-12T11:57:27.777+0000][29688][info ][gc,task     ] GC(8) Using 18 workers of 18 for evacuation
[2025-03-12T11:57:27.777+0000][29688][debug][gc,age      ] GC(8) Desired survivor size 27262976 bytes, new threshold 15 (max threshold 15)
[2025-03-12T11:57:27.782+0000][29688][info ][gc,phases   ] GC(8)   Pre Evacuate Collection Set: 0.21ms
[2025-03-12T11:57:27.782+0000][29688][info ][gc,phases   ] GC(8)   Merge Heap Roots: 0.10ms
[2025-03-12T11:57:27.782+0000][29688][info ][gc,phases   ] GC(8)   Evacuate Collection Set: 3.64ms
[2025-03-12T11:57:27.782+0000][29688][info ][gc,phases   ] GC(8)   Post Evacuate Collection Set: 0.54ms
[2025-03-12T11:57:27.782+0000][29688][info ][gc,phases   ] GC(8)   Other: 0.09ms
[2025-03-12T11:57:27.782+0000][29688][trace][gc,age      ] GC(8) Age table:
[2025-03-12T11:57:27.782+0000][29688][trace][gc,age      ] GC(8) - age   1:    4344776 bytes,    4344776 total
[2025-03-12T11:57:27.782+0000][29688][trace][gc,age      ] GC(8) - age   2:    3129016 bytes,    7473792 total
[2025-03-12T11:57:27.782+0000][29688][trace][gc,age      ] GC(8) - age   3:    3563432 bytes,   11037224 total
[2025-03-12T11:57:27.782+0000][29688][trace][gc,age      ] GC(8) - age   4:    2602776 bytes,   13640000 total
[2025-03-12T11:57:27.782+0000][29688][trace][gc,age      ] GC(8) - age   5:    3827368 bytes,   17467368 total
[2025-03-12T11:57:27.782+0000][29688][trace][gc,age      ] GC(8) - age   6:    5179656 bytes,   22647024 total
[2025-03-12T11:57:27.782+0000][29688][info ][gc,heap     ] GC(8) Eden regions: 95->0(148)
[2025-03-12T11:57:27.782+0000][29688][info ][gc,heap     ] GC(8) Survivor regions: 6->6(13)
[2025-03-12T11:57:27.782+0000][29688][info ][gc,heap     ] GC(8) Old regions: 4->4
[2025-03-12T11:57:27.782+0000][29688][info ][gc,heap     ] GC(8) Humongous regions: 0->0
[2025-03-12T11:57:27.782+0000][29688][info ][gc,metaspace] GC(8) Metaspace: 39058K(40192K)->39058K(40192K) NonClass: 34555K(35200K)->34555K(35200K) Class: 4503K(4992K)->4503K(4992K)
[2025-03-12T11:57:27.782+0000][29688][info ][gc          ] GC(8) Pause Young (Normal) (G1 Evacuation Pause) 417M->37M(8148M) 4.829ms
[2025-03-12T11:57:27.782+0000][29688][info ][gc,cpu      ] GC(8) User=0.02s Sys=0.00s Real=0.01s
[2025-03-12T11:57:27.782+0000][29688][info ][safepoint   ] Safepoint "G1CollectForAllocation", Time since last: 445051800 ns, Reaching safepoint: 2900 ns, At safepoint: 4878800 ns, Total: 4881700 ns
[2025-03-12T11:57:28.270+0000][29688][info ][gc,start    ] GC(9) Pause Young (Normal) (G1 Evacuation Pause)
[2025-03-12T11:57:28.270+0000][29688][info ][gc,task     ] GC(9) Using 18 workers of 18 for evacuation
[2025-03-12T11:57:28.270+0000][29688][debug][gc,age      ] GC(9) Desired survivor size 41943040 bytes, new threshold 15 (max threshold 15)
[2025-03-12T11:57:28.275+0000][29688][info ][gc,phases   ] GC(9)   Pre Evacuate Collection Set: 0.18ms
[2025-03-12T11:57:28.275+0000][29688][info ][gc,phases   ] GC(9)   Merge Heap Roots: 0.10ms
[2025-03-12T11:57:28.275+0000][29688][info ][gc,phases   ] GC(9)   Evacuate Collection Set: 4.25ms
[2025-03-12T11:57:28.275+0000][29688][info ][gc,phases   ] GC(9)   Post Evacuate Collection Set: 0.57ms
[2025-03-12T11:57:28.275+0000][29688][info ][gc,phases   ] GC(9)   Other: 0.10ms
[2025-03-12T11:57:28.275+0000][29688][trace][gc,age      ] GC(9) Age table:
[2025-03-12T11:57:28.275+0000][29688][trace][gc,age      ] GC(9) - age   1:    6437640 bytes,    6437640 total
[2025-03-12T11:57:28.275+0000][29688][trace][gc,age      ] GC(9) - age   2:    4291408 bytes,   10729048 total
[2025-03-12T11:57:28.275+0000][29688][trace][gc,age      ] GC(9) - age   3:    3128744 bytes,   13857792 total
[2025-03-12T11:57:28.275+0000][29688][trace][gc,age      ] GC(9) - age   4:    3563432 bytes,   17421224 total
[2025-03-12T11:57:28.275+0000][29688][trace][gc,age      ] GC(9) - age   5:    2600376 bytes,   20021600 total
[2025-03-12T11:57:28.275+0000][29688][trace][gc,age      ] GC(9) - age   6:    3827144 bytes,   23848744 total
[2025-03-12T11:57:28.275+0000][29688][trace][gc,age      ] GC(9) - age   7:    5176984 bytes,   29025728 total
[2025-03-12T11:57:28.275+0000][29688][info ][gc,heap     ] GC(9) Eden regions: 148->0(119)
[2025-03-12T11:57:28.276+0000][29688][info ][gc,heap     ] GC(9) Survivor regions: 6->8(20)
[2025-03-12T11:57:28.276+0000][29688][info ][gc,heap     ] GC(9) Old regions: 4->4
[2025-03-12T11:57:28.276+0000][29688][info ][gc,heap     ] GC(9) Humongous regions: 0->0
[2025-03-12T11:57:28.276+0000][29688][info ][gc,metaspace] GC(9) Metaspace: 39768K(40960K)->39768K(40960K) NonClass: 35169K(35904K)->35169K(35904K) Class: 4598K(5056K)->4598K(5056K)
[2025-03-12T11:57:28.276+0000][29688][info ][gc          ] GC(9) Pause Young (Normal) (G1 Evacuation Pause) 629M->44M(8148M) 5.515ms
[2025-03-12T11:57:28.276+0000][29688][info ][gc,cpu      ] GC(9) User=0.00s Sys=0.00s Real=0.01s
[2025-03-12T11:57:28.276+0000][29688][info ][safepoint   ] Safepoint "G1CollectForAllocation", Time since last: 488721600 ns, Reaching safepoint: 3200 ns, At safepoint: 5563600 ns, Total: 5566800 ns
[2025-03-12T11:57:30.202+0000][29688][info ][gc,start    ] GC(10) Pause Young (Concurrent Start) (Metadata GC Threshold)
[2025-03-12T11:57:30.202+0000][29688][info ][gc,task     ] GC(10) Using 18 workers of 18 for evacuation
[2025-03-12T11:57:30.202+0000][29688][debug][gc,age      ] GC(10) Desired survivor size 33554432 bytes, new threshold 15 (max threshold 15)
[2025-03-12T11:57:30.211+0000][29688][info ][gc,phases   ] GC(10)   Pre Evacuate Collection Set: 0.22ms
[2025-03-12T11:57:30.211+0000][29688][info ][gc,phases   ] GC(10)   Merge Heap Roots: 0.08ms
[2025-03-12T11:57:30.211+0000][29688][info ][gc,phases   ] GC(10)   Evacuate Collection Set: 6.84ms
[2025-03-12T11:57:30.211+0000][29688][info ][gc,phases   ] GC(10)   Post Evacuate Collection Set: 0.74ms
[2025-03-12T11:57:30.211+0000][29688][info ][gc,phases   ] GC(10)   Other: 0.09ms
[2025-03-12T11:57:30.211+0000][29688][trace][gc,age      ] GC(10) Age table:
[2025-03-12T11:57:30.211+0000][29688][trace][gc,age      ] GC(10) - age   1:    6790336 bytes,    6790336 total
[2025-03-12T11:57:30.211+0000][29688][trace][gc,age      ] GC(10) - age   2:    6408104 bytes,   13198440 total
[2025-03-12T11:57:30.211+0000][29688][trace][gc,age      ] GC(10) - age   3:    4251272 bytes,   17449712 total
[2025-03-12T11:57:30.211+0000][29688][trace][gc,age      ] GC(10) - age   4:    3109704 bytes,   20559416 total
[2025-03-12T11:57:30.211+0000][29688][trace][gc,age      ] GC(10) - age   5:    3546672 bytes,   24106088 total
[2025-03-12T11:57:30.211+0000][29688][trace][gc,age      ] GC(10) - age   6:    2589144 bytes,   26695232 total
[2025-03-12T11:57:30.211+0000][29688][trace][gc,age      ] GC(10) - age   7:    3808992 bytes,   30504224 total
[2025-03-12T11:57:30.211+0000][29688][trace][gc,age      ] GC(10) - age   8:    4968592 bytes,   35472816 total
[2025-03-12T11:57:30.211+0000][29688][info ][gc,heap     ] GC(10) Eden regions: 89->0(152)
[2025-03-12T11:57:30.211+0000][29688][info ][gc,heap     ] GC(10) Survivor regions: 8->10(16)
[2025-03-12T11:57:30.211+0000][29688][info ][gc,heap     ] GC(10) Old regions: 4->4
[2025-03-12T11:57:30.211+0000][29688][info ][gc,heap     ] GC(10) Humongous regions: 0->0
[2025-03-12T11:57:30.211+0000][29688][info ][gc,metaspace] GC(10) Metaspace: 59586K(61120K)->59586K(61120K) NonClass: 52216K(53184K)->52216K(53184K) Class: 7369K(7936K)->7369K(7936K)
[2025-03-12T11:57:30.211+0000][29688][info ][gc          ] GC(10) Pause Young (Concurrent Start) (Metadata GC Threshold) 398M->51M(8148M) 8.256ms
[2025-03-12T11:57:30.211+0000][29688][info ][gc,cpu      ] GC(10) User=0.00s Sys=0.00s Real=0.01s
[2025-03-12T11:57:30.211+0000][29688][info ][gc          ] GC(11) Concurrent Mark Cycle
[2025-03-12T11:57:30.211+0000][29688][info ][gc,marking  ] GC(11) Concurrent Scan Root Regions
[2025-03-12T11:57:30.211+0000][29688][info ][safepoint   ] Safepoint "CollectForMetadataAllocation", Time since last: 1926672300 ns, Reaching safepoint: 2200 ns, At safepoint: 8393500 ns, Total: 8395700 ns
[2025-03-12T11:57:30.213+0000][29688][info ][gc,marking  ] GC(11) Concurrent Scan Root Regions 2.104ms
[2025-03-12T11:57:30.213+0000][29688][info ][gc,marking  ] GC(11) Concurrent Mark
[2025-03-12T11:57:30.213+0000][29688][info ][gc,marking  ] GC(11) Concurrent Mark From Roots
[2025-03-12T11:57:30.213+0000][29688][info ][gc,task     ] GC(11) Using 5 workers of 5 for marking
[2025-03-12T11:57:30.218+0000][29688][info ][gc,marking  ] GC(11) Concurrent Mark From Roots 4.675ms
[2025-03-12T11:57:30.218+0000][29688][info ][gc,marking  ] GC(11) Concurrent Preclean
[2025-03-12T11:57:30.218+0000][29688][info ][gc,marking  ] GC(11) Concurrent Preclean 0.069ms
[2025-03-12T11:57:30.218+0000][29688][info ][gc,start    ] GC(11) Pause Remark
[2025-03-12T11:57:30.220+0000][29688][info ][gc          ] GC(11) Pause Remark 54M->54M(8148M) 2.460ms
[2025-03-12T11:57:30.220+0000][29688][info ][gc,cpu      ] GC(11) User=0.00s Sys=0.00s Real=0.00s
[2025-03-12T11:57:30.220+0000][29688][info ][safepoint   ] Safepoint "G1PauseRemark", Time since last: 6953400 ns, Reaching safepoint: 2300 ns, At safepoint: 2519300 ns, Total: 2521600 ns
[2025-03-12T11:57:30.220+0000][29688][info ][gc,marking  ] GC(11) Concurrent Mark 7.382ms
[2025-03-12T11:57:30.220+0000][29688][info ][gc,marking  ] GC(11) Concurrent Rebuild Remembered Sets and Scrub Regions
[2025-03-12T11:57:30.222+0000][29688][info ][gc,marking  ] GC(11) Concurrent Rebuild Remembered Sets and Scrub Regions 1.446ms
[2025-03-12T11:57:30.222+0000][29688][info ][gc,start    ] GC(11) Pause Cleanup
[2025-03-12T11:57:30.222+0000][29688][info ][gc          ] GC(11) Pause Cleanup 54M->54M(8148M) 0.038ms
[2025-03-12T11:57:30.222+0000][29688][info ][gc,cpu      ] GC(11) User=0.00s Sys=0.00s Real=0.00s
[2025-03-12T11:57:30.222+0000][29688][info ][safepoint   ] Safepoint "G1PauseCleanup", Time since last: 1535200 ns, Reaching safepoint: 42800 ns, At safepoint: 74400 ns, Total: 117200 ns
[2025-03-12T11:57:30.222+0000][29688][info ][gc,marking  ] GC(11) Concurrent Clear Claimed Marks
[2025-03-12T11:57:30.222+0000][29688][info ][gc,marking  ] GC(11) Concurrent Clear Claimed Marks 0.038ms
[2025-03-12T11:57:30.222+0000][29688][info ][gc,marking  ] GC(11) Concurrent Cleanup for Next Mark
[2025-03-12T11:57:30.230+0000][29688][info ][gc,marking  ] GC(11) Concurrent Cleanup for Next Mark 8.135ms
[2025-03-12T11:57:30.230+0000][29688][info ][gc          ] GC(11) Concurrent Mark Cycle 19.508ms
[2025-03-12T11:57:32.343+0000][29688][info ][gc,start    ] GC(12) Pause Young (Normal) (G1 Evacuation Pause)
[2025-03-12T11:57:32.343+0000][29688][info ][gc,task     ] GC(12) Using 18 workers of 18 for evacuation
[2025-03-12T11:57:32.343+0000][29688][debug][gc,age      ] GC(12) Desired survivor size 44040192 bytes, new threshold 15 (max threshold 15)
[2025-03-12T11:57:32.356+0000][29688][info ][gc,phases   ] GC(12)   Pre Evacuate Collection Set: 0.19ms
[2025-03-12T11:57:32.356+0000][29688][info ][gc,phases   ] GC(12)   Merge Heap Roots: 0.10ms
[2025-03-12T11:57:32.356+0000][29688][info ][gc,phases   ] GC(12)   Evacuate Collection Set: 11.66ms
[2025-03-12T11:57:32.356+0000][29688][info ][gc,phases   ] GC(12)   Post Evacuate Collection Set: 1.32ms
[2025-03-12T11:57:32.356+0000][29688][info ][gc,phases   ] GC(12)   Other: 0.10ms
[2025-03-12T11:57:32.356+0000][29688][trace][gc,age      ] GC(12) Age table:
[2025-03-12T11:57:32.357+0000][29688][trace][gc,age      ] GC(12) - age   1:   11619272 bytes,   11619272 total
[2025-03-12T11:57:32.357+0000][29688][trace][gc,age      ] GC(12) - age   2:    6316328 bytes,   17935600 total
[2025-03-12T11:57:32.357+0000][29688][trace][gc,age      ] GC(12) - age   3:    6364992 bytes,   24300592 total
[2025-03-12T11:57:32.357+0000][29688][trace][gc,age      ] GC(12) - age   4:    4242912 bytes,   28543504 total
[2025-03-12T11:57:32.357+0000][29688][trace][gc,age      ] GC(12) - age   5:    3105664 bytes,   31649168 total
[2025-03-12T11:57:32.357+0000][29688][trace][gc,age      ] GC(12) - age   6:    3541912 bytes,   35191080 total
[2025-03-12T11:57:32.357+0000][29688][trace][gc,age      ] GC(12) - age   7:    2581184 bytes,   37772264 total
[2025-03-12T11:57:32.357+0000][29688][trace][gc,age      ] GC(12) - age   8:    3795808 bytes,   41568072 total
[2025-03-12T11:57:32.357+0000][29688][trace][gc,age      ] GC(12) - age   9:    4943816 bytes,   46511888 total
[2025-03-12T11:57:32.357+0000][29688][info ][gc,heap     ] GC(12) Eden regions: 152->0(167)
[2025-03-12T11:57:32.357+0000][29688][info ][gc,heap     ] GC(12) Survivor regions: 10->13(21)
[2025-03-12T11:57:32.357+0000][29688][info ][gc,heap     ] GC(12) Old regions: 4->4
[2025-03-12T11:57:32.357+0000][29688][info ][gc,heap     ] GC(12) Humongous regions: 0->0
[2025-03-12T11:57:32.357+0000][29688][info ][gc,metaspace] GC(12) Metaspace: 77893K(79744K)->77893K(79744K) NonClass: 67414K(68544K)->67414K(68544K) Class: 10478K(11200K)->10478K(11200K)
[2025-03-12T11:57:32.357+0000][29688][info ][gc          ] GC(12) Pause Young (Normal) (G1 Evacuation Pause) 659M->63M(8148M) 13.698ms
[2025-03-12T11:57:32.357+0000][29688][info ][gc,cpu      ] GC(12) User=0.00s Sys=0.02s Real=0.01s
[2025-03-12T11:57:32.357+0000][29688][info ][safepoint   ] Safepoint "G1CollectForAllocation", Time since last: 2120214900 ns, Reaching safepoint: 3400 ns, At safepoint: 13755300 ns, Total: 13758700 ns
[2025-03-12T11:57:34.465+0000][29688][info ][gc,start    ] GC(13) Pause Young (Concurrent Start) (Metadata GC Threshold)
[2025-03-12T11:57:34.465+0000][29688][info ][gc,task     ] GC(13) Using 18 workers of 18 for evacuation
[2025-03-12T11:57:34.466+0000][29688][debug][gc,age      ] GC(13) Desired survivor size 48234496 bytes, new threshold 15 (max threshold 15)
[2025-03-12T11:57:34.485+0000][29688][info ][gc,phases   ] GC(13)   Pre Evacuate Collection Set: 0.31ms
[2025-03-12T11:57:34.485+0000][29688][info ][gc,phases   ] GC(13)   Merge Heap Roots: 0.11ms
[2025-03-12T11:57:34.485+0000][29688][info ][gc,phases   ] GC(13)   Evacuate Collection Set: 16.36ms
[2025-03-12T11:57:34.485+0000][29688][info ][gc,phases   ] GC(13)   Post Evacuate Collection Set: 1.57ms
[2025-03-12T11:57:34.485+0000][29688][info ][gc,phases   ] GC(13)   Other: 0.11ms
[2025-03-12T11:57:34.485+0000][29688][trace][gc,age      ] GC(13) Age table:
[2025-03-12T11:57:34.485+0000][29688][trace][gc,age      ] GC(13) - age   1:   10587096 bytes,   10587096 total
[2025-03-12T11:57:34.485+0000][29688][trace][gc,age      ] GC(13) - age   2:   11180360 bytes,   21767456 total
[2025-03-12T11:57:34.485+0000][29688][trace][gc,age      ] GC(13) - age   3:    6180824 bytes,   27948280 total
[2025-03-12T11:57:34.485+0000][29688][trace][gc,age      ] GC(13) - age   4:    6355696 bytes,   34303976 total
[2025-03-12T11:57:34.485+0000][29688][trace][gc,age      ] GC(13) - age   5:    4227408 bytes,   38531384 total
[2025-03-12T11:57:34.485+0000][29688][trace][gc,age      ] GC(13) - age   6:    3100432 bytes,   41631816 total
[2025-03-12T11:57:34.485+0000][29688][trace][gc,age      ] GC(13) - age   7:    3528168 bytes,   45159984 total
[2025-03-12T11:57:34.485+0000][29688][trace][gc,age      ] GC(13) - age   8:    2577720 bytes,   47737704 total
[2025-03-12T11:57:34.485+0000][29688][trace][gc,age      ] GC(13) - age   9:    3792088 bytes,   51529792 total
[2025-03-12T11:57:34.485+0000][29688][trace][gc,age      ] GC(13) - age  10:    4933536 bytes,   56463328 total
[2025-03-12T11:57:34.485+0000][29688][info ][gc,heap     ] GC(13) Eden regions: 110->0(207)
[2025-03-12T11:57:34.485+0000][29688][info ][gc,heap     ] GC(13) Survivor regions: 13->15(23)
[2025-03-12T11:57:34.485+0000][29688][info ][gc,heap     ] GC(13) Old regions: 4->4
[2025-03-12T11:57:34.485+0000][29688][info ][gc,heap     ] GC(13) Humongous regions: 0->0
[2025-03-12T11:57:34.485+0000][29688][info ][gc,metaspace] GC(13) Metaspace: 99982K(102080K)->99982K(102080K) NonClass: 86342K(87552K)->86342K(87552K) Class: 13639K(14528K)->13639K(14528K)
[2025-03-12T11:57:34.485+0000][29688][info ][gc          ] GC(13) Pause Young (Concurrent Start) (Metadata GC Threshold) 501M->74M(8148M) 18.774ms
[2025-03-12T11:57:34.485+0000][29688][info ][gc,cpu      ] GC(13) User=0.02s Sys=0.00s Real=0.02s
[2025-03-12T11:57:34.485+0000][29688][info ][gc          ] GC(14) Concurrent Mark Cycle
[2025-03-12T11:57:34.485+0000][29688][info ][gc,marking  ] GC(14) Concurrent Scan Root Regions
[2025-03-12T11:57:34.485+0000][29688][info ][safepoint   ] Safepoint "CollectForMetadataAllocation", Time since last: 2109650900 ns, Reaching safepoint: 4200 ns, At safepoint: 18860600 ns, Total: 18864800 ns
[2025-03-12T11:57:34.489+0000][29688][info ][gc,marking  ] GC(14) Concurrent Scan Root Regions 4.150ms
[2025-03-12T11:57:34.489+0000][29688][info ][gc,marking  ] GC(14) Concurrent Mark
[2025-03-12T11:57:34.489+0000][29688][info ][gc,marking  ] GC(14) Concurrent Mark From Roots
[2025-03-12T11:57:34.489+0000][29688][info ][gc,task     ] GC(14) Using 5 workers of 5 for marking
[2025-03-12T11:57:34.494+0000][29688][info ][gc,marking  ] GC(14) Concurrent Mark From Roots 4.482ms
[2025-03-12T11:57:34.494+0000][29688][info ][gc,marking  ] GC(14) Concurrent Preclean
[2025-03-12T11:57:34.494+0000][29688][info ][gc,marking  ] GC(14) Concurrent Preclean 0.072ms
[2025-03-12T11:57:34.494+0000][29688][info ][gc,start    ] GC(14) Pause Remark
[2025-03-12T11:57:34.497+0000][29688][info ][gc          ] GC(14) Pause Remark 76M->76M(8148M) 2.964ms
[2025-03-12T11:57:34.497+0000][29688][info ][gc,cpu      ] GC(14) User=0.02s Sys=0.00s Real=0.00s
[2025-03-12T11:57:34.497+0000][29688][info ][safepoint   ] Safepoint "G1PauseRemark", Time since last: 8816600 ns, Reaching safepoint: 4000 ns, At safepoint: 3028600 ns, Total: 3032600 ns
[2025-03-12T11:57:34.497+0000][29688][info ][gc,marking  ] GC(14) Concurrent Mark 7.695ms
[2025-03-12T11:57:34.497+0000][29688][info ][gc,marking  ] GC(14) Concurrent Rebuild Remembered Sets and Scrub Regions
[2025-03-12T11:57:34.498+0000][29688][info ][gc,marking  ] GC(14) Concurrent Rebuild Remembered Sets and Scrub Regions 1.415ms
[2025-03-12T11:57:34.498+0000][29688][info ][gc,start    ] GC(14) Pause Cleanup
[2025-03-12T11:57:34.498+0000][29688][info ][gc          ] GC(14) Pause Cleanup 76M->76M(8148M) 0.037ms
[2025-03-12T11:57:34.499+0000][29688][info ][gc,cpu      ] GC(14) User=0.00s Sys=0.00s Real=0.00s
[2025-03-12T11:57:34.499+0000][29688][info ][safepoint   ] Safepoint "G1PauseCleanup", Time since last: 1500300 ns, Reaching safepoint: 2700 ns, At safepoint: 75900 ns, Total: 78600 ns
[2025-03-12T11:57:34.499+0000][29688][info ][gc,marking  ] GC(14) Concurrent Clear Claimed Marks
[2025-03-12T11:57:34.499+0000][29688][info ][gc,marking  ] GC(14) Concurrent Clear Claimed Marks 0.141ms
[2025-03-12T11:57:34.499+0000][29688][info ][gc,marking  ] GC(14) Concurrent Cleanup for Next Mark
[2025-03-12T11:57:34.507+0000][29688][info ][gc,marking  ] GC(14) Concurrent Cleanup for Next Mark 8.930ms
[2025-03-12T11:57:34.508+0000][29688][info ][gc          ] GC(14) Concurrent Mark Cycle 22.648ms
[2025-03-12T12:04:41.819+0000][29688][info ][gc,start    ] GC(15) Pause Young (Normal) (G1 Evacuation Pause)
[2025-03-12T12:04:41.819+0000][29688][info ][gc,task     ] GC(15) Using 18 workers of 18 for evacuation
[2025-03-12T12:04:41.819+0000][29688][debug][gc,age      ] GC(15) Desired survivor size 58720256 bytes, new threshold 15 (max threshold 15)
[2025-03-12T12:04:41.845+0000][29688][info ][gc,phases   ] GC(15)   Pre Evacuate Collection Set: 0.19ms
[2025-03-12T12:04:41.845+0000][29688][info ][gc,phases   ] GC(15)   Merge Heap Roots: 0.12ms
[2025-03-12T12:04:41.845+0000][29688][info ][gc,phases   ] GC(15)   Evacuate Collection Set: 22.98ms
[2025-03-12T12:04:41.845+0000][29688][info ][gc,phases   ] GC(15)   Post Evacuate Collection Set: 1.92ms
[2025-03-12T12:04:41.845+0000][29688][info ][gc,phases   ] GC(15)   Other: 0.11ms
[2025-03-12T12:04:41.845+0000][29688][trace][gc,age      ] GC(15) Age table:
[2025-03-12T12:04:41.845+0000][29688][trace][gc,age      ] GC(15) - age   1:   44802856 bytes,   44802856 total
[2025-03-12T12:04:41.845+0000][29688][trace][gc,age      ] GC(15) - age   2:   10113320 bytes,   54916176 total
[2025-03-12T12:04:41.845+0000][29688][trace][gc,age      ] GC(15) - age   3:   11003080 bytes,   65919256 total
[2025-03-12T12:04:41.845+0000][29688][trace][gc,age      ] GC(15) - age   4:    6144040 bytes,   72063296 total
[2025-03-12T12:04:41.845+0000][29688][trace][gc,age      ] GC(15) - age   5:    6353024 bytes,   78416320 total
[2025-03-12T12:04:41.845+0000][29688][trace][gc,age      ] GC(15) - age   6:    4221552 bytes,   82637872 total
[2025-03-12T12:04:41.845+0000][29688][trace][gc,age      ] GC(15) - age   7:    3097496 bytes,   85735368 total
[2025-03-12T12:04:41.845+0000][29688][trace][gc,age      ] GC(15) - age   8:    3525664 bytes,   89261032 total
[2025-03-12T12:04:41.845+0000][29688][trace][gc,age      ] GC(15) - age   9:    2572712 bytes,   91833744 total
[2025-03-12T12:04:41.845+0000][29688][trace][gc,age      ] GC(15) - age  10:    3785640 bytes,   95619384 total
[2025-03-12T12:04:41.845+0000][29688][trace][gc,age      ] GC(15) - age  11:    4926560 bytes,  100545944 total
[2025-03-12T12:04:41.845+0000][29688][info ][gc,heap     ] GC(15) Eden regions: 207->0(184)
[2025-03-12T12:04:41.845+0000][29688][info ][gc,heap     ] GC(15) Survivor regions: 15->27(28)
[2025-03-12T12:04:41.845+0000][29688][info ][gc,heap     ] GC(15) Old regions: 4->4
[2025-03-12T12:04:41.845+0000][29688][info ][gc,heap     ] GC(15) Humongous regions: 2->2
[2025-03-12T12:04:41.845+0000][29688][info ][gc,metaspace] GC(15) Metaspace: 144540K(148800K)->144540K(148800K) NonClass: 123739K(126080K)->123739K(126080K) Class: 20801K(22720K)->20801K(22720K)
[2025-03-12T12:04:41.845+0000][29688][info ][gc          ] GC(15) Pause Young (Normal) (G1 Evacuation Pause) 910M->128M(8148M) 25.652ms
[2025-03-12T12:04:41.845+0000][29688][info ][gc,cpu      ] GC(15) User=0.05s Sys=0.00s Real=0.03s
[2025-03-12T12:04:41.845+0000][29688][info ][safepoint   ] Safepoint "G1CollectForAllocation", Time since last: 427321343600 ns, Reaching safepoint: 13600 ns, At safepoint: 25702200 ns, Total: 25715800 ns
[2025-03-12T12:04:41.849+0000][29688][info ][gc,heap,exit] Heap
[2025-03-12T12:04:41.849+0000][29688][info ][gc,heap,exit]  garbage-first heap   total reserved 8343552K, committed 8343552K, used 135941K [0x0000000602c00000, 0x0000000800000000)
[2025-03-12T12:04:41.849+0000][29688][info ][gc,heap,exit]   region size 4096K, 28 young (114688K), 27 survivors (110592K)
[2025-03-12T12:04:41.849+0000][29688][info ][gc,heap,exit]  Metaspace       used 144543K, committed 148800K, reserved 1179648K
[2025-03-12T12:04:41.849+0000][29688][info ][gc,heap,exit]   class space    used 20801K, committed 22720K, reserved 1048576K
