[2025-03-26T09:19:56.259+0000][25280][info][gc,init] CardTable entry size: 512
[2025-03-26T09:19:56.259+0000][25280][info][gc     ] Using G1
[2025-03-26T09:19:58.797+0000][25280][info][gc,init] Version: 23+37-2369 (release)
[2025-03-26T09:19:58.797+0000][25280][info][gc,init] CPUs: 24 total, 24 available
[2025-03-26T09:19:58.797+0000][25280][info][gc,init] Memory: 16296M
[2025-03-26T09:19:58.797+0000][25280][info][gc,init] Large Page Support: Disabled
[2025-03-26T09:19:58.797+0000][25280][info][gc,init] NUMA Support: Disabled
[2025-03-26T09:19:58.797+0000][25280][info][gc,init] Compressed Oops: Enabled (Zero based)
[2025-03-26T09:19:58.797+0000][25280][info][gc,init] Heap Region Size: 4M
[2025-03-26T09:19:58.797+0000][25280][info][gc,init] Heap Min Capacity: 8148M
[2025-03-26T09:19:58.798+0000][25280][info][gc,init] Heap Initial Capacity: 8148M
[2025-03-26T09:19:58.798+0000][25280][info][gc,init] Heap Max Capacity: 8148M
[2025-03-26T09:19:58.798+0000][25280][info][gc,init] Pre-touch: Enabled
[2025-03-26T09:19:58.798+0000][25280][info][gc,init] Parallel Workers: 18
[2025-03-26T09:19:58.798+0000][25280][info][gc,init] Concurrent Workers: 5
[2025-03-26T09:19:58.798+0000][25280][info][gc,init] Concurrent Refinement Workers: 18
[2025-03-26T09:19:58.798+0000][25280][info][gc,init] Periodic GC: Disabled
[2025-03-26T09:19:58.810+0000][25280][info][gc,metaspace] CDS archive(s) mapped at: [0x0000026fba000000-0x0000026fbad70000-0x0000026fbad70000), size 14090240, SharedBaseAddress: 0x0000026fba000000, ArchiveRelocationMode: 1.
[2025-03-26T09:19:58.810+0000][25280][info][gc,metaspace] Compressed class space mapped at: 0x0000026fbb000000-0x0000026ffb000000, reserved size: 1073741824
[2025-03-26T09:19:58.810+0000][25280][info][gc,metaspace] Narrow klass base: 0x0000026fba000000, Narrow klass shift: 0, Narrow klass range: 0x41000000
[2025-03-26T09:20:01.873+0000][25280][info][gc,start    ] GC(0) Pause Young (Concurrent Start) (Metadata GC Threshold)
[2025-03-26T09:20:01.877+0000][25280][info][gc,task     ] GC(0) Using 18 workers of 18 for evacuation
[2025-03-26T09:20:01.877+0000][25280][debug][gc,age      ] GC(0) Desired survivor size 27262976 bytes, new threshold 15 (max threshold 15)
[2025-03-26T09:20:01.884+0000][25280][info ][gc,phases   ] GC(0)   Pre Evacuate Collection Set: 0.54ms
[2025-03-26T09:20:01.884+0000][25280][info ][gc,phases   ] GC(0)   Merge Heap Roots: 0.13ms
[2025-03-26T09:20:01.884+0000][25280][info ][gc,phases   ] GC(0)   Evacuate Collection Set: 5.66ms
[2025-03-26T09:20:01.884+0000][25280][info ][gc,phases   ] GC(0)   Post Evacuate Collection Set: 0.87ms
[2025-03-26T09:20:01.884+0000][25280][info ][gc,phases   ] GC(0)   Other: 3.40ms
[2025-03-26T09:20:01.884+0000][25280][trace][gc,age      ] GC(0) Age table:
[2025-03-26T09:20:01.884+0000][25280][trace][gc,age      ] GC(0) - age   1:   15367064 bytes,   15367064 total
[2025-03-26T09:20:01.884+0000][25280][info ][gc,heap     ] GC(0) Eden regions: 68->0(97)
[2025-03-26T09:20:01.884+0000][25280][info ][gc,heap     ] GC(0) Survivor regions: 0->4(13)
[2025-03-26T09:20:01.884+0000][25280][info ][gc,heap     ] GC(0) Old regions: 0->0
[2025-03-26T09:20:01.884+0000][25280][info ][gc,heap     ] GC(0) Humongous regions: 0->0
[2025-03-26T09:20:01.884+0000][25280][info ][gc,metaspace] GC(0) Metaspace: 20762K(21504K)->20762K(21504K) NonClass: 18437K(18880K)->18437K(18880K) Class: 2324K(2624K)->2324K(2624K)
[2025-03-26T09:20:01.884+0000][25280][info ][gc          ] GC(0) Pause Young (Concurrent Start) (Metadata GC Threshold) 272M->15M(8148M) 11.237ms
[2025-03-26T09:20:01.884+0000][25280][info ][gc,cpu      ] GC(0) User=0.00s Sys=0.00s Real=0.01s
[2025-03-26T09:20:01.884+0000][25280][info ][gc          ] GC(1) Concurrent Mark Cycle
[2025-03-26T09:20:01.884+0000][25280][info ][safepoint   ] Safepoint "CollectForMetadataAllocation", Time since last: 3058164200 ns, Reaching safepoint: 4400 ns, At safepoint: 11455000 ns, Total: 11459400 ns
[2025-03-26T09:20:01.884+0000][25280][info ][gc,marking  ] GC(1) Concurrent Scan Root Regions
[2025-03-26T09:20:01.888+0000][25280][info ][gc,marking  ] GC(1) Concurrent Scan Root Regions 3.546ms
[2025-03-26T09:20:01.888+0000][25280][info ][gc,marking  ] GC(1) Concurrent Mark
[2025-03-26T09:20:01.888+0000][25280][info ][gc,marking  ] GC(1) Concurrent Mark From Roots
[2025-03-26T09:20:01.889+0000][25280][info ][gc,task     ] GC(1) Using 5 workers of 5 for marking
[2025-03-26T09:20:01.889+0000][25280][info ][gc,marking  ] GC(1) Concurrent Mark From Roots 1.185ms
[2025-03-26T09:20:01.889+0000][25280][info ][gc,marking  ] GC(1) Concurrent Preclean
[2025-03-26T09:20:01.889+0000][25280][info ][gc,marking  ] GC(1) Concurrent Preclean 0.013ms
[2025-03-26T09:20:01.890+0000][25280][info ][gc,start    ] GC(1) Pause Remark
[2025-03-26T09:20:01.891+0000][25280][info ][gc          ] GC(1) Pause Remark 19M->19M(8148M) 1.574ms
[2025-03-26T09:20:01.891+0000][25280][info ][gc,cpu      ] GC(1) User=0.00s Sys=0.00s Real=0.00s
[2025-03-26T09:20:01.891+0000][25280][info ][safepoint   ] Safepoint "G1PauseRemark", Time since last: 4884000 ns, Reaching safepoint: 84400 ns, At safepoint: 1622100 ns, Total: 1706500 ns
[2025-03-26T09:20:01.891+0000][25280][info ][gc,marking  ] GC(1) Concurrent Mark 2.988ms
[2025-03-26T09:20:01.891+0000][25280][info ][gc,marking  ] GC(1) Concurrent Rebuild Remembered Sets and Scrub Regions
[2025-03-26T09:20:01.891+0000][25280][info ][gc,marking  ] GC(1) Concurrent Rebuild Remembered Sets and Scrub Regions 0.058ms
[2025-03-26T09:20:01.891+0000][25280][info ][gc,start    ] GC(1) Pause Cleanup
[2025-03-26T09:20:01.891+0000][25280][info ][gc          ] GC(1) Pause Cleanup 19M->19M(8148M) 0.017ms
[2025-03-26T09:20:01.891+0000][25280][info ][gc,cpu      ] GC(1) User=0.00s Sys=0.00s Real=0.00s
[2025-03-26T09:20:01.891+0000][25280][info ][safepoint   ] Safepoint "G1PauseCleanup", Time since last: 121400 ns, Reaching safepoint: 11600 ns, At safepoint: 48300 ns, Total: 59900 ns
[2025-03-26T09:20:01.891+0000][25280][info ][gc,marking  ] GC(1) Concurrent Clear Claimed Marks
[2025-03-26T09:20:01.891+0000][25280][info ][gc,marking  ] GC(1) Concurrent Clear Claimed Marks 0.018ms
[2025-03-26T09:20:01.891+0000][25280][info ][gc,marking  ] GC(1) Concurrent Cleanup for Next Mark
[2025-03-26T09:20:01.901+0000][25280][info ][gc,marking  ] GC(1) Concurrent Cleanup for Next Mark 9.381ms
[2025-03-26T09:20:01.901+0000][25280][info ][gc          ] GC(1) Concurrent Mark Cycle 16.338ms
[2025-03-26T09:20:06.189+0000][25280][info ][gc,start    ] GC(2) Pause Young (Normal) (G1 Evacuation Pause)
[2025-03-26T09:20:06.189+0000][25280][info ][gc,task     ] GC(2) Using 18 workers of 18 for evacuation
[2025-03-26T09:20:06.189+0000][25280][debug][gc,age      ] GC(2) Desired survivor size 27262976 bytes, new threshold 15 (max threshold 15)
[2025-03-26T09:20:06.196+0000][25280][info ][gc,phases   ] GC(2)   Pre Evacuate Collection Set: 0.19ms
[2025-03-26T09:20:06.196+0000][25280][info ][gc,phases   ] GC(2)   Merge Heap Roots: 0.08ms
[2025-03-26T09:20:06.196+0000][25280][info ][gc,phases   ] GC(2)   Evacuate Collection Set: 6.79ms
[2025-03-26T09:20:06.196+0000][25280][info ][gc,phases   ] GC(2)   Post Evacuate Collection Set: 0.92ms
[2025-03-26T09:20:06.197+0000][25280][info ][gc,phases   ] GC(2)   Other: 0.09ms
[2025-03-26T09:20:06.197+0000][25280][trace][gc,age      ] GC(2) Age table:
[2025-03-26T09:20:06.197+0000][25280][trace][gc,age      ] GC(2) - age   1:    5390824 bytes,    5390824 total
[2025-03-26T09:20:06.197+0000][25280][trace][gc,age      ] GC(2) - age   2:   14338824 bytes,   19729648 total
[2025-03-26T09:20:06.197+0000][25280][info ][gc,heap     ] GC(2) Eden regions: 97->0(95)
[2025-03-26T09:20:06.197+0000][25280][info ][gc,heap     ] GC(2) Survivor regions: 4->6(13)
[2025-03-26T09:20:06.197+0000][25280][info ][gc,heap     ] GC(2) Old regions: 0->0
[2025-03-26T09:20:06.197+0000][25280][info ][gc,heap     ] GC(2) Humongous regions: 0->0
[2025-03-26T09:20:06.197+0000][25280][info ][gc,metaspace] GC(2) Metaspace: 28882K(29760K)->28882K(29760K) NonClass: 25655K(26176K)->25655K(26176K) Class: 3226K(3584K)->3226K(3584K)
[2025-03-26T09:20:06.197+0000][25280][info ][gc          ] GC(2) Pause Young (Normal) (G1 Evacuation Pause) 403M->21M(8148M) 8.372ms
[2025-03-26T09:20:06.197+0000][25280][info ][gc,cpu      ] GC(2) User=0.00s Sys=0.00s Real=0.01s
[2025-03-26T09:20:06.197+0000][25280][info ][safepoint   ] Safepoint "G1CollectForAllocation", Time since last: 4297214400 ns, Reaching safepoint: 2400 ns, At safepoint: 8426400 ns, Total: 8428800 ns
[2025-03-26T09:20:10.364+0000][25280][info ][gc,start    ] GC(3) Pause Young (Normal) (G1 Evacuation Pause)
[2025-03-26T09:20:10.364+0000][25280][info ][gc,task     ] GC(3) Using 18 workers of 18 for evacuation
[2025-03-26T09:20:10.364+0000][25280][debug][gc,age      ] GC(3) Desired survivor size 27262976 bytes, new threshold 15 (max threshold 15)
[2025-03-26T09:20:10.372+0000][25280][info ][gc,phases   ] GC(3)   Pre Evacuate Collection Set: 0.17ms
[2025-03-26T09:20:10.372+0000][25280][info ][gc,phases   ] GC(3)   Merge Heap Roots: 0.07ms
[2025-03-26T09:20:10.372+0000][25280][info ][gc,phases   ] GC(3)   Evacuate Collection Set: 6.78ms
[2025-03-26T09:20:10.372+0000][25280][info ][gc,phases   ] GC(3)   Post Evacuate Collection Set: 0.80ms
[2025-03-26T09:20:10.372+0000][25280][info ][gc,phases   ] GC(3)   Other: 0.08ms
[2025-03-26T09:20:10.372+0000][25280][trace][gc,age      ] GC(3) Age table:
[2025-03-26T09:20:10.372+0000][25280][trace][gc,age      ] GC(3) - age   1:    4606184 bytes,    4606184 total
[2025-03-26T09:20:10.372+0000][25280][trace][gc,age      ] GC(3) - age   2:    5196872 bytes,    9803056 total
[2025-03-26T09:20:10.372+0000][25280][trace][gc,age      ] GC(3) - age   3:   14336360 bytes,   24139416 total
[2025-03-26T09:20:10.372+0000][25280][info ][gc,heap     ] GC(3) Eden regions: 95->0(94)
[2025-03-26T09:20:10.372+0000][25280][info ][gc,heap     ] GC(3) Survivor regions: 6->7(13)
[2025-03-26T09:20:10.372+0000][25280][info ][gc,heap     ] GC(3) Old regions: 0->0
[2025-03-26T09:20:10.372+0000][25280][info ][gc,heap     ] GC(3) Humongous regions: 0->0
[2025-03-26T09:20:10.372+0000][25280][info ][gc,metaspace] GC(3) Metaspace: 30304K(31296K)->30304K(31296K) NonClass: 26866K(27456K)->26866K(27456K) Class: 3438K(3840K)->3438K(3840K)
[2025-03-26T09:20:10.372+0000][25280][info ][gc          ] GC(3) Pause Young (Normal) (G1 Evacuation Pause) 401M->26M(8148M) 8.138ms
[2025-03-26T09:20:10.372+0000][25280][info ][gc,cpu      ] GC(3) User=0.00s Sys=0.00s Real=0.01s
[2025-03-26T09:20:10.372+0000][25280][info ][safepoint   ] Safepoint "G1CollectForAllocation", Time since last: 4166891400 ns, Reaching safepoint: 3800 ns, At safepoint: 8184000 ns, Total: 8187800 ns
[2025-03-26T09:20:12.677+0000][25280][info ][gc,start    ] GC(4) Pause Young (Normal) (G1 Evacuation Pause)
[2025-03-26T09:20:12.678+0000][25280][info ][gc,task     ] GC(4) Using 18 workers of 18 for evacuation
[2025-03-26T09:20:12.678+0000][25280][debug][gc,age      ] GC(4) Desired survivor size 27262976 bytes, new threshold 15 (max threshold 15)
[2025-03-26T09:20:12.687+0000][25280][info ][gc,phases   ] GC(4)   Pre Evacuate Collection Set: 0.20ms
[2025-03-26T09:20:12.687+0000][25280][info ][gc,phases   ] GC(4)   Merge Heap Roots: 0.09ms
[2025-03-26T09:20:12.687+0000][25280][info ][gc,phases   ] GC(4)   Evacuate Collection Set: 8.14ms
[2025-03-26T09:20:12.687+0000][25280][info ][gc,phases   ] GC(4)   Post Evacuate Collection Set: 1.17ms
[2025-03-26T09:20:12.687+0000][25280][info ][gc,phases   ] GC(4)   Other: 0.10ms
[2025-03-26T09:20:12.687+0000][25280][trace][gc,age      ] GC(4) Age table:
[2025-03-26T09:20:12.687+0000][25280][trace][gc,age      ] GC(4) - age   1:    4843184 bytes,    4843184 total
[2025-03-26T09:20:12.687+0000][25280][trace][gc,age      ] GC(4) - age   2:    3828072 bytes,    8671256 total
[2025-03-26T09:20:12.687+0000][25280][trace][gc,age      ] GC(4) - age   3:    5196368 bytes,   13867624 total
[2025-03-26T09:20:12.687+0000][25280][trace][gc,age      ] GC(4) - age   4:   14336328 bytes,   28203952 total
[2025-03-26T09:20:12.687+0000][25280][info ][gc,heap     ] GC(4) Eden regions: 94->0(93)
[2025-03-26T09:20:12.687+0000][25280][info ][gc,heap     ] GC(4) Survivor regions: 7->8(13)
[2025-03-26T09:20:12.687+0000][25280][info ][gc,heap     ] GC(4) Old regions: 0->0
[2025-03-26T09:20:12.687+0000][25280][info ][gc,heap     ] GC(4) Humongous regions: 0->0
[2025-03-26T09:20:12.687+0000][25280][info ][gc,metaspace] GC(4) Metaspace: 30750K(31744K)->30750K(31744K) NonClass: 27248K(27840K)->27248K(27840K) Class: 3501K(3904K)->3501K(3904K)
[2025-03-26T09:20:12.687+0000][25280][info ][gc          ] GC(4) Pause Young (Normal) (G1 Evacuation Pause) 402M->29M(8148M) 9.962ms
[2025-03-26T09:20:12.687+0000][25280][info ][gc,cpu      ] GC(4) User=0.02s Sys=0.00s Real=0.01s
[2025-03-26T09:20:12.687+0000][25280][info ][safepoint   ] Safepoint "G1CollectForAllocation", Time since last: 2305982200 ns, Reaching safepoint: 4200 ns, At safepoint: 10032000 ns, Total: 10036200 ns
[2025-03-26T09:20:16.701+0000][25280][info ][gc,start    ] GC(5) Pause Young (Concurrent Start) (Metadata GC Threshold)
[2025-03-26T09:20:16.701+0000][25280][info ][gc,task     ] GC(5) Using 18 workers of 18 for evacuation
[2025-03-26T09:20:16.701+0000][25280][debug][gc,age      ] GC(5) Desired survivor size 27262976 bytes, new threshold 4 (max threshold 15)
[2025-03-26T09:20:16.722+0000][25280][info ][gc,phases   ] GC(5)   Pre Evacuate Collection Set: 0.24ms
[2025-03-26T09:20:16.722+0000][25280][info ][gc,phases   ] GC(5)   Merge Heap Roots: 0.07ms
[2025-03-26T09:20:16.722+0000][25280][info ][gc,phases   ] GC(5)   Evacuate Collection Set: 20.69ms
[2025-03-26T09:20:16.722+0000][25280][info ][gc,phases   ] GC(5)   Post Evacuate Collection Set: 0.94ms
[2025-03-26T09:20:16.722+0000][25280][info ][gc,phases   ] GC(5)   Other: 0.08ms
[2025-03-26T09:20:16.722+0000][25280][trace][gc,age      ] GC(5) Age table:
[2025-03-26T09:20:16.722+0000][25280][trace][gc,age      ] GC(5) - age   1:    3576680 bytes,    3576680 total
[2025-03-26T09:20:16.722+0000][25280][trace][gc,age      ] GC(5) - age   2:    2604104 bytes,    6180784 total
[2025-03-26T09:20:16.722+0000][25280][trace][gc,age      ] GC(5) - age   3:    3825144 bytes,   10005928 total
[2025-03-26T09:20:16.722+0000][25280][trace][gc,age      ] GC(5) - age   4:    5194864 bytes,   15200792 total
[2025-03-26T09:20:16.722+0000][25280][info ][gc,heap     ] GC(5) Eden regions: 51->0(96)
[2025-03-26T09:20:16.722+0000][25280][info ][gc,heap     ] GC(5) Survivor regions: 8->5(13)
[2025-03-26T09:20:16.722+0000][25280][info ][gc,heap     ] GC(5) Old regions: 0->4
[2025-03-26T09:20:16.722+0000][25280][info ][gc,heap     ] GC(5) Humongous regions: 0->0
[2025-03-26T09:20:16.722+0000][25280][info ][gc,metaspace] GC(5) Metaspace: 35173K(36160K)->35173K(36160K) NonClass: 31208K(31808K)->31208K(31808K) Class: 3964K(4352K)->3964K(4352K)
[2025-03-26T09:20:16.722+0000][25280][info ][gc          ] GC(5) Pause Young (Concurrent Start) (Metadata GC Threshold) 231M->31M(8148M) 22.275ms
[2025-03-26T09:20:16.722+0000][25280][info ][gc,cpu      ] GC(5) User=0.00s Sys=0.44s Real=0.02s
[2025-03-26T09:20:16.722+0000][25280][info ][gc          ] GC(6) Concurrent Mark Cycle
[2025-03-26T09:20:16.722+0000][25280][info ][gc,marking  ] GC(6) Concurrent Scan Root Regions
[2025-03-26T09:20:16.722+0000][25280][info ][safepoint   ] Safepoint "CollectForMetadataAllocation", Time since last: 4012894900 ns, Reaching safepoint: 2300 ns, At safepoint: 22427600 ns, Total: 22429900 ns
[2025-03-26T09:20:16.725+0000][25280][info ][gc,marking  ] GC(6) Concurrent Scan Root Regions 2.060ms
[2025-03-26T09:20:16.725+0000][25280][info ][gc,marking  ] GC(6) Concurrent Mark
[2025-03-26T09:20:16.725+0000][25280][info ][gc,marking  ] GC(6) Concurrent Mark From Roots
[2025-03-26T09:20:16.725+0000][25280][info ][gc,task     ] GC(6) Using 5 workers of 5 for marking
[2025-03-26T09:20:16.725+0000][25280][info ][gc,marking  ] GC(6) Concurrent Mark From Roots 0.392ms
[2025-03-26T09:20:16.725+0000][25280][info ][gc,marking  ] GC(6) Concurrent Preclean
[2025-03-26T09:20:16.725+0000][25280][info ][gc,marking  ] GC(6) Concurrent Preclean 0.011ms
[2025-03-26T09:20:16.726+0000][25280][info ][gc,start    ] GC(6) Pause Remark
[2025-03-26T09:20:16.728+0000][25280][info ][gc          ] GC(6) Pause Remark 33M->33M(8148M) 2.620ms
[2025-03-26T09:20:16.728+0000][25280][info ][gc,cpu      ] GC(6) User=0.00s Sys=0.00s Real=0.00s
[2025-03-26T09:20:16.728+0000][25280][info ][safepoint   ] Safepoint "G1PauseRemark", Time since last: 2591200 ns, Reaching safepoint: 2500 ns, At safepoint: 2674200 ns, Total: 2676700 ns
[2025-03-26T09:20:16.728+0000][25280][info ][gc,marking  ] GC(6) Concurrent Mark 3.279ms
[2025-03-26T09:20:16.728+0000][25280][info ][gc,marking  ] GC(6) Concurrent Rebuild Remembered Sets and Scrub Regions
[2025-03-26T09:20:16.730+0000][25280][info ][gc,marking  ] GC(6) Concurrent Rebuild Remembered Sets and Scrub Regions 1.293ms
[2025-03-26T09:20:16.730+0000][25280][info ][gc,start    ] GC(6) Pause Cleanup
[2025-03-26T09:20:16.730+0000][25280][info ][gc          ] GC(6) Pause Cleanup 33M->33M(8148M) 0.038ms
[2025-03-26T09:20:16.730+0000][25280][info ][gc,cpu      ] GC(6) User=0.00s Sys=0.00s Real=0.00s
[2025-03-26T09:20:16.730+0000][25280][info ][safepoint   ] Safepoint "G1PauseCleanup", Time since last: 1407900 ns, Reaching safepoint: 1800 ns, At safepoint: 75400 ns, Total: 77200 ns
[2025-03-26T09:20:16.730+0000][25280][info ][gc,marking  ] GC(6) Concurrent Clear Claimed Marks
[2025-03-26T09:20:16.730+0000][25280][info ][gc,marking  ] GC(6) Concurrent Clear Claimed Marks 0.035ms
[2025-03-26T09:20:16.730+0000][25280][info ][gc,marking  ] GC(6) Concurrent Cleanup for Next Mark
[2025-03-26T09:20:16.739+0000][25280][info ][gc,marking  ] GC(6) Concurrent Cleanup for Next Mark 8.547ms
[2025-03-26T09:20:16.739+0000][25280][info ][gc          ] GC(6) Concurrent Mark Cycle 15.529ms
[2025-03-26T09:20:19.689+0000][25280][info ][gc,start    ] GC(7) Pause Young (Normal) (G1 Evacuation Pause)
[2025-03-26T09:20:19.689+0000][25280][info ][gc,task     ] GC(7) Using 18 workers of 18 for evacuation
[2025-03-26T09:20:19.689+0000][25280][debug][gc,age      ] GC(7) Desired survivor size 27262976 bytes, new threshold 15 (max threshold 15)
[2025-03-26T09:20:19.693+0000][25280][info ][gc,phases   ] GC(7)   Pre Evacuate Collection Set: 0.20ms
[2025-03-26T09:20:19.693+0000][25280][info ][gc,phases   ] GC(7)   Merge Heap Roots: 0.08ms
[2025-03-26T09:20:19.693+0000][25280][info ][gc,phases   ] GC(7)   Evacuate Collection Set: 2.92ms
[2025-03-26T09:20:19.693+0000][25280][info ][gc,phases   ] GC(7)   Post Evacuate Collection Set: 0.47ms
[2025-03-26T09:20:19.693+0000][25280][info ][gc,phases   ] GC(7)   Other: 0.08ms
[2025-03-26T09:20:19.693+0000][25280][trace][gc,age      ] GC(7) Age table:
[2025-03-26T09:20:19.693+0000][25280][trace][gc,age      ] GC(7) - age   1:    5718696 bytes,    5718696 total
[2025-03-26T09:20:19.693+0000][25280][trace][gc,age      ] GC(7) - age   2:    3541288 bytes,    9259984 total
[2025-03-26T09:20:19.693+0000][25280][trace][gc,age      ] GC(7) - age   3:    2603976 bytes,   11863960 total
[2025-03-26T09:20:19.693+0000][25280][trace][gc,age      ] GC(7) - age   4:    3824056 bytes,   15688016 total
[2025-03-26T09:20:19.693+0000][25280][trace][gc,age      ] GC(7) - age   5:    5194864 bytes,   20882880 total
[2025-03-26T09:20:19.693+0000][25280][info ][gc,heap     ] GC(7) Eden regions: 96->0(95)
[2025-03-26T09:20:19.693+0000][25280][info ][gc,heap     ] GC(7) Survivor regions: 5->6(13)
[2025-03-26T09:20:19.693+0000][25280][info ][gc,heap     ] GC(7) Old regions: 4->4
[2025-03-26T09:20:19.693+0000][25280][info ][gc,heap     ] GC(7) Humongous regions: 0->0
[2025-03-26T09:20:19.693+0000][25280][info ][gc,metaspace] GC(7) Metaspace: 36940K(38016K)->36940K(38016K) NonClass: 32710K(33344K)->32710K(33344K) Class: 4229K(4672K)->4229K(4672K)
[2025-03-26T09:20:19.693+0000][25280][info ][gc          ] GC(7) Pause Young (Normal) (G1 Evacuation Pause) 415M->36M(8148M) 3.999ms
[2025-03-26T09:20:19.693+0000][25280][info ][gc,cpu      ] GC(7) User=0.00s Sys=0.00s Real=0.00s
[2025-03-26T09:20:19.693+0000][25280][info ][safepoint   ] Safepoint "G1CollectForAllocation", Time since last: 2958924700 ns, Reaching safepoint: 3700 ns, At safepoint: 4047100 ns, Total: 4050800 ns
[2025-03-26T09:20:23.986+0000][25280][info ][gc,start    ] GC(8) Pause Young (Normal) (G1 Evacuation Pause)
[2025-03-26T09:20:23.986+0000][25280][info ][gc,task     ] GC(8) Using 18 workers of 18 for evacuation
[2025-03-26T09:20:23.986+0000][25280][debug][gc,age      ] GC(8) Desired survivor size 27262976 bytes, new threshold 15 (max threshold 15)
[2025-03-26T09:20:23.990+0000][25280][info ][gc,phases   ] GC(8)   Pre Evacuate Collection Set: 0.25ms
[2025-03-26T09:20:23.990+0000][25280][info ][gc,phases   ] GC(8)   Merge Heap Roots: 0.08ms
[2025-03-26T09:20:23.990+0000][25280][info ][gc,phases   ] GC(8)   Evacuate Collection Set: 3.47ms
[2025-03-26T09:20:23.990+0000][25280][info ][gc,phases   ] GC(8)   Post Evacuate Collection Set: 0.46ms
[2025-03-26T09:20:23.990+0000][25280][info ][gc,phases   ] GC(8)   Other: 0.09ms
[2025-03-26T09:20:23.990+0000][25280][trace][gc,age      ] GC(8) Age table:
[2025-03-26T09:20:23.990+0000][25280][trace][gc,age      ] GC(8) - age   1:    3924392 bytes,    3924392 total
[2025-03-26T09:20:23.990+0000][25280][trace][gc,age      ] GC(8) - age   2:    3152224 bytes,    7076616 total
[2025-03-26T09:20:23.990+0000][25280][trace][gc,age      ] GC(8) - age   3:    3541128 bytes,   10617744 total
[2025-03-26T09:20:23.990+0000][25280][trace][gc,age      ] GC(8) - age   4:    2603216 bytes,   13220960 total
[2025-03-26T09:20:23.990+0000][25280][trace][gc,age      ] GC(8) - age   5:    3819672 bytes,   17040632 total
[2025-03-26T09:20:23.990+0000][25280][trace][gc,age      ] GC(8) - age   6:    5194024 bytes,   22234656 total
[2025-03-26T09:20:23.990+0000][25280][info ][gc,heap     ] GC(8) Eden regions: 95->0(137)
[2025-03-26T09:20:23.990+0000][25280][info ][gc,heap     ] GC(8) Survivor regions: 6->7(13)
[2025-03-26T09:20:23.990+0000][25280][info ][gc,heap     ] GC(8) Old regions: 4->4
[2025-03-26T09:20:23.990+0000][25280][info ][gc,heap     ] GC(8) Humongous regions: 0->0
[2025-03-26T09:20:23.990+0000][25280][info ][gc,metaspace] GC(8) Metaspace: 39144K(40320K)->39144K(40320K) NonClass: 34628K(35328K)->34628K(35328K) Class: 4516K(4992K)->4516K(4992K)
[2025-03-26T09:20:23.990+0000][25280][info ][gc          ] GC(8) Pause Young (Normal) (G1 Evacuation Pause) 416M->38M(8148M) 4.603ms
[2025-03-26T09:20:23.990+0000][25280][info ][gc,cpu      ] GC(8) User=0.00s Sys=0.00s Real=0.00s
[2025-03-26T09:20:23.990+0000][25280][info ][safepoint   ] Safepoint "G1CollectForAllocation", Time since last: 4292824000 ns, Reaching safepoint: 2400 ns, At safepoint: 4647000 ns, Total: 4649400 ns
[2025-03-26T09:20:28.215+0000][25280][info ][gc,start    ] GC(9) Pause Young (Normal) (G1 Evacuation Pause)
[2025-03-26T09:20:28.215+0000][25280][info ][gc,task     ] GC(9) Using 18 workers of 18 for evacuation
[2025-03-26T09:20:28.215+0000][25280][debug][gc,age      ] GC(9) Desired survivor size 37748736 bytes, new threshold 15 (max threshold 15)
[2025-03-26T09:20:28.221+0000][25280][info ][gc,phases   ] GC(9)   Pre Evacuate Collection Set: 0.18ms
[2025-03-26T09:20:28.221+0000][25280][info ][gc,phases   ] GC(9)   Merge Heap Roots: 0.10ms
[2025-03-26T09:20:28.221+0000][25280][info ][gc,phases   ] GC(9)   Evacuate Collection Set: 4.93ms
[2025-03-26T09:20:28.221+0000][25280][info ][gc,phases   ] GC(9)   Post Evacuate Collection Set: 0.56ms
[2025-03-26T09:20:28.221+0000][25280][info ][gc,phases   ] GC(9)   Other: 0.10ms
[2025-03-26T09:20:28.221+0000][25280][trace][gc,age      ] GC(9) Age table:
[2025-03-26T09:20:28.221+0000][25280][trace][gc,age      ] GC(9) - age   1:    8889880 bytes,    8889880 total
[2025-03-26T09:20:28.221+0000][25280][trace][gc,age      ] GC(9) - age   2:    3889976 bytes,   12779856 total
[2025-03-26T09:20:28.221+0000][25280][trace][gc,age      ] GC(9) - age   3:    3151952 bytes,   15931808 total
[2025-03-26T09:20:28.221+0000][25280][trace][gc,age      ] GC(9) - age   4:    3541128 bytes,   19472936 total
[2025-03-26T09:20:28.221+0000][25280][trace][gc,age      ] GC(9) - age   5:    2600784 bytes,   22073720 total
[2025-03-26T09:20:28.221+0000][25280][trace][gc,age      ] GC(9) - age   6:    3819544 bytes,   25893264 total
[2025-03-26T09:20:28.221+0000][25280][trace][gc,age      ] GC(9) - age   7:    5191400 bytes,   31084664 total
[2025-03-26T09:20:28.221+0000][25280][info ][gc,heap     ] GC(9) Eden regions: 137->0(118)
[2025-03-26T09:20:28.221+0000][25280][info ][gc,heap     ] GC(9) Survivor regions: 7->8(18)
[2025-03-26T09:20:28.221+0000][25280][info ][gc,heap     ] GC(9) Old regions: 4->4
[2025-03-26T09:20:28.221+0000][25280][info ][gc,heap     ] GC(9) Humongous regions: 0->0
[2025-03-26T09:20:28.221+0000][25280][info ][gc,metaspace] GC(9) Metaspace: 39477K(40704K)->39477K(40704K) NonClass: 34904K(35648K)->34904K(35648K) Class: 4572K(5056K)->4572K(5056K)
[2025-03-26T09:20:28.221+0000][25280][info ][gc          ] GC(9) Pause Young (Normal) (G1 Evacuation Pause) 586M->45M(8148M) 6.130ms
[2025-03-26T09:20:28.221+0000][25280][info ][gc,cpu      ] GC(9) User=0.02s Sys=0.00s Real=0.01s
[2025-03-26T09:20:28.221+0000][25280][info ][safepoint   ] Safepoint "G1CollectForAllocation", Time since last: 4224832100 ns, Reaching safepoint: 3400 ns, At safepoint: 6175200 ns, Total: 6178600 ns
[2025-03-26T09:20:30.567+0000][25280][info ][gc,start    ] GC(10) Pause Young (Concurrent Start) (Metadata GC Threshold)
[2025-03-26T09:20:30.567+0000][25280][info ][gc,task     ] GC(10) Using 18 workers of 18 for evacuation
[2025-03-26T09:20:30.567+0000][25280][debug][gc,age      ] GC(10) Desired survivor size 33554432 bytes, new threshold 15 (max threshold 15)
[2025-03-26T09:20:30.576+0000][25280][info ][gc,phases   ] GC(10)   Pre Evacuate Collection Set: 0.23ms
[2025-03-26T09:20:30.576+0000][25280][info ][gc,phases   ] GC(10)   Merge Heap Roots: 0.08ms
[2025-03-26T09:20:30.576+0000][25280][info ][gc,phases   ] GC(10)   Evacuate Collection Set: 6.99ms
[2025-03-26T09:20:30.576+0000][25280][info ][gc,phases   ] GC(10)   Post Evacuate Collection Set: 0.68ms
[2025-03-26T09:20:30.576+0000][25280][info ][gc,phases   ] GC(10)   Other: 0.09ms
[2025-03-26T09:20:30.576+0000][25280][trace][gc,age      ] GC(10) Age table:
[2025-03-26T09:20:30.576+0000][25280][trace][gc,age      ] GC(10) - age   1:    6888952 bytes,    6888952 total
[2025-03-26T09:20:30.576+0000][25280][trace][gc,age      ] GC(10) - age   2:    6524232 bytes,   13413184 total
[2025-03-26T09:20:30.576+0000][25280][trace][gc,age      ] GC(10) - age   3:    3849568 bytes,   17262752 total
[2025-03-26T09:20:30.576+0000][25280][trace][gc,age      ] GC(10) - age   4:    3132848 bytes,   20395600 total
[2025-03-26T09:20:30.576+0000][25280][trace][gc,age      ] GC(10) - age   5:    3524336 bytes,   23919936 total
[2025-03-26T09:20:30.576+0000][25280][trace][gc,age      ] GC(10) - age   6:    2589648 bytes,   26509584 total
[2025-03-26T09:20:30.576+0000][25280][trace][gc,age      ] GC(10) - age   7:    3801416 bytes,   30311000 total
[2025-03-26T09:20:30.576+0000][25280][trace][gc,age      ] GC(10) - age   8:    4983464 bytes,   35294464 total
[2025-03-26T09:20:30.576+0000][25280][info ][gc,heap     ] GC(10) Eden regions: 107->0(150)
[2025-03-26T09:20:30.576+0000][25280][info ][gc,heap     ] GC(10) Survivor regions: 8->10(16)
[2025-03-26T09:20:30.576+0000][25280][info ][gc,heap     ] GC(10) Old regions: 4->4
[2025-03-26T09:20:30.576+0000][25280][info ][gc,heap     ] GC(10) Humongous regions: 0->0
[2025-03-26T09:20:30.576+0000][25280][info ][gc,metaspace] GC(10) Metaspace: 58965K(60480K)->58965K(60480K) NonClass: 51708K(52608K)->51708K(52608K) Class: 7257K(7872K)->7257K(7872K)
[2025-03-26T09:20:30.576+0000][25280][info ][gc          ] GC(10) Pause Young (Concurrent Start) (Metadata GC Threshold) 473M->51M(8148M) 8.353ms
[2025-03-26T09:20:30.576+0000][25280][info ][gc,cpu      ] GC(10) User=0.00s Sys=0.00s Real=0.01s
[2025-03-26T09:20:30.576+0000][25280][info ][gc          ] GC(11) Concurrent Mark Cycle
[2025-03-26T09:20:30.576+0000][25280][info ][gc,marking  ] GC(11) Concurrent Scan Root Regions
[2025-03-26T09:20:30.576+0000][25280][info ][safepoint   ] Safepoint "CollectForMetadataAllocation", Time since last: 2346553700 ns, Reaching safepoint: 2700 ns, At safepoint: 8438000 ns, Total: 8440700 ns
[2025-03-26T09:20:30.578+0000][25280][info ][gc,marking  ] GC(11) Concurrent Scan Root Regions 2.138ms
[2025-03-26T09:20:30.578+0000][25280][info ][gc,marking  ] GC(11) Concurrent Mark
[2025-03-26T09:20:30.578+0000][25280][info ][gc,marking  ] GC(11) Concurrent Mark From Roots
[2025-03-26T09:20:30.578+0000][25280][info ][gc,task     ] GC(11) Using 5 workers of 5 for marking
[2025-03-26T09:20:30.583+0000][25280][info ][gc,marking  ] GC(11) Concurrent Mark From Roots 4.202ms
[2025-03-26T09:20:30.583+0000][25280][info ][gc,marking  ] GC(11) Concurrent Preclean
[2025-03-26T09:20:30.583+0000][25280][info ][gc,marking  ] GC(11) Concurrent Preclean 0.090ms
[2025-03-26T09:20:30.583+0000][25280][info ][gc,start    ] GC(11) Pause Remark
[2025-03-26T09:20:30.586+0000][25280][info ][gc          ] GC(11) Pause Remark 54M->54M(8148M) 2.519ms
[2025-03-26T09:20:30.586+0000][25280][info ][gc,cpu      ] GC(11) User=0.00s Sys=0.00s Real=0.00s
[2025-03-26T09:20:30.586+0000][25280][info ][safepoint   ] Safepoint "G1PauseRemark", Time since last: 6509800 ns, Reaching safepoint: 13100 ns, At safepoint: 2571800 ns, Total: 2584900 ns
[2025-03-26T09:20:30.586+0000][25280][info ][gc,marking  ] GC(11) Concurrent Mark 6.961ms
[2025-03-26T09:20:30.586+0000][25280][info ][gc,marking  ] GC(11) Concurrent Rebuild Remembered Sets and Scrub Regions
[2025-03-26T09:20:30.587+0000][25280][info ][gc,marking  ] GC(11) Concurrent Rebuild Remembered Sets and Scrub Regions 1.355ms
[2025-03-26T09:20:30.587+0000][25280][info ][gc,start    ] GC(11) Pause Cleanup
[2025-03-26T09:20:30.587+0000][25280][info ][gc          ] GC(11) Pause Cleanup 54M->54M(8148M) 0.051ms
[2025-03-26T09:20:30.587+0000][25280][info ][gc,cpu      ] GC(11) User=0.00s Sys=0.00s Real=0.00s
[2025-03-26T09:20:30.587+0000][25280][info ][safepoint   ] Safepoint "G1PauseCleanup", Time since last: 1440500 ns, Reaching safepoint: 13600 ns, At safepoint: 100700 ns, Total: 114300 ns
[2025-03-26T09:20:30.587+0000][25280][info ][gc,marking  ] GC(11) Concurrent Clear Claimed Marks
[2025-03-26T09:20:30.587+0000][25280][info ][gc,marking  ] GC(11) Concurrent Clear Claimed Marks 0.066ms
[2025-03-26T09:20:30.587+0000][25280][info ][gc,marking  ] GC(11) Concurrent Cleanup for Next Mark
[2025-03-26T09:20:30.595+0000][25280][info ][gc,marking  ] GC(11) Concurrent Cleanup for Next Mark 8.323ms
[2025-03-26T09:20:30.595+0000][25280][info ][gc          ] GC(11) Concurrent Mark Cycle 19.166ms
[2025-03-26T09:20:32.724+0000][25280][info ][gc,start    ] GC(12) Pause Young (Normal) (G1 Evacuation Pause)
[2025-03-26T09:20:32.725+0000][25280][info ][gc,task     ] GC(12) Using 18 workers of 18 for evacuation
[2025-03-26T09:20:32.725+0000][25280][debug][gc,age      ] GC(12) Desired survivor size 41943040 bytes, new threshold 15 (max threshold 15)
[2025-03-26T09:20:32.738+0000][25280][info ][gc,phases   ] GC(12)   Pre Evacuate Collection Set: 0.18ms
[2025-03-26T09:20:32.738+0000][25280][info ][gc,phases   ] GC(12)   Merge Heap Roots: 0.10ms
[2025-03-26T09:20:32.738+0000][25280][info ][gc,phases   ] GC(12)   Evacuate Collection Set: 11.91ms
[2025-03-26T09:20:32.738+0000][25280][info ][gc,phases   ] GC(12)   Post Evacuate Collection Set: 1.23ms
[2025-03-26T09:20:32.738+0000][25280][info ][gc,phases   ] GC(12)   Other: 0.11ms
[2025-03-26T09:20:32.738+0000][25280][trace][gc,age      ] GC(12) Age table:
[2025-03-26T09:20:32.738+0000][25280][trace][gc,age      ] GC(12) - age   1:   11786648 bytes,   11786648 total
[2025-03-26T09:20:32.738+0000][25280][trace][gc,age      ] GC(12) - age   2:    6454016 bytes,   18240664 total
[2025-03-26T09:20:32.738+0000][25280][trace][gc,age      ] GC(12) - age   3:    6481352 bytes,   24722016 total
[2025-03-26T09:20:32.738+0000][25280][trace][gc,age      ] GC(12) - age   4:    3841144 bytes,   28563160 total
[2025-03-26T09:20:32.738+0000][25280][trace][gc,age      ] GC(12) - age   5:    3128840 bytes,   31692000 total
[2025-03-26T09:20:32.738+0000][25280][trace][gc,age      ] GC(12) - age   6:    3519704 bytes,   35211704 total
[2025-03-26T09:20:32.738+0000][25280][trace][gc,age      ] GC(12) - age   7:    2581720 bytes,   37793424 total
[2025-03-26T09:20:32.738+0000][25280][trace][gc,age      ] GC(12) - age   8:    3788360 bytes,   41581784 total
[2025-03-26T09:20:32.738+0000][25280][trace][gc,age      ] GC(12) - age   9:    4958056 bytes,   46539840 total
[2025-03-26T09:20:32.738+0000][25280][info ][gc,heap     ] GC(12) Eden regions: 150->0(160)
[2025-03-26T09:20:32.738+0000][25280][info ][gc,heap     ] GC(12) Survivor regions: 10->13(20)
[2025-03-26T09:20:32.738+0000][25280][info ][gc,heap     ] GC(12) Old regions: 4->4
[2025-03-26T09:20:32.738+0000][25280][info ][gc,heap     ] GC(12) Humongous regions: 0->0
[2025-03-26T09:20:32.738+0000][25280][info ][gc,metaspace] GC(12) Metaspace: 78010K(80064K)->78010K(80064K) NonClass: 67515K(68672K)->67515K(68672K) Class: 10494K(11392K)->10494K(11392K)
[2025-03-26T09:20:32.738+0000][25280][info ][gc          ] GC(12) Pause Young (Normal) (G1 Evacuation Pause) 651M->63M(8148M) 14.079ms
[2025-03-26T09:20:32.738+0000][25280][info ][gc,cpu      ] GC(12) User=0.02s Sys=0.00s Real=0.01s
[2025-03-26T09:20:32.738+0000][25280][info ][safepoint   ] Safepoint "G1CollectForAllocation", Time since last: 2137428100 ns, Reaching safepoint: 4300 ns, At safepoint: 14134500 ns, Total: 14138800 ns
[2025-03-26T09:20:34.748+0000][25280][info ][gc,start    ] GC(13) Pause Young (Concurrent Start) (Metadata GC Threshold)
[2025-03-26T09:20:34.748+0000][25280][info ][gc,task     ] GC(13) Using 18 workers of 18 for evacuation
[2025-03-26T09:20:34.748+0000][25280][debug][gc,age      ] GC(13) Desired survivor size 46137344 bytes, new threshold 9 (max threshold 15)
[2025-03-26T09:20:34.765+0000][25280][info ][gc,phases   ] GC(13)   Pre Evacuate Collection Set: 0.24ms
[2025-03-26T09:20:34.765+0000][25280][info ][gc,phases   ] GC(13)   Merge Heap Roots: 0.08ms
[2025-03-26T09:20:34.765+0000][25280][info ][gc,phases   ] GC(13)   Evacuate Collection Set: 14.08ms
[2025-03-26T09:20:34.765+0000][25280][info ][gc,phases   ] GC(13)   Post Evacuate Collection Set: 1.26ms
[2025-03-26T09:20:34.765+0000][25280][info ][gc,phases   ] GC(13)   Other: 0.10ms
[2025-03-26T09:20:34.765+0000][25280][trace][gc,age      ] GC(13) Age table:
[2025-03-26T09:20:34.765+0000][25280][trace][gc,age      ] GC(13) - age   1:   10372000 bytes,   10372000 total
[2025-03-26T09:20:34.765+0000][25280][trace][gc,age      ] GC(13) - age   2:   11336160 bytes,   21708160 total
[2025-03-26T09:20:34.765+0000][25280][trace][gc,age      ] GC(13) - age   3:    6318416 bytes,   28026576 total
[2025-03-26T09:20:34.765+0000][25280][trace][gc,age      ] GC(13) - age   4:    6474440 bytes,   34501016 total
[2025-03-26T09:20:34.765+0000][25280][trace][gc,age      ] GC(13) - age   5:    3825896 bytes,   38326912 total
[2025-03-26T09:20:34.765+0000][25280][trace][gc,age      ] GC(13) - age   6:    3120976 bytes,   41447888 total
[2025-03-26T09:20:34.765+0000][25280][trace][gc,age      ] GC(13) - age   7:    3508592 bytes,   44956480 total
[2025-03-26T09:20:34.765+0000][25280][trace][gc,age      ] GC(13) - age   8:    2578320 bytes,   47534800 total
[2025-03-26T09:20:34.765+0000][25280][trace][gc,age      ] GC(13) - age   9:    3784576 bytes,   51319376 total
[2025-03-26T09:20:34.765+0000][25280][info ][gc,heap     ] GC(13) Eden regions: 113->0(205)
[2025-03-26T09:20:34.765+0000][25280][info ][gc,heap     ] GC(13) Survivor regions: 13->14(22)
[2025-03-26T09:20:34.765+0000][25280][info ][gc,heap     ] GC(13) Old regions: 4->5
[2025-03-26T09:20:34.765+0000][25280][info ][gc,heap     ] GC(13) Humongous regions: 0->0
[2025-03-26T09:20:34.765+0000][25280][info ][gc,metaspace] GC(13) Metaspace: 99022K(101056K)->99022K(101056K) NonClass: 85528K(86720K)->85528K(86720K) Class: 13494K(14336K)->13494K(14336K)
[2025-03-26T09:20:34.765+0000][25280][info ][gc          ] GC(13) Pause Young (Concurrent Start) (Metadata GC Threshold) 513M->75M(8148M) 16.064ms
[2025-03-26T09:20:34.765+0000][25280][info ][gc,cpu      ] GC(13) User=0.00s Sys=0.00s Real=0.02s
[2025-03-26T09:20:34.765+0000][25280][info ][gc          ] GC(14) Concurrent Mark Cycle
[2025-03-26T09:20:34.765+0000][25280][info ][gc,marking  ] GC(14) Concurrent Scan Root Regions
[2025-03-26T09:20:34.765+0000][25280][info ][safepoint   ] Safepoint "CollectForMetadataAllocation", Time since last: 2010284300 ns, Reaching safepoint: 3000 ns, At safepoint: 16161700 ns, Total: 16164700 ns
[2025-03-26T09:20:34.769+0000][25280][info ][gc,marking  ] GC(14) Concurrent Scan Root Regions 4.313ms
[2025-03-26T09:20:34.769+0000][25280][info ][gc,marking  ] GC(14) Concurrent Mark
[2025-03-26T09:20:34.769+0000][25280][info ][gc,marking  ] GC(14) Concurrent Mark From Roots
[2025-03-26T09:20:34.769+0000][25280][info ][gc,task     ] GC(14) Using 5 workers of 5 for marking
[2025-03-26T09:20:34.774+0000][25280][info ][gc,marking  ] GC(14) Concurrent Mark From Roots 4.042ms
[2025-03-26T09:20:34.774+0000][25280][info ][gc,marking  ] GC(14) Concurrent Preclean
[2025-03-26T09:20:34.774+0000][25280][info ][gc,marking  ] GC(14) Concurrent Preclean 0.050ms
[2025-03-26T09:20:34.774+0000][25280][info ][gc,start    ] GC(14) Pause Remark
[2025-03-26T09:20:34.776+0000][25280][info ][gc          ] GC(14) Pause Remark 77M->77M(8148M) 2.893ms
[2025-03-26T09:20:34.776+0000][25280][info ][gc,cpu      ] GC(14) User=0.00s Sys=0.00s Real=0.00s
[2025-03-26T09:20:34.776+0000][25280][info ][safepoint   ] Safepoint "G1PauseRemark", Time since last: 8495600 ns, Reaching safepoint: 13700 ns, At safepoint: 2946900 ns, Total: 2960600 ns
[2025-03-26T09:20:34.776+0000][25280][info ][gc,marking  ] GC(14) Concurrent Mark 7.147ms
[2025-03-26T09:20:34.776+0000][25280][info ][gc,marking  ] GC(14) Concurrent Rebuild Remembered Sets and Scrub Regions
[2025-03-26T09:20:34.777+0000][25280][info ][gc,marking  ] GC(14) Concurrent Rebuild Remembered Sets and Scrub Regions 1.263ms
[2025-03-26T09:20:34.777+0000][25280][info ][gc,start    ] GC(14) Pause Cleanup
[2025-03-26T09:20:34.777+0000][25280][info ][gc          ] GC(14) Pause Cleanup 77M->77M(8148M) 0.037ms
[2025-03-26T09:20:34.777+0000][25280][info ][gc,cpu      ] GC(14) User=0.00s Sys=0.00s Real=0.00s
[2025-03-26T09:20:34.777+0000][25280][info ][safepoint   ] Safepoint "G1PauseCleanup", Time since last: 1344300 ns, Reaching safepoint: 33300 ns, At safepoint: 74000 ns, Total: 107300 ns
[2025-03-26T09:20:34.778+0000][25280][info ][gc,marking  ] GC(14) Concurrent Clear Claimed Marks
[2025-03-26T09:20:34.778+0000][25280][info ][gc,marking  ] GC(14) Concurrent Clear Claimed Marks 0.066ms
[2025-03-26T09:20:34.778+0000][25280][info ][gc,marking  ] GC(14) Concurrent Cleanup for Next Mark
[2025-03-26T09:20:34.786+0000][25280][info ][gc,marking  ] GC(14) Concurrent Cleanup for Next Mark 8.274ms
[2025-03-26T09:20:34.786+0000][25280][info ][gc          ] GC(14) Concurrent Mark Cycle 21.376ms
[2025-03-26T09:20:38.258+0000][25280][info ][gc,start    ] GC(15) Pause Young (Normal) (G1 Evacuation Pause)
[2025-03-26T09:20:38.258+0000][25280][info ][gc,task     ] GC(15) Using 18 workers of 18 for evacuation
[2025-03-26T09:20:38.258+0000][25280][debug][gc,age      ] GC(15) Desired survivor size 58720256 bytes, new threshold 15 (max threshold 15)
[2025-03-26T09:20:38.284+0000][25280][info ][gc,phases   ] GC(15)   Pre Evacuate Collection Set: 0.19ms
[2025-03-26T09:20:38.284+0000][25280][info ][gc,phases   ] GC(15)   Merge Heap Roots: 0.10ms
[2025-03-26T09:20:38.284+0000][25280][info ][gc,phases   ] GC(15)   Evacuate Collection Set: 23.56ms
[2025-03-26T09:20:38.284+0000][25280][info ][gc,phases   ] GC(15)   Post Evacuate Collection Set: 2.06ms
[2025-03-26T09:20:38.284+0000][25280][info ][gc,phases   ] GC(15)   Other: 0.10ms
[2025-03-26T09:20:38.284+0000][25280][trace][gc,age      ] GC(15) Age table:
[2025-03-26T09:20:38.284+0000][25280][trace][gc,age      ] GC(15) - age   1:   30679648 bytes,   30679648 total
[2025-03-26T09:20:38.284+0000][25280][trace][gc,age      ] GC(15) - age   2:    9948824 bytes,   40628472 total
[2025-03-26T09:20:38.284+0000][25280][trace][gc,age      ] GC(15) - age   3:   11167368 bytes,   51795840 total
[2025-03-26T09:20:38.284+0000][25280][trace][gc,age      ] GC(15) - age   4:    6286176 bytes,   58082016 total
[2025-03-26T09:20:38.284+0000][25280][trace][gc,age      ] GC(15) - age   5:    6470896 bytes,   64552912 total
[2025-03-26T09:20:38.284+0000][25280][trace][gc,age      ] GC(15) - age   6:    3820136 bytes,   68373048 total
[2025-03-26T09:20:38.284+0000][25280][trace][gc,age      ] GC(15) - age   7:    3117664 bytes,   71490712 total
[2025-03-26T09:20:38.284+0000][25280][trace][gc,age      ] GC(15) - age   8:    3506104 bytes,   74996816 total
[2025-03-26T09:20:38.284+0000][25280][trace][gc,age      ] GC(15) - age   9:    2573328 bytes,   77570144 total
[2025-03-26T09:20:38.284+0000][25280][trace][gc,age      ] GC(15) - age  10:    3777840 bytes,   81347984 total
[2025-03-26T09:20:38.284+0000][25280][info ][gc,heap     ] GC(15) Eden regions: 205->0(190)
[2025-03-26T09:20:38.284+0000][25280][info ][gc,heap     ] GC(15) Survivor regions: 14->22(28)
[2025-03-26T09:20:38.284+0000][25280][info ][gc,heap     ] GC(15) Old regions: 5->5
[2025-03-26T09:20:38.284+0000][25280][info ][gc,heap     ] GC(15) Humongous regions: 2->2
[2025-03-26T09:20:38.284+0000][25280][info ][gc,metaspace] GC(15) Metaspace: 143118K(147200K)->143118K(147200K) NonClass: 122736K(124992K)->122736K(124992K) Class: 20381K(22208K)->20381K(22208K)
[2025-03-26T09:20:38.284+0000][25280][info ][gc          ] GC(15) Pause Young (Normal) (G1 Evacuation Pause) 903M->112M(8148M) 26.322ms
[2025-03-26T09:20:38.284+0000][25280][info ][gc,cpu      ] GC(15) User=0.02s Sys=0.00s Real=0.03s
[2025-03-26T09:20:38.284+0000][25280][info ][safepoint   ] Safepoint "G1CollectForAllocation", Time since last: 3479477900 ns, Reaching safepoint: 9000 ns, At safepoint: 26406100 ns, Total: 26415100 ns
[2025-03-26T09:20:41.184+0000][25280][info ][gc,start    ] GC(16) Pause Young (Normal) (G1 Evacuation Pause)
[2025-03-26T09:20:41.184+0000][25280][info ][gc,task     ] GC(16) Using 18 workers of 18 for evacuation
[2025-03-26T09:20:41.184+0000][25280][debug][gc,age      ] GC(16) Desired survivor size 56623104 bytes, new threshold 4 (max threshold 15)
[2025-03-26T09:20:41.224+0000][25280][info ][gc,phases   ] GC(16)   Pre Evacuate Collection Set: 0.26ms
[2025-03-26T09:20:41.224+0000][25280][info ][gc,phases   ] GC(16)   Merge Heap Roots: 0.16ms
[2025-03-26T09:20:41.224+0000][25280][info ][gc,phases   ] GC(16)   Evacuate Collection Set: 37.35ms
[2025-03-26T09:20:41.224+0000][25280][info ][gc,phases   ] GC(16)   Post Evacuate Collection Set: 2.20ms
[2025-03-26T09:20:41.224+0000][25280][info ][gc,phases   ] GC(16)   Other: 0.10ms
[2025-03-26T09:20:41.224+0000][25280][trace][gc,age      ] GC(16) Age table:
[2025-03-26T09:20:41.224+0000][25280][trace][gc,age      ] GC(16) - age   1:   62476208 bytes,   62476208 total
[2025-03-26T09:20:41.224+0000][25280][trace][gc,age      ] GC(16) - age   2:   22163512 bytes,   84639720 total
[2025-03-26T09:20:41.224+0000][25280][trace][gc,age      ] GC(16) - age   3:    8633304 bytes,   93273024 total
[2025-03-26T09:20:41.224+0000][25280][trace][gc,age      ] GC(16) - age   4:    9222008 bytes,  102495032 total
[2025-03-26T09:20:41.224+0000][25280][info ][gc,heap     ] GC(16) Eden regions: 190->0(216)
[2025-03-26T09:20:41.224+0000][25280][info ][gc,heap     ] GC(16) Survivor regions: 22->27(27)
[2025-03-26T09:20:41.224+0000][25280][info ][gc,heap     ] GC(16) Old regions: 5->18
[2025-03-26T09:20:41.224+0000][25280][info ][gc,heap     ] GC(16) Humongous regions: 2->2
[2025-03-26T09:20:41.224+0000][25280][info ][gc,metaspace] GC(16) Metaspace: 152759K(157120K)->152759K(157120K) NonClass: 130715K(133120K)->130715K(133120K) Class: 22044K(24000K)->22044K(24000K)
[2025-03-26T09:20:41.224+0000][25280][info ][gc          ] GC(16) Pause Young (Normal) (G1 Evacuation Pause) 872M->184M(8148M) 40.406ms
[2025-03-26T09:20:41.224+0000][25280][info ][gc,cpu      ] GC(16) User=0.19s Sys=0.03s Real=0.04s
[2025-03-26T09:20:41.224+0000][25280][info ][safepoint   ] Safepoint "G1CollectForAllocation", Time since last: 2899483000 ns, Reaching safepoint: 111000 ns, At safepoint: 40526200 ns, Total: 40637200 ns
[2025-03-26T09:20:42.030+0000][25280][info ][gc,start    ] GC(17) Pause Young (Normal) (G1 Evacuation Pause)
[2025-03-26T09:20:42.030+0000][25280][info ][gc,task     ] GC(17) Using 18 workers of 18 for evacuation
[2025-03-26T09:20:42.030+0000][25280][debug][gc,age      ] GC(17) Desired survivor size 65011712 bytes, new threshold 2 (max threshold 15)
[2025-03-26T09:20:42.047+0000][25280][info ][gc,phases   ] GC(17)   Pre Evacuate Collection Set: 0.22ms
[2025-03-26T09:20:42.047+0000][25280][info ][gc,phases   ] GC(17)   Merge Heap Roots: 0.23ms
[2025-03-26T09:20:42.047+0000][25280][info ][gc,phases   ] GC(17)   Evacuate Collection Set: 14.29ms
[2025-03-26T09:20:42.047+0000][25280][info ][gc,phases   ] GC(17)   Post Evacuate Collection Set: 1.60ms
[2025-03-26T09:20:42.047+0000][25280][info ][gc,phases   ] GC(17)   Other: 0.14ms
[2025-03-26T09:20:42.047+0000][25280][trace][gc,age      ] GC(17) Age table:
[2025-03-26T09:20:42.047+0000][25280][trace][gc,age      ] GC(17) - age   1:   12569072 bytes,   12569072 total
[2025-03-26T09:20:42.047+0000][25280][trace][gc,age      ] GC(17) - age   2:   61677664 bytes,   74246736 total
[2025-03-26T09:20:42.047+0000][25280][info ][gc,heap     ] GC(17) Eden regions: 216->0(230)
[2025-03-26T09:20:42.047+0000][25280][info ][gc,heap     ] GC(17) Survivor regions: 27->22(31)
[2025-03-26T09:20:42.047+0000][25280][info ][gc,heap     ] GC(17) Old regions: 18->28
[2025-03-26T09:20:42.047+0000][25280][info ][gc,heap     ] GC(17) Humongous regions: 2->2
[2025-03-26T09:20:42.047+0000][25280][info ][gc,metaspace] GC(17) Metaspace: 155331K(159680K)->155331K(159680K) NonClass: 133053K(135424K)->133053K(135424K) Class: 22278K(24256K)->22278K(24256K)
[2025-03-26T09:20:42.047+0000][25280][info ][gc          ] GC(17) Pause Young (Normal) (G1 Evacuation Pause) 1048M->206M(8148M) 16.739ms
[2025-03-26T09:20:42.047+0000][25280][info ][gc,cpu      ] GC(17) User=0.02s Sys=0.00s Real=0.02s
[2025-03-26T09:20:42.047+0000][25280][info ][safepoint   ] Safepoint "G1CollectForAllocation", Time since last: 806072500 ns, Reaching safepoint: 19800 ns, At safepoint: 16850900 ns, Total: 16870700 ns
[2025-03-26T09:21:32.755+0000][25280][info ][gc,start    ] GC(18) Pause Young (Concurrent Start) (CodeCache GC Threshold)
[2025-03-26T09:21:32.755+0000][25280][info ][gc,task     ] GC(18) Using 18 workers of 18 for evacuation
[2025-03-26T09:21:32.755+0000][25280][debug][gc,age      ] GC(18) Desired survivor size 73400320 bytes, new threshold 2 (max threshold 15)
[2025-03-26T09:21:32.789+0000][25280][info ][gc,phases   ] GC(18)   Pre Evacuate Collection Set: 0.28ms
[2025-03-26T09:21:32.789+0000][25280][info ][gc,phases   ] GC(18)   Merge Heap Roots: 0.12ms
[2025-03-26T09:21:32.789+0000][25280][info ][gc,phases   ] GC(18)   Evacuate Collection Set: 32.11ms
[2025-03-26T09:21:32.789+0000][25280][info ][gc,phases   ] GC(18)   Post Evacuate Collection Set: 1.29ms
[2025-03-26T09:21:32.789+0000][25280][info ][gc,phases   ] GC(18)   Other: 0.11ms
[2025-03-26T09:21:32.789+0000][25280][trace][gc,age      ] GC(18) Age table:
[2025-03-26T09:21:32.789+0000][25280][trace][gc,age      ] GC(18) - age   1:    8923112 bytes,    8923112 total
[2025-03-26T09:21:32.789+0000][25280][trace][gc,age      ] GC(18) - age   2:    4238432 bytes,   13161544 total
[2025-03-26T09:21:32.789+0000][25280][info ][gc,heap     ] GC(18) Eden regions: 134->0(345)
[2025-03-26T09:21:32.789+0000][25280][info ][gc,heap     ] GC(18) Survivor regions: 22->4(35)
[2025-03-26T09:21:32.789+0000][25280][info ][gc,heap     ] GC(18) Old regions: 28->50
[2025-03-26T09:21:32.789+0000][25280][info ][gc,heap     ] GC(18) Humongous regions: 2->2
[2025-03-26T09:21:32.789+0000][25280][info ][gc,metaspace] GC(18) Metaspace: 160229K(164672K)->160229K(164672K) NonClass: 137465K(139904K)->137465K(139904K) Class: 22763K(24768K)->22763K(24768K)
[2025-03-26T09:21:32.789+0000][25280][info ][gc          ] GC(18) Pause Young (Concurrent Start) (CodeCache GC Threshold) 740M->220M(8148M) 34.180ms
[2025-03-26T09:21:32.789+0000][25280][info ][gc          ] GC(19) Concurrent Mark Cycle
[2025-03-26T09:21:32.789+0000][25280][info ][gc,cpu      ] GC(18) User=0.03s Sys=0.28s Real=0.03s
[2025-03-26T09:21:32.789+0000][25280][info ][gc,marking  ] GC(19) Concurrent Scan Root Regions
[2025-03-26T09:21:32.789+0000][25280][info ][safepoint   ] Safepoint "G1TryInitiateConcMark", Time since last: 50707382400 ns, Reaching safepoint: 16400 ns, At safepoint: 34337200 ns, Total: 34353600 ns
[2025-03-26T09:21:32.791+0000][25280][info ][gc,marking  ] GC(19) Concurrent Scan Root Regions 3.063ms
[2025-03-26T09:21:32.791+0000][25280][info ][gc,marking  ] GC(19) Concurrent Mark
[2025-03-26T09:21:32.791+0000][25280][info ][gc,marking  ] GC(19) Concurrent Mark From Roots
[2025-03-26T09:21:32.791+0000][25280][info ][gc,task     ] GC(19) Using 5 workers of 5 for marking
[2025-03-26T09:21:32.814+0000][25280][info ][gc,marking  ] GC(19) Concurrent Mark From Roots 22.240ms
[2025-03-26T09:21:32.814+0000][25280][info ][gc,marking  ] GC(19) Concurrent Preclean
[2025-03-26T09:21:32.814+0000][25280][info ][gc,marking  ] GC(19) Concurrent Preclean 0.143ms
[2025-03-26T09:21:32.814+0000][25280][info ][gc,start    ] GC(19) Pause Remark
[2025-03-26T09:21:32.830+0000][25280][info ][gc          ] GC(19) Pause Remark 222M->222M(8148M) 16.642ms
[2025-03-26T09:21:32.831+0000][25280][info ][gc,cpu      ] GC(19) User=0.02s Sys=0.00s Real=0.02s
[2025-03-26T09:21:32.831+0000][25280][info ][safepoint   ] Safepoint "G1PauseRemark", Time since last: 25520800 ns, Reaching safepoint: 18800 ns, At safepoint: 16791500 ns, Total: 16810300 ns
[2025-03-26T09:21:32.831+0000][25280][info ][gc,marking  ] GC(19) Concurrent Mark 39.333ms
[2025-03-26T09:21:32.831+0000][25280][info ][gc,marking  ] GC(19) Concurrent Rebuild Remembered Sets and Scrub Regions
[2025-03-26T09:21:32.838+0000][25280][info ][gc,marking  ] GC(19) Concurrent Rebuild Remembered Sets and Scrub Regions 6.865ms
[2025-03-26T09:21:32.838+0000][25280][info ][gc,start    ] GC(19) Pause Cleanup
[2025-03-26T09:21:32.838+0000][25280][info ][gc          ] GC(19) Pause Cleanup 223M->223M(8148M) 0.083ms
[2025-03-26T09:21:32.838+0000][25280][info ][gc,cpu      ] GC(19) User=0.00s Sys=0.00s Real=0.00s
[2025-03-26T09:21:32.838+0000][25280][info ][safepoint   ] Safepoint "G1PauseCleanup", Time since last: 7008500 ns, Reaching safepoint: 18200 ns, At safepoint: 165700 ns, Total: 183900 ns
[2025-03-26T09:21:32.838+0000][25280][info ][gc,marking  ] GC(19) Concurrent Clear Claimed Marks
[2025-03-26T09:21:32.838+0000][25280][info ][gc,marking  ] GC(19) Concurrent Clear Claimed Marks 0.210ms
[2025-03-26T09:21:32.838+0000][25280][info ][gc,marking  ] GC(19) Concurrent Cleanup for Next Mark
[2025-03-26T09:21:32.847+0000][25280][info ][gc,marking  ] GC(19) Concurrent Cleanup for Next Mark 8.016ms
[2025-03-26T09:21:32.847+0000][25280][info ][gc          ] GC(19) Concurrent Mark Cycle 57.992ms
[2025-03-26T09:27:39.908+0000][25280][info ][gc,start    ] GC(20) Pause Young (Prepare Mixed) (G1 Evacuation Pause)
[2025-03-26T09:27:39.908+0000][25280][info ][gc,task     ] GC(20) Using 18 workers of 18 for evacuation
[2025-03-26T09:27:39.908+0000][25280][debug][gc,age      ] GC(20) Desired survivor size 100663296 bytes, new threshold 15 (max threshold 15)
[2025-03-26T09:27:39.911+0000][25280][info ][gc,phases   ] GC(20)   Pre Evacuate Collection Set: 0.23ms
[2025-03-26T09:27:39.911+0000][25280][info ][gc,phases   ] GC(20)   Merge Heap Roots: 0.15ms
[2025-03-26T09:27:39.911+0000][25280][info ][gc,phases   ] GC(20)   Evacuate Collection Set: 2.32ms
[2025-03-26T09:27:39.911+0000][25280][info ][gc,phases   ] GC(20)   Post Evacuate Collection Set: 0.73ms
[2025-03-26T09:27:39.911+0000][25280][info ][gc,phases   ] GC(20)   Other: 0.14ms
[2025-03-26T09:27:39.911+0000][25280][trace][gc,age      ] GC(20) Age table:
[2025-03-26T09:27:39.911+0000][25280][trace][gc,age      ] GC(20) - age   1:    2974864 bytes,    2974864 total
[2025-03-26T09:27:39.911+0000][25280][trace][gc,age      ] GC(20) - age   2:    7138240 bytes,   10113104 total
[2025-03-26T09:27:39.911+0000][25280][trace][gc,age      ] GC(20) - age   3:    4064328 bytes,   14177432 total
[2025-03-26T09:27:39.911+0000][25280][info ][gc,heap     ] GC(20) Eden regions: 374->0(345)
[2025-03-26T09:27:39.911+0000][25280][info ][gc,heap     ] GC(20) Survivor regions: 4->4(48)
[2025-03-26T09:27:39.911+0000][25280][info ][gc,heap     ] GC(20) Old regions: 50->50
[2025-03-26T09:27:39.911+0000][25280][info ][gc,heap     ] GC(20) Humongous regions: 2->2
[2025-03-26T09:27:39.911+0000][25280][info ][gc,metaspace] GC(20) Metaspace: 161849K(166400K)->161849K(166400K) NonClass: 138978K(141504K)->138978K(141504K) Class: 22870K(24896K)->22870K(24896K)
[2025-03-26T09:27:39.911+0000][25280][info ][gc          ] GC(20) Pause Young (Prepare Mixed) (G1 Evacuation Pause) 1716M->221M(8148M) 3.841ms
[2025-03-26T09:27:39.911+0000][25280][info ][gc,cpu      ] GC(20) User=0.00s Sys=0.00s Real=0.00s
[2025-03-26T09:27:39.911+0000][25280][info ][safepoint   ] Safepoint "G1CollectForAllocation", Time since last: 367069129200 ns, Reaching safepoint: 14800 ns, At safepoint: 3911600 ns, Total: 3926400 ns
[2025-03-26T09:33:49.343+0000][25280][info ][gc,start    ] GC(21) Pause Young (Mixed) (G1 Evacuation Pause)
[2025-03-26T09:33:49.344+0000][25280][info ][gc,task     ] GC(21) Using 18 workers of 18 for evacuation
[2025-03-26T09:33:49.344+0000][25280][debug][gc,age      ] GC(21) Desired survivor size 96468992 bytes, new threshold 15 (max threshold 15)
[2025-03-26T09:33:49.348+0000][25280][info ][gc,phases   ] GC(21)   Pre Evacuate Collection Set: 0.45ms
[2025-03-26T09:33:49.348+0000][25280][info ][gc,phases   ] GC(21)   Merge Heap Roots: 0.14ms
[2025-03-26T09:33:49.348+0000][25280][info ][gc,phases   ] GC(21)   Evacuate Collection Set: 2.66ms
[2025-03-26T09:33:49.348+0000][25280][info ][gc,phases   ] GC(21)   Post Evacuate Collection Set: 0.79ms
[2025-03-26T09:33:49.348+0000][25280][info ][gc,phases   ] GC(21)   Other: 0.11ms
[2025-03-26T09:33:49.348+0000][25280][trace][gc,age      ] GC(21) Age table:
[2025-03-26T09:33:49.348+0000][25280][trace][gc,age      ] GC(21) - age   1:     921136 bytes,     921136 total
[2025-03-26T09:33:49.348+0000][25280][trace][gc,age      ] GC(21) - age   2:    1761432 bytes,    2682568 total
[2025-03-26T09:33:49.348+0000][25280][trace][gc,age      ] GC(21) - age   3:    7129856 bytes,    9812424 total
[2025-03-26T09:33:49.348+0000][25280][trace][gc,age      ] GC(21) - age   4:    4063136 bytes,   13875560 total
[2025-03-26T09:33:49.348+0000][25280][info ][gc,heap     ] GC(21) Eden regions: 360->0(413)
[2025-03-26T09:33:49.348+0000][25280][info ][gc,heap     ] GC(21) Survivor regions: 4->4(46)
[2025-03-26T09:33:49.348+0000][25280][info ][gc,heap     ] GC(21) Old regions: 50->49
[2025-03-26T09:33:49.348+0000][25280][info ][gc,heap     ] GC(21) Humongous regions: 2->2
[2025-03-26T09:33:49.348+0000][25280][info ][gc,metaspace] GC(21) Metaspace: 162498K(167040K)->162498K(167040K) NonClass: 139608K(142080K)->139608K(142080K) Class: 22889K(24960K)->22889K(24960K)
[2025-03-26T09:33:49.348+0000][25280][info ][gc          ] GC(21) Pause Young (Mixed) (G1 Evacuation Pause) 1661M->218M(8148M) 4.442ms
[2025-03-26T09:33:49.348+0000][25280][info ][gc,cpu      ] GC(21) User=0.00s Sys=0.00s Real=0.01s
[2025-03-26T09:33:49.348+0000][25280][info ][safepoint   ] Safepoint "G1CollectForAllocation", Time since last: 369432039300 ns, Reaching safepoint: 18200 ns, At safepoint: 4532500 ns, Total: 4550700 ns
[2025-03-26T09:41:20.735+0000][25280][info ][gc,start    ] GC(22) Pause Young (Normal) (G1 Evacuation Pause)
[2025-03-26T09:41:20.735+0000][25280][info ][gc,task     ] GC(22) Using 18 workers of 18 for evacuation
[2025-03-26T09:41:20.735+0000][25280][debug][gc,age      ] GC(22) Desired survivor size 113246208 bytes, new threshold 15 (max threshold 15)
[2025-03-26T09:41:20.740+0000][25280][info ][gc,phases   ] GC(22)   Pre Evacuate Collection Set: 0.32ms
[2025-03-26T09:41:20.740+0000][25280][info ][gc,phases   ] GC(22)   Merge Heap Roots: 0.14ms
[2025-03-26T09:41:20.740+0000][25280][info ][gc,phases   ] GC(22)   Evacuate Collection Set: 2.15ms
[2025-03-26T09:41:20.740+0000][25280][info ][gc,phases   ] GC(22)   Post Evacuate Collection Set: 0.77ms
[2025-03-26T09:41:20.740+0000][25280][info ][gc,phases   ] GC(22)   Other: 0.13ms
[2025-03-26T09:41:20.740+0000][25280][trace][gc,age      ] GC(22) Age table:
[2025-03-26T09:41:20.740+0000][25280][trace][gc,age      ] GC(22) - age   1:    1491560 bytes,    1491560 total
[2025-03-26T09:41:20.740+0000][25280][trace][gc,age      ] GC(22) - age   2:     281656 bytes,    1773216 total
[2025-03-26T09:41:20.740+0000][25280][trace][gc,age      ] GC(22) - age   3:    1759720 bytes,    3532936 total
[2025-03-26T09:41:20.740+0000][25280][trace][gc,age      ] GC(22) - age   4:    7126888 bytes,   10659824 total
[2025-03-26T09:41:20.740+0000][25280][trace][gc,age      ] GC(22) - age   5:    4063136 bytes,   14722960 total
[2025-03-26T09:41:20.740+0000][25280][info ][gc,heap     ] GC(22) Eden regions: 428->0(489)
[2025-03-26T09:41:20.740+0000][25280][info ][gc,heap     ] GC(22) Survivor regions: 4->4(54)
[2025-03-26T09:41:20.740+0000][25280][info ][gc,heap     ] GC(22) Old regions: 49->49
[2025-03-26T09:41:20.740+0000][25280][info ][gc,heap     ] GC(22) Humongous regions: 2->2
[2025-03-26T09:41:20.740+0000][25280][info ][gc,metaspace] GC(22) Metaspace: 163049K(167552K)->163049K(167552K) NonClass: 140150K(142592K)->140150K(142592K) Class: 22898K(24960K)->22898K(24960K)
[2025-03-26T09:41:20.740+0000][25280][info ][gc          ] GC(22) Pause Young (Normal) (G1 Evacuation Pause) 1930M->218M(8148M) 3.811ms
[2025-03-26T09:41:20.740+0000][25280][info ][gc,cpu      ] GC(22) User=0.00s Sys=0.00s Real=0.01s
[2025-03-26T09:41:20.740+0000][25280][info ][safepoint   ] Safepoint "G1CollectForAllocation", Time since last: 451387933300 ns, Reaching safepoint: 28900 ns, At safepoint: 3907200 ns, Total: 3936100 ns
[2025-03-26T09:50:09.708+0000][25280][info ][gc,start    ] GC(23) Pause Young (Normal) (G1 Evacuation Pause)
[2025-03-26T09:50:09.708+0000][25280][info ][gc,task     ] GC(23) Using 18 workers of 18 for evacuation
[2025-03-26T09:50:09.708+0000][25280][debug][gc,age      ] GC(23) Desired survivor size 132120576 bytes, new threshold 15 (max threshold 15)
[2025-03-26T09:50:09.712+0000][25280][info ][gc,phases   ] GC(23)   Pre Evacuate Collection Set: 0.24ms
[2025-03-26T09:50:09.712+0000][25280][info ][gc,phases   ] GC(23)   Merge Heap Roots: 0.16ms
[2025-03-26T09:50:09.712+0000][25280][info ][gc,phases   ] GC(23)   Evacuate Collection Set: 2.41ms
[2025-03-26T09:50:09.712+0000][25280][info ][gc,phases   ] GC(23)   Post Evacuate Collection Set: 0.80ms
[2025-03-26T09:50:09.712+0000][25280][info ][gc,phases   ] GC(23)   Other: 0.12ms
[2025-03-26T09:50:09.712+0000][25280][trace][gc,age      ] GC(23) Age table:
[2025-03-26T09:50:09.712+0000][25280][trace][gc,age      ] GC(23) - age   1:     849592 bytes,     849592 total
[2025-03-26T09:50:09.712+0000][25280][trace][gc,age      ] GC(23) - age   2:     162752 bytes,    1012344 total
[2025-03-26T09:50:09.712+0000][25280][trace][gc,age      ] GC(23) - age   3:     275944 bytes,    1288288 total
[2025-03-26T09:50:09.712+0000][25280][trace][gc,age      ] GC(23) - age   4:    1758672 bytes,    3046960 total
[2025-03-26T09:50:09.712+0000][25280][trace][gc,age      ] GC(23) - age   5:    7126368 bytes,   10173328 total
[2025-03-26T09:50:09.712+0000][25280][trace][gc,age      ] GC(23) - age   6:    4062640 bytes,   14235968 total
[2025-03-26T09:50:09.712+0000][25280][info ][gc,heap     ] GC(23) Eden regions: 500->0(579)
[2025-03-26T09:50:09.712+0000][25280][info ][gc,heap     ] GC(23) Survivor regions: 4->4(63)
[2025-03-26T09:50:09.712+0000][25280][info ][gc,heap     ] GC(23) Old regions: 49->49
[2025-03-26T09:50:09.712+0000][25280][info ][gc,heap     ] GC(23) Humongous regions: 2->2
[2025-03-26T09:50:09.712+0000][25280][info ][gc,metaspace] GC(23) Metaspace: 163469K(168000K)->163469K(168000K) NonClass: 140570K(143040K)->140570K(143040K) Class: 22899K(24960K)->22899K(24960K)
[2025-03-26T09:50:09.712+0000][25280][info ][gc          ] GC(23) Pause Young (Normal) (G1 Evacuation Pause) 2218M->219M(8148M) 4.090ms
[2025-03-26T09:50:09.712+0000][25280][info ][gc,cpu      ] GC(23) User=0.00s Sys=0.00s Real=0.00s
[2025-03-26T09:50:09.712+0000][25280][info ][safepoint   ] Safepoint "G1CollectForAllocation", Time since last: 528968984500 ns, Reaching safepoint: 17700 ns, At safepoint: 4187200 ns, Total: 4204900 ns
[2025-03-26T09:58:39.885+0000][25280][info ][gc,start    ] GC(24) Pause Young (Concurrent Start) (CodeCache GC Threshold)
[2025-03-26T09:58:39.885+0000][25280][info ][gc,task     ] GC(24) Using 18 workers of 18 for evacuation
[2025-03-26T09:58:39.885+0000][25280][debug][gc,age      ] GC(24) Desired survivor size 155189248 bytes, new threshold 15 (max threshold 15)
[2025-03-26T09:58:39.888+0000][25280][info ][gc,phases   ] GC(24)   Pre Evacuate Collection Set: 0.27ms
[2025-03-26T09:58:39.888+0000][25280][info ][gc,phases   ] GC(24)   Merge Heap Roots: 0.15ms
[2025-03-26T09:58:39.888+0000][25280][info ][gc,phases   ] GC(24)   Evacuate Collection Set: 2.82ms
[2025-03-26T09:58:39.888+0000][25280][info ][gc,phases   ] GC(24)   Post Evacuate Collection Set: 0.74ms
[2025-03-26T09:58:39.888+0000][25280][info ][gc,phases   ] GC(24)   Other: 0.11ms
[2025-03-26T09:58:39.888+0000][25280][trace][gc,age      ] GC(24) Age table:
[2025-03-26T09:58:39.888+0000][25280][trace][gc,age      ] GC(24) - age   1:    1103104 bytes,    1103104 total
[2025-03-26T09:58:39.888+0000][25280][trace][gc,age      ] GC(24) - age   2:      67616 bytes,    1170720 total
[2025-03-26T09:58:39.888+0000][25280][trace][gc,age      ] GC(24) - age   3:     150712 bytes,    1321432 total
[2025-03-26T09:58:39.888+0000][25280][trace][gc,age      ] GC(24) - age   4:     275024 bytes,    1596456 total
[2025-03-26T09:58:39.888+0000][25280][trace][gc,age      ] GC(24) - age   5:    1758040 bytes,    3354496 total
[2025-03-26T09:58:39.888+0000][25280][trace][gc,age      ] GC(24) - age   6:    7124136 bytes,   10478632 total
[2025-03-26T09:58:39.889+0000][25280][trace][gc,age      ] GC(24) - age   7:    4062480 bytes,   14541112 total
[2025-03-26T09:58:39.889+0000][25280][info ][gc,heap     ] GC(24) Eden regions: 484->0(806)
[2025-03-26T09:58:39.889+0000][25280][info ][gc,heap     ] GC(24) Survivor regions: 4->4(74)
[2025-03-26T09:58:39.889+0000][25280][info ][gc,heap     ] GC(24) Old regions: 49->49
[2025-03-26T09:58:39.889+0000][25280][info ][gc,heap     ] GC(24) Humongous regions: 2->2
[2025-03-26T09:58:39.889+0000][25280][info ][gc,metaspace] GC(24) Metaspace: 163650K(168192K)->163650K(168192K) NonClass: 140751K(143232K)->140751K(143232K) Class: 22899K(24960K)->22899K(24960K)
[2025-03-26T09:58:39.889+0000][25280][info ][gc          ] GC(24) Pause Young (Concurrent Start) (CodeCache GC Threshold) 2153M->218M(8148M) 4.398ms
[2025-03-26T09:58:39.889+0000][25280][info ][gc          ] GC(25) Concurrent Mark Cycle
[2025-03-26T09:58:39.889+0000][25280][info ][gc,cpu      ] GC(24) User=0.00s Sys=0.00s Real=0.00s
[2025-03-26T09:58:39.889+0000][25280][info ][gc,marking  ] GC(25) Concurrent Scan Root Regions
[2025-03-26T09:58:39.889+0000][25280][info ][safepoint   ] Safepoint "G1TryInitiateConcMark", Time since last: 510171839200 ns, Reaching safepoint: 25700 ns, At safepoint: 4526100 ns, Total: 4551800 ns
[2025-03-26T09:58:39.892+0000][25280][info ][gc,marking  ] GC(25) Concurrent Scan Root Regions 2.892ms
[2025-03-26T09:58:39.892+0000][25280][info ][gc,marking  ] GC(25) Concurrent Mark
[2025-03-26T09:58:39.892+0000][25280][info ][gc,marking  ] GC(25) Concurrent Mark From Roots
[2025-03-26T09:58:39.892+0000][25280][info ][gc,task     ] GC(25) Using 5 workers of 5 for marking
[2025-03-26T09:58:39.914+0000][25280][info ][gc,marking  ] GC(25) Concurrent Mark From Roots 22.041ms
[2025-03-26T09:58:39.914+0000][25280][info ][gc,marking  ] GC(25) Concurrent Preclean
[2025-03-26T09:58:39.915+0000][25280][info ][gc,marking  ] GC(25) Concurrent Preclean 0.453ms
[2025-03-26T09:58:39.915+0000][25280][info ][gc,start    ] GC(25) Pause Remark
[2025-03-26T09:58:39.936+0000][25280][info ][gc          ] GC(25) Pause Remark 219M->219M(8148M) 21.985ms
[2025-03-26T09:58:39.936+0000][25280][info ][gc,cpu      ] GC(25) User=0.02s Sys=0.00s Real=0.02s
[2025-03-26T09:58:39.936+0000][25280][info ][safepoint   ] Safepoint "G1PauseRemark", Time since last: 25487000 ns, Reaching safepoint: 17100 ns, At safepoint: 22139200 ns, Total: 22156300 ns
[2025-03-26T09:58:39.936+0000][25280][info ][gc,marking  ] GC(25) Concurrent Mark 44.797ms
[2025-03-26T09:58:39.936+0000][25280][info ][gc,marking  ] GC(25) Concurrent Rebuild Remembered Sets and Scrub Regions
[2025-03-26T09:58:39.943+0000][25280][info ][gc,marking  ] GC(25) Concurrent Rebuild Remembered Sets and Scrub Regions 6.645ms
[2025-03-26T09:58:39.943+0000][25280][info ][gc,start    ] GC(25) Pause Cleanup
[2025-03-26T09:58:39.944+0000][25280][info ][gc          ] GC(25) Pause Cleanup 219M->219M(8148M) 0.059ms
[2025-03-26T09:58:39.944+0000][25280][info ][gc,cpu      ] GC(25) User=0.00s Sys=0.00s Real=0.00s
[2025-03-26T09:58:39.944+0000][25280][info ][safepoint   ] Safepoint "G1PauseCleanup", Time since last: 6771100 ns, Reaching safepoint: 13800 ns, At safepoint: 134300 ns, Total: 148100 ns
[2025-03-26T09:58:39.944+0000][25280][info ][gc,marking  ] GC(25) Concurrent Clear Claimed Marks
[2025-03-26T09:58:39.944+0000][25280][info ][gc,marking  ] GC(25) Concurrent Clear Claimed Marks 0.222ms
[2025-03-26T09:58:39.944+0000][25280][info ][gc,marking  ] GC(25) Concurrent Cleanup for Next Mark
[2025-03-26T09:58:39.952+0000][25280][info ][gc,marking  ] GC(25) Concurrent Cleanup for Next Mark 7.804ms
[2025-03-26T09:58:39.952+0000][25280][info ][gc          ] GC(25) Concurrent Mark Cycle 62.775ms
[2025-03-26T10:10:41.448+0000][25280][info ][gc,start    ] GC(26) Pause Young (Prepare Mixed) (G1 Evacuation Pause)
[2025-03-26T10:10:41.448+0000][25280][info ][gc,task     ] GC(26) Using 18 workers of 18 for evacuation
[2025-03-26T10:10:41.448+0000][25280][debug][gc,age      ] GC(26) Desired survivor size 216006656 bytes, new threshold 15 (max threshold 15)
[2025-03-26T10:10:41.453+0000][25280][info ][gc,phases   ] GC(26)   Pre Evacuate Collection Set: 0.32ms
[2025-03-26T10:10:41.453+0000][25280][info ][gc,phases   ] GC(26)   Merge Heap Roots: 0.22ms
[2025-03-26T10:10:41.453+0000][25280][info ][gc,phases   ] GC(26)   Evacuate Collection Set: 3.56ms
[2025-03-26T10:10:41.453+0000][25280][info ][gc,phases   ] GC(26)   Post Evacuate Collection Set: 1.29ms
[2025-03-26T10:10:41.453+0000][25280][info ][gc,phases   ] GC(26)   Other: 0.18ms
[2025-03-26T10:10:41.453+0000][25280][trace][gc,age      ] GC(26) Age table:
[2025-03-26T10:10:41.453+0000][25280][trace][gc,age      ] GC(26) - age   1:    4602072 bytes,    4602072 total
[2025-03-26T10:10:41.453+0000][25280][trace][gc,age      ] GC(26) - age   2:      86696 bytes,    4688768 total
[2025-03-26T10:10:41.453+0000][25280][trace][gc,age      ] GC(26) - age   3:      64416 bytes,    4753184 total
[2025-03-26T10:10:41.453+0000][25280][trace][gc,age      ] GC(26) - age   4:     146920 bytes,    4900104 total
[2025-03-26T10:10:41.453+0000][25280][trace][gc,age      ] GC(26) - age   5:     266448 bytes,    5166552 total
[2025-03-26T10:10:41.453+0000][25280][trace][gc,age      ] GC(26) - age   6:    1330048 bytes,    6496600 total
[2025-03-26T10:10:41.453+0000][25280][trace][gc,age      ] GC(26) - age   7:    6793720 bytes,   13290320 total
[2025-03-26T10:10:41.453+0000][25280][trace][gc,age      ] GC(26) - age   8:    4037720 bytes,   17328040 total
[2025-03-26T10:10:41.453+0000][25280][info ][gc,heap     ] GC(26) Eden regions: 814->0(746)
[2025-03-26T10:10:41.453+0000][25280][info ][gc,heap     ] GC(26) Survivor regions: 4->5(103)
[2025-03-26T10:10:41.453+0000][25280][info ][gc,heap     ] GC(26) Old regions: 49->49
[2025-03-26T10:10:41.453+0000][25280][info ][gc,heap     ] GC(26) Humongous regions: 2->2
[2025-03-26T10:10:41.453+0000][25280][info ][gc,metaspace] GC(26) Metaspace: 164260K(168768K)->164260K(168768K) NonClass: 141302K(143744K)->141302K(143744K) Class: 22958K(25024K)->22958K(25024K)
[2025-03-26T10:10:41.453+0000][25280][info ][gc          ] GC(26) Pause Young (Prepare Mixed) (G1 Evacuation Pause) 3474M->222M(8148M) 5.904ms
[2025-03-26T10:10:41.453+0000][25280][info ][gc,cpu      ] GC(26) User=0.00s Sys=0.00s Real=0.01s
[2025-03-26T10:10:41.453+0000][25280][info ][safepoint   ] Safepoint "G1CollectForAllocation", Time since last: 721503755000 ns, Reaching safepoint: 22400 ns, At safepoint: 6020600 ns, Total: 6043000 ns
[2025-03-26T10:21:42.278+0000][25280][info ][gc,start    ] GC(27) Pause Young (Mixed) (G1 Evacuation Pause)
[2025-03-26T10:21:42.278+0000][25280][info ][gc,task     ] GC(27) Using 18 workers of 18 for evacuation
[2025-03-26T10:21:42.278+0000][25280][debug][gc,age      ] GC(27) Desired survivor size 199229440 bytes, new threshold 15 (max threshold 15)
[2025-03-26T10:21:42.283+0000][25280][info ][gc,phases   ] GC(27)   Pre Evacuate Collection Set: 0.36ms
[2025-03-26T10:21:42.283+0000][25280][info ][gc,phases   ] GC(27)   Merge Heap Roots: 0.20ms
[2025-03-26T10:21:42.283+0000][25280][info ][gc,phases   ] GC(27)   Evacuate Collection Set: 3.40ms
[2025-03-26T10:21:42.283+0000][25280][info ][gc,phases   ] GC(27)   Post Evacuate Collection Set: 1.07ms
[2025-03-26T10:21:42.283+0000][25280][info ][gc,phases   ] GC(27)   Other: 0.11ms
[2025-03-26T10:21:42.283+0000][25280][trace][gc,age      ] GC(27) Age table:
[2025-03-26T10:21:42.283+0000][25280][trace][gc,age      ] GC(27) - age   1:    4365792 bytes,    4365792 total
[2025-03-26T10:21:42.283+0000][25280][trace][gc,age      ] GC(27) - age   2:    1983712 bytes,    6349504 total
[2025-03-26T10:21:42.283+0000][25280][trace][gc,age      ] GC(27) - age   3:      83728 bytes,    6433232 total
[2025-03-26T10:21:42.283+0000][25280][trace][gc,age      ] GC(27) - age   4:      63736 bytes,    6496968 total
[2025-03-26T10:21:42.283+0000][25280][trace][gc,age      ] GC(27) - age   5:     146440 bytes,    6643408 total
[2025-03-26T10:21:42.283+0000][25280][trace][gc,age      ] GC(27) - age   6:     218920 bytes,    6862328 total
[2025-03-26T10:21:42.283+0000][25280][trace][gc,age      ] GC(27) - age   7:    1296344 bytes,    8158672 total
[2025-03-26T10:21:42.283+0000][25280][trace][gc,age      ] GC(27) - age   8:    6709624 bytes,   14868296 total
[2025-03-26T10:21:42.283+0000][25280][trace][gc,age      ] GC(27) - age   9:    4036928 bytes,   18905224 total
[2025-03-26T10:21:42.283+0000][25280][info ][gc,heap     ] GC(27) Eden regions: 751->0(867)
[2025-03-26T10:21:42.283+0000][25280][info ][gc,heap     ] GC(27) Survivor regions: 5->6(95)
[2025-03-26T10:21:42.283+0000][25280][info ][gc,heap     ] GC(27) Old regions: 49->49
[2025-03-26T10:21:42.283+0000][25280][info ][gc,heap     ] GC(27) Humongous regions: 2->2
[2025-03-26T10:21:42.283+0000][25280][info ][gc,metaspace] GC(27) Metaspace: 165592K(170048K)->165592K(170048K) NonClass: 142425K(144832K)->142425K(144832K) Class: 23167K(25216K)->23167K(25216K)
[2025-03-26T10:21:42.283+0000][25280][info ][gc          ] GC(27) Pause Young (Mixed) (G1 Evacuation Pause) 3226M->221M(8148M) 5.452ms
[2025-03-26T10:21:42.283+0000][25280][info ][gc,cpu      ] GC(27) User=0.05s Sys=0.00s Real=0.00s
[2025-03-26T10:21:42.284+0000][25280][info ][safepoint   ] Safepoint "G1CollectForAllocation", Time since last: 660824834300 ns, Reaching safepoint: 16000 ns, At safepoint: 5527100 ns, Total: 5543100 ns
[2025-03-26T10:38:33.382+0000][25280][info ][gc,start    ] GC(28) Pause Young (Mixed) (G1 Evacuation Pause)
[2025-03-26T10:38:33.382+0000][25280][info ][gc,task     ] GC(28) Using 18 workers of 18 for evacuation
[2025-03-26T10:38:33.382+0000][25280][debug][gc,age      ] GC(28) Desired survivor size 230686720 bytes, new threshold 15 (max threshold 15)
[2025-03-26T10:38:33.387+0000][25280][info ][gc,phases   ] GC(28)   Pre Evacuate Collection Set: 0.33ms
[2025-03-26T10:38:33.387+0000][25280][info ][gc,phases   ] GC(28)   Merge Heap Roots: 0.25ms
[2025-03-26T10:38:33.388+0000][25280][info ][gc,phases   ] GC(28)   Evacuate Collection Set: 3.53ms
[2025-03-26T10:38:33.388+0000][25280][info ][gc,phases   ] GC(28)   Post Evacuate Collection Set: 1.02ms
[2025-03-26T10:38:33.388+0000][25280][info ][gc,phases   ] GC(28)   Other: 0.15ms
[2025-03-26T10:38:33.388+0000][25280][trace][gc,age      ] GC(28) Age table:
[2025-03-26T10:38:33.388+0000][25280][trace][gc,age      ] GC(28) - age   1:    1682424 bytes,    1682424 total
[2025-03-26T10:38:33.388+0000][25280][trace][gc,age      ] GC(28) - age   2:    3668152 bytes,    5350576 total
[2025-03-26T10:38:33.388+0000][25280][trace][gc,age      ] GC(28) - age   3:    1972304 bytes,    7322880 total
[2025-03-26T10:38:33.388+0000][25280][trace][gc,age      ] GC(28) - age   4:      83392 bytes,    7406272 total
[2025-03-26T10:38:33.388+0000][25280][trace][gc,age      ] GC(28) - age   5:      63616 bytes,    7469888 total
[2025-03-26T10:38:33.388+0000][25280][trace][gc,age      ] GC(28) - age   6:     146360 bytes,    7616248 total
[2025-03-26T10:38:33.388+0000][25280][trace][gc,age      ] GC(28) - age   7:     218864 bytes,    7835112 total
[2025-03-26T10:38:33.388+0000][25280][trace][gc,age      ] GC(28) - age   8:    1296256 bytes,    9131368 total
[2025-03-26T10:38:33.388+0000][25280][trace][gc,age      ] GC(28) - age   9:    6709384 bytes,   15840752 total
[2025-03-26T10:38:33.388+0000][25280][trace][gc,age      ] GC(28) - age  10:    4035248 bytes,   19876000 total
[2025-03-26T10:38:33.388+0000][25280][info ][gc,heap     ] GC(28) Eden regions: 871->0(943)
[2025-03-26T10:38:33.388+0000][25280][info ][gc,heap     ] GC(28) Survivor regions: 6->6(110)
[2025-03-26T10:38:33.388+0000][25280][info ][gc,heap     ] GC(28) Old regions: 49->48
[2025-03-26T10:38:33.388+0000][25280][info ][gc,heap     ] GC(28) Humongous regions: 2->2
[2025-03-26T10:38:33.388+0000][25280][info ][gc,metaspace] GC(28) Metaspace: 165754K(170304K)->165754K(170304K) NonClass: 142586K(145088K)->142586K(145088K) Class: 23168K(25216K)->23168K(25216K)
[2025-03-26T10:38:33.388+0000][25280][info ][gc          ] GC(28) Pause Young (Mixed) (G1 Evacuation Pause) 3705M->219M(8148M) 5.634ms
[2025-03-26T10:38:33.388+0000][25280][info ][gc,cpu      ] GC(28) User=0.00s Sys=0.00s Real=0.01s
[2025-03-26T10:38:33.388+0000][25280][info ][safepoint   ] Safepoint "G1CollectForAllocation", Time since last: 1011097736300 ns, Reaching safepoint: 17700 ns, At safepoint: 5736900 ns, Total: 5754600 ns
[2025-03-26T10:47:17.871+0000][25280][info ][gc,heap,exit] Heap
[2025-03-26T10:47:17.871+0000][25280][info ][gc,heap,exit]  garbage-first heap   total reserved 8343552K, committed 8343552K, used 2207094K [0x0000000602c00000, 0x0000000800000000)
[2025-03-26T10:47:17.871+0000][25280][info ][gc,heap,exit]   region size 4096K, 490 young (2007040K), 6 survivors (24576K)
[2025-03-26T10:47:17.871+0000][25280][info ][gc,heap,exit]  Metaspace       used 166277K, committed 170752K, reserved 1245184K
[2025-03-26T10:47:17.871+0000][25280][info ][gc,heap,exit]   class space    used 23262K, committed 25280K, reserved 1048576K
