[2025-03-12T11:45:56.689+0000][30796][info][gc,init] CardTable entry size: 512
[2025-03-12T11:45:56.689+0000][30796][info][gc     ] Using G1
[2025-03-12T11:45:58.829+0000][30796][info][gc,init] Version: 23+37-2369 (release)
[2025-03-12T11:45:58.829+0000][30796][info][gc,init] CPUs: 24 total, 24 available
[2025-03-12T11:45:58.829+0000][30796][info][gc,init] Memory: 16296M
[2025-03-12T11:45:58.829+0000][30796][info][gc,init] Large Page Support: Disabled
[2025-03-12T11:45:58.829+0000][30796][info][gc,init] NUMA Support: Disabled
[2025-03-12T11:45:58.829+0000][30796][info][gc,init] Compressed Oops: Enabled (Zero based)
[2025-03-12T11:45:58.829+0000][30796][info][gc,init] Heap Region Size: 4M
[2025-03-12T11:45:58.829+0000][30796][info][gc,init] Heap Min Capacity: 8148M
[2025-03-12T11:45:58.829+0000][30796][info][gc,init] Heap Initial Capacity: 8148M
[2025-03-12T11:45:58.829+0000][30796][info][gc,init] Heap Max Capacity: 8148M
[2025-03-12T11:45:58.829+0000][30796][info][gc,init] Pre-touch: Enabled
[2025-03-12T11:45:58.829+0000][30796][info][gc,init] Parallel Workers: 18
[2025-03-12T11:45:58.829+0000][30796][info][gc,init] Concurrent Workers: 5
[2025-03-12T11:45:58.829+0000][30796][info][gc,init] Concurrent Refinement Workers: 18
[2025-03-12T11:45:58.829+0000][30796][info][gc,init] Periodic GC: Disabled
[2025-03-12T11:45:58.836+0000][30796][info][gc,metaspace] CDS archive(s) mapped at: [0x0000026598000000-0x0000026598d70000-0x0000026598d70000), size 14090240, SharedBaseAddress: 0x0000026598000000, ArchiveRelocationMode: 1.
[2025-03-12T11:45:58.836+0000][30796][info][gc,metaspace] Compressed class space mapped at: 0x0000026599000000-0x00000265d9000000, reserved size: 1073741824
[2025-03-12T11:45:58.836+0000][30796][info][gc,metaspace] Narrow klass base: 0x0000026598000000, Narrow klass shift: 0, Narrow klass range: 0x41000000
[2025-03-12T11:46:01.902+0000][30796][info][gc,start    ] GC(0) Pause Young (Concurrent Start) (Metadata GC Threshold)
[2025-03-12T11:46:01.905+0000][30796][info][gc,task     ] GC(0) Using 18 workers of 18 for evacuation
[2025-03-12T11:46:01.905+0000][30796][debug][gc,age      ] GC(0) Desired survivor size 27262976 bytes, new threshold 15 (max threshold 15)
[2025-03-12T11:46:01.912+0000][30796][info ][gc,phases   ] GC(0)   Pre Evacuate Collection Set: 0.22ms
[2025-03-12T11:46:01.912+0000][30796][info ][gc,phases   ] GC(0)   Merge Heap Roots: 0.15ms
[2025-03-12T11:46:01.912+0000][30796][info ][gc,phases   ] GC(0)   Evacuate Collection Set: 5.84ms
[2025-03-12T11:46:01.912+0000][30796][info ][gc,phases   ] GC(0)   Post Evacuate Collection Set: 0.96ms
[2025-03-12T11:46:01.912+0000][30796][info ][gc,phases   ] GC(0)   Other: 3.01ms
[2025-03-12T11:46:01.912+0000][30796][trace][gc,age      ] GC(0) Age table:
[2025-03-12T11:46:01.912+0000][30796][trace][gc,age      ] GC(0) - age   1:   15275496 bytes,   15275496 total
[2025-03-12T11:46:01.912+0000][30796][info ][gc,heap     ] GC(0) Eden regions: 68->0(97)
[2025-03-12T11:46:01.912+0000][30796][info ][gc,heap     ] GC(0) Survivor regions: 0->4(13)
[2025-03-12T11:46:01.912+0000][30796][info ][gc,heap     ] GC(0) Old regions: 0->0
[2025-03-12T11:46:01.912+0000][30796][info ][gc,heap     ] GC(0) Humongous regions: 0->0
[2025-03-12T11:46:01.912+0000][30796][info ][gc,metaspace] GC(0) Metaspace: 20760K(21504K)->20760K(21504K) NonClass: 18438K(18880K)->18438K(18880K) Class: 2322K(2624K)->2322K(2624K)
[2025-03-12T11:46:01.912+0000][30796][info ][gc          ] GC(0) Pause Young (Concurrent Start) (Metadata GC Threshold) 272M->15M(8148M) 10.449ms
[2025-03-12T11:46:01.912+0000][30796][info ][gc,cpu      ] GC(0) User=0.00s Sys=0.00s Real=0.01s
[2025-03-12T11:46:01.912+0000][30796][info ][gc          ] GC(1) Concurrent Mark Cycle
[2025-03-12T11:46:01.912+0000][30796][info ][gc,marking  ] GC(1) Concurrent Scan Root Regions
[2025-03-12T11:46:01.912+0000][30796][info ][safepoint   ] Safepoint "CollectForMetadataAllocation", Time since last: 3061153200 ns, Reaching safepoint: 5000 ns, At safepoint: 10535100 ns, Total: 10540100 ns
[2025-03-12T11:46:01.916+0000][30796][info ][gc,marking  ] GC(1) Concurrent Scan Root Regions 3.615ms
[2025-03-12T11:46:01.916+0000][30796][info ][gc,marking  ] GC(1) Concurrent Mark
[2025-03-12T11:46:01.916+0000][30796][info ][gc,marking  ] GC(1) Concurrent Mark From Roots
[2025-03-12T11:46:01.917+0000][30796][info ][gc,task     ] GC(1) Using 5 workers of 5 for marking
[2025-03-12T11:46:01.917+0000][30796][info ][gc,marking  ] GC(1) Concurrent Mark From Roots 1.087ms
[2025-03-12T11:46:01.917+0000][30796][info ][gc,marking  ] GC(1) Concurrent Preclean
[2025-03-12T11:46:01.917+0000][30796][info ][gc,marking  ] GC(1) Concurrent Preclean 0.014ms
[2025-03-12T11:46:01.918+0000][30796][info ][gc,start    ] GC(1) Pause Remark
[2025-03-12T11:46:01.919+0000][30796][info ][gc          ] GC(1) Pause Remark 19M->19M(8148M) 1.470ms
[2025-03-12T11:46:01.919+0000][30796][info ][gc,cpu      ] GC(1) User=0.00s Sys=0.00s Real=0.00s
[2025-03-12T11:46:01.919+0000][30796][info ][safepoint   ] Safepoint "G1PauseRemark", Time since last: 4835300 ns, Reaching safepoint: 469800 ns, At safepoint: 1529100 ns, Total: 1998900 ns
[2025-03-12T11:46:01.919+0000][30796][info ][gc,marking  ] GC(1) Concurrent Mark 3.190ms
[2025-03-12T11:46:01.919+0000][30796][info ][gc,marking  ] GC(1) Concurrent Rebuild Remembered Sets and Scrub Regions
[2025-03-12T11:46:01.919+0000][30796][info ][gc,marking  ] GC(1) Concurrent Rebuild Remembered Sets and Scrub Regions 0.069ms
[2025-03-12T11:46:01.919+0000][30796][info ][gc,start    ] GC(1) Pause Cleanup
[2025-03-12T11:46:01.919+0000][30796][info ][gc          ] GC(1) Pause Cleanup 19M->19M(8148M) 0.027ms
[2025-03-12T11:46:01.919+0000][30796][info ][gc,cpu      ] GC(1) User=0.00s Sys=0.00s Real=0.00s
[2025-03-12T11:46:01.919+0000][30796][info ][safepoint   ] Safepoint "G1PauseCleanup", Time since last: 167000 ns, Reaching safepoint: 12500 ns, At safepoint: 65200 ns, Total: 77700 ns
[2025-03-12T11:46:01.919+0000][30796][info ][gc,marking  ] GC(1) Concurrent Clear Claimed Marks
[2025-03-12T11:46:01.919+0000][30796][info ][gc,marking  ] GC(1) Concurrent Clear Claimed Marks 0.039ms
[2025-03-12T11:46:01.919+0000][30796][info ][gc,marking  ] GC(1) Concurrent Cleanup for Next Mark
[2025-03-12T11:46:01.929+0000][30796][info ][gc,marking  ] GC(1) Concurrent Cleanup for Next Mark 9.280ms
[2025-03-12T11:46:01.929+0000][30796][info ][gc          ] GC(1) Concurrent Mark Cycle 16.517ms
[2025-03-12T11:46:02.852+0000][30796][info ][gc,start    ] GC(2) Pause Young (Normal) (G1 Evacuation Pause)
[2025-03-12T11:46:02.852+0000][30796][info ][gc,task     ] GC(2) Using 18 workers of 18 for evacuation
[2025-03-12T11:46:02.852+0000][30796][debug][gc,age      ] GC(2) Desired survivor size 27262976 bytes, new threshold 15 (max threshold 15)
[2025-03-12T11:46:02.858+0000][30796][info ][gc,phases   ] GC(2)   Pre Evacuate Collection Set: 0.16ms
[2025-03-12T11:46:02.858+0000][30796][info ][gc,phases   ] GC(2)   Merge Heap Roots: 0.08ms
[2025-03-12T11:46:02.858+0000][30796][info ][gc,phases   ] GC(2)   Evacuate Collection Set: 6.62ms
[2025-03-12T11:46:02.860+0000][30796][info ][gc,phases   ] GC(2)   Post Evacuate Collection Set: 0.86ms
[2025-03-12T11:46:02.860+0000][30796][info ][gc,phases   ] GC(2)   Other: 0.10ms
[2025-03-12T11:46:02.860+0000][30796][trace][gc,age      ] GC(2) Age table:
[2025-03-12T11:46:02.860+0000][30796][trace][gc,age      ] GC(2) - age   1:    5306360 bytes,    5306360 total
[2025-03-12T11:46:02.860+0000][30796][trace][gc,age      ] GC(2) - age   2:   14342864 bytes,   19649224 total
[2025-03-12T11:46:02.860+0000][30796][info ][gc,heap     ] GC(2) Eden regions: 97->0(96)
[2025-03-12T11:46:02.860+0000][30796][info ][gc,heap     ] GC(2) Survivor regions: 4->5(13)
[2025-03-12T11:46:02.860+0000][30796][info ][gc,heap     ] GC(2) Old regions: 0->0
[2025-03-12T11:46:02.860+0000][30796][info ][gc,heap     ] GC(2) Humongous regions: 0->0
[2025-03-12T11:46:02.860+0000][30796][info ][gc,metaspace] GC(2) Metaspace: 28776K(29760K)->28776K(29760K) NonClass: 25560K(26112K)->25560K(26112K) Class: 3215K(3648K)->3215K(3648K)
[2025-03-12T11:46:02.860+0000][30796][info ][gc          ] GC(2) Pause Young (Normal) (G1 Evacuation Pause) 403M->19M(8148M) 8.113ms
[2025-03-12T11:46:02.860+0000][30796][info ][gc,cpu      ] GC(2) User=0.02s Sys=0.00s Real=0.01s
[2025-03-12T11:46:02.860+0000][30796][info ][safepoint   ] Safepoint "G1CollectForAllocation", Time since last: 931760200 ns, Reaching safepoint: 4000 ns, At safepoint: 8173800 ns, Total: 8177800 ns
[2025-03-12T11:46:03.272+0000][30796][info ][gc,start    ] GC(3) Pause Young (Normal) (G1 Evacuation Pause)
[2025-03-12T11:46:03.272+0000][30796][info ][gc,task     ] GC(3) Using 18 workers of 18 for evacuation
[2025-03-12T11:46:03.272+0000][30796][debug][gc,age      ] GC(3) Desired survivor size 27262976 bytes, new threshold 15 (max threshold 15)
[2025-03-12T11:46:03.280+0000][30796][info ][gc,phases   ] GC(3)   Pre Evacuate Collection Set: 0.18ms
[2025-03-12T11:46:03.280+0000][30796][info ][gc,phases   ] GC(3)   Merge Heap Roots: 0.08ms
[2025-03-12T11:46:03.280+0000][30796][info ][gc,phases   ] GC(3)   Evacuate Collection Set: 7.72ms
[2025-03-12T11:46:03.280+0000][30796][info ][gc,phases   ] GC(3)   Post Evacuate Collection Set: 0.84ms
[2025-03-12T11:46:03.280+0000][30796][info ][gc,phases   ] GC(3)   Other: 0.08ms
[2025-03-12T11:46:03.280+0000][30796][trace][gc,age      ] GC(3) Age table:
[2025-03-12T11:46:03.280+0000][30796][trace][gc,age      ] GC(3) - age   1:    5399200 bytes,    5399200 total
[2025-03-12T11:46:03.280+0000][30796][trace][gc,age      ] GC(3) - age   2:    5284184 bytes,   10683384 total
[2025-03-12T11:46:03.280+0000][30796][trace][gc,age      ] GC(3) - age   3:   14340528 bytes,   25023912 total
[2025-03-12T11:46:03.280+0000][30796][info ][gc,heap     ] GC(3) Eden regions: 96->0(94)
[2025-03-12T11:46:03.280+0000][30796][info ][gc,heap     ] GC(3) Survivor regions: 5->7(13)
[2025-03-12T11:46:03.280+0000][30796][info ][gc,heap     ] GC(3) Old regions: 0->0
[2025-03-12T11:46:03.280+0000][30796][info ][gc,heap     ] GC(3) Humongous regions: 0->0
[2025-03-12T11:46:03.282+0000][30796][info ][gc,metaspace] GC(3) Metaspace: 30185K(31168K)->30185K(31168K) NonClass: 26760K(27328K)->26760K(27328K) Class: 3425K(3840K)->3425K(3840K)
[2025-03-12T11:46:03.282+0000][30796][info ][gc          ] GC(3) Pause Young (Normal) (G1 Evacuation Pause) 403M->26M(8148M) 9.147ms
[2025-03-12T11:46:03.282+0000][30796][info ][gc,cpu      ] GC(3) User=0.02s Sys=0.00s Real=0.01s
[2025-03-12T11:46:03.282+0000][30796][info ][safepoint   ] Safepoint "G1CollectForAllocation", Time since last: 412557400 ns, Reaching safepoint: 3000 ns, At safepoint: 9196900 ns, Total: 9199900 ns
[2025-03-12T11:46:03.568+0000][30796][info ][gc,start    ] GC(4) Pause Young (Normal) (G1 Evacuation Pause)
[2025-03-12T11:46:03.568+0000][30796][info ][gc,task     ] GC(4) Using 18 workers of 18 for evacuation
[2025-03-12T11:46:03.568+0000][30796][debug][gc,age      ] GC(4) Desired survivor size 27262976 bytes, new threshold 15 (max threshold 15)
[2025-03-12T11:46:03.577+0000][30796][info ][gc,phases   ] GC(4)   Pre Evacuate Collection Set: 0.28ms
[2025-03-12T11:46:03.577+0000][30796][info ][gc,phases   ] GC(4)   Merge Heap Roots: 0.08ms
[2025-03-12T11:46:03.577+0000][30796][info ][gc,phases   ] GC(4)   Evacuate Collection Set: 7.40ms
[2025-03-12T11:46:03.577+0000][30796][info ][gc,phases   ] GC(4)   Post Evacuate Collection Set: 0.97ms
[2025-03-12T11:46:03.577+0000][30796][info ][gc,phases   ] GC(4)   Other: 0.08ms
[2025-03-12T11:46:03.577+0000][30796][trace][gc,age      ] GC(4) Age table:
[2025-03-12T11:46:03.577+0000][30796][trace][gc,age      ] GC(4) - age   1:    2812352 bytes,    2812352 total
[2025-03-12T11:46:03.577+0000][30796][trace][gc,age      ] GC(4) - age   2:    3732904 bytes,    6545256 total
[2025-03-12T11:46:03.577+0000][30796][trace][gc,age      ] GC(4) - age   3:    5283616 bytes,   11828872 total
[2025-03-12T11:46:03.577+0000][30796][trace][gc,age      ] GC(4) - age   4:   14340496 bytes,   26169368 total
[2025-03-12T11:46:03.577+0000][30796][info ][gc,heap     ] GC(4) Eden regions: 94->0(94)
[2025-03-12T11:46:03.577+0000][30796][info ][gc,heap     ] GC(4) Survivor regions: 7->7(13)
[2025-03-12T11:46:03.577+0000][30796][info ][gc,heap     ] GC(4) Old regions: 0->0
[2025-03-12T11:46:03.577+0000][30796][info ][gc,heap     ] GC(4) Humongous regions: 0->0
[2025-03-12T11:46:03.577+0000][30796][info ][gc,metaspace] GC(4) Metaspace: 30638K(31680K)->30638K(31680K) NonClass: 27147K(27776K)->27147K(27776K) Class: 3490K(3904K)->3490K(3904K)
[2025-03-12T11:46:03.577+0000][30796][info ][gc          ] GC(4) Pause Young (Normal) (G1 Evacuation Pause) 402M->27M(8148M) 9.054ms
[2025-03-12T11:46:03.577+0000][30796][info ][gc,cpu      ] GC(4) User=0.02s Sys=0.00s Real=0.01s
[2025-03-12T11:46:03.578+0000][30796][info ][safepoint   ] Safepoint "G1CollectForAllocation", Time since last: 287137000 ns, Reaching safepoint: 3100 ns, At safepoint: 9118100 ns, Total: 9121200 ns
[2025-03-12T11:46:03.922+0000][30796][info ][gc,start    ] GC(5) Pause Young (Concurrent Start) (Metadata GC Threshold)
[2025-03-12T11:46:03.922+0000][30796][info ][gc,task     ] GC(5) Using 18 workers of 18 for evacuation
[2025-03-12T11:46:03.922+0000][30796][debug][gc,age      ] GC(5) Desired survivor size 27262976 bytes, new threshold 15 (max threshold 15)
[2025-03-12T11:46:03.932+0000][30796][info ][gc,phases   ] GC(5)   Pre Evacuate Collection Set: 0.22ms
[2025-03-12T11:46:03.932+0000][30796][info ][gc,phases   ] GC(5)   Merge Heap Roots: 0.07ms
[2025-03-12T11:46:03.932+0000][30796][info ][gc,phases   ] GC(5)   Evacuate Collection Set: 8.31ms
[2025-03-12T11:46:03.932+0000][30796][info ][gc,phases   ] GC(5)   Post Evacuate Collection Set: 0.89ms
[2025-03-12T11:46:03.932+0000][30796][info ][gc,phases   ] GC(5)   Other: 0.11ms
[2025-03-12T11:46:03.932+0000][30796][trace][gc,age      ] GC(5) Age table:
[2025-03-12T11:46:03.932+0000][30796][trace][gc,age      ] GC(5) - age   1:    3531816 bytes,    3531816 total
[2025-03-12T11:46:03.932+0000][30796][trace][gc,age      ] GC(5) - age   2:    2646488 bytes,    6178304 total
[2025-03-12T11:46:03.932+0000][30796][trace][gc,age      ] GC(5) - age   3:    3729976 bytes,    9908280 total
[2025-03-12T11:46:03.932+0000][30796][trace][gc,age      ] GC(5) - age   4:    5282112 bytes,   15190392 total
[2025-03-12T11:46:03.932+0000][30796][trace][gc,age      ] GC(5) - age   5:   14339824 bytes,   29530216 total
[2025-03-12T11:46:03.932+0000][30796][info ][gc,heap     ] GC(5) Eden regions: 49->0(93)
[2025-03-12T11:46:03.932+0000][30796][info ][gc,heap     ] GC(5) Survivor regions: 7->8(13)
[2025-03-12T11:46:03.932+0000][30796][info ][gc,heap     ] GC(5) Old regions: 0->0
[2025-03-12T11:46:03.932+0000][30796][info ][gc,heap     ] GC(5) Humongous regions: 0->0
[2025-03-12T11:46:03.932+0000][30796][info ][gc,metaspace] GC(5) Metaspace: 35041K(36096K)->35041K(36096K) NonClass: 31090K(31680K)->31090K(31680K) Class: 3951K(4416K)->3951K(4416K)
[2025-03-12T11:46:03.932+0000][30796][info ][gc          ] GC(5) Pause Young (Concurrent Start) (Metadata GC Threshold) 221M->31M(8148M) 9.863ms
[2025-03-12T11:46:03.932+0000][30796][info ][gc,cpu      ] GC(5) User=0.00s Sys=0.00s Real=0.01s
[2025-03-12T11:46:03.932+0000][30796][info ][gc          ] GC(6) Concurrent Mark Cycle
[2025-03-12T11:46:03.932+0000][30796][info ][gc,marking  ] GC(6) Concurrent Scan Root Regions
[2025-03-12T11:46:03.932+0000][30796][info ][safepoint   ] Safepoint "CollectForMetadataAllocation", Time since last: 344623400 ns, Reaching safepoint: 2900 ns, At safepoint: 9947000 ns, Total: 9949900 ns
[2025-03-12T11:46:03.934+0000][30796][info ][gc,marking  ] GC(6) Concurrent Scan Root Regions 1.734ms
[2025-03-12T11:46:03.934+0000][30796][info ][gc,marking  ] GC(6) Concurrent Mark
[2025-03-12T11:46:03.934+0000][30796][info ][gc,marking  ] GC(6) Concurrent Mark From Roots
[2025-03-12T11:46:03.934+0000][30796][info ][gc,task     ] GC(6) Using 5 workers of 5 for marking
[2025-03-12T11:46:03.934+0000][30796][info ][gc,marking  ] GC(6) Concurrent Mark From Roots 0.373ms
[2025-03-12T11:46:03.934+0000][30796][info ][gc,marking  ] GC(6) Concurrent Preclean
[2025-03-12T11:46:03.934+0000][30796][info ][gc,marking  ] GC(6) Concurrent Preclean 0.053ms
[2025-03-12T11:46:03.934+0000][30796][info ][gc,start    ] GC(6) Pause Remark
[2025-03-12T11:46:03.936+0000][30796][info ][gc          ] GC(6) Pause Remark 33M->33M(8148M) 2.237ms
[2025-03-12T11:46:03.936+0000][30796][info ][gc,cpu      ] GC(6) User=0.00s Sys=0.00s Real=0.00s
[2025-03-12T11:46:03.936+0000][30796][info ][safepoint   ] Safepoint "G1PauseRemark", Time since last: 2244000 ns, Reaching safepoint: 2700 ns, At safepoint: 2287900 ns, Total: 2290600 ns
[2025-03-12T11:46:03.936+0000][30796][info ][gc,marking  ] GC(6) Concurrent Mark 2.801ms
[2025-03-12T11:46:03.936+0000][30796][info ][gc,marking  ] GC(6) Concurrent Rebuild Remembered Sets and Scrub Regions
[2025-03-12T11:46:03.936+0000][30796][info ][gc,marking  ] GC(6) Concurrent Rebuild Remembered Sets and Scrub Regions 0.053ms
[2025-03-12T11:46:03.936+0000][30796][info ][gc,start    ] GC(6) Pause Cleanup
[2025-03-12T11:46:03.936+0000][30796][info ][gc          ] GC(6) Pause Cleanup 33M->33M(8148M) 0.019ms
[2025-03-12T11:46:03.936+0000][30796][info ][gc,cpu      ] GC(6) User=0.00s Sys=0.00s Real=0.00s
[2025-03-12T11:46:03.936+0000][30796][info ][safepoint   ] Safepoint "G1PauseCleanup", Time since last: 120200 ns, Reaching safepoint: 1600 ns, At safepoint: 56500 ns, Total: 58100 ns
[2025-03-12T11:46:03.936+0000][30796][info ][gc,marking  ] GC(6) Concurrent Clear Claimed Marks
[2025-03-12T11:46:03.936+0000][30796][info ][gc,marking  ] GC(6) Concurrent Clear Claimed Marks 0.032ms
[2025-03-12T11:46:03.936+0000][30796][info ][gc,marking  ] GC(6) Concurrent Cleanup for Next Mark
[2025-03-12T11:46:03.945+0000][30796][info ][gc,marking  ] GC(6) Concurrent Cleanup for Next Mark 7.841ms
[2025-03-12T11:46:03.945+0000][30796][info ][gc          ] GC(6) Concurrent Mark Cycle 12.691ms
[2025-03-12T11:46:04.276+0000][30796][info ][gc,start    ] GC(7) Pause Young (Normal) (G1 Evacuation Pause)
[2025-03-12T11:46:04.276+0000][30796][info ][gc,task     ] GC(7) Using 18 workers of 18 for evacuation
[2025-03-12T11:46:04.276+0000][30796][debug][gc,age      ] GC(7) Desired survivor size 27262976 bytes, new threshold 5 (max threshold 15)
[2025-03-12T11:46:04.286+0000][30796][info ][gc,phases   ] GC(7)   Pre Evacuate Collection Set: 0.17ms
[2025-03-12T11:46:04.286+0000][30796][info ][gc,phases   ] GC(7)   Merge Heap Roots: 0.07ms
[2025-03-12T11:46:04.286+0000][30796][info ][gc,phases   ] GC(7)   Evacuate Collection Set: 8.88ms
[2025-03-12T11:46:04.286+0000][30796][info ][gc,phases   ] GC(7)   Post Evacuate Collection Set: 0.81ms
[2025-03-12T11:46:04.286+0000][30796][info ][gc,phases   ] GC(7)   Other: 0.09ms
[2025-03-12T11:46:04.286+0000][30796][trace][gc,age      ] GC(7) Age table:
[2025-03-12T11:46:04.286+0000][30796][trace][gc,age      ] GC(7) - age   1:    3879880 bytes,    3879880 total
[2025-03-12T11:46:04.286+0000][30796][trace][gc,age      ] GC(7) - age   2:    3496984 bytes,    7376864 total
[2025-03-12T11:46:04.286+0000][30796][trace][gc,age      ] GC(7) - age   3:    2646392 bytes,   10023256 total
[2025-03-12T11:46:04.286+0000][30796][trace][gc,age      ] GC(7) - age   4:    3728888 bytes,   13752144 total
[2025-03-12T11:46:04.286+0000][30796][trace][gc,age      ] GC(7) - age   5:    5282112 bytes,   19034256 total
[2025-03-12T11:46:04.286+0000][30796][info ][gc,heap     ] GC(7) Eden regions: 93->0(95)
[2025-03-12T11:46:04.286+0000][30796][info ][gc,heap     ] GC(7) Survivor regions: 8->6(13)
[2025-03-12T11:46:04.286+0000][30796][info ][gc,heap     ] GC(7) Old regions: 0->4
[2025-03-12T11:46:04.286+0000][30796][info ][gc,heap     ] GC(7) Humongous regions: 0->0
[2025-03-12T11:46:04.286+0000][30796][info ][gc,metaspace] GC(7) Metaspace: 36828K(37952K)->36828K(37952K) NonClass: 32612K(33280K)->32612K(33280K) Class: 4215K(4672K)->4215K(4672K)
[2025-03-12T11:46:04.286+0000][30796][info ][gc          ] GC(7) Pause Young (Normal) (G1 Evacuation Pause) 403M->35M(8148M) 10.262ms
[2025-03-12T11:46:04.286+0000][30796][info ][gc,cpu      ] GC(7) User=0.00s Sys=0.00s Real=0.01s
[2025-03-12T11:46:04.286+0000][30796][info ][safepoint   ] Safepoint "G1CollectForAllocation", Time since last: 339451400 ns, Reaching safepoint: 2800 ns, At safepoint: 10310800 ns, Total: 10313600 ns
[2025-03-12T11:46:04.746+0000][30796][info ][gc,start    ] GC(8) Pause Young (Normal) (G1 Evacuation Pause)
[2025-03-12T11:46:04.746+0000][30796][info ][gc,task     ] GC(8) Using 18 workers of 18 for evacuation
[2025-03-12T11:46:04.746+0000][30796][debug][gc,age      ] GC(8) Desired survivor size 27262976 bytes, new threshold 15 (max threshold 15)
[2025-03-12T11:46:04.752+0000][30796][info ][gc,phases   ] GC(8)   Pre Evacuate Collection Set: 0.21ms
[2025-03-12T11:46:04.752+0000][30796][info ][gc,phases   ] GC(8)   Merge Heap Roots: 0.10ms
[2025-03-12T11:46:04.752+0000][30796][info ][gc,phases   ] GC(8)   Evacuate Collection Set: 3.56ms
[2025-03-12T11:46:04.752+0000][30796][info ][gc,phases   ] GC(8)   Post Evacuate Collection Set: 0.54ms
[2025-03-12T11:46:04.752+0000][30796][info ][gc,phases   ] GC(8)   Other: 0.09ms
[2025-03-12T11:46:04.752+0000][30796][trace][gc,age      ] GC(8) Age table:
[2025-03-12T11:46:04.752+0000][30796][trace][gc,age      ] GC(8) - age   1:    3880416 bytes,    3880416 total
[2025-03-12T11:46:04.752+0000][30796][trace][gc,age      ] GC(8) - age   2:    3151952 bytes,    7032368 total
[2025-03-12T11:46:04.752+0000][30796][trace][gc,age      ] GC(8) - age   3:    3496792 bytes,   10529160 total
[2025-03-12T11:46:04.752+0000][30796][trace][gc,age      ] GC(8) - age   4:    2645632 bytes,   13174792 total
[2025-03-12T11:46:04.752+0000][30796][trace][gc,age      ] GC(8) - age   5:    3724504 bytes,   16899296 total
[2025-03-12T11:46:04.752+0000][30796][trace][gc,age      ] GC(8) - age   6:    5281144 bytes,   22180440 total
[2025-03-12T11:46:04.752+0000][30796][info ][gc,heap     ] GC(8) Eden regions: 95->0(145)
[2025-03-12T11:46:04.752+0000][30796][info ][gc,heap     ] GC(8) Survivor regions: 6->6(13)
[2025-03-12T11:46:04.752+0000][30796][info ][gc,heap     ] GC(8) Old regions: 4->4
[2025-03-12T11:46:04.752+0000][30796][info ][gc,heap     ] GC(8) Humongous regions: 0->0
[2025-03-12T11:46:04.752+0000][30796][info ][gc,metaspace] GC(8) Metaspace: 39021K(40192K)->39021K(40192K) NonClass: 34521K(35200K)->34521K(35200K) Class: 4499K(4992K)->4499K(4992K)
[2025-03-12T11:46:04.752+0000][30796][info ][gc          ] GC(8) Pause Young (Normal) (G1 Evacuation Pause) 415M->38M(8148M) 4.750ms
[2025-03-12T11:46:04.752+0000][30796][info ][gc,cpu      ] GC(8) User=0.00s Sys=0.00s Real=0.01s
[2025-03-12T11:46:04.752+0000][30796][info ][safepoint   ] Safepoint "G1CollectForAllocation", Time since last: 460149300 ns, Reaching safepoint: 3500 ns, At safepoint: 4796300 ns, Total: 4799800 ns
[2025-03-12T11:46:05.275+0000][30796][info ][gc,start    ] GC(9) Pause Young (Normal) (G1 Evacuation Pause)
[2025-03-12T11:46:05.275+0000][30796][info ][gc,task     ] GC(9) Using 18 workers of 18 for evacuation
[2025-03-12T11:46:05.275+0000][30796][debug][gc,age      ] GC(9) Desired survivor size 39845888 bytes, new threshold 15 (max threshold 15)
[2025-03-12T11:46:05.280+0000][30796][info ][gc,phases   ] GC(9)   Pre Evacuate Collection Set: 0.16ms
[2025-03-12T11:46:05.280+0000][30796][info ][gc,phases   ] GC(9)   Merge Heap Roots: 0.09ms
[2025-03-12T11:46:05.280+0000][30796][info ][gc,phases   ] GC(9)   Evacuate Collection Set: 4.14ms
[2025-03-12T11:46:05.280+0000][30796][info ][gc,phases   ] GC(9)   Post Evacuate Collection Set: 0.52ms
[2025-03-12T11:46:05.280+0000][30796][info ][gc,phases   ] GC(9)   Other: 0.09ms
[2025-03-12T11:46:05.280+0000][30796][trace][gc,age      ] GC(9) Age table:
[2025-03-12T11:46:05.280+0000][30796][trace][gc,age      ] GC(9) - age   1:    7782960 bytes,    7782960 total
[2025-03-12T11:46:05.280+0000][30796][trace][gc,age      ] GC(9) - age   2:    3849936 bytes,   11632896 total
[2025-03-12T11:46:05.280+0000][30796][trace][gc,age      ] GC(9) - age   3:    3151680 bytes,   14784576 total
[2025-03-12T11:46:05.280+0000][30796][trace][gc,age      ] GC(9) - age   4:    3496792 bytes,   18281368 total
[2025-03-12T11:46:05.280+0000][30796][trace][gc,age      ] GC(9) - age   5:    2643168 bytes,   20924536 total
[2025-03-12T11:46:05.280+0000][30796][trace][gc,age      ] GC(9) - age   6:    3724312 bytes,   24648848 total
[2025-03-12T11:46:05.280+0000][30796][trace][gc,age      ] GC(9) - age   7:    5278472 bytes,   29927320 total
[2025-03-12T11:46:05.280+0000][30796][info ][gc,heap     ] GC(9) Eden regions: 145->0(119)
[2025-03-12T11:46:05.280+0000][30796][info ][gc,heap     ] GC(9) Survivor regions: 6->8(19)
[2025-03-12T11:46:05.280+0000][30796][info ][gc,heap     ] GC(9) Old regions: 4->4
[2025-03-12T11:46:05.280+0000][30796][info ][gc,heap     ] GC(9) Humongous regions: 0->0
[2025-03-12T11:46:05.280+0000][30796][info ][gc,metaspace] GC(9) Metaspace: 39739K(40960K)->39739K(40960K) NonClass: 35144K(35904K)->35144K(35904K) Class: 4594K(5056K)->4594K(5056K)
[2025-03-12T11:46:05.280+0000][30796][info ][gc          ] GC(9) Pause Young (Normal) (G1 Evacuation Pause) 618M->45M(8148M) 5.258ms
[2025-03-12T11:46:05.280+0000][30796][info ][gc,cpu      ] GC(9) User=0.02s Sys=0.00s Real=0.00s
[2025-03-12T11:46:05.280+0000][30796][info ][safepoint   ] Safepoint "G1CollectForAllocation", Time since last: 523576500 ns, Reaching safepoint: 3100 ns, At safepoint: 5303500 ns, Total: 5306600 ns
[2025-03-12T11:46:07.237+0000][30796][info ][gc,start    ] GC(10) Pause Young (Concurrent Start) (Metadata GC Threshold)
[2025-03-12T11:46:07.238+0000][30796][info ][gc,task     ] GC(10) Using 18 workers of 18 for evacuation
[2025-03-12T11:46:07.238+0000][30796][debug][gc,age      ] GC(10) Desired survivor size 33554432 bytes, new threshold 15 (max threshold 15)
[2025-03-12T11:46:07.245+0000][30796][info ][gc,phases   ] GC(10)   Pre Evacuate Collection Set: 0.25ms
[2025-03-12T11:46:07.245+0000][30796][info ][gc,phases   ] GC(10)   Merge Heap Roots: 0.09ms
[2025-03-12T11:46:07.245+0000][30796][info ][gc,phases   ] GC(10)   Evacuate Collection Set: 6.91ms
[2025-03-12T11:46:07.245+0000][30796][info ][gc,phases   ] GC(10)   Post Evacuate Collection Set: 0.68ms
[2025-03-12T11:46:07.245+0000][30796][info ][gc,phases   ] GC(10)   Other: 0.11ms
[2025-03-12T11:46:07.245+0000][30796][trace][gc,age      ] GC(10) Age table:
[2025-03-12T11:46:07.245+0000][30796][trace][gc,age      ] GC(10) - age   1:    6653752 bytes,    6653752 total
[2025-03-12T11:46:07.245+0000][30796][trace][gc,age      ] GC(10) - age   2:    6799112 bytes,   13452864 total
[2025-03-12T11:46:07.245+0000][30796][trace][gc,age      ] GC(10) - age   3:    3809704 bytes,   17262568 total
[2025-03-12T11:46:07.245+0000][30796][trace][gc,age      ] GC(10) - age   4:    3132016 bytes,   20394584 total
[2025-03-12T11:46:07.245+0000][30796][trace][gc,age      ] GC(10) - age   5:    3481072 bytes,   23875656 total
[2025-03-12T11:46:07.245+0000][30796][trace][gc,age      ] GC(10) - age   6:    2630864 bytes,   26506520 total
[2025-03-12T11:46:07.245+0000][30796][trace][gc,age      ] GC(10) - age   7:    3706136 bytes,   30212656 total
[2025-03-12T11:46:07.245+0000][30796][trace][gc,age      ] GC(10) - age   8:    5070520 bytes,   35283176 total
[2025-03-12T11:46:07.245+0000][30796][info ][gc,heap     ] GC(10) Eden regions: 88->0(156)
[2025-03-12T11:46:07.245+0000][30796][info ][gc,heap     ] GC(10) Survivor regions: 8->9(16)
[2025-03-12T11:46:07.245+0000][30796][info ][gc,heap     ] GC(10) Old regions: 4->4
[2025-03-12T11:46:07.245+0000][30796][info ][gc,heap     ] GC(10) Humongous regions: 0->0
[2025-03-12T11:46:07.245+0000][30796][info ][gc,metaspace] GC(10) Metaspace: 58906K(60416K)->58906K(60416K) NonClass: 51658K(52544K)->51658K(52544K) Class: 7248K(7872K)->7248K(7872K)
[2025-03-12T11:46:07.245+0000][30796][info ][gc          ] GC(10) Pause Young (Concurrent Start) (Metadata GC Threshold) 397M->50M(8148M) 8.306ms
[2025-03-12T11:46:07.245+0000][30796][info ][gc,cpu      ] GC(10) User=0.00s Sys=0.00s Real=0.01s
[2025-03-12T11:46:07.245+0000][30796][info ][gc          ] GC(11) Concurrent Mark Cycle
[2025-03-12T11:46:07.245+0000][30796][info ][gc,marking  ] GC(11) Concurrent Scan Root Regions
[2025-03-12T11:46:07.245+0000][30796][info ][safepoint   ] Safepoint "CollectForMetadataAllocation", Time since last: 1957191000 ns, Reaching safepoint: 2400 ns, At safepoint: 8389100 ns, Total: 8391500 ns
[2025-03-12T11:46:07.248+0000][30796][info ][gc,marking  ] GC(11) Concurrent Scan Root Regions 2.023ms
[2025-03-12T11:46:07.248+0000][30796][info ][gc,marking  ] GC(11) Concurrent Mark
[2025-03-12T11:46:07.248+0000][30796][info ][gc,marking  ] GC(11) Concurrent Mark From Roots
[2025-03-12T11:46:07.248+0000][30796][info ][gc,task     ] GC(11) Using 5 workers of 5 for marking
[2025-03-12T11:46:07.253+0000][30796][info ][gc,marking  ] GC(11) Concurrent Mark From Roots 5.336ms
[2025-03-12T11:46:07.253+0000][30796][info ][gc,marking  ] GC(11) Concurrent Preclean
[2025-03-12T11:46:07.253+0000][30796][info ][gc,marking  ] GC(11) Concurrent Preclean 0.059ms
[2025-03-12T11:46:07.253+0000][30796][info ][gc,start    ] GC(11) Pause Remark
[2025-03-12T11:46:07.256+0000][30796][info ][gc          ] GC(11) Pause Remark 53M->53M(8148M) 2.575ms
[2025-03-12T11:46:07.256+0000][30796][info ][gc,cpu      ] GC(11) User=0.00s Sys=0.00s Real=0.00s
[2025-03-12T11:46:07.256+0000][30796][info ][safepoint   ] Safepoint "G1PauseRemark", Time since last: 7514500 ns, Reaching safepoint: 2200 ns, At safepoint: 2630300 ns, Total: 2632500 ns
[2025-03-12T11:46:07.256+0000][30796][info ][gc,marking  ] GC(11) Concurrent Mark 8.129ms
[2025-03-12T11:46:07.256+0000][30796][info ][gc,marking  ] GC(11) Concurrent Rebuild Remembered Sets and Scrub Regions
[2025-03-12T11:46:07.257+0000][30796][info ][gc,marking  ] GC(11) Concurrent Rebuild Remembered Sets and Scrub Regions 1.380ms
[2025-03-12T11:46:07.257+0000][30796][info ][gc,start    ] GC(11) Pause Cleanup
[2025-03-12T11:46:07.257+0000][30796][info ][gc          ] GC(11) Pause Cleanup 53M->53M(8148M) 0.028ms
[2025-03-12T11:46:07.257+0000][30796][info ][gc,cpu      ] GC(11) User=0.00s Sys=0.00s Real=0.00s
[2025-03-12T11:46:07.257+0000][30796][info ][safepoint   ] Safepoint "G1PauseCleanup", Time since last: 1457400 ns, Reaching safepoint: 22600 ns, At safepoint: 62100 ns, Total: 84700 ns
[2025-03-12T11:46:07.257+0000][30796][info ][gc,marking  ] GC(11) Concurrent Clear Claimed Marks
[2025-03-12T11:46:07.257+0000][30796][info ][gc,marking  ] GC(11) Concurrent Clear Claimed Marks 0.059ms
[2025-03-12T11:46:07.257+0000][30796][info ][gc,marking  ] GC(11) Concurrent Cleanup for Next Mark
[2025-03-12T11:46:07.266+0000][30796][info ][gc,marking  ] GC(11) Concurrent Cleanup for Next Mark 7.670ms
[2025-03-12T11:46:07.266+0000][30796][info ][gc          ] GC(11) Concurrent Mark Cycle 19.547ms
[2025-03-12T11:46:09.467+0000][30796][info ][gc,start    ] GC(12) Pause Young (Normal) (G1 Evacuation Pause)
[2025-03-12T11:46:09.467+0000][30796][info ][gc,task     ] GC(12) Using 18 workers of 18 for evacuation
[2025-03-12T11:46:09.467+0000][30796][debug][gc,age      ] GC(12) Desired survivor size 44040192 bytes, new threshold 15 (max threshold 15)
[2025-03-12T11:46:09.479+0000][30796][info ][gc,phases   ] GC(12)   Pre Evacuate Collection Set: 0.20ms
[2025-03-12T11:46:09.479+0000][30796][info ][gc,phases   ] GC(12)   Merge Heap Roots: 0.11ms
[2025-03-12T11:46:09.479+0000][30796][info ][gc,phases   ] GC(12)   Evacuate Collection Set: 11.04ms
[2025-03-12T11:46:09.479+0000][30796][info ][gc,phases   ] GC(12)   Post Evacuate Collection Set: 1.07ms
[2025-03-12T11:46:09.479+0000][30796][info ][gc,phases   ] GC(12)   Other: 0.12ms
[2025-03-12T11:46:09.479+0000][30796][trace][gc,age      ] GC(12) Age table:
[2025-03-12T11:46:09.479+0000][30796][trace][gc,age      ] GC(12) - age   1:   11771416 bytes,   11771416 total
[2025-03-12T11:46:09.479+0000][30796][trace][gc,age      ] GC(12) - age   2:    6221144 bytes,   17992560 total
[2025-03-12T11:46:09.479+0000][30796][trace][gc,age      ] GC(12) - age   3:    6756000 bytes,   24748560 total
[2025-03-12T11:46:09.479+0000][30796][trace][gc,age      ] GC(12) - age   4:    3801376 bytes,   28549936 total
[2025-03-12T11:46:09.479+0000][30796][trace][gc,age      ] GC(12) - age   5:    3128568 bytes,   31678504 total
[2025-03-12T11:46:09.479+0000][30796][trace][gc,age      ] GC(12) - age   6:    3476432 bytes,   35154936 total
[2025-03-12T11:46:09.479+0000][30796][trace][gc,age      ] GC(12) - age   7:    2622880 bytes,   37777816 total
[2025-03-12T11:46:09.479+0000][30796][trace][gc,age      ] GC(12) - age   8:    3692952 bytes,   41470768 total
[2025-03-12T11:46:09.479+0000][30796][trace][gc,age      ] GC(12) - age   9:    5045208 bytes,   46515976 total
[2025-03-12T11:46:09.479+0000][30796][info ][gc,heap     ] GC(12) Eden regions: 156->0(166)
[2025-03-12T11:46:09.479+0000][30796][info ][gc,heap     ] GC(12) Survivor regions: 9->13(21)
[2025-03-12T11:46:09.479+0000][30796][info ][gc,heap     ] GC(12) Old regions: 4->4
[2025-03-12T11:46:09.479+0000][30796][info ][gc,heap     ] GC(12) Humongous regions: 0->0
[2025-03-12T11:46:09.479+0000][30796][info ][gc,metaspace] GC(12) Metaspace: 77890K(79808K)->77890K(79808K) NonClass: 67421K(68544K)->67421K(68544K) Class: 10468K(11264K)->10468K(11264K)
[2025-03-12T11:46:09.479+0000][30796][info ][gc          ] GC(12) Pause Young (Normal) (G1 Evacuation Pause) 674M->63M(8148M) 12.918ms
[2025-03-12T11:46:09.479+0000][30796][info ][gc,cpu      ] GC(12) User=0.00s Sys=0.00s Real=0.01s
[2025-03-12T11:46:09.479+0000][30796][info ][safepoint   ] Safepoint "G1CollectForAllocation", Time since last: 2208644000 ns, Reaching safepoint: 6000 ns, At safepoint: 12977600 ns, Total: 12983600 ns
[2025-03-12T11:46:11.527+0000][30796][info ][gc,start    ] GC(13) Pause Young (Concurrent Start) (Metadata GC Threshold)
[2025-03-12T11:46:11.527+0000][30796][info ][gc,task     ] GC(13) Using 18 workers of 18 for evacuation
[2025-03-12T11:46:11.527+0000][30796][debug][gc,age      ] GC(13) Desired survivor size 48234496 bytes, new threshold 15 (max threshold 15)
[2025-03-12T11:46:11.543+0000][30796][info ][gc,phases   ] GC(13)   Pre Evacuate Collection Set: 0.22ms
[2025-03-12T11:46:11.543+0000][30796][info ][gc,phases   ] GC(13)   Merge Heap Roots: 0.09ms
[2025-03-12T11:46:11.543+0000][30796][info ][gc,phases   ] GC(13)   Evacuate Collection Set: 15.17ms
[2025-03-12T11:46:11.543+0000][30796][info ][gc,phases   ] GC(13)   Post Evacuate Collection Set: 1.25ms
[2025-03-12T11:46:11.543+0000][30796][info ][gc,phases   ] GC(13)   Other: 0.10ms
[2025-03-12T11:46:11.543+0000][30796][trace][gc,age      ] GC(13) Age table:
[2025-03-12T11:46:11.543+0000][30796][trace][gc,age      ] GC(13) - age   1:   10324048 bytes,   10324048 total
[2025-03-12T11:46:11.543+0000][30796][trace][gc,age      ] GC(13) - age   2:   11326088 bytes,   21650136 total
[2025-03-12T11:46:11.543+0000][30796][trace][gc,age      ] GC(13) - age   3:    6087992 bytes,   27738128 total
[2025-03-12T11:46:11.543+0000][30796][trace][gc,age      ] GC(13) - age   4:    6747120 bytes,   34485248 total
[2025-03-12T11:46:11.543+0000][30796][trace][gc,age      ] GC(13) - age   5:    3785936 bytes,   38271184 total
[2025-03-12T11:46:11.543+0000][30796][trace][gc,age      ] GC(13) - age   6:    3120736 bytes,   41391920 total
[2025-03-12T11:46:11.543+0000][30796][trace][gc,age      ] GC(13) - age   7:    3465608 bytes,   44857528 total
[2025-03-12T11:46:11.543+0000][30796][trace][gc,age      ] GC(13) - age   8:    2619064 bytes,   47476592 total
[2025-03-12T11:46:11.543+0000][30796][trace][gc,age      ] GC(13) - age   9:    3689424 bytes,   51166016 total
[2025-03-12T11:46:11.543+0000][30796][trace][gc,age      ] GC(13) - age  10:    5034896 bytes,   56200912 total
[2025-03-12T11:46:11.543+0000][30796][info ][gc,heap     ] GC(13) Eden regions: 99->0(207)
[2025-03-12T11:46:11.543+0000][30796][info ][gc,heap     ] GC(13) Survivor regions: 13->15(23)
[2025-03-12T11:46:11.543+0000][30796][info ][gc,heap     ] GC(13) Old regions: 4->4
[2025-03-12T11:46:11.543+0000][30796][info ][gc,heap     ] GC(13) Humongous regions: 0->0
[2025-03-12T11:46:11.543+0000][30796][info ][gc,metaspace] GC(13) Metaspace: 98734K(100800K)->98734K(100800K) NonClass: 85288K(86464K)->85288K(86464K) Class: 13446K(14336K)->13446K(14336K)
[2025-03-12T11:46:11.543+0000][30796][info ][gc          ] GC(13) Pause Young (Concurrent Start) (Metadata GC Threshold) 459M->73M(8148M) 17.124ms
[2025-03-12T11:46:11.544+0000][30796][info ][gc,cpu      ] GC(13) User=0.02s Sys=0.00s Real=0.02s
[2025-03-12T11:46:11.544+0000][30796][info ][gc          ] GC(14) Concurrent Mark Cycle
[2025-03-12T11:46:11.544+0000][30796][info ][gc,marking  ] GC(14) Concurrent Scan Root Regions
[2025-03-12T11:46:11.544+0000][30796][info ][safepoint   ] Safepoint "CollectForMetadataAllocation", Time since last: 2047610700 ns, Reaching safepoint: 3600 ns, At safepoint: 17242300 ns, Total: 17245900 ns
[2025-03-12T11:46:11.549+0000][30796][info ][gc,marking  ] GC(14) Concurrent Scan Root Regions 4.371ms
[2025-03-12T11:46:11.549+0000][30796][info ][gc,marking  ] GC(14) Concurrent Mark
[2025-03-12T11:46:11.549+0000][30796][info ][gc,marking  ] GC(14) Concurrent Mark From Roots
[2025-03-12T11:46:11.549+0000][30796][info ][gc,task     ] GC(14) Using 5 workers of 5 for marking
[2025-03-12T11:46:11.553+0000][30796][info ][gc,marking  ] GC(14) Concurrent Mark From Roots 5.068ms
[2025-03-12T11:46:11.553+0000][30796][info ][gc,marking  ] GC(14) Concurrent Preclean
[2025-03-12T11:46:11.553+0000][30796][info ][gc,marking  ] GC(14) Concurrent Preclean 0.074ms
[2025-03-12T11:46:11.554+0000][30796][info ][gc,start    ] GC(14) Pause Remark
[2025-03-12T11:46:11.556+0000][30796][info ][gc          ] GC(14) Pause Remark 77M->77M(8148M) 3.009ms
[2025-03-12T11:46:11.556+0000][30796][info ][gc,cpu      ] GC(14) User=0.00s Sys=0.00s Real=0.00s
[2025-03-12T11:46:11.556+0000][30796][info ][safepoint   ] Safepoint "G1PauseRemark", Time since last: 9597800 ns, Reaching safepoint: 379100 ns, At safepoint: 3069100 ns, Total: 3448200 ns
[2025-03-12T11:46:11.556+0000][30796][info ][gc,marking  ] GC(14) Concurrent Mark 8.680ms
[2025-03-12T11:46:11.556+0000][30796][info ][gc,marking  ] GC(14) Concurrent Rebuild Remembered Sets and Scrub Regions
[2025-03-12T11:46:11.559+0000][30796][info ][gc,marking  ] GC(14) Concurrent Rebuild Remembered Sets and Scrub Regions 1.374ms
[2025-03-12T11:46:11.559+0000][30796][info ][gc,start    ] GC(14) Pause Cleanup
[2025-03-12T11:46:11.559+0000][30796][info ][gc          ] GC(14) Pause Cleanup 77M->77M(8148M) 0.034ms
[2025-03-12T11:46:11.559+0000][30796][info ][gc,cpu      ] GC(14) User=0.00s Sys=0.00s Real=0.00s
[2025-03-12T11:46:11.559+0000][30796][info ][safepoint   ] Safepoint "G1PauseCleanup", Time since last: 1458200 ns, Reaching safepoint: 33600 ns, At safepoint: 71100 ns, Total: 104700 ns
[2025-03-12T11:46:11.559+0000][30796][info ][gc,marking  ] GC(14) Concurrent Clear Claimed Marks
[2025-03-12T11:46:11.559+0000][30796][info ][gc,marking  ] GC(14) Concurrent Clear Claimed Marks 0.074ms
[2025-03-12T11:46:11.559+0000][30796][info ][gc,marking  ] GC(14) Concurrent Cleanup for Next Mark
[2025-03-12T11:46:11.568+0000][30796][info ][gc,marking  ] GC(14) Concurrent Cleanup for Next Mark 9.407ms
[2025-03-12T11:46:11.568+0000][30796][info ][gc          ] GC(14) Concurrent Mark Cycle 24.225ms
[2025-03-12T11:54:46.259+0000][30796][info ][gc,start    ] GC(15) Pause Young (Normal) (G1 Evacuation Pause)
[2025-03-12T11:54:46.260+0000][30796][info ][gc,task     ] GC(15) Using 18 workers of 18 for evacuation
[2025-03-12T11:54:46.260+0000][30796][debug][gc,age      ] GC(15) Desired survivor size 58720256 bytes, new threshold 15 (max threshold 15)
[2025-03-12T11:54:46.320+0000][30796][info ][gc,phases   ] GC(15)   Pre Evacuate Collection Set: 0.22ms
[2025-03-12T11:54:46.320+0000][30796][info ][gc,phases   ] GC(15)   Merge Heap Roots: 0.11ms
[2025-03-12T11:54:46.320+0000][30796][info ][gc,phases   ] GC(15)   Evacuate Collection Set: 58.70ms
[2025-03-12T11:54:46.320+0000][30796][info ][gc,phases   ] GC(15)   Post Evacuate Collection Set: 2.22ms
[2025-03-12T11:54:46.320+0000][30796][info ][gc,phases   ] GC(15)   Other: 0.11ms
[2025-03-12T11:54:46.320+0000][30796][trace][gc,age      ] GC(15) Age table:
[2025-03-12T11:54:46.320+0000][30796][trace][gc,age      ] GC(15) - age   1:   50997784 bytes,   50997784 total
[2025-03-12T11:54:46.320+0000][30796][trace][gc,age      ] GC(15) - age   2:    9807392 bytes,   60805176 total
[2025-03-12T11:54:46.320+0000][30796][trace][gc,age      ] GC(15) - age   3:   11149760 bytes,   71954936 total
[2025-03-12T11:54:46.320+0000][30796][trace][gc,age      ] GC(15) - age   4:    6019448 bytes,   77974384 total
[2025-03-12T11:54:46.321+0000][30796][trace][gc,age      ] GC(15) - age   5:    6741040 bytes,   84715424 total
[2025-03-12T11:54:46.321+0000][30796][trace][gc,age      ] GC(15) - age   6:    3755736 bytes,   88471160 total
[2025-03-12T11:54:46.321+0000][30796][trace][gc,age      ] GC(15) - age   7:    3117560 bytes,   91588720 total
[2025-03-12T11:54:46.321+0000][30796][trace][gc,age      ] GC(15) - age   8:    3424056 bytes,   95012776 total
[2025-03-12T11:54:46.321+0000][30796][trace][gc,age      ] GC(15) - age   9:    2612128 bytes,   97624904 total
[2025-03-12T11:54:46.321+0000][30796][trace][gc,age      ] GC(15) - age  10:    3679104 bytes,  101304008 total
[2025-03-12T11:54:46.321+0000][30796][trace][gc,age      ] GC(15) - age  11:    5012816 bytes,  106316824 total
[2025-03-12T11:54:46.321+0000][30796][info ][gc,heap     ] GC(15) Eden regions: 207->0(172)
[2025-03-12T11:54:46.321+0000][30796][info ][gc,heap     ] GC(15) Survivor regions: 15->28(28)
[2025-03-12T11:54:46.321+0000][30796][info ][gc,heap     ] GC(15) Old regions: 4->4
[2025-03-12T11:54:46.321+0000][30796][info ][gc,heap     ] GC(15) Humongous regions: 2->2
[2025-03-12T11:54:46.321+0000][30796][info ][gc,metaspace] GC(15) Metaspace: 144403K(148480K)->144403K(148480K) NonClass: 123705K(125952K)->123705K(125952K) Class: 20697K(22528K)->20697K(22528K)
[2025-03-12T11:54:46.321+0000][30796][info ][gc          ] GC(15) Pause Young (Normal) (G1 Evacuation Pause) 909M->134M(8148M) 61.702ms
[2025-03-12T11:54:46.321+0000][30796][info ][gc,cpu      ] GC(15) User=0.25s Sys=0.53s Real=0.06s
[2025-03-12T11:54:46.321+0000][30796][info ][safepoint   ] Safepoint "G1CollectForAllocation", Time since last: 514700811200 ns, Reaching safepoint: 10600 ns, At safepoint: 61776200 ns, Total: 61786800 ns
[2025-03-12T11:57:07.549+0000][30796][info ][gc,heap,exit] Heap
[2025-03-12T11:57:07.549+0000][30796][info ][gc,heap,exit]  garbage-first heap   total reserved 8343552K, committed 8343552K, used 306654K [0x0000000602c00000, 0x0000000800000000)
[2025-03-12T11:57:07.549+0000][30796][info ][gc,heap,exit]   region size 4096K, 70 young (286720K), 28 survivors (114688K)
[2025-03-12T11:57:07.549+0000][30796][info ][gc,heap,exit]  Metaspace       used 145089K, committed 149312K, reserved 1179648K
[2025-03-12T11:57:07.549+0000][30796][info ][gc,heap,exit]   class space    used 20819K, committed 22720K, reserved 1048576K
