[2025-03-20T10:39:06.753+0000][10792][info][gc,init] CardTable entry size: 512
[2025-03-20T10:39:06.753+0000][10792][info][gc     ] Using G1
[2025-03-20T10:39:09.343+0000][10792][info][gc,init] Version: 23+37-2369 (release)
[2025-03-20T10:39:09.343+0000][10792][info][gc,init] CPUs: 24 total, 24 available
[2025-03-20T10:39:09.343+0000][10792][info][gc,init] Memory: 16296M
[2025-03-20T10:39:09.343+0000][10792][info][gc,init] Large Page Support: Disabled
[2025-03-20T10:39:09.343+0000][10792][info][gc,init] NUMA Support: Disabled
[2025-03-20T10:39:09.343+0000][10792][info][gc,init] Compressed Oops: Enabled (Zero based)
[2025-03-20T10:39:09.344+0000][10792][info][gc,init] Heap Region Size: 4M
[2025-03-20T10:39:09.344+0000][10792][info][gc,init] Heap Min Capacity: 8148M
[2025-03-20T10:39:09.344+0000][10792][info][gc,init] Heap Initial Capacity: 8148M
[2025-03-20T10:39:09.344+0000][10792][info][gc,init] Heap Max Capacity: 8148M
[2025-03-20T10:39:09.344+0000][10792][info][gc,init] Pre-touch: Enabled
[2025-03-20T10:39:09.344+0000][10792][info][gc,init] Parallel Workers: 18
[2025-03-20T10:39:09.344+0000][10792][info][gc,init] Concurrent Workers: 5
[2025-03-20T10:39:09.344+0000][10792][info][gc,init] Concurrent Refinement Workers: 18
[2025-03-20T10:39:09.344+0000][10792][info][gc,init] Periodic GC: Disabled
[2025-03-20T10:39:09.351+0000][10792][info][gc,metaspace] CDS archive(s) mapped at: [0x0000020e3f000000-0x0000020e3fd70000-0x0000020e3fd70000), size 14090240, SharedBaseAddress: 0x0000020e3f000000, ArchiveRelocationMode: 1.
[2025-03-20T10:39:09.351+0000][10792][info][gc,metaspace] Compressed class space mapped at: 0x0000020e40000000-0x0000020e80000000, reserved size: 1073741824
[2025-03-20T10:39:09.351+0000][10792][info][gc,metaspace] Narrow klass base: 0x0000020e3f000000, Narrow klass shift: 0, Narrow klass range: 0x41000000
[2025-03-20T10:39:12.430+0000][10792][info][gc,start    ] GC(0) Pause Young (Concurrent Start) (Metadata GC Threshold)
[2025-03-20T10:39:12.437+0000][10792][info][gc,task     ] GC(0) Using 18 workers of 18 for evacuation
[2025-03-20T10:39:12.437+0000][10792][debug][gc,age      ] GC(0) Desired survivor size 27262976 bytes, new threshold 15 (max threshold 15)
[2025-03-20T10:39:12.446+0000][10792][info ][gc,phases   ] GC(0)   Pre Evacuate Collection Set: 1.59ms
[2025-03-20T10:39:12.446+0000][10792][info ][gc,phases   ] GC(0)   Merge Heap Roots: 0.36ms
[2025-03-20T10:39:12.446+0000][10792][info ][gc,phases   ] GC(0)   Evacuate Collection Set: 6.10ms
[2025-03-20T10:39:12.446+0000][10792][info ][gc,phases   ] GC(0)   Post Evacuate Collection Set: 1.17ms
[2025-03-20T10:39:12.446+0000][10792][info ][gc,phases   ] GC(0)   Other: 5.05ms
[2025-03-20T10:39:12.446+0000][10792][trace][gc,age      ] GC(0) Age table:
[2025-03-20T10:39:12.446+0000][10792][trace][gc,age      ] GC(0) - age   1:   15368552 bytes,   15368552 total
[2025-03-20T10:39:12.446+0000][10792][info ][gc,heap     ] GC(0) Eden regions: 69->0(97)
[2025-03-20T10:39:12.446+0000][10792][info ][gc,heap     ] GC(0) Survivor regions: 0->4(13)
[2025-03-20T10:39:12.446+0000][10792][info ][gc,heap     ] GC(0) Old regions: 0->0
[2025-03-20T10:39:12.446+0000][10792][info ][gc,heap     ] GC(0) Humongous regions: 0->0
[2025-03-20T10:39:12.446+0000][10792][info ][gc,metaspace] GC(0) Metaspace: 20773K(21504K)->20773K(21504K) NonClass: 18449K(18880K)->18449K(18880K) Class: 2323K(2624K)->2323K(2624K)
[2025-03-20T10:39:12.446+0000][10792][info ][gc          ] GC(0) Pause Young (Concurrent Start) (Metadata GC Threshold) 276M->15M(8148M) 15.463ms
[2025-03-20T10:39:12.446+0000][10792][info ][gc,cpu      ] GC(0) User=0.00s Sys=0.00s Real=0.02s
[2025-03-20T10:39:12.446+0000][10792][info ][gc          ] GC(1) Concurrent Mark Cycle
[2025-03-20T10:39:12.446+0000][10792][info ][gc,marking  ] GC(1) Concurrent Scan Root Regions
[2025-03-20T10:39:12.446+0000][10792][info ][safepoint   ] Safepoint "CollectForMetadataAllocation", Time since last: 3076966100 ns, Reaching safepoint: 5900 ns, At safepoint: 15729900 ns, Total: 15735800 ns
[2025-03-20T10:39:12.450+0000][10792][info ][gc,marking  ] GC(1) Concurrent Scan Root Regions 4.612ms
[2025-03-20T10:39:12.450+0000][10792][info ][gc,marking  ] GC(1) Concurrent Mark
[2025-03-20T10:39:12.451+0000][10792][info ][gc,marking  ] GC(1) Concurrent Mark From Roots
[2025-03-20T10:39:12.452+0000][10792][info ][gc,task     ] GC(1) Using 5 workers of 5 for marking
[2025-03-20T10:39:12.452+0000][10792][info ][gc,marking  ] GC(1) Concurrent Mark From Roots 1.711ms
[2025-03-20T10:39:12.452+0000][10792][info ][gc,marking  ] GC(1) Concurrent Preclean
[2025-03-20T10:39:12.452+0000][10792][info ][gc,marking  ] GC(1) Concurrent Preclean 0.028ms
[2025-03-20T10:39:12.452+0000][10792][info ][gc,start    ] GC(1) Pause Remark
[2025-03-20T10:39:12.455+0000][10792][info ][gc          ] GC(1) Pause Remark 19M->19M(8148M) 2.089ms
[2025-03-20T10:39:12.455+0000][10792][info ][gc,cpu      ] GC(1) User=0.00s Sys=0.00s Real=0.00s
[2025-03-20T10:39:12.455+0000][10792][info ][safepoint   ] Safepoint "G1PauseRemark", Time since last: 6517300 ns, Reaching safepoint: 14700 ns, At safepoint: 2154100 ns, Total: 2168800 ns
[2025-03-20T10:39:12.455+0000][10792][info ][gc,marking  ] GC(1) Concurrent Mark 4.038ms
[2025-03-20T10:39:12.455+0000][10792][info ][gc,marking  ] GC(1) Concurrent Rebuild Remembered Sets and Scrub Regions
[2025-03-20T10:39:12.455+0000][10792][info ][gc,marking  ] GC(1) Concurrent Rebuild Remembered Sets and Scrub Regions 0.079ms
[2025-03-20T10:39:12.455+0000][10792][info ][gc,start    ] GC(1) Pause Cleanup
[2025-03-20T10:39:12.455+0000][10792][info ][gc          ] GC(1) Pause Cleanup 19M->19M(8148M) 0.033ms
[2025-03-20T10:39:12.455+0000][10792][info ][gc,cpu      ] GC(1) User=0.00s Sys=0.00s Real=0.00s
[2025-03-20T10:39:12.455+0000][10792][info ][safepoint   ] Safepoint "G1PauseCleanup", Time since last: 175900 ns, Reaching safepoint: 13400 ns, At safepoint: 80100 ns, Total: 93500 ns
[2025-03-20T10:39:12.455+0000][10792][info ][gc,marking  ] GC(1) Concurrent Clear Claimed Marks
[2025-03-20T10:39:12.455+0000][10792][info ][gc,marking  ] GC(1) Concurrent Clear Claimed Marks 0.031ms
[2025-03-20T10:39:12.455+0000][10792][info ][gc,marking  ] GC(1) Concurrent Cleanup for Next Mark
[2025-03-20T10:39:12.467+0000][10792][info ][gc,marking  ] GC(1) Concurrent Cleanup for Next Mark 11.070ms
[2025-03-20T10:39:12.467+0000][10792][info ][gc          ] GC(1) Concurrent Mark Cycle 20.270ms
[2025-03-20T10:39:17.438+0000][10792][info ][gc,start    ] GC(2) Pause Young (Normal) (G1 Evacuation Pause)
[2025-03-20T10:39:17.438+0000][10792][info ][gc,task     ] GC(2) Using 18 workers of 18 for evacuation
[2025-03-20T10:39:17.438+0000][10792][debug][gc,age      ] GC(2) Desired survivor size 27262976 bytes, new threshold 15 (max threshold 15)
[2025-03-20T10:39:17.446+0000][10792][info ][gc,phases   ] GC(2)   Pre Evacuate Collection Set: 0.16ms
[2025-03-20T10:39:17.446+0000][10792][info ][gc,phases   ] GC(2)   Merge Heap Roots: 0.07ms
[2025-03-20T10:39:17.446+0000][10792][info ][gc,phases   ] GC(2)   Evacuate Collection Set: 6.72ms
[2025-03-20T10:39:17.446+0000][10792][info ][gc,phases   ] GC(2)   Post Evacuate Collection Set: 0.95ms
[2025-03-20T10:39:17.446+0000][10792][info ][gc,phases   ] GC(2)   Other: 0.09ms
[2025-03-20T10:39:17.446+0000][10792][trace][gc,age      ] GC(2) Age table:
[2025-03-20T10:39:17.446+0000][10792][trace][gc,age      ] GC(2) - age   1:    5309184 bytes,    5309184 total
[2025-03-20T10:39:17.446+0000][10792][trace][gc,age      ] GC(2) - age   2:   14340344 bytes,   19649528 total
[2025-03-20T10:39:17.446+0000][10792][info ][gc,heap     ] GC(2) Eden regions: 97->0(95)
[2025-03-20T10:39:17.446+0000][10792][info ][gc,heap     ] GC(2) Survivor regions: 4->6(13)
[2025-03-20T10:39:17.446+0000][10792][info ][gc,heap     ] GC(2) Old regions: 0->0
[2025-03-20T10:39:17.446+0000][10792][info ][gc,heap     ] GC(2) Humongous regions: 0->0
[2025-03-20T10:39:17.446+0000][10792][info ][gc,metaspace] GC(2) Metaspace: 28880K(29760K)->28880K(29760K) NonClass: 25653K(26176K)->25653K(26176K) Class: 3227K(3584K)->3227K(3584K)
[2025-03-20T10:39:17.446+0000][10792][info ][gc          ] GC(2) Pause Young (Normal) (G1 Evacuation Pause) 403M->20M(8148M) 8.357ms
[2025-03-20T10:39:17.446+0000][10792][info ][gc,cpu      ] GC(2) User=0.00s Sys=0.00s Real=0.01s
[2025-03-20T10:39:17.446+0000][10792][info ][safepoint   ] Safepoint "G1CollectForAllocation", Time since last: 4982321800 ns, Reaching safepoint: 2500 ns, At safepoint: 8416800 ns, Total: 8419300 ns
[2025-03-20T10:39:22.967+0000][10792][info ][gc,start    ] GC(3) Pause Young (Normal) (G1 Evacuation Pause)
[2025-03-20T10:39:22.967+0000][10792][info ][gc,task     ] GC(3) Using 18 workers of 18 for evacuation
[2025-03-20T10:39:22.967+0000][10792][debug][gc,age      ] GC(3) Desired survivor size 27262976 bytes, new threshold 15 (max threshold 15)
[2025-03-20T10:39:22.975+0000][10792][info ][gc,phases   ] GC(3)   Pre Evacuate Collection Set: 0.16ms
[2025-03-20T10:39:22.975+0000][10792][info ][gc,phases   ] GC(3)   Merge Heap Roots: 0.07ms
[2025-03-20T10:39:22.975+0000][10792][info ][gc,phases   ] GC(3)   Evacuate Collection Set: 6.85ms
[2025-03-20T10:39:22.975+0000][10792][info ][gc,phases   ] GC(3)   Post Evacuate Collection Set: 0.81ms
[2025-03-20T10:39:22.975+0000][10792][info ][gc,phases   ] GC(3)   Other: 0.08ms
[2025-03-20T10:39:22.975+0000][10792][trace][gc,age      ] GC(3) Age table:
[2025-03-20T10:39:22.975+0000][10792][trace][gc,age      ] GC(3) - age   1:    5275192 bytes,    5275192 total
[2025-03-20T10:39:22.975+0000][10792][trace][gc,age      ] GC(3) - age   2:    5213104 bytes,   10488296 total
[2025-03-20T10:39:22.975+0000][10792][trace][gc,age      ] GC(3) - age   3:   14337944 bytes,   24826240 total
[2025-03-20T10:39:22.975+0000][10792][info ][gc,heap     ] GC(3) Eden regions: 95->0(94)
[2025-03-20T10:39:22.975+0000][10792][info ][gc,heap     ] GC(3) Survivor regions: 6->7(13)
[2025-03-20T10:39:22.975+0000][10792][info ][gc,heap     ] GC(3) Old regions: 0->0
[2025-03-20T10:39:22.975+0000][10792][info ][gc,heap     ] GC(3) Humongous regions: 0->0
[2025-03-20T10:39:22.975+0000][10792][info ][gc,metaspace] GC(3) Metaspace: 30293K(31296K)->30293K(31296K) NonClass: 26855K(27456K)->26855K(27456K) Class: 3438K(3840K)->3438K(3840K)
[2025-03-20T10:39:22.975+0000][10792][info ][gc          ] GC(3) Pause Young (Normal) (G1 Evacuation Pause) 400M->26M(8148M) 8.185ms
[2025-03-20T10:39:22.975+0000][10792][info ][gc,cpu      ] GC(3) User=0.00s Sys=0.00s Real=0.01s
[2025-03-20T10:39:22.975+0000][10792][info ][safepoint   ] Safepoint "G1CollectForAllocation", Time since last: 5520954600 ns, Reaching safepoint: 3500 ns, At safepoint: 8227000 ns, Total: 8230500 ns
[2025-03-20T10:39:24.893+0000][10792][info ][gc,start    ] GC(4) Pause Young (Normal) (G1 Evacuation Pause)
[2025-03-20T10:39:24.893+0000][10792][info ][gc,task     ] GC(4) Using 18 workers of 18 for evacuation
[2025-03-20T10:39:24.893+0000][10792][debug][gc,age      ] GC(4) Desired survivor size 27262976 bytes, new threshold 15 (max threshold 15)
[2025-03-20T10:39:24.902+0000][10792][info ][gc,phases   ] GC(4)   Pre Evacuate Collection Set: 0.15ms
[2025-03-20T10:39:24.902+0000][10792][info ][gc,phases   ] GC(4)   Merge Heap Roots: 0.07ms
[2025-03-20T10:39:24.902+0000][10792][info ][gc,phases   ] GC(4)   Evacuate Collection Set: 6.85ms
[2025-03-20T10:39:24.902+0000][10792][info ][gc,phases   ] GC(4)   Post Evacuate Collection Set: 0.85ms
[2025-03-20T10:39:24.902+0000][10792][info ][gc,phases   ] GC(4)   Other: 0.08ms
[2025-03-20T10:39:24.902+0000][10792][trace][gc,age      ] GC(4) Age table:
[2025-03-20T10:39:24.902+0000][10792][trace][gc,age      ] GC(4) - age   1:    2645720 bytes,    2645720 total
[2025-03-20T10:39:24.902+0000][10792][trace][gc,age      ] GC(4) - age   2:    3812824 bytes,    6458544 total
[2025-03-20T10:39:24.902+0000][10792][trace][gc,age      ] GC(4) - age   3:    5212600 bytes,   11671144 total
[2025-03-20T10:39:24.902+0000][10792][trace][gc,age      ] GC(4) - age   4:   14337912 bytes,   26009056 total
[2025-03-20T10:39:24.902+0000][10792][info ][gc,heap     ] GC(4) Eden regions: 94->0(94)
[2025-03-20T10:39:24.902+0000][10792][info ][gc,heap     ] GC(4) Survivor regions: 7->7(13)
[2025-03-20T10:39:24.902+0000][10792][info ][gc,heap     ] GC(4) Old regions: 0->0
[2025-03-20T10:39:24.902+0000][10792][info ][gc,heap     ] GC(4) Humongous regions: 0->0
[2025-03-20T10:39:24.902+0000][10792][info ][gc,metaspace] GC(4) Metaspace: 30739K(31744K)->30739K(31744K) NonClass: 27238K(27840K)->27238K(27840K) Class: 3501K(3904K)->3501K(3904K)
[2025-03-20T10:39:24.902+0000][10792][info ][gc          ] GC(4) Pause Young (Normal) (G1 Evacuation Pause) 402M->26M(8148M) 8.237ms
[2025-03-20T10:39:24.902+0000][10792][info ][gc,cpu      ] GC(4) User=0.00s Sys=0.00s Real=0.01s
[2025-03-20T10:39:24.902+0000][10792][info ][safepoint   ] Safepoint "G1CollectForAllocation", Time since last: 1918841900 ns, Reaching safepoint: 2600 ns, At safepoint: 8284900 ns, Total: 8287500 ns
[2025-03-20T10:39:28.945+0000][10792][info ][gc,start    ] GC(5) Pause Young (Concurrent Start) (Metadata GC Threshold)
[2025-03-20T10:39:28.945+0000][10792][info ][gc,task     ] GC(5) Using 18 workers of 18 for evacuation
[2025-03-20T10:39:28.945+0000][10792][debug][gc,age      ] GC(5) Desired survivor size 27262976 bytes, new threshold 15 (max threshold 15)
[2025-03-20T10:39:28.955+0000][10792][info ][gc,phases   ] GC(5)   Pre Evacuate Collection Set: 0.24ms
[2025-03-20T10:39:28.955+0000][10792][info ][gc,phases   ] GC(5)   Merge Heap Roots: 0.07ms
[2025-03-20T10:39:28.955+0000][10792][info ][gc,phases   ] GC(5)   Evacuate Collection Set: 7.44ms
[2025-03-20T10:39:28.955+0000][10792][info ][gc,phases   ] GC(5)   Post Evacuate Collection Set: 0.97ms
[2025-03-20T10:39:28.955+0000][10792][info ][gc,phases   ] GC(5)   Other: 0.09ms
[2025-03-20T10:39:28.955+0000][10792][trace][gc,age      ] GC(5) Age table:
[2025-03-20T10:39:28.955+0000][10792][trace][gc,age      ] GC(5) - age   1:    3538424 bytes,    3538424 total
[2025-03-20T10:39:28.955+0000][10792][trace][gc,age      ] GC(5) - age   2:    2638416 bytes,    6176840 total
[2025-03-20T10:39:28.955+0000][10792][trace][gc,age      ] GC(5) - age   3:    3809896 bytes,    9986736 total
[2025-03-20T10:39:28.955+0000][10792][trace][gc,age      ] GC(5) - age   4:    5211096 bytes,   15197832 total
[2025-03-20T10:39:28.955+0000][10792][trace][gc,age      ] GC(5) - age   5:   14337240 bytes,   29535072 total
[2025-03-20T10:39:28.955+0000][10792][info ][gc,heap     ] GC(5) Eden regions: 50->0(93)
[2025-03-20T10:39:28.955+0000][10792][info ][gc,heap     ] GC(5) Survivor regions: 7->8(13)
[2025-03-20T10:39:28.955+0000][10792][info ][gc,heap     ] GC(5) Old regions: 0->0
[2025-03-20T10:39:28.955+0000][10792][info ][gc,heap     ] GC(5) Humongous regions: 0->0
[2025-03-20T10:39:28.955+0000][10792][info ][gc,metaspace] GC(5) Metaspace: 35182K(36160K)->35182K(36160K) NonClass: 31216K(31808K)->31216K(31808K) Class: 3966K(4352K)->3966K(4352K)
[2025-03-20T10:39:28.955+0000][10792][info ][gc          ] GC(5) Pause Young (Concurrent Start) (Metadata GC Threshold) 224M->30M(8148M) 9.063ms
[2025-03-20T10:39:28.955+0000][10792][info ][gc,cpu      ] GC(5) User=0.03s Sys=0.00s Real=0.01s
[2025-03-20T10:39:28.955+0000][10792][info ][gc          ] GC(6) Concurrent Mark Cycle
[2025-03-20T10:39:28.955+0000][10792][info ][gc,marking  ] GC(6) Concurrent Scan Root Regions
[2025-03-20T10:39:28.955+0000][10792][info ][safepoint   ] Safepoint "CollectForMetadataAllocation", Time since last: 4043476800 ns, Reaching safepoint: 2500 ns, At safepoint: 9149000 ns, Total: 9151500 ns
[2025-03-20T10:39:28.956+0000][10792][info ][gc,marking  ] GC(6) Concurrent Scan Root Regions 1.958ms
[2025-03-20T10:39:28.956+0000][10792][info ][gc,marking  ] GC(6) Concurrent Mark
[2025-03-20T10:39:28.956+0000][10792][info ][gc,marking  ] GC(6) Concurrent Mark From Roots
[2025-03-20T10:39:28.956+0000][10792][info ][gc,task     ] GC(6) Using 5 workers of 5 for marking
[2025-03-20T10:39:28.957+0000][10792][info ][gc,marking  ] GC(6) Concurrent Mark From Roots 0.393ms
[2025-03-20T10:39:28.957+0000][10792][info ][gc,marking  ] GC(6) Concurrent Preclean
[2025-03-20T10:39:28.957+0000][10792][info ][gc,marking  ] GC(6) Concurrent Preclean 0.049ms
[2025-03-20T10:39:28.957+0000][10792][info ][gc,start    ] GC(6) Pause Remark
[2025-03-20T10:39:28.960+0000][10792][info ][gc          ] GC(6) Pause Remark 32M->32M(8148M) 2.441ms
[2025-03-20T10:39:28.960+0000][10792][info ][gc,cpu      ] GC(6) User=0.00s Sys=0.00s Real=0.00s
[2025-03-20T10:39:28.960+0000][10792][info ][safepoint   ] Safepoint "G1PauseRemark", Time since last: 2479000 ns, Reaching safepoint: 137400 ns, At safepoint: 2491700 ns, Total: 2629100 ns
[2025-03-20T10:39:28.960+0000][10792][info ][gc,marking  ] GC(6) Concurrent Mark 3.163ms
[2025-03-20T10:39:28.960+0000][10792][info ][gc,marking  ] GC(6) Concurrent Rebuild Remembered Sets and Scrub Regions
[2025-03-20T10:39:28.960+0000][10792][info ][gc,marking  ] GC(6) Concurrent Rebuild Remembered Sets and Scrub Regions 0.060ms
[2025-03-20T10:39:28.960+0000][10792][info ][gc,start    ] GC(6) Pause Cleanup
[2025-03-20T10:39:28.960+0000][10792][info ][gc          ] GC(6) Pause Cleanup 32M->32M(8148M) 0.021ms
[2025-03-20T10:39:28.960+0000][10792][info ][gc,cpu      ] GC(6) User=0.00s Sys=0.00s Real=0.00s
[2025-03-20T10:39:28.960+0000][10792][info ][safepoint   ] Safepoint "G1PauseCleanup", Time since last: 138700 ns, Reaching safepoint: 12100 ns, At safepoint: 60400 ns, Total: 72500 ns
[2025-03-20T10:39:28.960+0000][10792][info ][gc,marking  ] GC(6) Concurrent Clear Claimed Marks
[2025-03-20T10:39:28.960+0000][10792][info ][gc,marking  ] GC(6) Concurrent Clear Claimed Marks 0.029ms
[2025-03-20T10:39:28.960+0000][10792][info ][gc,marking  ] GC(6) Concurrent Cleanup for Next Mark
[2025-03-20T10:39:28.969+0000][10792][info ][gc,marking  ] GC(6) Concurrent Cleanup for Next Mark 8.473ms
[2025-03-20T10:39:28.969+0000][10792][info ][gc          ] GC(6) Concurrent Mark Cycle 13.970ms
[2025-03-20T10:39:31.970+0000][10792][info ][gc,start    ] GC(7) Pause Young (Normal) (G1 Evacuation Pause)
[2025-03-20T10:39:31.970+0000][10792][info ][gc,task     ] GC(7) Using 18 workers of 18 for evacuation
[2025-03-20T10:39:31.970+0000][10792][debug][gc,age      ] GC(7) Desired survivor size 27262976 bytes, new threshold 5 (max threshold 15)
[2025-03-20T10:39:31.980+0000][10792][info ][gc,phases   ] GC(7)   Pre Evacuate Collection Set: 0.17ms
[2025-03-20T10:39:31.980+0000][10792][info ][gc,phases   ] GC(7)   Merge Heap Roots: 0.08ms
[2025-03-20T10:39:31.980+0000][10792][info ][gc,phases   ] GC(7)   Evacuate Collection Set: 7.73ms
[2025-03-20T10:39:31.980+0000][10792][info ][gc,phases   ] GC(7)   Post Evacuate Collection Set: 0.81ms
[2025-03-20T10:39:31.980+0000][10792][info ][gc,phases   ] GC(7)   Other: 0.08ms
[2025-03-20T10:39:31.980+0000][10792][trace][gc,age      ] GC(7) Age table:
[2025-03-20T10:39:31.980+0000][10792][trace][gc,age      ] GC(7) - age   1:    3752016 bytes,    3752016 total
[2025-03-20T10:39:31.980+0000][10792][trace][gc,age      ] GC(7) - age   2:    3507320 bytes,    7259336 total
[2025-03-20T10:39:31.980+0000][10792][trace][gc,age      ] GC(7) - age   3:    2638288 bytes,    9897624 total
[2025-03-20T10:39:31.980+0000][10792][trace][gc,age      ] GC(7) - age   4:    3808808 bytes,   13706432 total
[2025-03-20T10:39:31.980+0000][10792][trace][gc,age      ] GC(7) - age   5:    5211096 bytes,   18917528 total
[2025-03-20T10:39:31.980+0000][10792][info ][gc,heap     ] GC(7) Eden regions: 93->0(96)
[2025-03-20T10:39:31.980+0000][10792][info ][gc,heap     ] GC(7) Survivor regions: 8->6(13)
[2025-03-20T10:39:31.980+0000][10792][info ][gc,heap     ] GC(7) Old regions: 0->4
[2025-03-20T10:39:31.980+0000][10792][info ][gc,heap     ] GC(7) Humongous regions: 0->0
[2025-03-20T10:39:31.980+0000][10792][info ][gc,metaspace] GC(7) Metaspace: 36936K(38080K)->36936K(38080K) NonClass: 32707K(33408K)->32707K(33408K) Class: 4228K(4672K)->4228K(4672K)
[2025-03-20T10:39:31.980+0000][10792][info ][gc          ] GC(7) Pause Young (Normal) (G1 Evacuation Pause) 402M->36M(8148M) 9.130ms
[2025-03-20T10:39:31.980+0000][10792][info ][gc,cpu      ] GC(7) User=0.00s Sys=0.00s Real=0.01s
[2025-03-20T10:39:31.980+0000][10792][info ][safepoint   ] Safepoint "G1CollectForAllocation", Time since last: 3010459000 ns, Reaching safepoint: 2900 ns, At safepoint: 9181600 ns, Total: 9184500 ns
[2025-03-20T10:39:36.056+0000][10792][info ][gc,start    ] GC(8) Pause Young (Normal) (G1 Evacuation Pause)
[2025-03-20T10:39:36.056+0000][10792][info ][gc,task     ] GC(8) Using 18 workers of 18 for evacuation
[2025-03-20T10:39:36.056+0000][10792][debug][gc,age      ] GC(8) Desired survivor size 27262976 bytes, new threshold 15 (max threshold 15)
[2025-03-20T10:39:36.060+0000][10792][info ][gc,phases   ] GC(8)   Pre Evacuate Collection Set: 0.18ms
[2025-03-20T10:39:36.060+0000][10792][info ][gc,phases   ] GC(8)   Merge Heap Roots: 0.08ms
[2025-03-20T10:39:36.060+0000][10792][info ][gc,phases   ] GC(8)   Evacuate Collection Set: 3.29ms
[2025-03-20T10:39:36.060+0000][10792][info ][gc,phases   ] GC(8)   Post Evacuate Collection Set: 0.48ms
[2025-03-20T10:39:36.060+0000][10792][info ][gc,phases   ] GC(8)   Other: 0.09ms
[2025-03-20T10:39:36.060+0000][10792][trace][gc,age      ] GC(8) Age table:
[2025-03-20T10:39:36.060+0000][10792][trace][gc,age      ] GC(8) - age   1:    3931520 bytes,    3931520 total
[2025-03-20T10:39:36.060+0000][10792][trace][gc,age      ] GC(8) - age   2:    3150280 bytes,    7081800 total
[2025-03-20T10:39:36.060+0000][10792][trace][gc,age      ] GC(8) - age   3:    3507160 bytes,   10588960 total
[2025-03-20T10:39:36.060+0000][10792][trace][gc,age      ] GC(8) - age   4:    2637528 bytes,   13226488 total
[2025-03-20T10:39:36.060+0000][10792][trace][gc,age      ] GC(8) - age   5:    3804424 bytes,   17030912 total
[2025-03-20T10:39:36.060+0000][10792][trace][gc,age      ] GC(8) - age   6:    5210192 bytes,   22241104 total
[2025-03-20T10:39:36.060+0000][10792][info ][gc,heap     ] GC(8) Eden regions: 96->0(144)
[2025-03-20T10:39:36.060+0000][10792][info ][gc,heap     ] GC(8) Survivor regions: 6->6(13)
[2025-03-20T10:39:36.060+0000][10792][info ][gc,heap     ] GC(8) Old regions: 4->4
[2025-03-20T10:39:36.060+0000][10792][info ][gc,heap     ] GC(8) Humongous regions: 0->0
[2025-03-20T10:39:36.060+0000][10792][info ][gc,metaspace] GC(8) Metaspace: 39137K(40320K)->39137K(40320K) NonClass: 34621K(35328K)->34621K(35328K) Class: 4515K(4992K)->4515K(4992K)
[2025-03-20T10:39:36.060+0000][10792][info ][gc          ] GC(8) Pause Young (Normal) (G1 Evacuation Pause) 420M->38M(8148M) 4.374ms
[2025-03-20T10:39:36.060+0000][10792][info ][gc,cpu      ] GC(8) User=0.00s Sys=0.00s Real=0.00s
[2025-03-20T10:39:36.060+0000][10792][info ][safepoint   ] Safepoint "G1CollectForAllocation", Time since last: 4076293600 ns, Reaching safepoint: 2700 ns, At safepoint: 4419100 ns, Total: 4421800 ns
[2025-03-20T10:39:40.466+0000][10792][info ][gc,start    ] GC(9) Pause Young (Normal) (G1 Evacuation Pause)
[2025-03-20T10:39:40.466+0000][10792][info ][gc,task     ] GC(9) Using 18 workers of 18 for evacuation
[2025-03-20T10:39:40.466+0000][10792][debug][gc,age      ] GC(9) Desired survivor size 39845888 bytes, new threshold 15 (max threshold 15)
[2025-03-20T10:39:40.470+0000][10792][info ][gc,phases   ] GC(9)   Pre Evacuate Collection Set: 0.17ms
[2025-03-20T10:39:40.470+0000][10792][info ][gc,phases   ] GC(9)   Merge Heap Roots: 0.09ms
[2025-03-20T10:39:40.470+0000][10792][info ][gc,phases   ] GC(9)   Evacuate Collection Set: 3.98ms
[2025-03-20T10:39:40.470+0000][10792][info ][gc,phases   ] GC(9)   Post Evacuate Collection Set: 0.57ms
[2025-03-20T10:39:40.470+0000][10792][info ][gc,phases   ] GC(9)   Other: 0.10ms
[2025-03-20T10:39:40.470+0000][10792][trace][gc,age      ] GC(9) Age table:
[2025-03-20T10:39:40.470+0000][10792][trace][gc,age      ] GC(9) - age   1:    7641992 bytes,    7641992 total
[2025-03-20T10:39:40.470+0000][10792][trace][gc,age      ] GC(9) - age   2:    3857792 bytes,   11499784 total
[2025-03-20T10:39:40.470+0000][10792][trace][gc,age      ] GC(9) - age   3:    3150008 bytes,   14649792 total
[2025-03-20T10:39:40.470+0000][10792][trace][gc,age      ] GC(9) - age   4:    3507160 bytes,   18156952 total
[2025-03-20T10:39:40.470+0000][10792][trace][gc,age      ] GC(9) - age   5:    2635064 bytes,   20792016 total
[2025-03-20T10:39:40.470+0000][10792][trace][gc,age      ] GC(9) - age   6:    3804168 bytes,   24596184 total
[2025-03-20T10:39:40.470+0000][10792][trace][gc,age      ] GC(9) - age   7:    5207552 bytes,   29803736 total
[2025-03-20T10:39:40.470+0000][10792][info ][gc,heap     ] GC(9) Eden regions: 144->0(119)
[2025-03-20T10:39:40.470+0000][10792][info ][gc,heap     ] GC(9) Survivor regions: 6->8(19)
[2025-03-20T10:39:40.470+0000][10792][info ][gc,heap     ] GC(9) Old regions: 4->4
[2025-03-20T10:39:40.470+0000][10792][info ][gc,heap     ] GC(9) Humongous regions: 0->0
[2025-03-20T10:39:40.470+0000][10792][info ][gc,metaspace] GC(9) Metaspace: 39852K(41152K)->39852K(41152K) NonClass: 35242K(36032K)->35242K(36032K) Class: 4610K(5120K)->4610K(5120K)
[2025-03-20T10:39:40.470+0000][10792][info ][gc          ] GC(9) Pause Young (Normal) (G1 Evacuation Pause) 614M->46M(8148M) 5.184ms
[2025-03-20T10:39:40.470+0000][10792][info ][gc,cpu      ] GC(9) User=0.09s Sys=0.00s Real=0.00s
[2025-03-20T10:39:40.470+0000][10792][info ][safepoint   ] Safepoint "G1CollectForAllocation", Time since last: 4405045600 ns, Reaching safepoint: 3200 ns, At safepoint: 5230900 ns, Total: 5234100 ns
[2025-03-20T10:39:42.352+0000][10792][info ][gc,start    ] GC(10) Pause Young (Concurrent Start) (Metadata GC Threshold)
[2025-03-20T10:39:42.352+0000][10792][info ][gc,task     ] GC(10) Using 18 workers of 18 for evacuation
[2025-03-20T10:39:42.352+0000][10792][debug][gc,age      ] GC(10) Desired survivor size 33554432 bytes, new threshold 15 (max threshold 15)
[2025-03-20T10:39:42.360+0000][10792][info ][gc,phases   ] GC(10)   Pre Evacuate Collection Set: 0.22ms
[2025-03-20T10:39:42.360+0000][10792][info ][gc,phases   ] GC(10)   Merge Heap Roots: 0.08ms
[2025-03-20T10:39:42.360+0000][10792][info ][gc,phases   ] GC(10)   Evacuate Collection Set: 6.67ms
[2025-03-20T10:39:42.360+0000][10792][info ][gc,phases   ] GC(10)   Post Evacuate Collection Set: 0.68ms
[2025-03-20T10:39:42.360+0000][10792][info ][gc,phases   ] GC(10)   Other: 0.09ms
[2025-03-20T10:39:42.360+0000][10792][trace][gc,age      ] GC(10) Age table:
[2025-03-20T10:39:42.360+0000][10792][trace][gc,age      ] GC(10) - age   1:    6692208 bytes,    6692208 total
[2025-03-20T10:39:42.360+0000][10792][trace][gc,age      ] GC(10) - age   2:    6795776 bytes,   13487984 total
[2025-03-20T10:39:42.360+0000][10792][trace][gc,age      ] GC(10) - age   3:    3817600 bytes,   17305584 total
[2025-03-20T10:39:42.360+0000][10792][trace][gc,age      ] GC(10) - age   4:    3130280 bytes,   20435864 total
[2025-03-20T10:39:42.360+0000][10792][trace][gc,age      ] GC(10) - age   5:    3490400 bytes,   23926264 total
[2025-03-20T10:39:42.360+0000][10792][trace][gc,age      ] GC(10) - age   6:    2623960 bytes,   26550224 total
[2025-03-20T10:39:42.360+0000][10792][trace][gc,age      ] GC(10) - age   7:    3786032 bytes,   30336256 total
[2025-03-20T10:39:42.360+0000][10792][trace][gc,age      ] GC(10) - age   8:    4999536 bytes,   35335792 total
[2025-03-20T10:39:42.360+0000][10792][info ][gc,heap     ] GC(10) Eden regions: 96->0(154)
[2025-03-20T10:39:42.360+0000][10792][info ][gc,heap     ] GC(10) Survivor regions: 8->10(16)
[2025-03-20T10:39:42.360+0000][10792][info ][gc,heap     ] GC(10) Old regions: 4->4
[2025-03-20T10:39:42.360+0000][10792][info ][gc,heap     ] GC(10) Humongous regions: 0->0
[2025-03-20T10:39:42.360+0000][10792][info ][gc,metaspace] GC(10) Metaspace: 59117K(60608K)->59117K(60608K) NonClass: 51829K(52736K)->51829K(52736K) Class: 7287K(7872K)->7287K(7872K)
[2025-03-20T10:39:42.360+0000][10792][info ][gc          ] GC(10) Pause Young (Concurrent Start) (Metadata GC Threshold) 430M->51M(8148M) 8.018ms
[2025-03-20T10:39:42.360+0000][10792][info ][gc          ] GC(11) Concurrent Mark Cycle
[2025-03-20T10:39:42.360+0000][10792][info ][gc,cpu      ] GC(10) User=0.02s Sys=0.00s Real=0.01s
[2025-03-20T10:39:42.360+0000][10792][info ][gc,marking  ] GC(11) Concurrent Scan Root Regions
[2025-03-20T10:39:42.360+0000][10792][info ][safepoint   ] Safepoint "CollectForMetadataAllocation", Time since last: 1881218100 ns, Reaching safepoint: 2800 ns, At safepoint: 8142500 ns, Total: 8145300 ns
[2025-03-20T10:39:42.363+0000][10792][info ][gc,marking  ] GC(11) Concurrent Scan Root Regions 2.365ms
[2025-03-20T10:39:42.363+0000][10792][info ][gc,marking  ] GC(11) Concurrent Mark
[2025-03-20T10:39:42.363+0000][10792][info ][gc,marking  ] GC(11) Concurrent Mark From Roots
[2025-03-20T10:39:42.363+0000][10792][info ][gc,task     ] GC(11) Using 5 workers of 5 for marking
[2025-03-20T10:39:42.366+0000][10792][info ][gc,marking  ] GC(11) Concurrent Mark From Roots 4.461ms
[2025-03-20T10:39:42.366+0000][10792][info ][gc,marking  ] GC(11) Concurrent Preclean
[2025-03-20T10:39:42.366+0000][10792][info ][gc,marking  ] GC(11) Concurrent Preclean 0.038ms
[2025-03-20T10:39:42.366+0000][10792][info ][gc,start    ] GC(11) Pause Remark
[2025-03-20T10:39:42.369+0000][10792][info ][gc          ] GC(11) Pause Remark 54M->54M(8148M) 2.361ms
[2025-03-20T10:39:42.369+0000][10792][info ][gc,cpu      ] GC(11) User=0.00s Sys=0.00s Real=0.00s
[2025-03-20T10:39:42.369+0000][10792][info ][safepoint   ] Safepoint "G1PauseRemark", Time since last: 6896500 ns, Reaching safepoint: 2500 ns, At safepoint: 2414100 ns, Total: 2416600 ns
[2025-03-20T10:39:42.369+0000][10792][info ][gc,marking  ] GC(11) Concurrent Mark 7.001ms
[2025-03-20T10:39:42.369+0000][10792][info ][gc,marking  ] GC(11) Concurrent Rebuild Remembered Sets and Scrub Regions
[2025-03-20T10:39:42.373+0000][10792][info ][gc,marking  ] GC(11) Concurrent Rebuild Remembered Sets and Scrub Regions 3.321ms
[2025-03-20T10:39:42.373+0000][10792][info ][gc,start    ] GC(11) Pause Cleanup
[2025-03-20T10:39:42.373+0000][10792][info ][gc          ] GC(11) Pause Cleanup 54M->54M(8148M) 0.048ms
[2025-03-20T10:39:42.373+0000][10792][info ][gc,cpu      ] GC(11) User=0.00s Sys=0.00s Real=0.00s
[2025-03-20T10:39:42.373+0000][10792][info ][safepoint   ] Safepoint "G1PauseCleanup", Time since last: 3402500 ns, Reaching safepoint: 2000 ns, At safepoint: 85600 ns, Total: 87600 ns
[2025-03-20T10:39:42.373+0000][10792][info ][gc,marking  ] GC(11) Concurrent Clear Claimed Marks
[2025-03-20T10:39:42.373+0000][10792][info ][gc,marking  ] GC(11) Concurrent Clear Claimed Marks 0.042ms
[2025-03-20T10:39:42.373+0000][10792][info ][gc,marking  ] GC(11) Concurrent Cleanup for Next Mark
[2025-03-20T10:39:42.382+0000][10792][info ][gc,marking  ] GC(11) Concurrent Cleanup for Next Mark 8.455ms
[2025-03-20T10:39:42.382+0000][10792][info ][gc          ] GC(11) Concurrent Mark Cycle 21.480ms
[2025-03-20T10:39:45.073+0000][10792][info ][gc,start    ] GC(12) Pause Young (Prepare Mixed) (G1 Evacuation Pause)
[2025-03-20T10:39:45.073+0000][10792][info ][gc,task     ] GC(12) Using 18 workers of 18 for evacuation
[2025-03-20T10:39:45.073+0000][10792][debug][gc,age      ] GC(12) Desired survivor size 44040192 bytes, new threshold 15 (max threshold 15)
[2025-03-20T10:39:45.086+0000][10792][info ][gc,phases   ] GC(12)   Pre Evacuate Collection Set: 0.19ms
[2025-03-20T10:39:45.086+0000][10792][info ][gc,phases   ] GC(12)   Merge Heap Roots: 0.10ms
[2025-03-20T10:39:45.086+0000][10792][info ][gc,phases   ] GC(12)   Evacuate Collection Set: 11.19ms
[2025-03-20T10:39:45.086+0000][10792][info ][gc,phases   ] GC(12)   Post Evacuate Collection Set: 1.18ms
[2025-03-20T10:39:45.086+0000][10792][info ][gc,phases   ] GC(12)   Other: 0.10ms
[2025-03-20T10:39:45.086+0000][10792][trace][gc,age      ] GC(12) Age table:
[2025-03-20T10:39:45.086+0000][10792][trace][gc,age      ] GC(12) - age   1:   11736368 bytes,   11736368 total
[2025-03-20T10:39:45.086+0000][10792][trace][gc,age      ] GC(12) - age   2:    6243152 bytes,   17979520 total
[2025-03-20T10:39:45.086+0000][10792][trace][gc,age      ] GC(12) - age   3:    6752824 bytes,   24732344 total
[2025-03-20T10:39:45.086+0000][10792][trace][gc,age      ] GC(12) - age   4:    3809432 bytes,   28541776 total
[2025-03-20T10:39:45.086+0000][10792][trace][gc,age      ] GC(12) - age   5:    3126992 bytes,   31668768 total
[2025-03-20T10:39:45.086+0000][10792][trace][gc,age      ] GC(12) - age   6:    3485608 bytes,   35154376 total
[2025-03-20T10:39:45.086+0000][10792][trace][gc,age      ] GC(12) - age   7:    2616096 bytes,   37770472 total
[2025-03-20T10:39:45.086+0000][10792][trace][gc,age      ] GC(12) - age   8:    3772848 bytes,   41543320 total
[2025-03-20T10:39:45.086+0000][10792][trace][gc,age      ] GC(12) - age   9:    4974448 bytes,   46517768 total
[2025-03-20T10:39:45.086+0000][10792][info ][gc,heap     ] GC(12) Eden regions: 154->0(161)
[2025-03-20T10:39:45.086+0000][10792][info ][gc,heap     ] GC(12) Survivor regions: 10->13(21)
[2025-03-20T10:39:45.086+0000][10792][info ][gc,heap     ] GC(12) Old regions: 4->4
[2025-03-20T10:39:45.086+0000][10792][info ][gc,heap     ] GC(12) Humongous regions: 0->0
[2025-03-20T10:39:45.086+0000][10792][info ][gc,metaspace] GC(12) Metaspace: 77947K(79808K)->77947K(79808K) NonClass: 67468K(68608K)->67468K(68608K) Class: 10478K(11200K)->10478K(11200K)
[2025-03-20T10:39:45.086+0000][10792][info ][gc          ] GC(12) Pause Young (Prepare Mixed) (G1 Evacuation Pause) 667M->64M(8148M) 13.109ms
[2025-03-20T10:39:45.086+0000][10792][info ][gc,cpu      ] GC(12) User=0.03s Sys=0.00s Real=0.01s
[2025-03-20T10:39:45.086+0000][10792][info ][safepoint   ] Safepoint "G1CollectForAllocation", Time since last: 2699736800 ns, Reaching safepoint: 3400 ns, At safepoint: 13163200 ns, Total: 13166600 ns
[2025-03-20T10:39:47.236+0000][10792][info ][gc,start    ] GC(13) Pause Young (Mixed) (Metadata GC Threshold)
[2025-03-20T10:39:47.236+0000][10792][info ][gc,task     ] GC(13) Using 18 workers of 18 for evacuation
[2025-03-20T10:39:47.236+0000][10792][debug][gc,age      ] GC(13) Desired survivor size 46137344 bytes, new threshold 9 (max threshold 15)
[2025-03-20T10:39:47.256+0000][10792][info ][gc,phases   ] GC(13)   Pre Evacuate Collection Set: 0.19ms
[2025-03-20T10:39:47.256+0000][10792][info ][gc,phases   ] GC(13)   Merge Heap Roots: 0.12ms
[2025-03-20T10:39:47.256+0000][10792][info ][gc,phases   ] GC(13)   Evacuate Collection Set: 18.54ms
[2025-03-20T10:39:47.256+0000][10792][info ][gc,phases   ] GC(13)   Post Evacuate Collection Set: 1.76ms
[2025-03-20T10:39:47.256+0000][10792][info ][gc,phases   ] GC(13)   Other: 0.12ms
[2025-03-20T10:39:47.256+0000][10792][trace][gc,age      ] GC(13) Age table:
[2025-03-20T10:39:47.256+0000][10792][trace][gc,age      ] GC(13) - age   1:   10442800 bytes,   10442800 total
[2025-03-20T10:39:47.257+0000][10792][trace][gc,age      ] GC(13) - age   2:   11229432 bytes,   21672232 total
[2025-03-20T10:39:47.257+0000][10792][trace][gc,age      ] GC(13) - age   3:    6107752 bytes,   27779984 total
[2025-03-20T10:39:47.257+0000][10792][trace][gc,age      ] GC(13) - age   4:    6743656 bytes,   34523640 total
[2025-03-20T10:39:47.257+0000][10792][trace][gc,age      ] GC(13) - age   5:    3793736 bytes,   38317376 total
[2025-03-20T10:39:47.257+0000][10792][trace][gc,age      ] GC(13) - age   6:    3118968 bytes,   41436344 total
[2025-03-20T10:39:47.257+0000][10792][trace][gc,age      ] GC(13) - age   7:    3474528 bytes,   44910872 total
[2025-03-20T10:39:47.257+0000][10792][trace][gc,age      ] GC(13) - age   8:    2612696 bytes,   47523568 total
[2025-03-20T10:39:47.257+0000][10792][trace][gc,age      ] GC(13) - age   9:    3768904 bytes,   51292472 total
[2025-03-20T10:39:47.257+0000][10792][info ][gc,heap     ] GC(13) Eden regions: 99->0(164)
[2025-03-20T10:39:47.257+0000][10792][info ][gc,heap     ] GC(13) Survivor regions: 13->14(22)
[2025-03-20T10:39:47.257+0000][10792][info ][gc,heap     ] GC(13) Old regions: 4->5
[2025-03-20T10:39:47.257+0000][10792][info ][gc,heap     ] GC(13) Humongous regions: 0->0
[2025-03-20T10:39:47.257+0000][10792][info ][gc,metaspace] GC(13) Metaspace: 99193K(101248K)->99193K(101248K) NonClass: 85667K(86912K)->85667K(86912K) Class: 13525K(14336K)->13525K(14336K)
[2025-03-20T10:39:47.257+0000][10792][info ][gc          ] GC(13) Pause Young (Mixed) (Metadata GC Threshold) 458M->73M(8148M) 21.025ms
[2025-03-20T10:39:47.257+0000][10792][info ][gc,cpu      ] GC(13) User=0.03s Sys=0.00s Real=0.02s
[2025-03-20T10:39:47.257+0000][10792][info ][safepoint   ] Safepoint "CollectForMetadataAllocation", Time since last: 2149993800 ns, Reaching safepoint: 3100 ns, At safepoint: 21122000 ns, Total: 21125100 ns
[2025-03-20T10:39:47.273+0000][10792][info ][gc,start    ] GC(14) Pause Young (Concurrent Start) (Metadata GC Threshold)
[2025-03-20T10:39:47.274+0000][10792][info ][gc,task     ] GC(14) Using 18 workers of 18 for evacuation
[2025-03-20T10:39:47.274+0000][10792][debug][gc,age      ] GC(14) Desired survivor size 48234496 bytes, new threshold 9 (max threshold 15)
[2025-03-20T10:39:47.287+0000][10792][info ][gc,phases   ] GC(14)   Pre Evacuate Collection Set: 0.22ms
[2025-03-20T10:39:47.287+0000][10792][info ][gc,phases   ] GC(14)   Merge Heap Roots: 0.07ms
[2025-03-20T10:39:47.287+0000][10792][info ][gc,phases   ] GC(14)   Evacuate Collection Set: 11.85ms
[2025-03-20T10:39:47.287+0000][10792][info ][gc,phases   ] GC(14)   Post Evacuate Collection Set: 1.09ms
[2025-03-20T10:39:47.287+0000][10792][info ][gc,phases   ] GC(14)   Other: 0.09ms
[2025-03-20T10:39:47.287+0000][10792][trace][gc,age      ] GC(14) Age table:
[2025-03-20T10:39:47.287+0000][10792][trace][gc,age      ] GC(14) - age   1:      67992 bytes,      67992 total
[2025-03-20T10:39:47.287+0000][10792][trace][gc,age      ] GC(14) - age   2:   10209992 bytes,   10277984 total
[2025-03-20T10:39:47.287+0000][10792][trace][gc,age      ] GC(14) - age   3:   11229368 bytes,   21507352 total
[2025-03-20T10:39:47.287+0000][10792][trace][gc,age      ] GC(14) - age   4:    6107048 bytes,   27614400 total
[2025-03-20T10:39:47.288+0000][10792][trace][gc,age      ] GC(14) - age   5:    6743656 bytes,   34358056 total
[2025-03-20T10:39:47.288+0000][10792][trace][gc,age      ] GC(14) - age   6:    3793736 bytes,   38151792 total
[2025-03-20T10:39:47.288+0000][10792][trace][gc,age      ] GC(14) - age   7:    3118968 bytes,   41270760 total
[2025-03-20T10:39:47.288+0000][10792][trace][gc,age      ] GC(14) - age   8:    3474528 bytes,   44745288 total
[2025-03-20T10:39:47.288+0000][10792][trace][gc,age      ] GC(14) - age   9:    2612696 bytes,   47357984 total
[2025-03-20T10:39:47.288+0000][10792][info ][gc,heap     ] GC(14) Eden regions: 1->0(214)
[2025-03-20T10:39:47.288+0000][10792][info ][gc,heap     ] GC(14) Survivor regions: 14->13(23)
[2025-03-20T10:39:47.288+0000][10792][info ][gc,heap     ] GC(14) Old regions: 5->6
[2025-03-20T10:39:47.288+0000][10792][info ][gc,heap     ] GC(14) Humongous regions: 0->0
[2025-03-20T10:39:47.288+0000][10792][info ][gc,metaspace] GC(14) Metaspace: 99431K(101568K)->99431K(101568K) NonClass: 85853K(87104K)->85853K(87104K) Class: 13578K(14464K)->13578K(14464K)
[2025-03-20T10:39:47.288+0000][10792][info ][gc          ] GC(14) Pause Young (Concurrent Start) (Metadata GC Threshold) 76M->74M(8148M) 13.611ms
[2025-03-20T10:39:47.288+0000][10792][info ][gc,cpu      ] GC(14) User=0.02s Sys=0.00s Real=0.02s
[2025-03-20T10:39:47.288+0000][10792][info ][gc          ] GC(15) Concurrent Mark Cycle
[2025-03-20T10:39:47.288+0000][10792][info ][gc,marking  ] GC(15) Concurrent Scan Root Regions
[2025-03-20T10:39:47.288+0000][10792][info ][safepoint   ] Safepoint "CollectForMetadataAllocation", Time since last: 16939800 ns, Reaching safepoint: 3400 ns, At safepoint: 13709300 ns, Total: 13712700 ns
[2025-03-20T10:39:47.291+0000][10792][info ][gc,marking  ] GC(15) Concurrent Scan Root Regions 4.143ms
[2025-03-20T10:39:47.291+0000][10792][info ][gc,marking  ] GC(15) Concurrent Mark
[2025-03-20T10:39:47.291+0000][10792][info ][gc,marking  ] GC(15) Concurrent Mark From Roots
[2025-03-20T10:39:47.291+0000][10792][info ][gc,task     ] GC(15) Using 5 workers of 5 for marking
[2025-03-20T10:39:47.296+0000][10792][info ][gc,marking  ] GC(15) Concurrent Mark From Roots 5.012ms
[2025-03-20T10:39:47.296+0000][10792][info ][gc,marking  ] GC(15) Concurrent Preclean
[2025-03-20T10:39:47.296+0000][10792][info ][gc,marking  ] GC(15) Concurrent Preclean 0.091ms
[2025-03-20T10:39:47.303+0000][10792][info ][gc,start    ] GC(15) Pause Remark
[2025-03-20T10:39:47.305+0000][10792][info ][gc          ] GC(15) Pause Remark 76M->76M(8148M) 2.883ms
[2025-03-20T10:39:47.305+0000][10792][info ][gc,cpu      ] GC(15) User=0.00s Sys=0.00s Real=0.00s
[2025-03-20T10:39:47.305+0000][10792][info ][safepoint   ] Safepoint "G1PauseRemark", Time since last: 9328200 ns, Reaching safepoint: 5747100 ns, At safepoint: 2954500 ns, Total: 8701600 ns
[2025-03-20T10:39:47.305+0000][10792][info ][gc,marking  ] GC(15) Concurrent Mark 13.897ms
[2025-03-20T10:39:47.305+0000][10792][info ][gc,marking  ] GC(15) Concurrent Rebuild Remembered Sets and Scrub Regions
[2025-03-20T10:39:47.309+0000][10792][info ][gc,marking  ] GC(15) Concurrent Rebuild Remembered Sets and Scrub Regions 4.209ms
[2025-03-20T10:39:47.309+0000][10792][info ][gc,start    ] GC(15) Pause Cleanup
[2025-03-20T10:39:47.310+0000][10792][info ][gc          ] GC(15) Pause Cleanup 76M->76M(8148M) 0.047ms
[2025-03-20T10:39:47.310+0000][10792][info ][gc,cpu      ] GC(15) User=0.00s Sys=0.00s Real=0.00s
[2025-03-20T10:39:47.310+0000][10792][info ][safepoint   ] Safepoint "G1PauseCleanup", Time since last: 4300400 ns, Reaching safepoint: 13100 ns, At safepoint: 85700 ns, Total: 98800 ns
[2025-03-20T10:39:47.310+0000][10792][info ][gc,marking  ] GC(15) Concurrent Clear Claimed Marks
[2025-03-20T10:39:47.310+0000][10792][info ][gc,marking  ] GC(15) Concurrent Clear Claimed Marks 0.061ms
[2025-03-20T10:39:47.310+0000][10792][info ][gc,marking  ] GC(15) Concurrent Cleanup for Next Mark
[2025-03-20T10:39:47.321+0000][10792][info ][gc,marking  ] GC(15) Concurrent Cleanup for Next Mark 11.117ms
[2025-03-20T10:39:47.321+0000][10792][info ][gc          ] GC(15) Concurrent Mark Cycle 33.761ms
[2025-03-20T10:45:01.298+0000][10792][info ][gc,start    ] GC(16) Pause Young (Prepare Mixed) (G1 Evacuation Pause)
[2025-03-20T10:45:01.298+0000][10792][info ][gc,task     ] GC(16) Using 18 workers of 18 for evacuation
[2025-03-20T10:45:01.298+0000][10792][debug][gc,age      ] GC(16) Desired survivor size 60817408 bytes, new threshold 15 (max threshold 15)
[2025-03-20T10:45:01.326+0000][10792][info ][gc,phases   ] GC(16)   Pre Evacuate Collection Set: 0.20ms
[2025-03-20T10:45:01.326+0000][10792][info ][gc,phases   ] GC(16)   Merge Heap Roots: 0.12ms
[2025-03-20T10:45:01.326+0000][10792][info ][gc,phases   ] GC(16)   Evacuate Collection Set: 25.29ms
[2025-03-20T10:45:01.326+0000][10792][info ][gc,phases   ] GC(16)   Post Evacuate Collection Set: 2.52ms
[2025-03-20T10:45:01.326+0000][10792][info ][gc,phases   ] GC(16)   Other: 0.11ms
[2025-03-20T10:45:01.326+0000][10792][trace][gc,age      ] GC(16) Age table:
[2025-03-20T10:45:01.326+0000][10792][trace][gc,age      ] GC(16) - age   1:   30920728 bytes,   30920728 total
[2025-03-20T10:45:01.326+0000][10792][trace][gc,age      ] GC(16) - age   2:      62736 bytes,   30983464 total
[2025-03-20T10:45:01.326+0000][10792][trace][gc,age      ] GC(16) - age   3:   10027288 bytes,   41010752 total
[2025-03-20T10:45:01.326+0000][10792][trace][gc,age      ] GC(16) - age   4:   11131592 bytes,   52142344 total
[2025-03-20T10:45:01.326+0000][10792][trace][gc,age      ] GC(16) - age   5:    6077848 bytes,   58220192 total
[2025-03-20T10:45:01.326+0000][10792][trace][gc,age      ] GC(16) - age   6:    6740384 bytes,   64960576 total
[2025-03-20T10:45:01.326+0000][10792][trace][gc,age      ] GC(16) - age   7:    3787880 bytes,   68748456 total
[2025-03-20T10:45:01.326+0000][10792][trace][gc,age      ] GC(16) - age   8:    3115968 bytes,   71864424 total
[2025-03-20T10:45:01.326+0000][10792][trace][gc,age      ] GC(16) - age   9:    3472008 bytes,   75336432 total
[2025-03-20T10:45:01.326+0000][10792][trace][gc,age      ] GC(16) - age  10:    2607736 bytes,   77944168 total
[2025-03-20T10:45:01.327+0000][10792][info ][gc,heap     ] GC(16) Eden regions: 214->0(193)
[2025-03-20T10:45:01.327+0000][10792][info ][gc,heap     ] GC(16) Survivor regions: 13->21(29)
[2025-03-20T10:45:01.327+0000][10792][info ][gc,heap     ] GC(16) Old regions: 6->6
[2025-03-20T10:45:01.327+0000][10792][info ][gc,heap     ] GC(16) Humongous regions: 2->2
[2025-03-20T10:45:01.327+0000][10792][info ][gc,metaspace] GC(16) Metaspace: 144601K(148800K)->144601K(148800K) NonClass: 123807K(126144K)->123807K(126144K) Class: 20794K(22656K)->20794K(22656K)
[2025-03-20T10:45:01.327+0000][10792][info ][gc          ] GC(16) Pause Young (Prepare Mixed) (G1 Evacuation Pause) 938M->113M(8148M) 28.585ms
[2025-03-20T10:45:01.327+0000][10792][info ][gc,cpu      ] GC(16) User=0.03s Sys=0.00s Real=0.03s
[2025-03-20T10:45:01.327+0000][10792][info ][safepoint   ] Safepoint "G1CollectForAllocation", Time since last: 313987899100 ns, Reaching safepoint: 9800 ns, At safepoint: 28662600 ns, Total: 28672400 ns
[2025-03-20T11:02:48.225+0000][10792][info ][gc,start    ] GC(17) Pause Young (Mixed) (G1 Evacuation Pause)
[2025-03-20T11:02:48.225+0000][10792][info ][gc,task     ] GC(17) Using 18 workers of 18 for evacuation
[2025-03-20T11:02:48.225+0000][10792][debug][gc,age      ] GC(17) Desired survivor size 56623104 bytes, new threshold 5 (max threshold 15)
[2025-03-20T11:02:48.254+0000][10792][info ][gc,phases   ] GC(17)   Pre Evacuate Collection Set: 0.29ms
[2025-03-20T11:02:48.254+0000][10792][info ][gc,phases   ] GC(17)   Merge Heap Roots: 0.17ms
[2025-03-20T11:02:48.254+0000][10792][info ][gc,phases   ] GC(17)   Evacuate Collection Set: 25.11ms
[2025-03-20T11:02:48.254+0000][10792][info ][gc,phases   ] GC(17)   Post Evacuate Collection Set: 2.70ms
[2025-03-20T11:02:48.254+0000][10792][info ][gc,phases   ] GC(17)   Other: 0.10ms
[2025-03-20T11:02:48.254+0000][10792][trace][gc,age      ] GC(17) Age table:
[2025-03-20T11:02:48.254+0000][10792][trace][gc,age      ] GC(17) - age   1:     735032 bytes,     735032 total
[2025-03-20T11:02:48.254+0000][10792][trace][gc,age      ] GC(17) - age   2:   29722600 bytes,   30457632 total
[2025-03-20T11:02:48.254+0000][10792][trace][gc,age      ] GC(17) - age   3:      62704 bytes,   30520336 total
[2025-03-20T11:02:48.254+0000][10792][trace][gc,age      ] GC(17) - age   4:    9980472 bytes,   40500808 total
[2025-03-20T11:02:48.254+0000][10792][trace][gc,age      ] GC(17) - age   5:   11131560 bytes,   51632368 total
[2025-03-20T11:02:48.254+0000][10792][info ][gc,heap     ] GC(17) Eden regions: 193->0(228)
[2025-03-20T11:02:48.254+0000][10792][info ][gc,heap     ] GC(17) Survivor regions: 21->15(27)
[2025-03-20T11:02:48.254+0000][10792][info ][gc,heap     ] GC(17) Old regions: 6->13
[2025-03-20T11:02:48.254+0000][10792][info ][gc,heap     ] GC(17) Humongous regions: 2->2
[2025-03-20T11:02:48.254+0000][10792][info ][gc,metaspace] GC(17) Metaspace: 145620K(149952K)->145620K(149952K) NonClass: 124712K(127104K)->124712K(127104K) Class: 20907K(22848K)->20907K(22848K)
[2025-03-20T11:02:48.254+0000][10792][info ][gc          ] GC(17) Pause Young (Mixed) (G1 Evacuation Pause) 885M->113M(8148M) 28.635ms
[2025-03-20T11:02:48.254+0000][10792][info ][gc,cpu      ] GC(17) User=0.05s Sys=0.00s Real=0.03s
[2025-03-20T11:02:48.254+0000][10792][info ][safepoint   ] Safepoint "G1CollectForAllocation", Time since last: 1066898471300 ns, Reaching safepoint: 14700 ns, At safepoint: 28717400 ns, Total: 28732100 ns
[2025-03-20T11:02:50.240+0000][10792][info ][gc,heap,exit] Heap
[2025-03-20T11:02:50.240+0000][10792][info ][gc,heap,exit]  garbage-first heap   total reserved 8343552K, committed 8343552K, used 173274K [0x0000000602c00000, 0x0000000800000000)
[2025-03-20T11:02:50.240+0000][10792][info ][gc,heap,exit]   region size 4096K, 29 young (118784K), 15 survivors (61440K)
[2025-03-20T11:02:50.240+0000][10792][info ][gc,heap,exit]  Metaspace       used 145840K, committed 150080K, reserved 1179648K
[2025-03-20T11:02:50.240+0000][10792][info ][gc,heap,exit]   class space    used 20949K, committed 22848K, reserved 1048576K
