[2025-03-19T11:08:55.065+0000][32000][info][gc,init] CardTable entry size: 512
[2025-03-19T11:08:55.066+0000][32000][info][gc     ] Using G1
[2025-03-19T11:08:57.011+0000][32000][info][gc,init] Version: 23+37-2369 (release)
[2025-03-19T11:08:57.011+0000][32000][info][gc,init] CPUs: 24 total, 24 available
[2025-03-19T11:08:57.011+0000][32000][info][gc,init] Memory: 16296M
[2025-03-19T11:08:57.011+0000][32000][info][gc,init] Large Page Support: Disabled
[2025-03-19T11:08:57.011+0000][32000][info][gc,init] NUMA Support: Disabled
[2025-03-19T11:08:57.011+0000][32000][info][gc,init] Compressed Oops: Enabled (Zero based)
[2025-03-19T11:08:57.011+0000][32000][info][gc,init] Heap Region Size: 4M
[2025-03-19T11:08:57.011+0000][32000][info][gc,init] Heap Min Capacity: 8148M
[2025-03-19T11:08:57.011+0000][32000][info][gc,init] Heap Initial Capacity: 8148M
[2025-03-19T11:08:57.011+0000][32000][info][gc,init] Heap Max Capacity: 8148M
[2025-03-19T11:08:57.011+0000][32000][info][gc,init] Pre-touch: Enabled
[2025-03-19T11:08:57.011+0000][32000][info][gc,init] Parallel Workers: 18
[2025-03-19T11:08:57.011+0000][32000][info][gc,init] Concurrent Workers: 5
[2025-03-19T11:08:57.011+0000][32000][info][gc,init] Concurrent Refinement Workers: 18
[2025-03-19T11:08:57.011+0000][32000][info][gc,init] Periodic GC: Disabled
[2025-03-19T11:08:57.018+0000][32000][info][gc,metaspace] CDS archive(s) mapped at: [0x0000026942000000-0x0000026942d70000-0x0000026942d70000), size 14090240, SharedBaseAddress: 0x0000026942000000, ArchiveRelocationMode: 1.
[2025-03-19T11:08:57.018+0000][32000][info][gc,metaspace] Compressed class space mapped at: 0x0000026943000000-0x0000026983000000, reserved size: 1073741824
[2025-03-19T11:08:57.018+0000][32000][info][gc,metaspace] Narrow klass base: 0x0000026942000000, Narrow klass shift: 0, Narrow klass range: 0x41000000
[2025-03-19T11:08:59.814+0000][32000][info][gc,start    ] GC(0) Pause Young (Concurrent Start) (Metadata GC Threshold)
[2025-03-19T11:08:59.821+0000][32000][info][gc,task     ] GC(0) Using 18 workers of 18 for evacuation
[2025-03-19T11:08:59.821+0000][32000][debug][gc,age      ] GC(0) Desired survivor size 27262976 bytes, new threshold 15 (max threshold 15)
[2025-03-19T11:08:59.829+0000][32000][info ][gc,phases   ] GC(0)   Pre Evacuate Collection Set: 0.42ms
[2025-03-19T11:08:59.829+0000][32000][info ][gc,phases   ] GC(0)   Merge Heap Roots: 0.15ms
[2025-03-19T11:08:59.829+0000][32000][info ][gc,phases   ] GC(0)   Evacuate Collection Set: 5.92ms
[2025-03-19T11:08:59.829+0000][32000][info ][gc,phases   ] GC(0)   Post Evacuate Collection Set: 1.16ms
[2025-03-19T11:08:59.829+0000][32000][info ][gc,phases   ] GC(0)   Other: 6.31ms
[2025-03-19T11:08:59.829+0000][32000][trace][gc,age      ] GC(0) Age table:
[2025-03-19T11:08:59.829+0000][32000][trace][gc,age      ] GC(0) - age   1:   15277912 bytes,   15277912 total
[2025-03-19T11:08:59.829+0000][32000][info ][gc,heap     ] GC(0) Eden regions: 68->0(97)
[2025-03-19T11:08:59.829+0000][32000][info ][gc,heap     ] GC(0) Survivor regions: 0->4(13)
[2025-03-19T11:08:59.829+0000][32000][info ][gc,heap     ] GC(0) Old regions: 0->0
[2025-03-19T11:08:59.829+0000][32000][info ][gc,heap     ] GC(0) Humongous regions: 0->0
[2025-03-19T11:08:59.829+0000][32000][info ][gc,metaspace] GC(0) Metaspace: 20785K(21504K)->20785K(21504K) NonClass: 18463K(18880K)->18463K(18880K) Class: 2321K(2624K)->2321K(2624K)
[2025-03-19T11:08:59.829+0000][32000][info ][gc          ] GC(0) Pause Young (Concurrent Start) (Metadata GC Threshold) 270M->15M(8148M) 14.472ms
[2025-03-19T11:08:59.829+0000][32000][info ][gc          ] GC(1) Concurrent Mark Cycle
[2025-03-19T11:08:59.829+0000][32000][info ][gc,cpu      ] GC(0) User=0.00s Sys=0.00s Real=0.02s
[2025-03-19T11:08:59.829+0000][32000][info ][gc,marking  ] GC(1) Concurrent Scan Root Regions
[2025-03-19T11:08:59.829+0000][32000][info ][safepoint   ] Safepoint "CollectForMetadataAllocation", Time since last: 2793320000 ns, Reaching safepoint: 47900 ns, At safepoint: 14649400 ns, Total: 14697300 ns
[2025-03-19T11:08:59.835+0000][32000][info ][gc,marking  ] GC(1) Concurrent Scan Root Regions 5.723ms
[2025-03-19T11:08:59.835+0000][32000][info ][gc,marking  ] GC(1) Concurrent Mark
[2025-03-19T11:08:59.835+0000][32000][info ][gc,marking  ] GC(1) Concurrent Mark From Roots
[2025-03-19T11:08:59.836+0000][32000][info ][gc,task     ] GC(1) Using 5 workers of 5 for marking
[2025-03-19T11:08:59.837+0000][32000][info ][gc,marking  ] GC(1) Concurrent Mark From Roots 1.855ms
[2025-03-19T11:08:59.837+0000][32000][info ][gc,marking  ] GC(1) Concurrent Preclean
[2025-03-19T11:08:59.837+0000][32000][info ][gc,marking  ] GC(1) Concurrent Preclean 0.026ms
[2025-03-19T11:08:59.837+0000][32000][info ][gc,start    ] GC(1) Pause Remark
[2025-03-19T11:08:59.838+0000][32000][info ][gc          ] GC(1) Pause Remark 20M->20M(8148M) 1.661ms
[2025-03-19T11:08:59.838+0000][32000][info ][gc,cpu      ] GC(1) User=0.00s Sys=0.00s Real=0.00s
[2025-03-19T11:08:59.838+0000][32000][info ][safepoint   ] Safepoint "G1PauseRemark", Time since last: 7728600 ns, Reaching safepoint: 189300 ns, At safepoint: 1720700 ns, Total: 1910000 ns
[2025-03-19T11:08:59.838+0000][32000][info ][gc,marking  ] GC(1) Concurrent Mark 3.909ms
[2025-03-19T11:08:59.838+0000][32000][info ][gc,marking  ] GC(1) Concurrent Rebuild Remembered Sets and Scrub Regions
[2025-03-19T11:08:59.840+0000][32000][info ][gc,marking  ] GC(1) Concurrent Rebuild Remembered Sets and Scrub Regions 0.205ms
[2025-03-19T11:08:59.840+0000][32000][info ][gc,start    ] GC(1) Pause Cleanup
[2025-03-19T11:08:59.840+0000][32000][info ][gc          ] GC(1) Pause Cleanup 20M->20M(8148M) 0.029ms
[2025-03-19T11:08:59.840+0000][32000][info ][gc,cpu      ] GC(1) User=0.00s Sys=0.00s Real=0.00s
[2025-03-19T11:08:59.840+0000][32000][info ][safepoint   ] Safepoint "G1PauseCleanup", Time since last: 297300 ns, Reaching safepoint: 12200 ns, At safepoint: 67000 ns, Total: 79200 ns
[2025-03-19T11:08:59.840+0000][32000][info ][gc,marking  ] GC(1) Concurrent Clear Claimed Marks
[2025-03-19T11:08:59.840+0000][32000][info ][gc,marking  ] GC(1) Concurrent Clear Claimed Marks 0.022ms
[2025-03-19T11:08:59.840+0000][32000][info ][gc,marking  ] GC(1) Concurrent Cleanup for Next Mark
[2025-03-19T11:08:59.849+0000][32000][info ][gc,marking  ] GC(1) Concurrent Cleanup for Next Mark 9.939ms
[2025-03-19T11:08:59.849+0000][32000][info ][gc          ] GC(1) Concurrent Mark Cycle 20.201ms
[2025-03-19T11:09:00.802+0000][32000][info ][gc,start    ] GC(2) Pause Young (Normal) (G1 Evacuation Pause)
[2025-03-19T11:09:00.802+0000][32000][info ][gc,task     ] GC(2) Using 18 workers of 18 for evacuation
[2025-03-19T11:09:00.802+0000][32000][debug][gc,age      ] GC(2) Desired survivor size 27262976 bytes, new threshold 15 (max threshold 15)
[2025-03-19T11:09:00.810+0000][32000][info ][gc,phases   ] GC(2)   Pre Evacuate Collection Set: 0.17ms
[2025-03-19T11:09:00.810+0000][32000][info ][gc,phases   ] GC(2)   Merge Heap Roots: 0.07ms
[2025-03-19T11:09:00.810+0000][32000][info ][gc,phases   ] GC(2)   Evacuate Collection Set: 6.28ms
[2025-03-19T11:09:00.810+0000][32000][info ][gc,phases   ] GC(2)   Post Evacuate Collection Set: 0.78ms
[2025-03-19T11:09:00.810+0000][32000][info ][gc,phases   ] GC(2)   Other: 0.09ms
[2025-03-19T11:09:00.810+0000][32000][trace][gc,age      ] GC(2) Age table:
[2025-03-19T11:09:00.810+0000][32000][trace][gc,age      ] GC(2) - age   1:    5563192 bytes,    5563192 total
[2025-03-19T11:09:00.810+0000][32000][trace][gc,age      ] GC(2) - age   2:   14337784 bytes,   19900976 total
[2025-03-19T11:09:00.810+0000][32000][info ][gc,heap     ] GC(2) Eden regions: 97->0(95)
[2025-03-19T11:09:00.810+0000][32000][info ][gc,heap     ] GC(2) Survivor regions: 4->6(13)
[2025-03-19T11:09:00.810+0000][32000][info ][gc,heap     ] GC(2) Old regions: 0->0
[2025-03-19T11:09:00.810+0000][32000][info ][gc,heap     ] GC(2) Humongous regions: 0->0
[2025-03-19T11:09:00.810+0000][32000][info ][gc,metaspace] GC(2) Metaspace: 28803K(29760K)->28803K(29760K) NonClass: 25587K(26112K)->25587K(26112K) Class: 3215K(3648K)->3215K(3648K)
[2025-03-19T11:09:00.810+0000][32000][info ][gc          ] GC(2) Pause Young (Normal) (G1 Evacuation Pause) 403M->21M(8148M) 7.644ms
[2025-03-19T11:09:00.810+0000][32000][info ][gc,cpu      ] GC(2) User=0.00s Sys=0.00s Real=0.01s
[2025-03-19T11:09:00.810+0000][32000][info ][safepoint   ] Safepoint "G1CollectForAllocation", Time since last: 962833900 ns, Reaching safepoint: 2500 ns, At safepoint: 7696600 ns, Total: 7699100 ns
[2025-03-19T11:09:01.224+0000][32000][info ][gc,start    ] GC(3) Pause Young (Normal) (G1 Evacuation Pause)
[2025-03-19T11:09:01.224+0000][32000][info ][gc,task     ] GC(3) Using 18 workers of 18 for evacuation
[2025-03-19T11:09:01.224+0000][32000][debug][gc,age      ] GC(3) Desired survivor size 27262976 bytes, new threshold 15 (max threshold 15)
[2025-03-19T11:09:01.232+0000][32000][info ][gc,phases   ] GC(3)   Pre Evacuate Collection Set: 0.16ms
[2025-03-19T11:09:01.232+0000][32000][info ][gc,phases   ] GC(3)   Merge Heap Roots: 0.08ms
[2025-03-19T11:09:01.233+0000][32000][info ][gc,phases   ] GC(3)   Evacuate Collection Set: 7.16ms
[2025-03-19T11:09:01.233+0000][32000][info ][gc,phases   ] GC(3)   Post Evacuate Collection Set: 0.84ms
[2025-03-19T11:09:01.233+0000][32000][info ][gc,phases   ] GC(3)   Other: 0.08ms
[2025-03-19T11:09:01.233+0000][32000][trace][gc,age      ] GC(3) Age table:
[2025-03-19T11:09:01.233+0000][32000][trace][gc,age      ] GC(3) - age   1:    4772040 bytes,    4772040 total
[2025-03-19T11:09:01.233+0000][32000][trace][gc,age      ] GC(3) - age   2:    5542072 bytes,   10314112 total
[2025-03-19T11:09:01.233+0000][32000][trace][gc,age      ] GC(3) - age   3:   14335448 bytes,   24649560 total
[2025-03-19T11:09:01.233+0000][32000][info ][gc,heap     ] GC(3) Eden regions: 95->0(94)
[2025-03-19T11:09:01.233+0000][32000][info ][gc,heap     ] GC(3) Survivor regions: 6->7(13)
[2025-03-19T11:09:01.233+0000][32000][info ][gc,heap     ] GC(3) Old regions: 0->0
[2025-03-19T11:09:01.233+0000][32000][info ][gc,heap     ] GC(3) Humongous regions: 0->0
[2025-03-19T11:09:01.233+0000][32000][info ][gc,metaspace] GC(3) Metaspace: 30214K(31168K)->30214K(31168K) NonClass: 26789K(27328K)->26789K(27328K) Class: 3425K(3840K)->3425K(3840K)
[2025-03-19T11:09:01.233+0000][32000][info ][gc          ] GC(3) Pause Young (Normal) (G1 Evacuation Pause) 401M->26M(8148M) 8.551ms
[2025-03-19T11:09:01.233+0000][32000][info ][gc,cpu      ] GC(3) User=0.00s Sys=0.00s Real=0.01s
[2025-03-19T11:09:01.233+0000][32000][info ][safepoint   ] Safepoint "G1CollectForAllocation", Time since last: 414113700 ns, Reaching safepoint: 3000 ns, At safepoint: 8601900 ns, Total: 8604900 ns
[2025-03-19T11:09:01.525+0000][32000][info ][gc,start    ] GC(4) Pause Young (Normal) (G1 Evacuation Pause)
[2025-03-19T11:09:01.525+0000][32000][info ][gc,task     ] GC(4) Using 18 workers of 18 for evacuation
[2025-03-19T11:09:01.525+0000][32000][debug][gc,age      ] GC(4) Desired survivor size 27262976 bytes, new threshold 15 (max threshold 15)
[2025-03-19T11:09:01.533+0000][32000][info ][gc,phases   ] GC(4)   Pre Evacuate Collection Set: 0.18ms
[2025-03-19T11:09:01.533+0000][32000][info ][gc,phases   ] GC(4)   Merge Heap Roots: 0.08ms
[2025-03-19T11:09:01.533+0000][32000][info ][gc,phases   ] GC(4)   Evacuate Collection Set: 7.43ms
[2025-03-19T11:09:01.533+0000][32000][info ][gc,phases   ] GC(4)   Post Evacuate Collection Set: 0.81ms
[2025-03-19T11:09:01.533+0000][32000][info ][gc,phases   ] GC(4)   Other: 0.09ms
[2025-03-19T11:09:01.533+0000][32000][trace][gc,age      ] GC(4) Age table:
[2025-03-19T11:09:01.533+0000][32000][trace][gc,age      ] GC(4) - age   1:    2608064 bytes,    2608064 total
[2025-03-19T11:09:01.534+0000][32000][trace][gc,age      ] GC(4) - age   2:    3475776 bytes,    6083840 total
[2025-03-19T11:09:01.534+0000][32000][trace][gc,age      ] GC(4) - age   3:    5541536 bytes,   11625376 total
[2025-03-19T11:09:01.534+0000][32000][trace][gc,age      ] GC(4) - age   4:   14335448 bytes,   25960824 total
[2025-03-19T11:09:01.534+0000][32000][info ][gc,heap     ] GC(4) Eden regions: 94->0(94)
[2025-03-19T11:09:01.534+0000][32000][info ][gc,heap     ] GC(4) Survivor regions: 7->7(13)
[2025-03-19T11:09:01.534+0000][32000][info ][gc,heap     ] GC(4) Old regions: 0->0
[2025-03-19T11:09:01.534+0000][32000][info ][gc,heap     ] GC(4) Humongous regions: 0->0
[2025-03-19T11:09:01.534+0000][32000][info ][gc,metaspace] GC(4) Metaspace: 30657K(31680K)->30657K(31680K) NonClass: 27167K(27776K)->27167K(27776K) Class: 3489K(3904K)->3489K(3904K)
[2025-03-19T11:09:01.534+0000][32000][info ][gc          ] GC(4) Pause Young (Normal) (G1 Evacuation Pause) 402M->27M(8148M) 8.876ms
[2025-03-19T11:09:01.534+0000][32000][info ][gc,cpu      ] GC(4) User=0.02s Sys=0.00s Real=0.01s
[2025-03-19T11:09:01.534+0000][32000][info ][safepoint   ] Safepoint "G1CollectForAllocation", Time since last: 292422500 ns, Reaching safepoint: 4200 ns, At safepoint: 8932500 ns, Total: 8936700 ns
[2025-03-19T11:09:01.898+0000][32000][info ][gc,start    ] GC(5) Pause Young (Concurrent Start) (Metadata GC Threshold)
[2025-03-19T11:09:01.898+0000][32000][info ][gc,task     ] GC(5) Using 18 workers of 18 for evacuation
[2025-03-19T11:09:01.898+0000][32000][debug][gc,age      ] GC(5) Desired survivor size 27262976 bytes, new threshold 15 (max threshold 15)
[2025-03-19T11:09:01.906+0000][32000][info ][gc,phases   ] GC(5)   Pre Evacuate Collection Set: 0.22ms
[2025-03-19T11:09:01.906+0000][32000][info ][gc,phases   ] GC(5)   Merge Heap Roots: 0.07ms
[2025-03-19T11:09:01.906+0000][32000][info ][gc,phases   ] GC(5)   Evacuate Collection Set: 7.78ms
[2025-03-19T11:09:01.906+0000][32000][info ][gc,phases   ] GC(5)   Post Evacuate Collection Set: 0.85ms
[2025-03-19T11:09:01.906+0000][32000][info ][gc,phases   ] GC(5)   Other: 0.09ms
[2025-03-19T11:09:01.906+0000][32000][trace][gc,age      ] GC(5) Age table:
[2025-03-19T11:09:01.906+0000][32000][trace][gc,age      ] GC(5) - age   1:    3560760 bytes,    3560760 total
[2025-03-19T11:09:01.906+0000][32000][trace][gc,age      ] GC(5) - age   2:    2604264 bytes,    6165024 total
[2025-03-19T11:09:01.907+0000][32000][trace][gc,age      ] GC(5) - age   3:    3472848 bytes,    9637872 total
[2025-03-19T11:09:01.907+0000][32000][trace][gc,age      ] GC(5) - age   4:    5540000 bytes,   15177872 total
[2025-03-19T11:09:01.907+0000][32000][trace][gc,age      ] GC(5) - age   5:   14334776 bytes,   29512648 total
[2025-03-19T11:09:01.907+0000][32000][info ][gc,heap     ] GC(5) Eden regions: 50->0(93)
[2025-03-19T11:09:01.907+0000][32000][info ][gc,heap     ] GC(5) Survivor regions: 7->8(13)
[2025-03-19T11:09:01.907+0000][32000][info ][gc,heap     ] GC(5) Old regions: 0->0
[2025-03-19T11:09:01.907+0000][32000][info ][gc,heap     ] GC(5) Humongous regions: 0->0
[2025-03-19T11:09:01.907+0000][32000][info ][gc,metaspace] GC(5) Metaspace: 35134K(36160K)->35134K(36160K) NonClass: 31174K(31744K)->31174K(31744K) Class: 3960K(4416K)->3960K(4416K)
[2025-03-19T11:09:01.907+0000][32000][info ][gc          ] GC(5) Pause Young (Concurrent Start) (Metadata GC Threshold) 225M->31M(8148M) 9.339ms
[2025-03-19T11:09:01.907+0000][32000][info ][gc,cpu      ] GC(5) User=0.02s Sys=0.00s Real=0.01s
[2025-03-19T11:09:01.907+0000][32000][info ][gc          ] GC(6) Concurrent Mark Cycle
[2025-03-19T11:09:01.907+0000][32000][info ][safepoint   ] Safepoint "CollectForMetadataAllocation", Time since last: 363738100 ns, Reaching safepoint: 3200 ns, At safepoint: 9426200 ns, Total: 9429400 ns
[2025-03-19T11:09:01.907+0000][32000][info ][gc,marking  ] GC(6) Concurrent Scan Root Regions
[2025-03-19T11:09:01.908+0000][32000][info ][gc,marking  ] GC(6) Concurrent Scan Root Regions 1.852ms
[2025-03-19T11:09:01.908+0000][32000][info ][gc,marking  ] GC(6) Concurrent Mark
[2025-03-19T11:09:01.908+0000][32000][info ][gc,marking  ] GC(6) Concurrent Mark From Roots
[2025-03-19T11:09:01.909+0000][32000][info ][gc,task     ] GC(6) Using 5 workers of 5 for marking
[2025-03-19T11:09:01.909+0000][32000][info ][gc,marking  ] GC(6) Concurrent Mark From Roots 0.330ms
[2025-03-19T11:09:01.909+0000][32000][info ][gc,marking  ] GC(6) Concurrent Preclean
[2025-03-19T11:09:01.909+0000][32000][info ][gc,marking  ] GC(6) Concurrent Preclean 0.060ms
[2025-03-19T11:09:01.909+0000][32000][info ][gc,start    ] GC(6) Pause Remark
[2025-03-19T11:09:01.912+0000][32000][info ][gc          ] GC(6) Pause Remark 33M->33M(8148M) 2.461ms
[2025-03-19T11:09:01.912+0000][32000][info ][gc,cpu      ] GC(6) User=0.00s Sys=0.00s Real=0.00s
[2025-03-19T11:09:01.912+0000][32000][info ][safepoint   ] Safepoint "G1PauseRemark", Time since last: 2349000 ns, Reaching safepoint: 13100 ns, At safepoint: 2511300 ns, Total: 2524400 ns
[2025-03-19T11:09:01.912+0000][32000][info ][gc,marking  ] GC(6) Concurrent Mark 2.996ms
[2025-03-19T11:09:01.912+0000][32000][info ][gc,marking  ] GC(6) Concurrent Rebuild Remembered Sets and Scrub Regions
[2025-03-19T11:09:01.912+0000][32000][info ][gc,marking  ] GC(6) Concurrent Rebuild Remembered Sets and Scrub Regions 0.059ms
[2025-03-19T11:09:01.912+0000][32000][info ][gc,start    ] GC(6) Pause Cleanup
[2025-03-19T11:09:01.912+0000][32000][info ][gc          ] GC(6) Pause Cleanup 33M->33M(8148M) 0.020ms
[2025-03-19T11:09:01.912+0000][32000][info ][gc,cpu      ] GC(6) User=0.00s Sys=0.00s Real=0.00s
[2025-03-19T11:09:01.912+0000][32000][info ][safepoint   ] Safepoint "G1PauseCleanup", Time since last: 130900 ns, Reaching safepoint: 1600 ns, At safepoint: 50000 ns, Total: 51600 ns
[2025-03-19T11:09:01.912+0000][32000][info ][gc,marking  ] GC(6) Concurrent Clear Claimed Marks
[2025-03-19T11:09:01.912+0000][32000][info ][gc,marking  ] GC(6) Concurrent Clear Claimed Marks 0.029ms
[2025-03-19T11:09:01.912+0000][32000][info ][gc,marking  ] GC(6) Concurrent Cleanup for Next Mark
[2025-03-19T11:09:01.921+0000][32000][info ][gc,marking  ] GC(6) Concurrent Cleanup for Next Mark 8.783ms
[2025-03-19T11:09:01.921+0000][32000][info ][gc          ] GC(6) Concurrent Mark Cycle 14.049ms
[2025-03-19T11:09:03.337+0000][32000][info ][gc,start    ] GC(7) Pause Young (Normal) (G1 Evacuation Pause)
[2025-03-19T11:09:03.337+0000][32000][info ][gc,task     ] GC(7) Using 18 workers of 18 for evacuation
[2025-03-19T11:09:03.337+0000][32000][debug][gc,age      ] GC(7) Desired survivor size 27262976 bytes, new threshold 5 (max threshold 15)
[2025-03-19T11:09:03.346+0000][32000][info ][gc,phases   ] GC(7)   Pre Evacuate Collection Set: 0.17ms
[2025-03-19T11:09:03.346+0000][32000][info ][gc,phases   ] GC(7)   Merge Heap Roots: 0.08ms
[2025-03-19T11:09:03.346+0000][32000][info ][gc,phases   ] GC(7)   Evacuate Collection Set: 8.16ms
[2025-03-19T11:09:03.346+0000][32000][info ][gc,phases   ] GC(7)   Post Evacuate Collection Set: 1.05ms
[2025-03-19T11:09:03.346+0000][32000][info ][gc,phases   ] GC(7)   Other: 0.11ms
[2025-03-19T11:09:03.346+0000][32000][trace][gc,age      ] GC(7) Age table:
[2025-03-19T11:09:03.346+0000][32000][trace][gc,age      ] GC(7) - age   1:    3887720 bytes,    3887720 total
[2025-03-19T11:09:03.346+0000][32000][trace][gc,age      ] GC(7) - age   2:    3542192 bytes,    7429912 total
[2025-03-19T11:09:03.346+0000][32000][trace][gc,age      ] GC(7) - age   3:    2604136 bytes,   10034048 total
[2025-03-19T11:09:03.346+0000][32000][trace][gc,age      ] GC(7) - age   4:    3471760 bytes,   13505808 total
[2025-03-19T11:09:03.346+0000][32000][trace][gc,age      ] GC(7) - age   5:    5540000 bytes,   19045808 total
[2025-03-19T11:09:03.346+0000][32000][info ][gc,heap     ] GC(7) Eden regions: 93->0(96)
[2025-03-19T11:09:03.346+0000][32000][info ][gc,heap     ] GC(7) Survivor regions: 8->6(13)
[2025-03-19T11:09:03.346+0000][32000][info ][gc,heap     ] GC(7) Old regions: 0->4
[2025-03-19T11:09:03.346+0000][32000][info ][gc,heap     ] GC(7) Humongous regions: 0->0
[2025-03-19T11:09:03.346+0000][32000][info ][gc,metaspace] GC(7) Metaspace: 36855K(38016K)->36855K(38016K) NonClass: 32638K(33344K)->32638K(33344K) Class: 4216K(4672K)->4216K(4672K)
[2025-03-19T11:09:03.346+0000][32000][info ][gc          ] GC(7) Pause Young (Normal) (G1 Evacuation Pause) 403M->35M(8148M) 9.863ms
[2025-03-19T11:09:03.346+0000][32000][info ][gc,cpu      ] GC(7) User=0.00s Sys=0.00s Real=0.01s
[2025-03-19T11:09:03.346+0000][32000][info ][safepoint   ] Safepoint "G1CollectForAllocation", Time since last: 1424149800 ns, Reaching safepoint: 9300 ns, At safepoint: 9922600 ns, Total: 9931900 ns
[2025-03-19T11:09:07.691+0000][32000][info ][gc,start    ] GC(8) Pause Young (Normal) (G1 Evacuation Pause)
[2025-03-19T11:09:07.691+0000][32000][info ][gc,task     ] GC(8) Using 18 workers of 18 for evacuation
[2025-03-19T11:09:07.691+0000][32000][debug][gc,age      ] GC(8) Desired survivor size 27262976 bytes, new threshold 15 (max threshold 15)
[2025-03-19T11:09:07.695+0000][32000][info ][gc,phases   ] GC(8)   Pre Evacuate Collection Set: 0.17ms
[2025-03-19T11:09:07.696+0000][32000][info ][gc,phases   ] GC(8)   Merge Heap Roots: 0.09ms
[2025-03-19T11:09:07.696+0000][32000][info ][gc,phases   ] GC(8)   Evacuate Collection Set: 3.63ms
[2025-03-19T11:09:07.696+0000][32000][info ][gc,phases   ] GC(8)   Post Evacuate Collection Set: 0.52ms
[2025-03-19T11:09:07.696+0000][32000][info ][gc,phases   ] GC(8)   Other: 0.09ms
[2025-03-19T11:09:07.696+0000][32000][trace][gc,age      ] GC(8) Age table:
[2025-03-19T11:09:07.696+0000][32000][trace][gc,age      ] GC(8) - age   1:    3888080 bytes,    3888080 total
[2025-03-19T11:09:07.696+0000][32000][trace][gc,age      ] GC(8) - age   2:    3149640 bytes,    7037720 total
[2025-03-19T11:09:07.696+0000][32000][trace][gc,age      ] GC(8) - age   3:    3542096 bytes,   10579816 total
[2025-03-19T11:09:07.696+0000][32000][trace][gc,age      ] GC(8) - age   4:    2603376 bytes,   13183192 total
[2025-03-19T11:09:07.696+0000][32000][trace][gc,age      ] GC(8) - age   5:    3467408 bytes,   16650600 total
[2025-03-19T11:09:07.696+0000][32000][trace][gc,age      ] GC(8) - age   6:    5538936 bytes,   22189536 total
[2025-03-19T11:09:07.696+0000][32000][info ][gc,heap     ] GC(8) Eden regions: 96->0(145)
[2025-03-19T11:09:07.696+0000][32000][info ][gc,heap     ] GC(8) Survivor regions: 6->6(13)
[2025-03-19T11:09:07.696+0000][32000][info ][gc,heap     ] GC(8) Old regions: 4->4
[2025-03-19T11:09:07.696+0000][32000][info ][gc,heap     ] GC(8) Humongous regions: 0->0
[2025-03-19T11:09:07.696+0000][32000][info ][gc,metaspace] GC(8) Metaspace: 39049K(40192K)->39049K(40192K) NonClass: 34548K(35200K)->34548K(35200K) Class: 4500K(4992K)->4500K(4992K)
[2025-03-19T11:09:07.696+0000][32000][info ][gc          ] GC(8) Pause Young (Normal) (G1 Evacuation Pause) 419M->37M(8148M) 4.776ms
[2025-03-19T11:09:07.696+0000][32000][info ][gc,cpu      ] GC(8) User=0.00s Sys=0.00s Real=0.01s
[2025-03-19T11:09:07.696+0000][32000][info ][safepoint   ] Safepoint "G1CollectForAllocation", Time since last: 4344641100 ns, Reaching safepoint: 3300 ns, At safepoint: 4823200 ns, Total: 4826500 ns
[2025-03-19T11:09:11.959+0000][32000][info ][gc,start    ] GC(9) Pause Young (Normal) (G1 Evacuation Pause)
[2025-03-19T11:09:11.959+0000][32000][info ][gc,task     ] GC(9) Using 18 workers of 18 for evacuation
[2025-03-19T11:09:11.959+0000][32000][debug][gc,age      ] GC(9) Desired survivor size 39845888 bytes, new threshold 15 (max threshold 15)
[2025-03-19T11:09:11.964+0000][32000][info ][gc,phases   ] GC(9)   Pre Evacuate Collection Set: 0.16ms
[2025-03-19T11:09:11.964+0000][32000][info ][gc,phases   ] GC(9)   Merge Heap Roots: 0.09ms
[2025-03-19T11:09:11.964+0000][32000][info ][gc,phases   ] GC(9)   Evacuate Collection Set: 3.89ms
[2025-03-19T11:09:11.964+0000][32000][info ][gc,phases   ] GC(9)   Post Evacuate Collection Set: 0.58ms
[2025-03-19T11:09:11.964+0000][32000][info ][gc,phases   ] GC(9)   Other: 0.11ms
[2025-03-19T11:09:11.964+0000][32000][trace][gc,age      ] GC(9) Age table:
[2025-03-19T11:09:11.964+0000][32000][trace][gc,age      ] GC(9) - age   1:    7017776 bytes,    7017776 total
[2025-03-19T11:09:11.964+0000][32000][trace][gc,age      ] GC(9) - age   2:    3849920 bytes,   10867696 total
[2025-03-19T11:09:11.964+0000][32000][trace][gc,age      ] GC(9) - age   3:    3149368 bytes,   14017064 total
[2025-03-19T11:09:11.964+0000][32000][trace][gc,age      ] GC(9) - age   4:    3542064 bytes,   17559128 total
[2025-03-19T11:09:11.964+0000][32000][trace][gc,age      ] GC(9) - age   5:    2600976 bytes,   20160104 total
[2025-03-19T11:09:11.964+0000][32000][trace][gc,age      ] GC(9) - age   6:    3467184 bytes,   23627288 total
[2025-03-19T11:09:11.964+0000][32000][trace][gc,age      ] GC(9) - age   7:    5536296 bytes,   29163584 total
[2025-03-19T11:09:11.964+0000][32000][info ][gc,heap     ] GC(9) Eden regions: 145->0(118)
[2025-03-19T11:09:11.964+0000][32000][info ][gc,heap     ] GC(9) Survivor regions: 6->8(19)
[2025-03-19T11:09:11.964+0000][32000][info ][gc,heap     ] GC(9) Old regions: 4->4
[2025-03-19T11:09:11.964+0000][32000][info ][gc,heap     ] GC(9) Humongous regions: 0->0
[2025-03-19T11:09:11.964+0000][32000][info ][gc,metaspace] GC(9) Metaspace: 39765K(40960K)->39765K(40960K) NonClass: 35170K(35904K)->35170K(35904K) Class: 4595K(5056K)->4595K(5056K)
[2025-03-19T11:09:11.964+0000][32000][info ][gc          ] GC(9) Pause Young (Normal) (G1 Evacuation Pause) 617M->45M(8148M) 5.102ms
[2025-03-19T11:09:11.964+0000][32000][info ][gc,cpu      ] GC(9) User=0.00s Sys=0.00s Real=0.00s
[2025-03-19T11:09:11.964+0000][32000][info ][safepoint   ] Safepoint "G1CollectForAllocation", Time since last: 4263202900 ns, Reaching safepoint: 3500 ns, At safepoint: 5157500 ns, Total: 5161000 ns
[2025-03-19T11:09:13.869+0000][32000][info ][gc,start    ] GC(10) Pause Young (Concurrent Start) (Metadata GC Threshold)
[2025-03-19T11:09:13.869+0000][32000][info ][gc,task     ] GC(10) Using 18 workers of 18 for evacuation
[2025-03-19T11:09:13.869+0000][32000][debug][gc,age      ] GC(10) Desired survivor size 33554432 bytes, new threshold 15 (max threshold 15)
[2025-03-19T11:09:13.876+0000][32000][info ][gc,phases   ] GC(10)   Pre Evacuate Collection Set: 0.22ms
[2025-03-19T11:09:13.876+0000][32000][info ][gc,phases   ] GC(10)   Merge Heap Roots: 0.09ms
[2025-03-19T11:09:13.876+0000][32000][info ][gc,phases   ] GC(10)   Evacuate Collection Set: 6.43ms
[2025-03-19T11:09:13.876+0000][32000][info ][gc,phases   ] GC(10)   Post Evacuate Collection Set: 0.68ms
[2025-03-19T11:09:13.876+0000][32000][info ][gc,phases   ] GC(10)   Other: 0.09ms
[2025-03-19T11:09:13.876+0000][32000][trace][gc,age      ] GC(10) Age table:
[2025-03-19T11:09:13.876+0000][32000][trace][gc,age      ] GC(10) - age   1:    6680328 bytes,    6680328 total
[2025-03-19T11:09:13.876+0000][32000][trace][gc,age      ] GC(10) - age   2:    6804632 bytes,   13484960 total
[2025-03-19T11:09:13.876+0000][32000][trace][gc,age      ] GC(10) - age   3:    3809752 bytes,   17294712 total
[2025-03-19T11:09:13.876+0000][32000][trace][gc,age      ] GC(10) - age   4:    3129704 bytes,   20424416 total
[2025-03-19T11:09:13.876+0000][32000][trace][gc,age      ] GC(10) - age   5:    3525304 bytes,   23949720 total
[2025-03-19T11:09:13.876+0000][32000][trace][gc,age      ] GC(10) - age   6:    2589808 bytes,   26539528 total
[2025-03-19T11:09:13.876+0000][32000][trace][gc,age      ] GC(10) - age   7:    3449008 bytes,   29988536 total
[2025-03-19T11:09:13.876+0000][32000][trace][gc,age      ] GC(10) - age   8:    5328344 bytes,   35316880 total
[2025-03-19T11:09:13.876+0000][32000][info ][gc,heap     ] GC(10) Eden regions: 97->0(153)
[2025-03-19T11:09:13.876+0000][32000][info ][gc,heap     ] GC(10) Survivor regions: 8->10(16)
[2025-03-19T11:09:13.876+0000][32000][info ][gc,heap     ] GC(10) Old regions: 4->4
[2025-03-19T11:09:13.876+0000][32000][info ][gc,heap     ] GC(10) Humongous regions: 0->0
[2025-03-19T11:09:13.876+0000][32000][info ][gc,metaspace] GC(10) Metaspace: 59002K(60480K)->59002K(60480K) NonClass: 51739K(52608K)->51739K(52608K) Class: 7263K(7872K)->7263K(7872K)
[2025-03-19T11:09:13.876+0000][32000][info ][gc          ] GC(10) Pause Young (Concurrent Start) (Metadata GC Threshold) 431M->52M(8148M) 7.800ms
[2025-03-19T11:09:13.876+0000][32000][info ][gc          ] GC(11) Concurrent Mark Cycle
[2025-03-19T11:09:13.876+0000][32000][info ][gc,cpu      ] GC(10) User=0.02s Sys=0.00s Real=0.01s
[2025-03-19T11:09:13.876+0000][32000][info ][gc,marking  ] GC(11) Concurrent Scan Root Regions
[2025-03-19T11:09:13.876+0000][32000][info ][safepoint   ] Safepoint "CollectForMetadataAllocation", Time since last: 1904155200 ns, Reaching safepoint: 2500 ns, At safepoint: 7918700 ns, Total: 7921200 ns
[2025-03-19T11:09:13.878+0000][32000][info ][gc,marking  ] GC(11) Concurrent Scan Root Regions 2.073ms
[2025-03-19T11:09:13.878+0000][32000][info ][gc,marking  ] GC(11) Concurrent Mark
[2025-03-19T11:09:13.878+0000][32000][info ][gc,marking  ] GC(11) Concurrent Mark From Roots
[2025-03-19T11:09:13.878+0000][32000][info ][gc,task     ] GC(11) Using 5 workers of 5 for marking
[2025-03-19T11:09:13.883+0000][32000][info ][gc,marking  ] GC(11) Concurrent Mark From Roots 4.912ms
[2025-03-19T11:09:13.883+0000][32000][info ][gc,marking  ] GC(11) Concurrent Preclean
[2025-03-19T11:09:13.883+0000][32000][info ][gc,marking  ] GC(11) Concurrent Preclean 0.060ms
[2025-03-19T11:09:13.883+0000][32000][info ][gc,start    ] GC(11) Pause Remark
[2025-03-19T11:09:13.886+0000][32000][info ][gc          ] GC(11) Pause Remark 55M->55M(8148M) 2.352ms
[2025-03-19T11:09:13.886+0000][32000][info ][gc,cpu      ] GC(11) User=0.00s Sys=0.00s Real=0.00s
[2025-03-19T11:09:13.886+0000][32000][info ][safepoint   ] Safepoint "G1PauseRemark", Time since last: 7081700 ns, Reaching safepoint: 23400 ns, At safepoint: 2399600 ns, Total: 2423000 ns
[2025-03-19T11:09:13.886+0000][32000][info ][gc,marking  ] GC(11) Concurrent Mark 7.480ms
[2025-03-19T11:09:13.886+0000][32000][info ][gc,marking  ] GC(11) Concurrent Rebuild Remembered Sets and Scrub Regions
[2025-03-19T11:09:13.888+0000][32000][info ][gc,marking  ] GC(11) Concurrent Rebuild Remembered Sets and Scrub Regions 1.574ms
[2025-03-19T11:09:13.888+0000][32000][info ][gc,start    ] GC(11) Pause Cleanup
[2025-03-19T11:09:13.888+0000][32000][info ][gc          ] GC(11) Pause Cleanup 55M->55M(8148M) 0.042ms
[2025-03-19T11:09:13.888+0000][32000][info ][gc,cpu      ] GC(11) User=0.00s Sys=0.00s Real=0.00s
[2025-03-19T11:09:13.888+0000][32000][info ][safepoint   ] Safepoint "G1PauseCleanup", Time since last: 1658400 ns, Reaching safepoint: 13100 ns, At safepoint: 86100 ns, Total: 99200 ns
[2025-03-19T11:09:13.888+0000][32000][info ][gc,marking  ] GC(11) Concurrent Clear Claimed Marks
[2025-03-19T11:09:13.888+0000][32000][info ][gc,marking  ] GC(11) Concurrent Clear Claimed Marks 0.036ms
[2025-03-19T11:09:13.888+0000][32000][info ][gc,marking  ] GC(11) Concurrent Cleanup for Next Mark
[2025-03-19T11:09:13.895+0000][32000][info ][gc,marking  ] GC(11) Concurrent Cleanup for Next Mark 7.625ms
[2025-03-19T11:09:13.895+0000][32000][info ][gc          ] GC(11) Concurrent Mark Cycle 19.095ms
[2025-03-19T11:09:16.023+0000][32000][info ][gc,start    ] GC(12) Pause Young (Normal) (G1 Evacuation Pause)
[2025-03-19T11:09:16.023+0000][32000][info ][gc,task     ] GC(12) Using 18 workers of 18 for evacuation
[2025-03-19T11:09:16.023+0000][32000][debug][gc,age      ] GC(12) Desired survivor size 44040192 bytes, new threshold 15 (max threshold 15)
[2025-03-19T11:09:16.035+0000][32000][info ][gc,phases   ] GC(12)   Pre Evacuate Collection Set: 0.18ms
[2025-03-19T11:09:16.035+0000][32000][info ][gc,phases   ] GC(12)   Merge Heap Roots: 0.10ms
[2025-03-19T11:09:16.035+0000][32000][info ][gc,phases   ] GC(12)   Evacuate Collection Set: 11.00ms
[2025-03-19T11:09:16.035+0000][32000][info ][gc,phases   ] GC(12)   Post Evacuate Collection Set: 1.36ms
[2025-03-19T11:09:16.035+0000][32000][info ][gc,phases   ] GC(12)   Other: 0.11ms
[2025-03-19T11:09:16.035+0000][32000][trace][gc,age      ] GC(12) Age table:
[2025-03-19T11:09:16.035+0000][32000][trace][gc,age      ] GC(12) - age   1:   11749072 bytes,   11749072 total
[2025-03-19T11:09:16.035+0000][32000][trace][gc,age      ] GC(12) - age   2:    6236024 bytes,   17985096 total
[2025-03-19T11:09:16.035+0000][32000][trace][gc,age      ] GC(12) - age   3:    6761520 bytes,   24746616 total
[2025-03-19T11:09:16.035+0000][32000][trace][gc,age      ] GC(12) - age   4:    3801424 bytes,   28548040 total
[2025-03-19T11:09:16.035+0000][32000][trace][gc,age      ] GC(12) - age   5:    3126288 bytes,   31674328 total
[2025-03-19T11:09:16.036+0000][32000][trace][gc,age      ] GC(12) - age   6:    3520576 bytes,   35194904 total
[2025-03-19T11:09:16.036+0000][32000][trace][gc,age      ] GC(12) - age   7:    2581816 bytes,   37776720 total
[2025-03-19T11:09:16.036+0000][32000][trace][gc,age      ] GC(12) - age   8:    3435856 bytes,   41212576 total
[2025-03-19T11:09:16.036+0000][32000][trace][gc,age      ] GC(12) - age   9:    5303064 bytes,   46515640 total
[2025-03-19T11:09:16.036+0000][32000][info ][gc,heap     ] GC(12) Eden regions: 153->0(166)
[2025-03-19T11:09:16.036+0000][32000][info ][gc,heap     ] GC(12) Survivor regions: 10->13(21)
[2025-03-19T11:09:16.036+0000][32000][info ][gc,heap     ] GC(12) Old regions: 4->4
[2025-03-19T11:09:16.036+0000][32000][info ][gc,heap     ] GC(12) Humongous regions: 0->0
[2025-03-19T11:09:16.036+0000][32000][info ][gc,metaspace] GC(12) Metaspace: 77893K(79872K)->77893K(79872K) NonClass: 67423K(68608K)->67423K(68608K) Class: 10469K(11264K)->10469K(11264K)
[2025-03-19T11:09:16.036+0000][32000][info ][gc          ] GC(12) Pause Young (Normal) (G1 Evacuation Pause) 664M->63M(8148M) 13.139ms
[2025-03-19T11:09:16.036+0000][32000][info ][gc,cpu      ] GC(12) User=0.02s Sys=0.00s Real=0.01s
[2025-03-19T11:09:16.036+0000][32000][info ][safepoint   ] Safepoint "G1CollectForAllocation", Time since last: 2135231100 ns, Reaching safepoint: 3200 ns, At safepoint: 13193200 ns, Total: 13196400 ns
[2025-03-19T11:09:18.067+0000][32000][info ][gc,start    ] GC(13) Pause Young (Concurrent Start) (Metadata GC Threshold)
[2025-03-19T11:09:18.067+0000][32000][info ][gc,task     ] GC(13) Using 18 workers of 18 for evacuation
[2025-03-19T11:09:18.067+0000][32000][debug][gc,age      ] GC(13) Desired survivor size 48234496 bytes, new threshold 15 (max threshold 15)
[2025-03-19T11:09:18.083+0000][32000][info ][gc,phases   ] GC(13)   Pre Evacuate Collection Set: 0.20ms
[2025-03-19T11:09:18.083+0000][32000][info ][gc,phases   ] GC(13)   Merge Heap Roots: 0.09ms
[2025-03-19T11:09:18.083+0000][32000][info ][gc,phases   ] GC(13)   Evacuate Collection Set: 14.26ms
[2025-03-19T11:09:18.083+0000][32000][info ][gc,phases   ] GC(13)   Post Evacuate Collection Set: 1.24ms
[2025-03-19T11:09:18.083+0000][32000][info ][gc,phases   ] GC(13)   Other: 0.11ms
[2025-03-19T11:09:18.083+0000][32000][trace][gc,age      ] GC(13) Age table:
[2025-03-19T11:09:18.083+0000][32000][trace][gc,age      ] GC(13) - age   1:   10423400 bytes,   10423400 total
[2025-03-19T11:09:18.083+0000][32000][trace][gc,age      ] GC(13) - age   2:   11311776 bytes,   21735176 total
[2025-03-19T11:09:18.083+0000][32000][trace][gc,age      ] GC(13) - age   3:    6101832 bytes,   27837008 total
[2025-03-19T11:09:18.083+0000][32000][trace][gc,age      ] GC(13) - age   4:    6752352 bytes,   34589360 total
[2025-03-19T11:09:18.083+0000][32000][trace][gc,age      ] GC(13) - age   5:    3785888 bytes,   38375248 total
[2025-03-19T11:09:18.083+0000][32000][trace][gc,age      ] GC(13) - age   6:    3118456 bytes,   41493704 total
[2025-03-19T11:09:18.083+0000][32000][trace][gc,age      ] GC(13) - age   7:    3509368 bytes,   45003072 total
[2025-03-19T11:09:18.083+0000][32000][trace][gc,age      ] GC(13) - age   8:    2578352 bytes,   47581424 total
[2025-03-19T11:09:18.083+0000][32000][trace][gc,age      ] GC(13) - age   9:    3432136 bytes,   51013560 total
[2025-03-19T11:09:18.083+0000][32000][trace][gc,age      ] GC(13) - age  10:    5292784 bytes,   56306344 total
[2025-03-19T11:09:18.083+0000][32000][info ][gc,heap     ] GC(13) Eden regions: 107->0(208)
[2025-03-19T11:09:18.083+0000][32000][info ][gc,heap     ] GC(13) Survivor regions: 13->15(23)
[2025-03-19T11:09:18.083+0000][32000][info ][gc,heap     ] GC(13) Old regions: 4->4
[2025-03-19T11:09:18.083+0000][32000][info ][gc,heap     ] GC(13) Humongous regions: 0->0
[2025-03-19T11:09:18.083+0000][32000][info ][gc,metaspace] GC(13) Metaspace: 98989K(101056K)->98989K(101056K) NonClass: 85507K(86720K)->85507K(86720K) Class: 13482K(14336K)->13482K(14336K)
[2025-03-19T11:09:18.083+0000][32000][info ][gc          ] GC(13) Pause Young (Concurrent Start) (Metadata GC Threshold) 489M->74M(8148M) 16.262ms
[2025-03-19T11:09:18.083+0000][32000][info ][gc          ] GC(14) Concurrent Mark Cycle
[2025-03-19T11:09:18.083+0000][32000][info ][gc,cpu      ] GC(13) User=0.00s Sys=0.00s Real=0.02s
[2025-03-19T11:09:18.083+0000][32000][info ][gc,marking  ] GC(14) Concurrent Scan Root Regions
[2025-03-19T11:09:18.083+0000][32000][info ][safepoint   ] Safepoint "CollectForMetadataAllocation", Time since last: 2030969200 ns, Reaching safepoint: 3400 ns, At safepoint: 16381300 ns, Total: 16384700 ns
[2025-03-19T11:09:18.088+0000][32000][info ][gc,marking  ] GC(14) Concurrent Scan Root Regions 4.162ms
[2025-03-19T11:09:18.088+0000][32000][info ][gc,marking  ] GC(14) Concurrent Mark
[2025-03-19T11:09:18.088+0000][32000][info ][gc,marking  ] GC(14) Concurrent Mark From Roots
[2025-03-19T11:09:18.088+0000][32000][info ][gc,task     ] GC(14) Using 5 workers of 5 for marking
[2025-03-19T11:09:18.092+0000][32000][info ][gc,marking  ] GC(14) Concurrent Mark From Roots 5.147ms
[2025-03-19T11:09:18.092+0000][32000][info ][gc,marking  ] GC(14) Concurrent Preclean
[2025-03-19T11:09:18.092+0000][32000][info ][gc,marking  ] GC(14) Concurrent Preclean 0.062ms
[2025-03-19T11:09:18.092+0000][32000][info ][gc,start    ] GC(14) Pause Remark
[2025-03-19T11:09:18.095+0000][32000][info ][gc          ] GC(14) Pause Remark 76M->76M(8148M) 2.990ms
[2025-03-19T11:09:18.095+0000][32000][info ][gc,cpu      ] GC(14) User=0.00s Sys=0.00s Real=0.00s
[2025-03-19T11:09:18.095+0000][32000][info ][safepoint   ] Safepoint "G1PauseRemark", Time since last: 9424800 ns, Reaching safepoint: 3200 ns, At safepoint: 3053600 ns, Total: 3056800 ns
[2025-03-19T11:09:18.095+0000][32000][info ][gc,marking  ] GC(14) Concurrent Mark 8.356ms
[2025-03-19T11:09:18.095+0000][32000][info ][gc,marking  ] GC(14) Concurrent Rebuild Remembered Sets and Scrub Regions
[2025-03-19T11:09:18.097+0000][32000][info ][gc,marking  ] GC(14) Concurrent Rebuild Remembered Sets and Scrub Regions 1.393ms
[2025-03-19T11:09:18.097+0000][32000][info ][gc,start    ] GC(14) Pause Cleanup
[2025-03-19T11:09:18.097+0000][32000][info ][gc          ] GC(14) Pause Cleanup 77M->77M(8148M) 0.037ms
[2025-03-19T11:09:18.097+0000][32000][info ][gc,cpu      ] GC(14) User=0.00s Sys=0.00s Real=0.00s
[2025-03-19T11:09:18.097+0000][32000][info ][safepoint   ] Safepoint "G1PauseCleanup", Time since last: 1478500 ns, Reaching safepoint: 64600 ns, At safepoint: 73800 ns, Total: 138400 ns
[2025-03-19T11:09:18.097+0000][32000][info ][gc,marking  ] GC(14) Concurrent Clear Claimed Marks
[2025-03-19T11:09:18.097+0000][32000][info ][gc,marking  ] GC(14) Concurrent Clear Claimed Marks 0.055ms
[2025-03-19T11:09:18.097+0000][32000][info ][gc,marking  ] GC(14) Concurrent Cleanup for Next Mark
[2025-03-19T11:09:18.106+0000][32000][info ][gc,marking  ] GC(14) Concurrent Cleanup for Next Mark 8.681ms
[2025-03-19T11:09:18.106+0000][32000][info ][gc          ] GC(14) Concurrent Mark Cycle 23.034ms
[2025-03-19T11:12:16.541+0000][32000][info ][gc,heap,exit] Heap
[2025-03-19T11:12:16.541+0000][32000][info ][gc,heap,exit]  garbage-first heap   total reserved 8343552K, committed 8343552K, used 870803K [0x0000000602c00000, 0x0000000800000000)
[2025-03-19T11:12:16.541+0000][32000][info ][gc,heap,exit]   region size 4096K, 207 young (847872K), 15 survivors (61440K)
[2025-03-19T11:12:16.541+0000][32000][info ][gc,heap,exit]  Metaspace       used 145163K, committed 149376K, reserved 1179648K
[2025-03-19T11:12:16.541+0000][32000][info ][gc,heap,exit]   class space    used 20848K, committed 22784K, reserved 1048576K
