[2025-03-25T12:59:49.427+0000][27564][info][gc,init] CardTable entry size: 512
[2025-03-25T12:59:49.428+0000][27564][info][gc     ] Using G1
[2025-03-25T12:59:51.586+0000][27564][info][gc,init] Version: 23+37-2369 (release)
[2025-03-25T12:59:51.586+0000][27564][info][gc,init] CPUs: 24 total, 24 available
[2025-03-25T12:59:51.586+0000][27564][info][gc,init] Memory: 16296M
[2025-03-25T12:59:51.586+0000][27564][info][gc,init] Large Page Support: Disabled
[2025-03-25T12:59:51.586+0000][27564][info][gc,init] NUMA Support: Disabled
[2025-03-25T12:59:51.586+0000][27564][info][gc,init] Compressed Oops: Enabled (Zero based)
[2025-03-25T12:59:51.586+0000][27564][info][gc,init] Heap Region Size: 4M
[2025-03-25T12:59:51.586+0000][27564][info][gc,init] Heap Min Capacity: 8148M
[2025-03-25T12:59:51.586+0000][27564][info][gc,init] Heap Initial Capacity: 8148M
[2025-03-25T12:59:51.586+0000][27564][info][gc,init] Heap Max Capacity: 8148M
[2025-03-25T12:59:51.586+0000][27564][info][gc,init] Pre-touch: Enabled
[2025-03-25T12:59:51.586+0000][27564][info][gc,init] Parallel Workers: 18
[2025-03-25T12:59:51.586+0000][27564][info][gc,init] Concurrent Workers: 5
[2025-03-25T12:59:51.586+0000][27564][info][gc,init] Concurrent Refinement Workers: 18
[2025-03-25T12:59:51.586+0000][27564][info][gc,init] Periodic GC: Disabled
[2025-03-25T12:59:51.599+0000][27564][info][gc,metaspace] CDS archive(s) mapped at: [0x000002c13f000000-0x000002c13fd70000-0x000002c13fd70000), size 14090240, SharedBaseAddress: 0x000002c13f000000, ArchiveRelocationMode: 1.
[2025-03-25T12:59:51.599+0000][27564][info][gc,metaspace] Compressed class space mapped at: 0x000002c140000000-0x000002c180000000, reserved size: 1073741824
[2025-03-25T12:59:51.599+0000][27564][info][gc,metaspace] Narrow klass base: 0x000002c13f000000, Narrow klass shift: 0, Narrow klass range: 0x41000000
[2025-03-25T12:59:54.749+0000][27564][info][gc,start    ] GC(0) Pause Young (Concurrent Start) (Metadata GC Threshold)
[2025-03-25T12:59:54.754+0000][27564][info][gc,task     ] GC(0) Using 18 workers of 18 for evacuation
[2025-03-25T12:59:54.754+0000][27564][debug][gc,age      ] GC(0) Desired survivor size 27262976 bytes, new threshold 15 (max threshold 15)
[2025-03-25T12:59:54.762+0000][27564][info ][gc,phases   ] GC(0)   Pre Evacuate Collection Set: 0.65ms
[2025-03-25T12:59:54.762+0000][27564][info ][gc,phases   ] GC(0)   Merge Heap Roots: 0.17ms
[2025-03-25T12:59:54.762+0000][27564][info ][gc,phases   ] GC(0)   Evacuate Collection Set: 6.11ms
[2025-03-25T12:59:54.762+0000][27564][info ][gc,phases   ] GC(0)   Post Evacuate Collection Set: 0.99ms
[2025-03-25T12:59:54.762+0000][27564][info ][gc,phases   ] GC(0)   Other: 4.23ms
[2025-03-25T12:59:54.762+0000][27564][trace][gc,age      ] GC(0) Age table:
[2025-03-25T12:59:54.762+0000][27564][trace][gc,age      ] GC(0) - age   1:   15401728 bytes,   15401728 total
[2025-03-25T12:59:54.762+0000][27564][info ][gc,heap     ] GC(0) Eden regions: 69->0(97)
[2025-03-25T12:59:54.762+0000][27564][info ][gc,heap     ] GC(0) Survivor regions: 0->4(13)
[2025-03-25T12:59:54.762+0000][27564][info ][gc,heap     ] GC(0) Old regions: 0->0
[2025-03-25T12:59:54.762+0000][27564][info ][gc,heap     ] GC(0) Humongous regions: 0->0
[2025-03-25T12:59:54.762+0000][27564][info ][gc,metaspace] GC(0) Metaspace: 20740K(21504K)->20740K(21504K) NonClass: 18418K(18880K)->18418K(18880K) Class: 2322K(2624K)->2322K(2624K)
[2025-03-25T12:59:54.762+0000][27564][info ][gc          ] GC(0) Pause Young (Concurrent Start) (Metadata GC Threshold) 276M->15M(8148M) 13.066ms
[2025-03-25T12:59:54.762+0000][27564][info ][gc,cpu      ] GC(0) User=0.00s Sys=0.00s Real=0.01s
[2025-03-25T12:59:54.762+0000][27564][info ][gc          ] GC(1) Concurrent Mark Cycle
[2025-03-25T12:59:54.762+0000][27564][info ][gc,marking  ] GC(1) Concurrent Scan Root Regions
[2025-03-25T12:59:54.762+0000][27564][info ][safepoint   ] Safepoint "CollectForMetadataAllocation", Time since last: 3146340700 ns, Reaching safepoint: 5200 ns, At safepoint: 13321200 ns, Total: 13326400 ns
[2025-03-25T12:59:54.765+0000][27564][info ][gc,marking  ] GC(1) Concurrent Scan Root Regions 3.712ms
[2025-03-25T12:59:54.765+0000][27564][info ][gc,marking  ] GC(1) Concurrent Mark
[2025-03-25T12:59:54.765+0000][27564][info ][gc,marking  ] GC(1) Concurrent Mark From Roots
[2025-03-25T12:59:54.766+0000][27564][info ][gc,task     ] GC(1) Using 5 workers of 5 for marking
[2025-03-25T12:59:54.767+0000][27564][info ][gc,marking  ] GC(1) Concurrent Mark From Roots 1.271ms
[2025-03-25T12:59:54.767+0000][27564][info ][gc,marking  ] GC(1) Concurrent Preclean
[2025-03-25T12:59:54.767+0000][27564][info ][gc,marking  ] GC(1) Concurrent Preclean 0.013ms
[2025-03-25T12:59:54.767+0000][27564][info ][gc,start    ] GC(1) Pause Remark
[2025-03-25T12:59:54.769+0000][27564][info ][gc          ] GC(1) Pause Remark 19M->19M(8148M) 1.572ms
[2025-03-25T12:59:54.769+0000][27564][info ][gc,cpu      ] GC(1) User=0.00s Sys=0.00s Real=0.00s
[2025-03-25T12:59:54.769+0000][27564][info ][safepoint   ] Safepoint "G1PauseRemark", Time since last: 5115600 ns, Reaching safepoint: 13000 ns, At safepoint: 1624900 ns, Total: 1637900 ns
[2025-03-25T12:59:54.769+0000][27564][info ][gc,marking  ] GC(1) Concurrent Mark 3.009ms
[2025-03-25T12:59:54.769+0000][27564][info ][gc,marking  ] GC(1) Concurrent Rebuild Remembered Sets and Scrub Regions
[2025-03-25T12:59:54.769+0000][27564][info ][gc,marking  ] GC(1) Concurrent Rebuild Remembered Sets and Scrub Regions 0.084ms
[2025-03-25T12:59:54.769+0000][27564][info ][gc,start    ] GC(1) Pause Cleanup
[2025-03-25T12:59:54.769+0000][27564][info ][gc          ] GC(1) Pause Cleanup 19M->19M(8148M) 0.024ms
[2025-03-25T12:59:54.769+0000][27564][info ][gc,cpu      ] GC(1) User=0.00s Sys=0.00s Real=0.00s
[2025-03-25T12:59:54.769+0000][27564][info ][safepoint   ] Safepoint "G1PauseCleanup", Time since last: 167200 ns, Reaching safepoint: 12500 ns, At safepoint: 64600 ns, Total: 77100 ns
[2025-03-25T12:59:54.769+0000][27564][info ][gc,marking  ] GC(1) Concurrent Clear Claimed Marks
[2025-03-25T12:59:54.770+0000][27564][info ][gc,marking  ] GC(1) Concurrent Clear Claimed Marks 0.081ms
[2025-03-25T12:59:54.770+0000][27564][info ][gc,marking  ] GC(1) Concurrent Cleanup for Next Mark
[2025-03-25T12:59:54.778+0000][27564][info ][gc,marking  ] GC(1) Concurrent Cleanup for Next Mark 9.031ms
[2025-03-25T12:59:54.779+0000][27564][info ][gc          ] GC(1) Concurrent Mark Cycle 16.249ms
[2025-03-25T12:59:58.896+0000][27564][info ][gc,start    ] GC(2) Pause Young (Normal) (G1 Evacuation Pause)
[2025-03-25T12:59:58.896+0000][27564][info ][gc,task     ] GC(2) Using 18 workers of 18 for evacuation
[2025-03-25T12:59:58.896+0000][27564][debug][gc,age      ] GC(2) Desired survivor size 27262976 bytes, new threshold 15 (max threshold 15)
[2025-03-25T12:59:58.902+0000][27564][info ][gc,phases   ] GC(2)   Pre Evacuate Collection Set: 0.18ms
[2025-03-25T12:59:58.902+0000][27564][info ][gc,phases   ] GC(2)   Merge Heap Roots: 0.08ms
[2025-03-25T12:59:58.902+0000][27564][info ][gc,phases   ] GC(2)   Evacuate Collection Set: 6.08ms
[2025-03-25T12:59:58.902+0000][27564][info ][gc,phases   ] GC(2)   Post Evacuate Collection Set: 0.82ms
[2025-03-25T12:59:58.902+0000][27564][info ][gc,phases   ] GC(2)   Other: 0.10ms
[2025-03-25T12:59:58.902+0000][27564][trace][gc,age      ] GC(2) Age table:
[2025-03-25T12:59:58.902+0000][27564][trace][gc,age      ] GC(2) - age   1:    5379080 bytes,    5379080 total
[2025-03-25T12:59:58.902+0000][27564][trace][gc,age      ] GC(2) - age   2:   14341144 bytes,   19720224 total
[2025-03-25T12:59:58.902+0000][27564][info ][gc,heap     ] GC(2) Eden regions: 97->0(95)
[2025-03-25T12:59:58.902+0000][27564][info ][gc,heap     ] GC(2) Survivor regions: 4->6(13)
[2025-03-25T12:59:58.902+0000][27564][info ][gc,heap     ] GC(2) Old regions: 0->0
[2025-03-25T12:59:58.902+0000][27564][info ][gc,heap     ] GC(2) Humongous regions: 0->0
[2025-03-25T12:59:58.902+0000][27564][info ][gc,metaspace] GC(2) Metaspace: 28876K(29760K)->28876K(29760K) NonClass: 25648K(26176K)->25648K(26176K) Class: 3227K(3584K)->3227K(3584K)
[2025-03-25T12:59:58.902+0000][27564][info ][gc          ] GC(2) Pause Young (Normal) (G1 Evacuation Pause) 403M->20M(8148M) 7.503ms
[2025-03-25T12:59:58.902+0000][27564][info ][gc,cpu      ] GC(2) User=0.02s Sys=0.00s Real=0.01s
[2025-03-25T12:59:58.902+0000][27564][info ][safepoint   ] Safepoint "G1CollectForAllocation", Time since last: 4126259000 ns, Reaching safepoint: 2300 ns, At safepoint: 7556300 ns, Total: 7558600 ns
[2025-03-25T13:00:02.840+0000][27564][info ][gc,start    ] GC(3) Pause Young (Normal) (G1 Evacuation Pause)
[2025-03-25T13:00:02.840+0000][27564][info ][gc,task     ] GC(3) Using 18 workers of 18 for evacuation
[2025-03-25T13:00:02.840+0000][27564][debug][gc,age      ] GC(3) Desired survivor size 27262976 bytes, new threshold 15 (max threshold 15)
[2025-03-25T13:00:02.849+0000][27564][info ][gc,phases   ] GC(3)   Pre Evacuate Collection Set: 0.16ms
[2025-03-25T13:00:02.849+0000][27564][info ][gc,phases   ] GC(3)   Merge Heap Roots: 0.07ms
[2025-03-25T13:00:02.849+0000][27564][info ][gc,phases   ] GC(3)   Evacuate Collection Set: 6.97ms
[2025-03-25T13:00:02.849+0000][27564][info ][gc,phases   ] GC(3)   Post Evacuate Collection Set: 0.81ms
[2025-03-25T13:00:02.849+0000][27564][info ][gc,phases   ] GC(3)   Other: 0.09ms
[2025-03-25T13:00:02.849+0000][27564][trace][gc,age      ] GC(3) Age table:
[2025-03-25T13:00:02.849+0000][27564][trace][gc,age      ] GC(3) - age   1:    4605080 bytes,    4605080 total
[2025-03-25T13:00:02.849+0000][27564][trace][gc,age      ] GC(3) - age   2:    5197728 bytes,    9802808 total
[2025-03-25T13:00:02.849+0000][27564][trace][gc,age      ] GC(3) - age   3:   14338776 bytes,   24141584 total
[2025-03-25T13:00:02.849+0000][27564][info ][gc,heap     ] GC(3) Eden regions: 95->0(94)
[2025-03-25T13:00:02.849+0000][27564][info ][gc,heap     ] GC(3) Survivor regions: 6->7(13)
[2025-03-25T13:00:02.849+0000][27564][info ][gc,heap     ] GC(3) Old regions: 0->0
[2025-03-25T13:00:02.849+0000][27564][info ][gc,heap     ] GC(3) Humongous regions: 0->0
[2025-03-25T13:00:02.849+0000][27564][info ][gc,metaspace] GC(3) Metaspace: 30303K(31232K)->30303K(31232K) NonClass: 26864K(27392K)->26864K(27392K) Class: 3438K(3840K)->3438K(3840K)
[2025-03-25T13:00:02.849+0000][27564][info ][gc          ] GC(3) Pause Young (Normal) (G1 Evacuation Pause) 400M->25M(8148M) 8.324ms
[2025-03-25T13:00:02.849+0000][27564][info ][gc,cpu      ] GC(3) User=0.00s Sys=0.00s Real=0.01s
[2025-03-25T13:00:02.849+0000][27564][info ][safepoint   ] Safepoint "G1CollectForAllocation", Time since last: 3937552400 ns, Reaching safepoint: 3700 ns, At safepoint: 8371600 ns, Total: 8375300 ns
[2025-03-25T13:00:05.033+0000][27564][info ][gc,start    ] GC(4) Pause Young (Normal) (G1 Evacuation Pause)
[2025-03-25T13:00:05.033+0000][27564][info ][gc,task     ] GC(4) Using 18 workers of 18 for evacuation
[2025-03-25T13:00:05.033+0000][27564][debug][gc,age      ] GC(4) Desired survivor size 27262976 bytes, new threshold 15 (max threshold 15)
[2025-03-25T13:00:05.041+0000][27564][info ][gc,phases   ] GC(4)   Pre Evacuate Collection Set: 0.17ms
[2025-03-25T13:00:05.041+0000][27564][info ][gc,phases   ] GC(4)   Merge Heap Roots: 0.08ms
[2025-03-25T13:00:05.041+0000][27564][info ][gc,phases   ] GC(4)   Evacuate Collection Set: 7.29ms
[2025-03-25T13:00:05.041+0000][27564][info ][gc,phases   ] GC(4)   Post Evacuate Collection Set: 0.79ms
[2025-03-25T13:00:05.042+0000][27564][info ][gc,phases   ] GC(4)   Other: 0.09ms
[2025-03-25T13:00:05.042+0000][27564][trace][gc,age      ] GC(4) Age table:
[2025-03-25T13:00:05.042+0000][27564][trace][gc,age      ] GC(4) - age   1:    4889688 bytes,    4889688 total
[2025-03-25T13:00:05.042+0000][27564][trace][gc,age      ] GC(4) - age   2:    3827936 bytes,    8717624 total
[2025-03-25T13:00:05.042+0000][27564][trace][gc,age      ] GC(4) - age   3:    5197192 bytes,   13914816 total
[2025-03-25T13:00:05.042+0000][27564][trace][gc,age      ] GC(4) - age   4:   14338776 bytes,   28253592 total
[2025-03-25T13:00:05.042+0000][27564][info ][gc,heap     ] GC(4) Eden regions: 94->0(93)
[2025-03-25T13:00:05.042+0000][27564][info ][gc,heap     ] GC(4) Survivor regions: 7->8(13)
[2025-03-25T13:00:05.042+0000][27564][info ][gc,heap     ] GC(4) Old regions: 0->0
[2025-03-25T13:00:05.042+0000][27564][info ][gc,heap     ] GC(4) Humongous regions: 0->0
[2025-03-25T13:00:05.042+0000][27564][info ][gc,metaspace] GC(4) Metaspace: 30742K(31744K)->30742K(31744K) NonClass: 27240K(27840K)->27240K(27840K) Class: 3501K(3904K)->3501K(3904K)
[2025-03-25T13:00:05.042+0000][27564][info ][gc          ] GC(4) Pause Young (Normal) (G1 Evacuation Pause) 401M->29M(8148M) 8.658ms
[2025-03-25T13:00:05.042+0000][27564][info ][gc,cpu      ] GC(4) User=0.03s Sys=0.00s Real=0.01s
[2025-03-25T13:00:05.042+0000][27564][info ][safepoint   ] Safepoint "G1CollectForAllocation", Time since last: 2184068000 ns, Reaching safepoint: 2700 ns, At safepoint: 8706000 ns, Total: 8708700 ns
[2025-03-25T13:00:08.912+0000][27564][info ][gc,start    ] GC(5) Pause Young (Concurrent Start) (Metadata GC Threshold)
[2025-03-25T13:00:08.912+0000][27564][info ][gc,task     ] GC(5) Using 18 workers of 18 for evacuation
[2025-03-25T13:00:08.912+0000][27564][debug][gc,age      ] GC(5) Desired survivor size 27262976 bytes, new threshold 4 (max threshold 15)
[2025-03-25T13:00:08.922+0000][27564][info ][gc,phases   ] GC(5)   Pre Evacuate Collection Set: 0.25ms
[2025-03-25T13:00:08.922+0000][27564][info ][gc,phases   ] GC(5)   Merge Heap Roots: 0.07ms
[2025-03-25T13:00:08.922+0000][27564][info ][gc,phases   ] GC(5)   Evacuate Collection Set: 8.52ms
[2025-03-25T13:00:08.922+0000][27564][info ][gc,phases   ] GC(5)   Post Evacuate Collection Set: 0.79ms
[2025-03-25T13:00:08.922+0000][27564][info ][gc,phases   ] GC(5)   Other: 0.10ms
[2025-03-25T13:00:08.922+0000][27564][trace][gc,age      ] GC(5) Age table:
[2025-03-25T13:00:08.922+0000][27564][trace][gc,age      ] GC(5) - age   1:    3572312 bytes,    3572312 total
[2025-03-25T13:00:08.922+0000][27564][trace][gc,age      ] GC(5) - age   2:    2604040 bytes,    6176352 total
[2025-03-25T13:00:08.922+0000][27564][trace][gc,age      ] GC(5) - age   3:    3825008 bytes,   10001360 total
[2025-03-25T13:00:08.922+0000][27564][trace][gc,age      ] GC(5) - age   4:    5195688 bytes,   15197048 total
[2025-03-25T13:00:08.922+0000][27564][info ][gc,heap     ] GC(5) Eden regions: 51->0(96)
[2025-03-25T13:00:08.922+0000][27564][info ][gc,heap     ] GC(5) Survivor regions: 8->5(13)
[2025-03-25T13:00:08.922+0000][27564][info ][gc,heap     ] GC(5) Old regions: 0->4
[2025-03-25T13:00:08.922+0000][27564][info ][gc,heap     ] GC(5) Humongous regions: 0->0
[2025-03-25T13:00:08.922+0000][27564][info ][gc,metaspace] GC(5) Metaspace: 35185K(36160K)->35185K(36160K) NonClass: 31218K(31808K)->31218K(31808K) Class: 3966K(4352K)->3966K(4352K)
[2025-03-25T13:00:08.922+0000][27564][info ][gc          ] GC(5) Pause Young (Concurrent Start) (Metadata GC Threshold) 231M->31M(8148M) 9.975ms
[2025-03-25T13:00:08.922+0000][27564][info ][gc,cpu      ] GC(5) User=0.03s Sys=0.02s Real=0.01s
[2025-03-25T13:00:08.922+0000][27564][info ][gc          ] GC(6) Concurrent Mark Cycle
[2025-03-25T13:00:08.922+0000][27564][info ][gc,marking  ] GC(6) Concurrent Scan Root Regions
[2025-03-25T13:00:08.922+0000][27564][info ][safepoint   ] Safepoint "CollectForMetadataAllocation", Time since last: 3870509400 ns, Reaching safepoint: 3000 ns, At safepoint: 10057700 ns, Total: 10060700 ns
[2025-03-25T13:00:08.924+0000][27564][info ][gc,marking  ] GC(6) Concurrent Scan Root Regions 1.679ms
[2025-03-25T13:00:08.924+0000][27564][info ][gc,marking  ] GC(6) Concurrent Mark
[2025-03-25T13:00:08.924+0000][27564][info ][gc,marking  ] GC(6) Concurrent Mark From Roots
[2025-03-25T13:00:08.924+0000][27564][info ][gc,task     ] GC(6) Using 5 workers of 5 for marking
[2025-03-25T13:00:08.924+0000][27564][info ][gc,marking  ] GC(6) Concurrent Mark From Roots 0.349ms
[2025-03-25T13:00:08.924+0000][27564][info ][gc,marking  ] GC(6) Concurrent Preclean
[2025-03-25T13:00:08.924+0000][27564][info ][gc,marking  ] GC(6) Concurrent Preclean 0.013ms
[2025-03-25T13:00:08.924+0000][27564][info ][gc,start    ] GC(6) Pause Remark
[2025-03-25T13:00:08.927+0000][27564][info ][gc          ] GC(6) Pause Remark 33M->33M(8148M) 2.408ms
[2025-03-25T13:00:08.927+0000][27564][info ][gc,cpu      ] GC(6) User=0.00s Sys=0.00s Real=0.00s
[2025-03-25T13:00:08.927+0000][27564][info ][safepoint   ] Safepoint "G1PauseRemark", Time since last: 2164000 ns, Reaching safepoint: 2100 ns, At safepoint: 2457900 ns, Total: 2460000 ns
[2025-03-25T13:00:08.927+0000][27564][info ][gc,marking  ] GC(6) Concurrent Mark 2.946ms
[2025-03-25T13:00:08.927+0000][27564][info ][gc,marking  ] GC(6) Concurrent Rebuild Remembered Sets and Scrub Regions
[2025-03-25T13:00:08.928+0000][27564][info ][gc,marking  ] GC(6) Concurrent Rebuild Remembered Sets and Scrub Regions 1.162ms
[2025-03-25T13:00:08.928+0000][27564][info ][gc,start    ] GC(6) Pause Cleanup
[2025-03-25T13:00:08.928+0000][27564][info ][gc          ] GC(6) Pause Cleanup 33M->33M(8148M) 0.028ms
[2025-03-25T13:00:08.928+0000][27564][info ][gc,cpu      ] GC(6) User=0.00s Sys=0.00s Real=0.00s
[2025-03-25T13:00:08.928+0000][27564][info ][safepoint   ] Safepoint "G1PauseCleanup", Time since last: 1241400 ns, Reaching safepoint: 22500 ns, At safepoint: 62400 ns, Total: 84900 ns
[2025-03-25T13:00:08.928+0000][27564][info ][gc,marking  ] GC(6) Concurrent Clear Claimed Marks
[2025-03-25T13:00:08.928+0000][27564][info ][gc,marking  ] GC(6) Concurrent Clear Claimed Marks 0.049ms
[2025-03-25T13:00:08.928+0000][27564][info ][gc,marking  ] GC(6) Concurrent Cleanup for Next Mark
[2025-03-25T13:00:08.937+0000][27564][info ][gc,marking  ] GC(6) Concurrent Cleanup for Next Mark 8.208ms
[2025-03-25T13:00:08.937+0000][27564][info ][gc          ] GC(6) Concurrent Mark Cycle 14.326ms
[2025-03-25T13:00:11.735+0000][27564][info ][gc,start    ] GC(7) Pause Young (Normal) (G1 Evacuation Pause)
[2025-03-25T13:00:11.735+0000][27564][info ][gc,task     ] GC(7) Using 18 workers of 18 for evacuation
[2025-03-25T13:00:11.735+0000][27564][debug][gc,age      ] GC(7) Desired survivor size 27262976 bytes, new threshold 15 (max threshold 15)
[2025-03-25T13:00:11.740+0000][27564][info ][gc,phases   ] GC(7)   Pre Evacuate Collection Set: 0.18ms
[2025-03-25T13:00:11.740+0000][27564][info ][gc,phases   ] GC(7)   Merge Heap Roots: 0.29ms
[2025-03-25T13:00:11.740+0000][27564][info ][gc,phases   ] GC(7)   Evacuate Collection Set: 2.99ms
[2025-03-25T13:00:11.740+0000][27564][info ][gc,phases   ] GC(7)   Post Evacuate Collection Set: 0.49ms
[2025-03-25T13:00:11.740+0000][27564][info ][gc,phases   ] GC(7)   Other: 0.09ms
[2025-03-25T13:00:11.740+0000][27564][trace][gc,age      ] GC(7) Age table:
[2025-03-25T13:00:11.740+0000][27564][trace][gc,age      ] GC(7) - age   1:    5917368 bytes,    5917368 total
[2025-03-25T13:00:11.740+0000][27564][trace][gc,age      ] GC(7) - age   2:    3541832 bytes,    9459200 total
[2025-03-25T13:00:11.740+0000][27564][trace][gc,age      ] GC(7) - age   3:    2603944 bytes,   12063144 total
[2025-03-25T13:00:11.740+0000][27564][trace][gc,age      ] GC(7) - age   4:    3823920 bytes,   15887064 total
[2025-03-25T13:00:11.740+0000][27564][trace][gc,age      ] GC(7) - age   5:    5195688 bytes,   21082752 total
[2025-03-25T13:00:11.740+0000][27564][info ][gc,heap     ] GC(7) Eden regions: 96->0(95)
[2025-03-25T13:00:11.740+0000][27564][info ][gc,heap     ] GC(7) Survivor regions: 5->6(13)
[2025-03-25T13:00:11.740+0000][27564][info ][gc,heap     ] GC(7) Old regions: 4->4
[2025-03-25T13:00:11.740+0000][27564][info ][gc,heap     ] GC(7) Humongous regions: 0->0
[2025-03-25T13:00:11.740+0000][27564][info ][gc,metaspace] GC(7) Metaspace: 36940K(38080K)->36940K(38080K) NonClass: 32712K(33408K)->32712K(33408K) Class: 4228K(4672K)->4228K(4672K)
[2025-03-25T13:00:11.740+0000][27564][info ][gc          ] GC(7) Pause Young (Normal) (G1 Evacuation Pause) 415M->37M(8148M) 4.295ms
[2025-03-25T13:00:11.740+0000][27564][info ][gc,cpu      ] GC(7) User=0.00s Sys=0.00s Real=0.01s
[2025-03-25T13:00:11.740+0000][27564][info ][safepoint   ] Safepoint "G1CollectForAllocation", Time since last: 2807110100 ns, Reaching safepoint: 3600 ns, At safepoint: 4345500 ns, Total: 4349100 ns
[2025-03-25T13:00:15.710+0000][27564][info ][gc,start    ] GC(8) Pause Young (Normal) (G1 Evacuation Pause)
[2025-03-25T13:00:15.710+0000][27564][info ][gc,task     ] GC(8) Using 18 workers of 18 for evacuation
[2025-03-25T13:00:15.710+0000][27564][debug][gc,age      ] GC(8) Desired survivor size 27262976 bytes, new threshold 15 (max threshold 15)
[2025-03-25T13:00:15.715+0000][27564][info ][gc,phases   ] GC(8)   Pre Evacuate Collection Set: 0.22ms
[2025-03-25T13:00:15.715+0000][27564][info ][gc,phases   ] GC(8)   Merge Heap Roots: 0.08ms
[2025-03-25T13:00:15.715+0000][27564][info ][gc,phases   ] GC(8)   Evacuate Collection Set: 4.24ms
[2025-03-25T13:00:15.715+0000][27564][info ][gc,phases   ] GC(8)   Post Evacuate Collection Set: 0.63ms
[2025-03-25T13:00:15.715+0000][27564][info ][gc,phases   ] GC(8)   Other: 0.12ms
[2025-03-25T13:00:15.715+0000][27564][trace][gc,age      ] GC(8) Age table:
[2025-03-25T13:00:15.715+0000][27564][trace][gc,age      ] GC(8) - age   1:    3920464 bytes,    3920464 total
[2025-03-25T13:00:15.715+0000][27564][trace][gc,age      ] GC(8) - age   2:    3151120 bytes,    7071584 total
[2025-03-25T13:00:15.715+0000][27564][trace][gc,age      ] GC(8) - age   3:    3541672 bytes,   10613256 total
[2025-03-25T13:00:15.715+0000][27564][trace][gc,age      ] GC(8) - age   4:    2603184 bytes,   13216440 total
[2025-03-25T13:00:15.715+0000][27564][trace][gc,age      ] GC(8) - age   5:    3819600 bytes,   17036040 total
[2025-03-25T13:00:15.715+0000][27564][trace][gc,age      ] GC(8) - age   6:    5194784 bytes,   22230824 total
[2025-03-25T13:00:15.715+0000][27564][info ][gc,heap     ] GC(8) Eden regions: 95->0(146)
[2025-03-25T13:00:15.715+0000][27564][info ][gc,heap     ] GC(8) Survivor regions: 6->6(13)
[2025-03-25T13:00:15.715+0000][27564][info ][gc,heap     ] GC(8) Old regions: 4->4
[2025-03-25T13:00:15.715+0000][27564][info ][gc,heap     ] GC(8) Humongous regions: 0->0
[2025-03-25T13:00:15.715+0000][27564][info ][gc,metaspace] GC(8) Metaspace: 39142K(40256K)->39142K(40256K) NonClass: 34626K(35264K)->34626K(35264K) Class: 4515K(4992K)->4515K(4992K)
[2025-03-25T13:00:15.715+0000][27564][info ][gc          ] GC(8) Pause Young (Normal) (G1 Evacuation Pause) 417M->38M(8148M) 5.611ms
[2025-03-25T13:00:15.715+0000][27564][info ][gc,cpu      ] GC(8) User=0.03s Sys=0.00s Real=0.00s
[2025-03-25T13:00:15.715+0000][27564][info ][safepoint   ] Safepoint "G1CollectForAllocation", Time since last: 3970450900 ns, Reaching safepoint: 2900 ns, At safepoint: 5677100 ns, Total: 5680000 ns
[2025-03-25T13:00:20.031+0000][27564][info ][gc,start    ] GC(9) Pause Young (Normal) (G1 Evacuation Pause)
[2025-03-25T13:00:20.031+0000][27564][info ][gc,task     ] GC(9) Using 18 workers of 18 for evacuation
[2025-03-25T13:00:20.031+0000][27564][debug][gc,age      ] GC(9) Desired survivor size 39845888 bytes, new threshold 15 (max threshold 15)
[2025-03-25T13:00:20.036+0000][27564][info ][gc,phases   ] GC(9)   Pre Evacuate Collection Set: 0.18ms
[2025-03-25T13:00:20.036+0000][27564][info ][gc,phases   ] GC(9)   Merge Heap Roots: 0.10ms
[2025-03-25T13:00:20.036+0000][27564][info ][gc,phases   ] GC(9)   Evacuate Collection Set: 4.51ms
[2025-03-25T13:00:20.036+0000][27564][info ][gc,phases   ] GC(9)   Post Evacuate Collection Set: 0.57ms
[2025-03-25T13:00:20.036+0000][27564][info ][gc,phases   ] GC(9)   Other: 0.11ms
[2025-03-25T13:00:20.036+0000][27564][trace][gc,age      ] GC(9) Age table:
[2025-03-25T13:00:20.036+0000][27564][trace][gc,age      ] GC(9) - age   1:    7248648 bytes,    7248648 total
[2025-03-25T13:00:20.036+0000][27564][trace][gc,age      ] GC(9) - age   2:    3886984 bytes,   11135632 total
[2025-03-25T13:00:20.036+0000][27564][trace][gc,age      ] GC(9) - age   3:    3150816 bytes,   14286448 total
[2025-03-25T13:00:20.036+0000][27564][trace][gc,age      ] GC(9) - age   4:    3541672 bytes,   17828120 total
[2025-03-25T13:00:20.036+0000][27564][trace][gc,age      ] GC(9) - age   5:    2600752 bytes,   20428872 total
[2025-03-25T13:00:20.036+0000][27564][trace][gc,age      ] GC(9) - age   6:    3819344 bytes,   24248216 total
[2025-03-25T13:00:20.036+0000][27564][trace][gc,age      ] GC(9) - age   7:    5192144 bytes,   29440360 total
[2025-03-25T13:00:20.036+0000][27564][info ][gc,heap     ] GC(9) Eden regions: 146->0(119)
[2025-03-25T13:00:20.036+0000][27564][info ][gc,heap     ] GC(9) Survivor regions: 6->8(19)
[2025-03-25T13:00:20.036+0000][27564][info ][gc,heap     ] GC(9) Old regions: 4->4
[2025-03-25T13:00:20.036+0000][27564][info ][gc,heap     ] GC(9) Humongous regions: 0->0
[2025-03-25T13:00:20.036+0000][27564][info ][gc,metaspace] GC(9) Metaspace: 39856K(41088K)->39856K(41088K) NonClass: 35245K(35968K)->35245K(35968K) Class: 4610K(5120K)->4610K(5120K)
[2025-03-25T13:00:20.036+0000][27564][info ][gc          ] GC(9) Pause Young (Normal) (G1 Evacuation Pause) 622M->44M(8148M) 5.778ms
[2025-03-25T13:00:20.036+0000][27564][info ][gc,cpu      ] GC(9) User=0.00s Sys=0.00s Real=0.01s
[2025-03-25T13:00:20.036+0000][27564][info ][safepoint   ] Safepoint "G1CollectForAllocation", Time since last: 4314971000 ns, Reaching safepoint: 3400 ns, At safepoint: 5829300 ns, Total: 5832700 ns
[2025-03-25T13:00:22.066+0000][27564][info ][gc,start    ] GC(10) Pause Young (Concurrent Start) (Metadata GC Threshold)
[2025-03-25T13:00:22.066+0000][27564][info ][gc,task     ] GC(10) Using 18 workers of 18 for evacuation
[2025-03-25T13:00:22.066+0000][27564][debug][gc,age      ] GC(10) Desired survivor size 33554432 bytes, new threshold 15 (max threshold 15)
[2025-03-25T13:00:22.074+0000][27564][info ][gc,phases   ] GC(10)   Pre Evacuate Collection Set: 0.24ms
[2025-03-25T13:00:22.074+0000][27564][info ][gc,phases   ] GC(10)   Merge Heap Roots: 0.08ms
[2025-03-25T13:00:22.074+0000][27564][info ][gc,phases   ] GC(10)   Evacuate Collection Set: 7.04ms
[2025-03-25T13:00:22.074+0000][27564][info ][gc,phases   ] GC(10)   Post Evacuate Collection Set: 0.72ms
[2025-03-25T13:00:22.074+0000][27564][info ][gc,phases   ] GC(10)   Other: 0.10ms
[2025-03-25T13:00:22.074+0000][27564][trace][gc,age      ] GC(10) Age table:
[2025-03-25T13:00:22.074+0000][27564][trace][gc,age      ] GC(10) - age   1:    6665072 bytes,    6665072 total
[2025-03-25T13:00:22.074+0000][27564][trace][gc,age      ] GC(10) - age   2:    6767176 bytes,   13432248 total
[2025-03-25T13:00:22.074+0000][27564][trace][gc,age      ] GC(10) - age   3:    3846728 bytes,   17278976 total
[2025-03-25T13:00:22.074+0000][27564][trace][gc,age      ] GC(10) - age   4:    3131680 bytes,   20410656 total
[2025-03-25T13:00:22.074+0000][27564][trace][gc,age      ] GC(10) - age   5:    3524880 bytes,   23935536 total
[2025-03-25T13:00:22.074+0000][27564][trace][gc,age      ] GC(10) - age   6:    2589616 bytes,   26525152 total
[2025-03-25T13:00:22.074+0000][27564][trace][gc,age      ] GC(10) - age   7:    3801200 bytes,   30326352 total
[2025-03-25T13:00:22.074+0000][27564][trace][gc,age      ] GC(10) - age   8:    4984064 bytes,   35310416 total
[2025-03-25T13:00:22.074+0000][27564][info ][gc,heap     ] GC(10) Eden regions: 95->0(153)
[2025-03-25T13:00:22.074+0000][27564][info ][gc,heap     ] GC(10) Survivor regions: 8->10(16)
[2025-03-25T13:00:22.074+0000][27564][info ][gc,heap     ] GC(10) Old regions: 4->4
[2025-03-25T13:00:22.074+0000][27564][info ][gc,heap     ] GC(10) Humongous regions: 0->0
[2025-03-25T13:00:22.074+0000][27564][info ][gc,metaspace] GC(10) Metaspace: 59025K(60480K)->59025K(60480K) NonClass: 51755K(52672K)->51755K(52672K) Class: 7270K(7808K)->7270K(7808K)
[2025-03-25T13:00:22.074+0000][27564][info ][gc          ] GC(10) Pause Young (Concurrent Start) (Metadata GC Threshold) 424M->52M(8148M) 8.472ms
[2025-03-25T13:00:22.074+0000][27564][info ][gc,cpu      ] GC(10) User=0.00s Sys=0.00s Real=0.01s
[2025-03-25T13:00:22.074+0000][27564][info ][gc          ] GC(11) Concurrent Mark Cycle
[2025-03-25T13:00:22.075+0000][27564][info ][gc,marking  ] GC(11) Concurrent Scan Root Regions
[2025-03-25T13:00:22.075+0000][27564][info ][safepoint   ] Safepoint "CollectForMetadataAllocation", Time since last: 2029875100 ns, Reaching safepoint: 2800 ns, At safepoint: 8565100 ns, Total: 8567900 ns
[2025-03-25T13:00:22.076+0000][27564][info ][gc,marking  ] GC(11) Concurrent Scan Root Regions 1.903ms
[2025-03-25T13:00:22.076+0000][27564][info ][gc,marking  ] GC(11) Concurrent Mark
[2025-03-25T13:00:22.076+0000][27564][info ][gc,marking  ] GC(11) Concurrent Mark From Roots
[2025-03-25T13:00:22.076+0000][27564][info ][gc,task     ] GC(11) Using 5 workers of 5 for marking
[2025-03-25T13:00:22.081+0000][27564][info ][gc,marking  ] GC(11) Concurrent Mark From Roots 4.704ms
[2025-03-25T13:00:22.081+0000][27564][info ][gc,marking  ] GC(11) Concurrent Preclean
[2025-03-25T13:00:22.082+0000][27564][info ][gc,marking  ] GC(11) Concurrent Preclean 0.086ms
[2025-03-25T13:00:22.082+0000][27564][info ][gc,start    ] GC(11) Pause Remark
[2025-03-25T13:00:22.085+0000][27564][info ][gc          ] GC(11) Pause Remark 54M->54M(8148M) 2.593ms
[2025-03-25T13:00:22.085+0000][27564][info ][gc,cpu      ] GC(11) User=0.00s Sys=0.00s Real=0.00s
[2025-03-25T13:00:22.085+0000][27564][info ][safepoint   ] Safepoint "G1PauseRemark", Time since last: 6763900 ns, Reaching safepoint: 33700 ns, At safepoint: 2644100 ns, Total: 2677800 ns
[2025-03-25T13:00:22.085+0000][27564][info ][gc,marking  ] GC(11) Concurrent Mark 7.554ms
[2025-03-25T13:00:22.085+0000][27564][info ][gc,marking  ] GC(11) Concurrent Rebuild Remembered Sets and Scrub Regions
[2025-03-25T13:00:22.086+0000][27564][info ][gc,marking  ] GC(11) Concurrent Rebuild Remembered Sets and Scrub Regions 1.329ms
[2025-03-25T13:00:22.086+0000][27564][info ][gc,start    ] GC(11) Pause Cleanup
[2025-03-25T13:00:22.086+0000][27564][info ][gc          ] GC(11) Pause Cleanup 54M->54M(8148M) 0.037ms
[2025-03-25T13:00:22.086+0000][27564][info ][gc,cpu      ] GC(11) User=0.00s Sys=0.00s Real=0.00s
[2025-03-25T13:00:22.086+0000][27564][info ][safepoint   ] Safepoint "G1PauseCleanup", Time since last: 1409400 ns, Reaching safepoint: 331000 ns, At safepoint: 80300 ns, Total: 411300 ns
[2025-03-25T13:00:22.086+0000][27564][info ][gc,marking  ] GC(11) Concurrent Clear Claimed Marks
[2025-03-25T13:00:22.086+0000][27564][info ][gc,marking  ] GC(11) Concurrent Clear Claimed Marks 0.053ms
[2025-03-25T13:00:22.087+0000][27564][info ][gc,marking  ] GC(11) Concurrent Cleanup for Next Mark
[2025-03-25T13:00:22.094+0000][27564][info ][gc,marking  ] GC(11) Concurrent Cleanup for Next Mark 8.368ms
[2025-03-25T13:00:22.094+0000][27564][info ][gc          ] GC(11) Concurrent Mark Cycle 19.805ms
[2025-03-25T13:00:24.321+0000][27564][info ][gc,start    ] GC(12) Pause Young (Normal) (G1 Evacuation Pause)
[2025-03-25T13:00:24.321+0000][27564][info ][gc,task     ] GC(12) Using 18 workers of 18 for evacuation
[2025-03-25T13:00:24.321+0000][27564][debug][gc,age      ] GC(12) Desired survivor size 44040192 bytes, new threshold 15 (max threshold 15)
[2025-03-25T13:00:24.334+0000][27564][info ][gc,phases   ] GC(12)   Pre Evacuate Collection Set: 0.18ms
[2025-03-25T13:00:24.334+0000][27564][info ][gc,phases   ] GC(12)   Merge Heap Roots: 0.10ms
[2025-03-25T13:00:24.334+0000][27564][info ][gc,phases   ] GC(12)   Evacuate Collection Set: 11.20ms
[2025-03-25T13:00:24.334+0000][27564][info ][gc,phases   ] GC(12)   Post Evacuate Collection Set: 1.03ms
[2025-03-25T13:00:24.334+0000][27564][info ][gc,phases   ] GC(12)   Other: 0.11ms
[2025-03-25T13:00:24.334+0000][27564][trace][gc,age      ] GC(12) Age table:
[2025-03-25T13:00:24.334+0000][27564][trace][gc,age      ] GC(12) - age   1:   11764464 bytes,   11764464 total
[2025-03-25T13:00:24.334+0000][27564][trace][gc,age      ] GC(12) - age   2:    6226864 bytes,   17991328 total
[2025-03-25T13:00:24.334+0000][27564][trace][gc,age      ] GC(12) - age   3:    6724256 bytes,   24715584 total
[2025-03-25T13:00:24.334+0000][27564][trace][gc,age      ] GC(12) - age   4:    3838528 bytes,   28554112 total
[2025-03-25T13:00:24.334+0000][27564][trace][gc,age      ] GC(12) - age   5:    3127800 bytes,   31681912 total
[2025-03-25T13:00:24.334+0000][27564][trace][gc,age      ] GC(12) - age   6:    3520120 bytes,   35202032 total
[2025-03-25T13:00:24.334+0000][27564][trace][gc,age      ] GC(12) - age   7:    2581592 bytes,   37783624 total
[2025-03-25T13:00:24.334+0000][27564][trace][gc,age      ] GC(12) - age   8:    3787888 bytes,   41571512 total
[2025-03-25T13:00:24.334+0000][27564][trace][gc,age      ] GC(12) - age   9:    4958752 bytes,   46530264 total
[2025-03-25T13:00:24.334+0000][27564][info ][gc,heap     ] GC(12) Eden regions: 153->0(166)
[2025-03-25T13:00:24.334+0000][27564][info ][gc,heap     ] GC(12) Survivor regions: 10->13(21)
[2025-03-25T13:00:24.334+0000][27564][info ][gc,heap     ] GC(12) Old regions: 4->4
[2025-03-25T13:00:24.334+0000][27564][info ][gc,heap     ] GC(12) Humongous regions: 0->0
[2025-03-25T13:00:24.334+0000][27564][info ][gc,metaspace] GC(12) Metaspace: 77984K(79936K)->77984K(79936K) NonClass: 67492K(68672K)->67492K(68672K) Class: 10491K(11264K)->10491K(11264K)
[2025-03-25T13:00:24.334+0000][27564][info ][gc          ] GC(12) Pause Young (Normal) (G1 Evacuation Pause) 664M->63M(8148M) 12.942ms
[2025-03-25T13:00:24.334+0000][27564][info ][gc,cpu      ] GC(12) User=0.00s Sys=0.00s Real=0.01s
[2025-03-25T13:00:24.334+0000][27564][info ][safepoint   ] Safepoint "G1CollectForAllocation", Time since last: 2234999300 ns, Reaching safepoint: 3600 ns, At safepoint: 12996600 ns, Total: 13000200 ns
[2025-03-25T13:00:26.420+0000][27564][info ][gc,start    ] GC(13) Pause Young (Concurrent Start) (Metadata GC Threshold)
[2025-03-25T13:00:26.420+0000][27564][info ][gc,task     ] GC(13) Using 18 workers of 18 for evacuation
[2025-03-25T13:00:26.420+0000][27564][debug][gc,age      ] GC(13) Desired survivor size 48234496 bytes, new threshold 15 (max threshold 15)
[2025-03-25T13:00:26.435+0000][27564][info ][gc,phases   ] GC(13)   Pre Evacuate Collection Set: 0.25ms
[2025-03-25T13:00:26.435+0000][27564][info ][gc,phases   ] GC(13)   Merge Heap Roots: 0.09ms
[2025-03-25T13:00:26.435+0000][27564][info ][gc,phases   ] GC(13)   Evacuate Collection Set: 13.68ms
[2025-03-25T13:00:26.435+0000][27564][info ][gc,phases   ] GC(13)   Post Evacuate Collection Set: 1.17ms
[2025-03-25T13:00:26.435+0000][27564][info ][gc,phases   ] GC(13)   Other: 0.10ms
[2025-03-25T13:00:26.435+0000][27564][trace][gc,age      ] GC(13) Age table:
[2025-03-25T13:00:26.435+0000][27564][trace][gc,age      ] GC(13) - age   1:   10367936 bytes,   10367936 total
[2025-03-25T13:00:26.435+0000][27564][trace][gc,age      ] GC(13) - age   2:   11324928 bytes,   21692864 total
[2025-03-25T13:00:26.435+0000][27564][trace][gc,age      ] GC(13) - age   3:    6093744 bytes,   27786608 total
[2025-03-25T13:00:26.435+0000][27564][trace][gc,age      ] GC(13) - age   4:    6715280 bytes,   34501888 total
[2025-03-25T13:00:26.435+0000][27564][trace][gc,age      ] GC(13) - age   5:    3823216 bytes,   38325104 total
[2025-03-25T13:00:26.435+0000][27564][trace][gc,age      ] GC(13) - age   6:    3119936 bytes,   41445040 total
[2025-03-25T13:00:26.435+0000][27564][trace][gc,age      ] GC(13) - age   7:    3509104 bytes,   44954144 total
[2025-03-25T13:00:26.435+0000][27564][trace][gc,age      ] GC(13) - age   8:    2578160 bytes,   47532304 total
[2025-03-25T13:00:26.435+0000][27564][trace][gc,age      ] GC(13) - age   9:    3784136 bytes,   51316440 total
[2025-03-25T13:00:26.435+0000][27564][trace][gc,age      ] GC(13) - age  10:    4948312 bytes,   56264752 total
[2025-03-25T13:00:26.435+0000][27564][info ][gc,heap     ] GC(13) Eden regions: 105->0(207)
[2025-03-25T13:00:26.435+0000][27564][info ][gc,heap     ] GC(13) Survivor regions: 13->15(23)
[2025-03-25T13:00:26.435+0000][27564][info ][gc,heap     ] GC(13) Old regions: 4->4
[2025-03-25T13:00:26.435+0000][27564][info ][gc,heap     ] GC(13) Humongous regions: 0->0
[2025-03-25T13:00:26.435+0000][27564][info ][gc,metaspace] GC(13) Metaspace: 99000K(101056K)->99000K(101056K) NonClass: 85506K(86656K)->85506K(86656K) Class: 13494K(14400K)->13494K(14400K)
[2025-03-25T13:00:26.435+0000][27564][info ][gc          ] GC(13) Pause Young (Concurrent Start) (Metadata GC Threshold) 483M->74M(8148M) 15.609ms
[2025-03-25T13:00:26.435+0000][27564][info ][gc          ] GC(14) Concurrent Mark Cycle
[2025-03-25T13:00:26.435+0000][27564][info ][gc,cpu      ] GC(13) User=0.02s Sys=0.00s Real=0.01s
[2025-03-25T13:00:26.435+0000][27564][info ][gc,marking  ] GC(14) Concurrent Scan Root Regions
[2025-03-25T13:00:26.435+0000][27564][info ][safepoint   ] Safepoint "CollectForMetadataAllocation", Time since last: 2086000000 ns, Reaching safepoint: 3800 ns, At safepoint: 15740300 ns, Total: 15744100 ns
[2025-03-25T13:00:26.440+0000][27564][info ][gc,marking  ] GC(14) Concurrent Scan Root Regions 3.853ms
[2025-03-25T13:00:26.440+0000][27564][info ][gc,marking  ] GC(14) Concurrent Mark
[2025-03-25T13:00:26.440+0000][27564][info ][gc,marking  ] GC(14) Concurrent Mark From Roots
[2025-03-25T13:00:26.440+0000][27564][info ][gc,task     ] GC(14) Using 5 workers of 5 for marking
[2025-03-25T13:00:26.444+0000][27564][info ][gc,marking  ] GC(14) Concurrent Mark From Roots 4.535ms
[2025-03-25T13:00:26.444+0000][27564][info ][gc,marking  ] GC(14) Concurrent Preclean
[2025-03-25T13:00:26.444+0000][27564][info ][gc,marking  ] GC(14) Concurrent Preclean 0.055ms
[2025-03-25T13:00:26.445+0000][27564][info ][gc,start    ] GC(14) Pause Remark
[2025-03-25T13:00:26.447+0000][27564][info ][gc          ] GC(14) Pause Remark 77M->77M(8148M) 2.863ms
[2025-03-25T13:00:26.447+0000][27564][info ][gc,cpu      ] GC(14) User=0.02s Sys=0.00s Real=0.00s
[2025-03-25T13:00:26.447+0000][27564][info ][safepoint   ] Safepoint "G1PauseRemark", Time since last: 8472800 ns, Reaching safepoint: 13100 ns, At safepoint: 2918400 ns, Total: 2931500 ns
[2025-03-25T13:00:26.447+0000][27564][info ][gc,marking  ] GC(14) Concurrent Mark 7.607ms
[2025-03-25T13:00:26.447+0000][27564][info ][gc,marking  ] GC(14) Concurrent Rebuild Remembered Sets and Scrub Regions
[2025-03-25T13:00:26.448+0000][27564][info ][gc,marking  ] GC(14) Concurrent Rebuild Remembered Sets and Scrub Regions 1.264ms
[2025-03-25T13:00:26.448+0000][27564][info ][gc,start    ] GC(14) Pause Cleanup
[2025-03-25T13:00:26.448+0000][27564][info ][gc          ] GC(14) Pause Cleanup 77M->77M(8148M) 0.045ms
[2025-03-25T13:00:26.448+0000][27564][info ][gc,cpu      ] GC(14) User=0.00s Sys=0.00s Real=0.00s
[2025-03-25T13:00:26.448+0000][27564][info ][safepoint   ] Safepoint "G1PauseCleanup", Time since last: 1334400 ns, Reaching safepoint: 3100 ns, At safepoint: 91800 ns, Total: 94900 ns
[2025-03-25T13:00:26.448+0000][27564][info ][gc,marking  ] GC(14) Concurrent Clear Claimed Marks
[2025-03-25T13:00:26.448+0000][27564][info ][gc,marking  ] GC(14) Concurrent Clear Claimed Marks 0.069ms
[2025-03-25T13:00:26.448+0000][27564][info ][gc,marking  ] GC(14) Concurrent Cleanup for Next Mark
[2025-03-25T13:00:26.456+0000][27564][info ][gc,marking  ] GC(14) Concurrent Cleanup for Next Mark 7.698ms
[2025-03-25T13:00:26.456+0000][27564][info ][gc          ] GC(14) Concurrent Mark Cycle 20.760ms
[2025-03-25T13:00:29.895+0000][27564][info ][gc,start    ] GC(15) Pause Young (Normal) (G1 Evacuation Pause)
[2025-03-25T13:00:29.895+0000][27564][info ][gc,task     ] GC(15) Using 18 workers of 18 for evacuation
[2025-03-25T13:00:29.895+0000][27564][debug][gc,age      ] GC(15) Desired survivor size 58720256 bytes, new threshold 15 (max threshold 15)
[2025-03-25T13:00:29.926+0000][27564][info ][gc,phases   ] GC(15)   Pre Evacuate Collection Set: 0.23ms
[2025-03-25T13:00:29.926+0000][27564][info ][gc,phases   ] GC(15)   Merge Heap Roots: 0.14ms
[2025-03-25T13:00:29.926+0000][27564][info ][gc,phases   ] GC(15)   Evacuate Collection Set: 27.38ms
[2025-03-25T13:00:29.926+0000][27564][info ][gc,phases   ] GC(15)   Post Evacuate Collection Set: 2.32ms
[2025-03-25T13:00:29.926+0000][27564][info ][gc,phases   ] GC(15)   Other: 0.12ms
[2025-03-25T13:00:29.926+0000][27564][trace][gc,age      ] GC(15) Age table:
[2025-03-25T13:00:29.926+0000][27564][trace][gc,age      ] GC(15) - age   1:   37058088 bytes,   37058088 total
[2025-03-25T13:00:29.926+0000][27564][trace][gc,age      ] GC(15) - age   2:    9959448 bytes,   47017536 total
[2025-03-25T13:00:29.926+0000][27564][trace][gc,age      ] GC(15) - age   3:   11157480 bytes,   58175016 total
[2025-03-25T13:00:29.926+0000][27564][trace][gc,age      ] GC(15) - age   4:    6061704 bytes,   64236720 total
[2025-03-25T13:00:29.926+0000][27564][trace][gc,age      ] GC(15) - age   5:    6711816 bytes,   70948536 total
[2025-03-25T13:00:29.926+0000][27564][trace][gc,age      ] GC(15) - age   6:    3817296 bytes,   74765832 total
[2025-03-25T13:00:29.926+0000][27564][trace][gc,age      ] GC(15) - age   7:    3116688 bytes,   77882520 total
[2025-03-25T13:00:29.926+0000][27564][trace][gc,age      ] GC(15) - age   8:    3506472 bytes,   81388992 total
[2025-03-25T13:00:29.926+0000][27564][trace][gc,age      ] GC(15) - age   9:    2573168 bytes,   83962160 total
[2025-03-25T13:00:29.926+0000][27564][trace][gc,age      ] GC(15) - age  10:    3777624 bytes,   87739784 total
[2025-03-25T13:00:29.926+0000][27564][trace][gc,age      ] GC(15) - age  11:    4941160 bytes,   92680944 total
[2025-03-25T13:00:29.926+0000][27564][info ][gc,heap     ] GC(15) Eden regions: 207->0(187)
[2025-03-25T13:00:29.926+0000][27564][info ][gc,heap     ] GC(15) Survivor regions: 15->25(28)
[2025-03-25T13:00:29.926+0000][27564][info ][gc,heap     ] GC(15) Old regions: 4->4
[2025-03-25T13:00:29.926+0000][27564][info ][gc,heap     ] GC(15) Humongous regions: 2->2
[2025-03-25T13:00:29.926+0000][27564][info ][gc,metaspace] GC(15) Metaspace: 144530K(148736K)->144530K(148736K) NonClass: 123872K(126144K)->123872K(126144K) Class: 20658K(22592K)->20658K(22592K)
[2025-03-25T13:00:29.926+0000][27564][info ][gc          ] GC(15) Pause Young (Normal) (G1 Evacuation Pause) 910M->120M(8148M) 30.526ms
[2025-03-25T13:00:29.926+0000][27564][info ][gc,cpu      ] GC(15) User=0.06s Sys=0.00s Real=0.03s
[2025-03-25T13:00:29.926+0000][27564][info ][safepoint   ] Safepoint "G1CollectForAllocation", Time since last: 3446399300 ns, Reaching safepoint: 9300 ns, At safepoint: 30619200 ns, Total: 30628500 ns
[2025-03-25T13:01:01.282+0000][27564][info ][gc,start    ] GC(16) Pause Young (Normal) (G1 Evacuation Pause)
[2025-03-25T13:01:01.282+0000][27564][info ][gc,task     ] GC(16) Using 18 workers of 18 for evacuation
[2025-03-25T13:01:01.282+0000][27564][debug][gc,age      ] GC(16) Desired survivor size 56623104 bytes, new threshold 3 (max threshold 15)
[2025-03-25T13:01:01.323+0000][27564][info ][gc,phases   ] GC(16)   Pre Evacuate Collection Set: 0.24ms
[2025-03-25T13:01:01.324+0000][27564][info ][gc,phases   ] GC(16)   Merge Heap Roots: 0.11ms
[2025-03-25T13:01:01.324+0000][27564][info ][gc,phases   ] GC(16)   Evacuate Collection Set: 39.17ms
[2025-03-25T13:01:01.324+0000][27564][info ][gc,phases   ] GC(16)   Post Evacuate Collection Set: 2.32ms
[2025-03-25T13:01:01.324+0000][27564][info ][gc,phases   ] GC(16)   Other: 0.09ms
[2025-03-25T13:01:01.324+0000][27564][trace][gc,age      ] GC(16) Age table:
[2025-03-25T13:01:01.324+0000][27564][trace][gc,age      ] GC(16) - age   1:   69681904 bytes,   69681904 total
[2025-03-25T13:01:01.324+0000][27564][trace][gc,age      ] GC(16) - age   2:   23908944 bytes,   93590848 total
[2025-03-25T13:01:01.324+0000][27564][trace][gc,age      ] GC(16) - age   3:    8752768 bytes,  102343616 total
[2025-03-25T13:01:01.324+0000][27564][info ][gc,heap     ] GC(16) Eden regions: 187->0(213)
[2025-03-25T13:01:01.324+0000][27564][info ][gc,heap     ] GC(16) Survivor regions: 25->27(27)
[2025-03-25T13:01:01.324+0000][27564][info ][gc,heap     ] GC(16) Old regions: 4->20
[2025-03-25T13:01:01.324+0000][27564][info ][gc,heap     ] GC(16) Humongous regions: 2->2
[2025-03-25T13:01:01.324+0000][27564][info ][gc,metaspace] GC(16) Metaspace: 153029K(157376K)->153029K(157376K) NonClass: 131015K(133376K)->131015K(133376K) Class: 22014K(24000K)->22014K(24000K)
[2025-03-25T13:01:01.324+0000][27564][info ][gc          ] GC(16) Pause Young (Normal) (G1 Evacuation Pause) 868M->193M(8148M) 42.236ms
[2025-03-25T13:01:01.324+0000][27564][info ][gc,cpu      ] GC(16) User=0.20s Sys=0.17s Real=0.04s
[2025-03-25T13:01:01.324+0000][27564][info ][safepoint   ] Safepoint "G1CollectForAllocation", Time since last: 31356116500 ns, Reaching safepoint: 22700 ns, At safepoint: 42388300 ns, Total: 42411000 ns
[2025-03-25T13:01:02.754+0000][27564][info ][gc,start    ] GC(17) Pause Young (Normal) (G1 Evacuation Pause)
[2025-03-25T13:01:02.754+0000][27564][info ][gc,task     ] GC(17) Using 18 workers of 18 for evacuation
[2025-03-25T13:01:02.754+0000][27564][debug][gc,age      ] GC(17) Desired survivor size 62914560 bytes, new threshold 1 (max threshold 15)
[2025-03-25T13:01:02.778+0000][27564][info ][gc,phases   ] GC(17)   Pre Evacuate Collection Set: 0.21ms
[2025-03-25T13:01:02.778+0000][27564][info ][gc,phases   ] GC(17)   Merge Heap Roots: 0.20ms
[2025-03-25T13:01:02.778+0000][27564][info ][gc,phases   ] GC(17)   Evacuate Collection Set: 21.93ms
[2025-03-25T13:01:02.778+0000][27564][info ][gc,phases   ] GC(17)   Post Evacuate Collection Set: 1.15ms
[2025-03-25T13:01:02.778+0000][27564][info ][gc,phases   ] GC(17)   Other: 0.11ms
[2025-03-25T13:01:02.778+0000][27564][trace][gc,age      ] GC(17) Age table:
[2025-03-25T13:01:02.778+0000][27564][trace][gc,age      ] GC(17) - age   1:    6013800 bytes,    6013800 total
[2025-03-25T13:01:02.778+0000][27564][info ][gc,heap     ] GC(17) Eden regions: 213->0(265)
[2025-03-25T13:01:02.778+0000][27564][info ][gc,heap     ] GC(17) Survivor regions: 27->3(30)
[2025-03-25T13:01:02.778+0000][27564][info ][gc,heap     ] GC(17) Old regions: 20->49
[2025-03-25T13:01:02.778+0000][27564][info ][gc,heap     ] GC(17) Humongous regions: 2->2
[2025-03-25T13:01:02.778+0000][27564][info ][gc,metaspace] GC(17) Metaspace: 155912K(160384K)->155912K(160384K) NonClass: 133625K(136064K)->133625K(136064K) Class: 22287K(24320K)->22287K(24320K)
[2025-03-25T13:01:02.778+0000][27564][info ][gc          ] GC(17) Pause Young (Normal) (G1 Evacuation Pause) 1045M->211M(8148M) 23.895ms
[2025-03-25T13:01:02.778+0000][27564][info ][gc,cpu      ] GC(17) User=0.19s Sys=0.09s Real=0.02s
[2025-03-25T13:01:02.778+0000][27564][info ][safepoint   ] Safepoint "G1CollectForAllocation", Time since last: 1429833300 ns, Reaching safepoint: 18900 ns, At safepoint: 24068700 ns, Total: 24087600 ns
[2025-03-25T13:01:21.447+0000][27564][info ][gc,start    ] GC(18) Pause Young (Concurrent Start) (CodeCache GC Threshold)
[2025-03-25T13:01:21.447+0000][27564][info ][gc,task     ] GC(18) Using 18 workers of 18 for evacuation
[2025-03-25T13:01:21.448+0000][27564][debug][gc,age      ] GC(18) Desired survivor size 77594624 bytes, new threshold 15 (max threshold 15)
[2025-03-25T13:01:21.451+0000][27564][info ][gc,phases   ] GC(18)   Pre Evacuate Collection Set: 0.29ms
[2025-03-25T13:01:21.451+0000][27564][info ][gc,phases   ] GC(18)   Merge Heap Roots: 0.10ms
[2025-03-25T13:01:21.451+0000][27564][info ][gc,phases   ] GC(18)   Evacuate Collection Set: 2.36ms
[2025-03-25T13:01:21.451+0000][27564][info ][gc,phases   ] GC(18)   Post Evacuate Collection Set: 0.59ms
[2025-03-25T13:01:21.451+0000][27564][info ][gc,phases   ] GC(18)   Other: 0.15ms
[2025-03-25T13:01:21.451+0000][27564][trace][gc,age      ] GC(18) Age table:
[2025-03-25T13:01:21.451+0000][27564][trace][gc,age      ] GC(18) - age   1:    8007104 bytes,    8007104 total
[2025-03-25T13:01:21.451+0000][27564][trace][gc,age      ] GC(18) - age   2:    4441256 bytes,   12448360 total
[2025-03-25T13:01:21.451+0000][27564][info ][gc,heap     ] GC(18) Eden regions: 83->0(373)
[2025-03-25T13:01:21.451+0000][27564][info ][gc,heap     ] GC(18) Survivor regions: 3->4(37)
[2025-03-25T13:01:21.451+0000][27564][info ][gc,heap     ] GC(18) Old regions: 49->49
[2025-03-25T13:01:21.451+0000][27564][info ][gc,heap     ] GC(18) Humongous regions: 2->2
[2025-03-25T13:01:21.451+0000][27564][info ][gc,metaspace] GC(18) Metaspace: 160057K(164544K)->160057K(164544K) NonClass: 137286K(139776K)->137286K(139776K) Class: 22770K(24768K)->22770K(24768K)
[2025-03-25T13:01:21.451+0000][27564][info ][gc          ] GC(18) Pause Young (Concurrent Start) (CodeCache GC Threshold) 543M->215M(8148M) 3.714ms
[2025-03-25T13:01:21.451+0000][27564][info ][gc          ] GC(19) Concurrent Mark Cycle
[2025-03-25T13:01:21.451+0000][27564][info ][gc,cpu      ] GC(18) User=0.00s Sys=0.00s Real=0.00s
[2025-03-25T13:01:21.451+0000][27564][info ][gc,marking  ] GC(19) Concurrent Scan Root Regions
[2025-03-25T13:01:21.451+0000][27564][info ][safepoint   ] Safepoint "G1TryInitiateConcMark", Time since last: 18669654400 ns, Reaching safepoint: 15300 ns, At safepoint: 3845800 ns, Total: 3861100 ns
[2025-03-25T13:01:21.454+0000][27564][info ][gc,marking  ] GC(19) Concurrent Scan Root Regions 2.426ms
[2025-03-25T13:01:21.454+0000][27564][info ][gc,marking  ] GC(19) Concurrent Mark
[2025-03-25T13:01:21.454+0000][27564][info ][gc,marking  ] GC(19) Concurrent Mark From Roots
[2025-03-25T13:01:21.454+0000][27564][info ][gc,task     ] GC(19) Using 5 workers of 5 for marking
[2025-03-25T13:01:21.476+0000][27564][info ][gc,marking  ] GC(19) Concurrent Mark From Roots 21.351ms
[2025-03-25T13:01:21.476+0000][27564][info ][gc,marking  ] GC(19) Concurrent Preclean
[2025-03-25T13:01:21.476+0000][27564][info ][gc,marking  ] GC(19) Concurrent Preclean 0.161ms
[2025-03-25T13:01:21.476+0000][27564][info ][gc,start    ] GC(19) Pause Remark
[2025-03-25T13:01:21.491+0000][27564][info ][gc          ] GC(19) Pause Remark 218M->214M(8148M) 15.277ms
[2025-03-25T13:01:21.491+0000][27564][info ][gc,cpu      ] GC(19) User=0.00s Sys=0.00s Real=0.01s
[2025-03-25T13:01:21.491+0000][27564][info ][safepoint   ] Safepoint "G1PauseRemark", Time since last: 24036200 ns, Reaching safepoint: 17100 ns, At safepoint: 15456700 ns, Total: 15473800 ns
[2025-03-25T13:01:21.491+0000][27564][info ][gc,marking  ] GC(19) Concurrent Mark 37.129ms
[2025-03-25T13:01:21.491+0000][27564][info ][gc,marking  ] GC(19) Concurrent Rebuild Remembered Sets and Scrub Regions
[2025-03-25T13:01:21.497+0000][27564][info ][gc,marking  ] GC(19) Concurrent Rebuild Remembered Sets and Scrub Regions 6.327ms
[2025-03-25T13:01:21.497+0000][27564][info ][gc,start    ] GC(19) Pause Cleanup
[2025-03-25T13:01:21.497+0000][27564][info ][gc          ] GC(19) Pause Cleanup 215M->215M(8148M) 0.053ms
[2025-03-25T13:01:21.497+0000][27564][info ][gc,cpu      ] GC(19) User=0.00s Sys=0.00s Real=0.00s
[2025-03-25T13:01:21.497+0000][27564][info ][safepoint   ] Safepoint "G1PauseCleanup", Time since last: 6441300 ns, Reaching safepoint: 16200 ns, At safepoint: 117000 ns, Total: 133200 ns
[2025-03-25T13:01:21.497+0000][27564][info ][gc,marking  ] GC(19) Concurrent Clear Claimed Marks
[2025-03-25T13:01:21.497+0000][27564][info ][gc,marking  ] GC(19) Concurrent Clear Claimed Marks 0.094ms
[2025-03-25T13:01:21.498+0000][27564][info ][gc,marking  ] GC(19) Concurrent Cleanup for Next Mark
[2025-03-25T13:01:21.504+0000][27564][info ][gc,marking  ] GC(19) Concurrent Cleanup for Next Mark 6.867ms
[2025-03-25T13:01:21.504+0000][27564][info ][gc          ] GC(19) Concurrent Mark Cycle 53.206ms
[2025-03-25T13:05:21.950+0000][27564][info ][gc,start    ] GC(20) Pause Young (Prepare Mixed) (G1 Evacuation Pause)
[2025-03-25T13:05:21.950+0000][27564][info ][gc,task     ] GC(20) Using 18 workers of 18 for evacuation
[2025-03-25T13:05:21.950+0000][27564][debug][gc,age      ] GC(20) Desired survivor size 104857600 bytes, new threshold 15 (max threshold 15)
[2025-03-25T13:05:21.953+0000][27564][info ][gc,phases   ] GC(20)   Pre Evacuate Collection Set: 0.24ms
[2025-03-25T13:05:21.954+0000][27564][info ][gc,phases   ] GC(20)   Merge Heap Roots: 0.16ms
[2025-03-25T13:05:21.954+0000][27564][info ][gc,phases   ] GC(20)   Evacuate Collection Set: 2.80ms
[2025-03-25T13:05:21.954+0000][27564][info ][gc,phases   ] GC(20)   Post Evacuate Collection Set: 0.76ms
[2025-03-25T13:05:21.954+0000][27564][info ][gc,phases   ] GC(20)   Other: 0.12ms
[2025-03-25T13:05:21.954+0000][27564][trace][gc,age      ] GC(20) Age table:
[2025-03-25T13:05:21.954+0000][27564][trace][gc,age      ] GC(20) - age   1:    6165584 bytes,    6165584 total
[2025-03-25T13:05:21.954+0000][27564][trace][gc,age      ] GC(20) - age   2:    6641816 bytes,   12807400 total
[2025-03-25T13:05:21.954+0000][27564][trace][gc,age      ] GC(20) - age   3:    4341392 bytes,   17148792 total
[2025-03-25T13:05:21.954+0000][27564][info ][gc,heap     ] GC(20) Eden regions: 396->0(365)
[2025-03-25T13:05:21.954+0000][27564][info ][gc,heap     ] GC(20) Survivor regions: 4->5(50)
[2025-03-25T13:05:21.954+0000][27564][info ][gc,heap     ] GC(20) Old regions: 48->48
[2025-03-25T13:05:21.954+0000][27564][info ][gc,heap     ] GC(20) Humongous regions: 2->2
[2025-03-25T13:05:21.954+0000][27564][info ][gc,metaspace] GC(20) Metaspace: 164579K(169344K)->164579K(169344K) NonClass: 141198K(143808K)->141198K(143808K) Class: 23381K(25536K)->23381K(25536K)
[2025-03-25T13:05:21.954+0000][27564][info ][gc          ] GC(20) Pause Young (Prepare Mixed) (G1 Evacuation Pause) 1795M->215M(8148M) 4.366ms
[2025-03-25T13:05:21.954+0000][27564][info ][gc,cpu      ] GC(20) User=0.00s Sys=0.00s Real=0.00s
[2025-03-25T13:05:21.954+0000][27564][info ][safepoint   ] Safepoint "G1CollectForAllocation", Time since last: 240451478300 ns, Reaching safepoint: 18000 ns, At safepoint: 4484900 ns, Total: 4502900 ns
[2025-03-25T13:10:18.696+0000][27564][info ][gc,start    ] GC(21) Pause Young (Mixed) (G1 Evacuation Pause)
[2025-03-25T13:10:18.696+0000][27564][info ][gc,task     ] GC(21) Using 18 workers of 18 for evacuation
[2025-03-25T13:10:18.696+0000][27564][debug][gc,age      ] GC(21) Desired survivor size 100663296 bytes, new threshold 15 (max threshold 15)
[2025-03-25T13:10:18.704+0000][27564][info ][gc,phases   ] GC(21)   Pre Evacuate Collection Set: 0.28ms
[2025-03-25T13:10:18.704+0000][27564][info ][gc,phases   ] GC(21)   Merge Heap Roots: 0.19ms
[2025-03-25T13:10:18.704+0000][27564][info ][gc,phases   ] GC(21)   Evacuate Collection Set: 5.51ms
[2025-03-25T13:10:18.704+0000][27564][info ][gc,phases   ] GC(21)   Post Evacuate Collection Set: 1.20ms
[2025-03-25T13:10:18.704+0000][27564][info ][gc,phases   ] GC(21)   Other: 0.13ms
[2025-03-25T13:10:18.704+0000][27564][trace][gc,age      ] GC(21) Age table:
[2025-03-25T13:10:18.704+0000][27564][trace][gc,age      ] GC(21) - age   1:    8889592 bytes,    8889592 total
[2025-03-25T13:10:18.704+0000][27564][trace][gc,age      ] GC(21) - age   2:    3731032 bytes,   12620624 total
[2025-03-25T13:10:18.704+0000][27564][trace][gc,age      ] GC(21) - age   3:    6289256 bytes,   18909880 total
[2025-03-25T13:10:18.704+0000][27564][trace][gc,age      ] GC(21) - age   4:    4256680 bytes,   23166560 total
[2025-03-25T13:10:18.704+0000][27564][info ][gc,heap     ] GC(21) Eden regions: 377->0(433)
[2025-03-25T13:10:18.704+0000][27564][info ][gc,heap     ] GC(21) Survivor regions: 5->7(48)
[2025-03-25T13:10:18.704+0000][27564][info ][gc,heap     ] GC(21) Old regions: 48->49
[2025-03-25T13:10:18.704+0000][27564][info ][gc,heap     ] GC(21) Humongous regions: 2->2
[2025-03-25T13:10:18.704+0000][27564][info ][gc,metaspace] GC(21) Metaspace: 165434K(170112K)->165434K(170112K) NonClass: 142005K(144576K)->142005K(144576K) Class: 23428K(25536K)->23428K(25536K)
[2025-03-25T13:10:18.704+0000][27564][info ][gc          ] GC(21) Pause Young (Mixed) (G1 Evacuation Pause) (Evacuation Failure: Pinned) 1723M->226M(8148M) 7.608ms
[2025-03-25T13:10:18.704+0000][27564][info ][gc,cpu      ] GC(21) User=0.00s Sys=0.00s Real=0.01s
[2025-03-25T13:10:18.705+0000][27564][info ][safepoint   ] Safepoint "G1CollectForAllocation", Time since last: 296742927900 ns, Reaching safepoint: 29100 ns, At safepoint: 7765400 ns, Total: 7794500 ns
[2025-03-25T13:14:37.633+0000][27564][info ][gc,start    ] GC(22) Pause Young (Mixed) (G1 Evacuation Pause)
[2025-03-25T13:14:37.633+0000][27564][info ][gc,task     ] GC(22) Using 18 workers of 18 for evacuation
[2025-03-25T13:14:37.633+0000][27564][debug][gc,age      ] GC(22) Desired survivor size 119537664 bytes, new threshold 15 (max threshold 15)
[2025-03-25T13:14:37.637+0000][27564][info ][gc,phases   ] GC(22)   Pre Evacuate Collection Set: 0.23ms
[2025-03-25T13:14:37.637+0000][27564][info ][gc,phases   ] GC(22)   Merge Heap Roots: 0.18ms
[2025-03-25T13:14:37.637+0000][27564][info ][gc,phases   ] GC(22)   Evacuate Collection Set: 3.44ms
[2025-03-25T13:14:37.637+0000][27564][info ][gc,phases   ] GC(22)   Post Evacuate Collection Set: 0.75ms
[2025-03-25T13:14:37.637+0000][27564][info ][gc,phases   ] GC(22)   Other: 0.11ms
[2025-03-25T13:14:37.637+0000][27564][trace][gc,age      ] GC(22) Age table:
[2025-03-25T13:14:37.637+0000][27564][trace][gc,age      ] GC(22) - age   1:    3008752 bytes,    3008752 total
[2025-03-25T13:14:37.637+0000][27564][trace][gc,age      ] GC(22) - age   2:    5382184 bytes,    8390936 total
[2025-03-25T13:14:37.637+0000][27564][trace][gc,age      ] GC(22) - age   3:    3606896 bytes,   11997832 total
[2025-03-25T13:14:37.637+0000][27564][trace][gc,age      ] GC(22) - age   4:    6278736 bytes,   18276568 total
[2025-03-25T13:14:37.637+0000][27564][trace][gc,age      ] GC(22) - age   5:    4231880 bytes,   22508448 total
[2025-03-25T13:14:37.637+0000][27564][info ][gc,heap     ] GC(22) Eden regions: 445->0(473)
[2025-03-25T13:14:37.637+0000][27564][info ][gc,heap     ] GC(22) Survivor regions: 7->6(57)
[2025-03-25T13:14:37.637+0000][27564][info ][gc,heap     ] GC(22) Old regions: 49->47
[2025-03-25T13:14:37.637+0000][27564][info ][gc,heap     ] GC(22) Humongous regions: 2->2
[2025-03-25T13:14:37.637+0000][27564][info ][gc,metaspace] GC(22) Metaspace: 166548K(171328K)->166548K(171328K) NonClass: 143043K(145664K)->143043K(145664K) Class: 23504K(25664K)->23504K(25664K)
[2025-03-25T13:14:37.637+0000][27564][info ][gc          ] GC(22) Pause Young (Mixed) (G1 Evacuation Pause) 2006M->218M(8148M) 5.004ms
[2025-03-25T13:14:37.637+0000][27564][info ][gc,cpu      ] GC(22) User=0.00s Sys=0.00s Real=0.00s
[2025-03-25T13:14:37.637+0000][27564][info ][safepoint   ] Safepoint "G1CollectForAllocation", Time since last: 258928016900 ns, Reaching safepoint: 26800 ns, At safepoint: 5101000 ns, Total: 5127800 ns
[2025-03-25T13:21:56.997+0000][27564][info ][gc,start    ] GC(23) Pause Young (Concurrent Start) (CodeCache GC Threshold)
[2025-03-25T13:21:56.997+0000][27564][info ][gc,task     ] GC(23) Using 18 workers of 18 for evacuation
[2025-03-25T13:21:56.997+0000][27564][debug][gc,age      ] GC(23) Desired survivor size 130023424 bytes, new threshold 15 (max threshold 15)
[2025-03-25T13:21:57.003+0000][27564][info ][gc,phases   ] GC(23)   Pre Evacuate Collection Set: 0.39ms
[2025-03-25T13:21:57.003+0000][27564][info ][gc,phases   ] GC(23)   Merge Heap Roots: 0.21ms
[2025-03-25T13:21:57.003+0000][27564][info ][gc,phases   ] GC(23)   Evacuate Collection Set: 3.49ms
[2025-03-25T13:21:57.003+0000][27564][info ][gc,phases   ] GC(23)   Post Evacuate Collection Set: 1.28ms
[2025-03-25T13:21:57.003+0000][27564][info ][gc,phases   ] GC(23)   Other: 0.08ms
[2025-03-25T13:21:57.003+0000][27564][trace][gc,age      ] GC(23) Age table:
[2025-03-25T13:21:57.003+0000][27564][trace][gc,age      ] GC(23) - age   1:    1377600 bytes,    1377600 total
[2025-03-25T13:21:57.003+0000][27564][trace][gc,age      ] GC(23) - age   2:    1725384 bytes,    3102984 total
[2025-03-25T13:21:57.003+0000][27564][trace][gc,age      ] GC(23) - age   3:    5323456 bytes,    8426440 total
[2025-03-25T13:21:57.003+0000][27564][trace][gc,age      ] GC(23) - age   4:    3604080 bytes,   12030520 total
[2025-03-25T13:21:57.003+0000][27564][trace][gc,age      ] GC(23) - age   5:    6277144 bytes,   18307664 total
[2025-03-25T13:21:57.003+0000][27564][trace][gc,age      ] GC(23) - age   6:    4231880 bytes,   22539544 total
[2025-03-25T13:21:57.003+0000][27564][info ][gc,heap     ] GC(23) Eden regions: 394->0(639)
[2025-03-25T13:21:57.003+0000][27564][info ][gc,heap     ] GC(23) Survivor regions: 6->6(62)
[2025-03-25T13:21:57.003+0000][27564][info ][gc,heap     ] GC(23) Old regions: 47->47
[2025-03-25T13:21:57.003+0000][27564][info ][gc,heap     ] GC(23) Humongous regions: 2->2
[2025-03-25T13:21:57.003+0000][27564][info ][gc,metaspace] GC(23) Metaspace: 166954K(171712K)->166954K(171712K) NonClass: 143441K(146048K)->143441K(146048K) Class: 23513K(25664K)->23513K(25664K)
[2025-03-25T13:21:57.003+0000][27564][info ][gc          ] GC(23) Pause Young (Concurrent Start) (CodeCache GC Threshold) 1793M->217M(8148M) 5.794ms
[2025-03-25T13:21:57.003+0000][27564][info ][gc          ] GC(24) Concurrent Mark Cycle
[2025-03-25T13:21:57.003+0000][27564][info ][gc,cpu      ] GC(23) User=0.00s Sys=0.00s Real=0.01s
[2025-03-25T13:21:57.003+0000][27564][info ][gc,marking  ] GC(24) Concurrent Scan Root Regions
[2025-03-25T13:21:57.003+0000][27564][info ][safepoint   ] Safepoint "G1TryInitiateConcMark", Time since last: 439359103800 ns, Reaching safepoint: 16100 ns, At safepoint: 5952500 ns, Total: 5968600 ns
[2025-03-25T13:21:57.007+0000][27564][info ][gc,marking  ] GC(24) Concurrent Scan Root Regions 3.633ms
[2025-03-25T13:21:57.007+0000][27564][info ][gc,marking  ] GC(24) Concurrent Mark
[2025-03-25T13:21:57.007+0000][27564][info ][gc,marking  ] GC(24) Concurrent Mark From Roots
[2025-03-25T13:21:57.007+0000][27564][info ][gc,task     ] GC(24) Using 5 workers of 5 for marking
[2025-03-25T13:21:57.029+0000][27564][info ][gc,marking  ] GC(24) Concurrent Mark From Roots 22.917ms
[2025-03-25T13:21:57.029+0000][27564][info ][gc,marking  ] GC(24) Concurrent Preclean
[2025-03-25T13:21:57.029+0000][27564][info ][gc,marking  ] GC(24) Concurrent Preclean 0.165ms
[2025-03-25T13:21:57.029+0000][27564][info ][gc,start    ] GC(24) Pause Remark
[2025-03-25T13:21:57.043+0000][27564][info ][gc          ] GC(24) Pause Remark 225M->225M(8148M) 13.711ms
[2025-03-25T13:21:57.043+0000][27564][info ][gc,cpu      ] GC(24) User=0.00s Sys=0.00s Real=0.01s
[2025-03-25T13:21:57.043+0000][27564][info ][safepoint   ] Safepoint "G1PauseRemark", Time since last: 26801600 ns, Reaching safepoint: 16000 ns, At safepoint: 13880400 ns, Total: 13896400 ns
[2025-03-25T13:21:57.043+0000][27564][info ][gc,marking  ] GC(24) Concurrent Mark 37.117ms
[2025-03-25T13:21:57.043+0000][27564][info ][gc,marking  ] GC(24) Concurrent Rebuild Remembered Sets and Scrub Regions
[2025-03-25T13:21:57.050+0000][27564][info ][gc,marking  ] GC(24) Concurrent Rebuild Remembered Sets and Scrub Regions 6.540ms
[2025-03-25T13:21:57.050+0000][27564][info ][gc,start    ] GC(24) Pause Cleanup
[2025-03-25T13:21:57.050+0000][27564][info ][gc          ] GC(24) Pause Cleanup 225M->225M(8148M) 0.054ms
[2025-03-25T13:21:57.050+0000][27564][info ][gc,cpu      ] GC(24) User=0.00s Sys=0.00s Real=0.00s
[2025-03-25T13:21:57.050+0000][27564][info ][safepoint   ] Safepoint "G1PauseCleanup", Time since last: 6646100 ns, Reaching safepoint: 12900 ns, At safepoint: 120500 ns, Total: 133400 ns
[2025-03-25T13:21:57.050+0000][27564][info ][gc,marking  ] GC(24) Concurrent Clear Claimed Marks
[2025-03-25T13:21:57.050+0000][27564][info ][gc,marking  ] GC(24) Concurrent Clear Claimed Marks 0.142ms
[2025-03-25T13:21:57.050+0000][27564][info ][gc,marking  ] GC(24) Concurrent Cleanup for Next Mark
[2025-03-25T13:21:57.061+0000][27564][info ][gc,marking  ] GC(24) Concurrent Cleanup for Next Mark 11.426ms
[2025-03-25T13:21:57.061+0000][27564][info ][gc          ] GC(24) Concurrent Mark Cycle 59.249ms
[2025-03-25T13:29:14.362+0000][27564][info ][gc,start    ] GC(25) Pause Young (Prepare Mixed) (G1 Evacuation Pause)
[2025-03-25T13:29:14.362+0000][27564][info ][gc,task     ] GC(25) Using 18 workers of 18 for evacuation
[2025-03-25T13:29:14.362+0000][27564][debug][gc,age      ] GC(25) Desired survivor size 171966464 bytes, new threshold 15 (max threshold 15)
[2025-03-25T13:29:14.369+0000][27564][info ][gc,phases   ] GC(25)   Pre Evacuate Collection Set: 0.41ms
[2025-03-25T13:29:14.369+0000][27564][info ][gc,phases   ] GC(25)   Merge Heap Roots: 0.22ms
[2025-03-25T13:29:14.369+0000][27564][info ][gc,phases   ] GC(25)   Evacuate Collection Set: 4.88ms
[2025-03-25T13:29:14.369+0000][27564][info ][gc,phases   ] GC(25)   Post Evacuate Collection Set: 1.14ms
[2025-03-25T13:29:14.369+0000][27564][info ][gc,phases   ] GC(25)   Other: 0.15ms
[2025-03-25T13:29:14.369+0000][27564][trace][gc,age      ] GC(25) Age table:
[2025-03-25T13:29:14.369+0000][27564][trace][gc,age      ] GC(25) - age   1:    4903984 bytes,    4903984 total
[2025-03-25T13:29:14.369+0000][27564][trace][gc,age      ] GC(25) - age   2:     377992 bytes,    5281976 total
[2025-03-25T13:29:14.369+0000][27564][trace][gc,age      ] GC(25) - age   3:    1266536 bytes,    6548512 total
[2025-03-25T13:29:14.369+0000][27564][trace][gc,age      ] GC(25) - age   4:    4868816 bytes,   11417328 total
[2025-03-25T13:29:14.369+0000][27564][trace][gc,age      ] GC(25) - age   5:    3399216 bytes,   14816544 total
[2025-03-25T13:29:14.369+0000][27564][trace][gc,age      ] GC(25) - age   6:    6152896 bytes,   20969440 total
[2025-03-25T13:29:14.369+0000][27564][trace][gc,age      ] GC(25) - age   7:    4211520 bytes,   25180960 total
[2025-03-25T13:29:14.369+0000][27564][info ][gc,heap     ] GC(25) Eden regions: 650->0(619)
[2025-03-25T13:29:14.369+0000][27564][info ][gc,heap     ] GC(25) Survivor regions: 6->7(82)
[2025-03-25T13:29:14.369+0000][27564][info ][gc,heap     ] GC(25) Old regions: 47->47
[2025-03-25T13:29:14.369+0000][27564][info ][gc,heap     ] GC(25) Humongous regions: 2->2
[2025-03-25T13:29:14.369+0000][27564][info ][gc,metaspace] GC(25) Metaspace: 170188K(174912K)->170188K(174912K) NonClass: 146209K(148800K)->146209K(148800K) Class: 23978K(26112K)->23978K(26112K)
[2025-03-25T13:29:14.369+0000][27564][info ][gc          ] GC(25) Pause Young (Prepare Mixed) (G1 Evacuation Pause) 2817M->221M(8148M) 7.105ms
[2025-03-25T13:29:14.369+0000][27564][info ][gc,cpu      ] GC(25) User=0.02s Sys=0.00s Real=0.01s
[2025-03-25T13:29:14.369+0000][27564][info ][safepoint   ] Safepoint "G1CollectForAllocation", Time since last: 437312071000 ns, Reaching safepoint: 26900 ns, At safepoint: 7224700 ns, Total: 7251600 ns
[2025-03-25T13:39:56.634+0000][27564][info ][gc,start    ] GC(26) Pause Young (Mixed) (G1 Evacuation Pause)
[2025-03-25T13:39:56.634+0000][27564][info ][gc,task     ] GC(26) Using 18 workers of 18 for evacuation
[2025-03-25T13:39:56.634+0000][27564][debug][gc,age      ] GC(26) Desired survivor size 165675008 bytes, new threshold 15 (max threshold 15)
[2025-03-25T13:39:56.639+0000][27564][info ][gc,phases   ] GC(26)   Pre Evacuate Collection Set: 0.47ms
[2025-03-25T13:39:56.639+0000][27564][info ][gc,phases   ] GC(26)   Merge Heap Roots: 0.21ms
[2025-03-25T13:39:56.639+0000][27564][info ][gc,phases   ] GC(26)   Evacuate Collection Set: 3.56ms
[2025-03-25T13:39:56.639+0000][27564][info ][gc,phases   ] GC(26)   Post Evacuate Collection Set: 0.95ms
[2025-03-25T13:39:56.639+0000][27564][info ][gc,phases   ] GC(26)   Other: 0.12ms
[2025-03-25T13:39:56.639+0000][27564][trace][gc,age      ] GC(26) Age table:
[2025-03-25T13:39:56.640+0000][27564][trace][gc,age      ] GC(26) - age   1:    2290600 bytes,    2290600 total
[2025-03-25T13:39:56.640+0000][27564][trace][gc,age      ] GC(26) - age   2:    2948400 bytes,    5239000 total
[2025-03-25T13:39:56.640+0000][27564][trace][gc,age      ] GC(26) - age   3:     281720 bytes,    5520720 total
[2025-03-25T13:39:56.640+0000][27564][trace][gc,age      ] GC(26) - age   4:    1110440 bytes,    6631160 total
[2025-03-25T13:39:56.640+0000][27564][trace][gc,age      ] GC(26) - age   5:    4655272 bytes,   11286432 total
[2025-03-25T13:39:56.640+0000][27564][trace][gc,age      ] GC(26) - age   6:    3392928 bytes,   14679360 total
[2025-03-25T13:39:56.640+0000][27564][trace][gc,age      ] GC(26) - age   7:    6152256 bytes,   20831616 total
[2025-03-25T13:39:56.640+0000][27564][trace][gc,age      ] GC(26) - age   8:    4210688 bytes,   25042304 total
[2025-03-25T13:39:56.640+0000][27564][info ][gc,heap     ] GC(26) Eden regions: 624->0(985)
[2025-03-25T13:39:56.640+0000][27564][info ][gc,heap     ] GC(26) Survivor regions: 7->7(79)
[2025-03-25T13:39:56.640+0000][27564][info ][gc,heap     ] GC(26) Old regions: 47->46
[2025-03-25T13:39:56.640+0000][27564][info ][gc,heap     ] GC(26) Humongous regions: 2->2
[2025-03-25T13:39:56.640+0000][27564][info ][gc,metaspace] GC(26) Metaspace: 170908K(175616K)->170908K(175616K) NonClass: 146845K(149440K)->146845K(149440K) Class: 24063K(26176K)->24063K(26176K)
[2025-03-25T13:39:56.640+0000][27564][info ][gc          ] GC(26) Pause Young (Mixed) (G1 Evacuation Pause) 2717M->217M(8148M) 5.666ms
[2025-03-25T13:39:56.640+0000][27564][info ][gc,cpu      ] GC(26) User=0.00s Sys=0.00s Real=0.01s
[2025-03-25T13:39:56.640+0000][27564][info ][safepoint   ] Safepoint "G1CollectForAllocation", Time since last: 642264667100 ns, Reaching safepoint: 19600 ns, At safepoint: 5811900 ns, Total: 5831500 ns
[2025-03-25T13:44:49.686+0000][27564][info ][gc,heap,exit] Heap
[2025-03-25T13:44:49.686+0000][27564][info ][gc,heap,exit]  garbage-first heap   total reserved 8343552K, committed 8343552K, used 1558228K [0x0000000602c00000, 0x0000000800000000)
[2025-03-25T13:44:49.686+0000][27564][info ][gc,heap,exit]   region size 4096K, 333 young (1363968K), 7 survivors (28672K)
[2025-03-25T13:44:49.686+0000][27564][info ][gc,heap,exit]  Metaspace       used 171667K, committed 176448K, reserved 1245184K
[2025-03-25T13:44:49.686+0000][27564][info ][gc,heap,exit]   class space    used 24169K, committed 26304K, reserved 1048576K
