[2025-03-26T10:53:19.084+0000][28208][info][gc,init] CardTable entry size: 512
[2025-03-26T10:53:19.084+0000][28208][info][gc     ] Using G1
[2025-03-26T10:53:21.050+0000][28208][info][gc,init] Version: 23+37-2369 (release)
[2025-03-26T10:53:21.050+0000][28208][info][gc,init] CPUs: 24 total, 24 available
[2025-03-26T10:53:21.050+0000][28208][info][gc,init] Memory: 16296M
[2025-03-26T10:53:21.050+0000][28208][info][gc,init] Large Page Support: Disabled
[2025-03-26T10:53:21.050+0000][28208][info][gc,init] NUMA Support: Disabled
[2025-03-26T10:53:21.050+0000][28208][info][gc,init] Compressed Oops: Enabled (Zero based)
[2025-03-26T10:53:21.050+0000][28208][info][gc,init] Heap Region Size: 4M
[2025-03-26T10:53:21.050+0000][28208][info][gc,init] Heap Min Capacity: 8148M
[2025-03-26T10:53:21.050+0000][28208][info][gc,init] Heap Initial Capacity: 8148M
[2025-03-26T10:53:21.050+0000][28208][info][gc,init] Heap Max Capacity: 8148M
[2025-03-26T10:53:21.050+0000][28208][info][gc,init] Pre-touch: Enabled
[2025-03-26T10:53:21.050+0000][28208][info][gc,init] Parallel Workers: 18
[2025-03-26T10:53:21.050+0000][28208][info][gc,init] Concurrent Workers: 5
[2025-03-26T10:53:21.050+0000][28208][info][gc,init] Concurrent Refinement Workers: 18
[2025-03-26T10:53:21.050+0000][28208][info][gc,init] Periodic GC: Disabled
[2025-03-26T10:53:21.098+0000][28208][info][gc,metaspace] CDS archive(s) mapped at: [0x0000017f00000000-0x0000017f00d70000-0x0000017f00d70000), size 14090240, SharedBaseAddress: 0x0000017f00000000, ArchiveRelocationMode: 1.
[2025-03-26T10:53:21.098+0000][28208][info][gc,metaspace] Compressed class space mapped at: 0x0000017f01000000-0x0000017f41000000, reserved size: 1073741824
[2025-03-26T10:53:21.098+0000][28208][info][gc,metaspace] Narrow klass base: 0x0000017f00000000, Narrow klass shift: 0, Narrow klass range: 0x41000000
[2025-03-26T10:53:24.100+0000][28208][info][gc,start    ] GC(0) Pause Young (Concurrent Start) (Metadata GC Threshold)
[2025-03-26T10:53:24.105+0000][28208][info][gc,task     ] GC(0) Using 18 workers of 18 for evacuation
[2025-03-26T10:53:24.106+0000][28208][debug][gc,age      ] GC(0) Desired survivor size 27262976 bytes, new threshold 15 (max threshold 15)
[2025-03-26T10:53:24.114+0000][28208][info ][gc,phases   ] GC(0)   Pre Evacuate Collection Set: 0.73ms
[2025-03-26T10:53:24.114+0000][28208][info ][gc,phases   ] GC(0)   Merge Heap Roots: 0.18ms
[2025-03-26T10:53:24.114+0000][28208][info ][gc,phases   ] GC(0)   Evacuate Collection Set: 5.80ms
[2025-03-26T10:53:24.114+0000][28208][info ][gc,phases   ] GC(0)   Post Evacuate Collection Set: 1.18ms
[2025-03-26T10:53:24.114+0000][28208][info ][gc,phases   ] GC(0)   Other: 5.55ms
[2025-03-26T10:53:24.114+0000][28208][trace][gc,age      ] GC(0) Age table:
[2025-03-26T10:53:24.114+0000][28208][trace][gc,age      ] GC(0) - age   1:   15271424 bytes,   15271424 total
[2025-03-26T10:53:24.114+0000][28208][info ][gc,heap     ] GC(0) Eden regions: 67->0(97)
[2025-03-26T10:53:24.114+0000][28208][info ][gc,heap     ] GC(0) Survivor regions: 0->4(13)
[2025-03-26T10:53:24.114+0000][28208][info ][gc,heap     ] GC(0) Old regions: 0->0
[2025-03-26T10:53:24.114+0000][28208][info ][gc,heap     ] GC(0) Humongous regions: 0->0
[2025-03-26T10:53:24.114+0000][28208][info ][gc,metaspace] GC(0) Metaspace: 20745K(21504K)->20745K(21504K) NonClass: 18422K(18880K)->18422K(18880K) Class: 2323K(2624K)->2323K(2624K)
[2025-03-26T10:53:24.114+0000][28208][info ][gc          ] GC(0) Pause Young (Concurrent Start) (Metadata GC Threshold) 268M->15M(8148M) 14.558ms
[2025-03-26T10:53:24.114+0000][28208][info ][gc          ] GC(1) Concurrent Mark Cycle
[2025-03-26T10:53:24.114+0000][28208][info ][gc,cpu      ] GC(0) User=0.02s Sys=0.00s Real=0.01s
[2025-03-26T10:53:24.114+0000][28208][info ][gc,marking  ] GC(1) Concurrent Scan Root Regions
[2025-03-26T10:53:24.115+0000][28208][info ][safepoint   ] Safepoint "CollectForMetadataAllocation", Time since last: 2996557000 ns, Reaching safepoint: 385200 ns, At safepoint: 14896900 ns, Total: 15282100 ns
[2025-03-26T10:53:24.120+0000][28208][info ][gc,marking  ] GC(1) Concurrent Scan Root Regions 4.740ms
[2025-03-26T10:53:24.120+0000][28208][info ][gc,marking  ] GC(1) Concurrent Mark
[2025-03-26T10:53:24.120+0000][28208][info ][gc,marking  ] GC(1) Concurrent Mark From Roots
[2025-03-26T10:53:24.121+0000][28208][info ][gc,task     ] GC(1) Using 5 workers of 5 for marking
[2025-03-26T10:53:24.121+0000][28208][info ][gc,marking  ] GC(1) Concurrent Mark From Roots 1.718ms
[2025-03-26T10:53:24.121+0000][28208][info ][gc,marking  ] GC(1) Concurrent Preclean
[2025-03-26T10:53:24.121+0000][28208][info ][gc,marking  ] GC(1) Concurrent Preclean 0.020ms
[2025-03-26T10:53:24.121+0000][28208][info ][gc,start    ] GC(1) Pause Remark
[2025-03-26T10:53:24.123+0000][28208][info ][gc          ] GC(1) Pause Remark 19M->19M(8148M) 1.915ms
[2025-03-26T10:53:24.123+0000][28208][info ][gc,cpu      ] GC(1) User=0.00s Sys=0.00s Real=0.00s
[2025-03-26T10:53:24.123+0000][28208][info ][safepoint   ] Safepoint "G1PauseRemark", Time since last: 6581900 ns, Reaching safepoint: 3500 ns, At safepoint: 1973000 ns, Total: 1976500 ns
[2025-03-26T10:53:24.123+0000][28208][info ][gc,marking  ] GC(1) Concurrent Mark 3.828ms
[2025-03-26T10:53:24.123+0000][28208][info ][gc,marking  ] GC(1) Concurrent Rebuild Remembered Sets and Scrub Regions
[2025-03-26T10:53:24.123+0000][28208][info ][gc,marking  ] GC(1) Concurrent Rebuild Remembered Sets and Scrub Regions 0.226ms
[2025-03-26T10:53:24.123+0000][28208][info ][gc,start    ] GC(1) Pause Cleanup
[2025-03-26T10:53:24.123+0000][28208][info ][gc          ] GC(1) Pause Cleanup 19M->19M(8148M) 0.034ms
[2025-03-26T10:53:24.123+0000][28208][info ][gc,cpu      ] GC(1) User=0.00s Sys=0.00s Real=0.00s
[2025-03-26T10:53:24.123+0000][28208][info ][safepoint   ] Safepoint "G1PauseCleanup", Time since last: 324100 ns, Reaching safepoint: 393200 ns, At safepoint: 82700 ns, Total: 475900 ns
[2025-03-26T10:53:24.123+0000][28208][info ][gc,marking  ] GC(1) Concurrent Clear Claimed Marks
[2025-03-26T10:53:24.123+0000][28208][info ][gc,marking  ] GC(1) Concurrent Clear Claimed Marks 0.030ms
[2025-03-26T10:53:24.123+0000][28208][info ][gc,marking  ] GC(1) Concurrent Cleanup for Next Mark
[2025-03-26T10:53:24.137+0000][28208][info ][gc,marking  ] GC(1) Concurrent Cleanup for Next Mark 13.451ms
[2025-03-26T10:53:24.137+0000][28208][info ][gc          ] GC(1) Concurrent Mark Cycle 23.101ms
[2025-03-26T10:53:25.194+0000][28208][info ][gc,start    ] GC(2) Pause Young (Normal) (G1 Evacuation Pause)
[2025-03-26T10:53:25.194+0000][28208][info ][gc,task     ] GC(2) Using 18 workers of 18 for evacuation
[2025-03-26T10:53:25.194+0000][28208][debug][gc,age      ] GC(2) Desired survivor size 27262976 bytes, new threshold 15 (max threshold 15)
[2025-03-26T10:53:25.203+0000][28208][info ][gc,phases   ] GC(2)   Pre Evacuate Collection Set: 0.21ms
[2025-03-26T10:53:25.203+0000][28208][info ][gc,phases   ] GC(2)   Merge Heap Roots: 0.09ms
[2025-03-26T10:53:25.203+0000][28208][info ][gc,phases   ] GC(2)   Evacuate Collection Set: 7.61ms
[2025-03-26T10:53:25.203+0000][28208][info ][gc,phases   ] GC(2)   Post Evacuate Collection Set: 1.08ms
[2025-03-26T10:53:25.203+0000][28208][info ][gc,phases   ] GC(2)   Other: 0.10ms
[2025-03-26T10:53:25.203+0000][28208][trace][gc,age      ] GC(2) Age table:
[2025-03-26T10:53:25.203+0000][28208][trace][gc,age      ] GC(2) - age   1:    6786480 bytes,    6786480 total
[2025-03-26T10:53:25.203+0000][28208][trace][gc,age      ] GC(2) - age   2:   14336424 bytes,   21122904 total
[2025-03-26T10:53:25.203+0000][28208][info ][gc,heap     ] GC(2) Eden regions: 97->0(95)
[2025-03-26T10:53:25.203+0000][28208][info ][gc,heap     ] GC(2) Survivor regions: 4->6(13)
[2025-03-26T10:53:25.203+0000][28208][info ][gc,heap     ] GC(2) Old regions: 0->0
[2025-03-26T10:53:25.203+0000][28208][info ][gc,heap     ] GC(2) Humongous regions: 0->0
[2025-03-26T10:53:25.203+0000][28208][info ][gc,metaspace] GC(2) Metaspace: 29091K(30080K)->29091K(30080K) NonClass: 25817K(26368K)->25817K(26368K) Class: 3274K(3712K)->3274K(3712K)
[2025-03-26T10:53:25.203+0000][28208][info ][gc          ] GC(2) Pause Young (Normal) (G1 Evacuation Pause) 403M->22M(8148M) 9.360ms
[2025-03-26T10:53:25.203+0000][28208][info ][gc,cpu      ] GC(2) User=0.02s Sys=0.00s Real=0.01s
[2025-03-26T10:53:25.203+0000][28208][info ][safepoint   ] Safepoint "G1CollectForAllocation", Time since last: 1070308400 ns, Reaching safepoint: 4400 ns, At safepoint: 9418900 ns, Total: 9423300 ns
[2025-03-26T10:53:25.754+0000][28208][info ][gc,start    ] GC(3) Pause Young (Normal) (G1 Evacuation Pause)
[2025-03-26T10:53:25.755+0000][28208][info ][gc,task     ] GC(3) Using 18 workers of 18 for evacuation
[2025-03-26T10:53:25.755+0000][28208][debug][gc,age      ] GC(3) Desired survivor size 27262976 bytes, new threshold 15 (max threshold 15)
[2025-03-26T10:53:25.764+0000][28208][info ][gc,phases   ] GC(3)   Pre Evacuate Collection Set: 0.22ms
[2025-03-26T10:53:25.764+0000][28208][info ][gc,phases   ] GC(3)   Merge Heap Roots: 0.08ms
[2025-03-26T10:53:25.764+0000][28208][info ][gc,phases   ] GC(3)   Evacuate Collection Set: 7.54ms
[2025-03-26T10:53:25.764+0000][28208][info ][gc,phases   ] GC(3)   Post Evacuate Collection Set: 1.23ms
[2025-03-26T10:53:25.764+0000][28208][info ][gc,phases   ] GC(3)   Other: 0.11ms
[2025-03-26T10:53:25.764+0000][28208][trace][gc,age      ] GC(3) Age table:
[2025-03-26T10:53:25.764+0000][28208][trace][gc,age      ] GC(3) - age   1:    6629968 bytes,    6629968 total
[2025-03-26T10:53:25.764+0000][28208][trace][gc,age      ] GC(3) - age   2:    6105264 bytes,   12735232 total
[2025-03-26T10:53:25.764+0000][28208][trace][gc,age      ] GC(3) - age   3:   14336392 bytes,   27071624 total
[2025-03-26T10:53:25.764+0000][28208][info ][gc,heap     ] GC(3) Eden regions: 95->0(93)
[2025-03-26T10:53:25.764+0000][28208][info ][gc,heap     ] GC(3) Survivor regions: 6->8(13)
[2025-03-26T10:53:25.764+0000][28208][info ][gc,heap     ] GC(3) Old regions: 0->0
[2025-03-26T10:53:25.764+0000][28208][info ][gc,heap     ] GC(3) Humongous regions: 0->0
[2025-03-26T10:53:25.765+0000][28208][info ][gc,metaspace] GC(3) Metaspace: 30237K(31232K)->30237K(31232K) NonClass: 26803K(27392K)->26803K(27392K) Class: 3433K(3840K)->3433K(3840K)
[2025-03-26T10:53:25.765+0000][28208][info ][gc          ] GC(3) Pause Young (Normal) (G1 Evacuation Pause) 402M->28M(8148M) 9.438ms
[2025-03-26T10:53:25.765+0000][28208][info ][gc,cpu      ] GC(3) User=0.00s Sys=0.00s Real=0.01s
[2025-03-26T10:53:25.765+0000][28208][info ][safepoint   ] Safepoint "G1CollectForAllocation", Time since last: 551349300 ns, Reaching safepoint: 4800 ns, At safepoint: 9493800 ns, Total: 9498600 ns
[2025-03-26T10:53:26.450+0000][28208][info ][gc,start    ] GC(4) Pause Young (Concurrent Start) (Metadata GC Threshold)
[2025-03-26T10:53:26.450+0000][28208][info ][gc,task     ] GC(4) Using 18 workers of 18 for evacuation
[2025-03-26T10:53:26.450+0000][28208][debug][gc,age      ] GC(4) Desired survivor size 27262976 bytes, new threshold 15 (max threshold 15)
[2025-03-26T10:53:26.460+0000][28208][info ][gc,phases   ] GC(4)   Pre Evacuate Collection Set: 0.24ms
[2025-03-26T10:53:26.460+0000][28208][info ][gc,phases   ] GC(4)   Merge Heap Roots: 0.07ms
[2025-03-26T10:53:26.460+0000][28208][info ][gc,phases   ] GC(4)   Evacuate Collection Set: 8.69ms
[2025-03-26T10:53:26.460+0000][28208][info ][gc,phases   ] GC(4)   Post Evacuate Collection Set: 1.28ms
[2025-03-26T10:53:26.460+0000][28208][info ][gc,phases   ] GC(4)   Other: 0.12ms
[2025-03-26T10:53:26.460+0000][28208][trace][gc,age      ] GC(4) Age table:
[2025-03-26T10:53:26.460+0000][28208][trace][gc,age      ] GC(4) - age   1:    4541824 bytes,    4541824 total
[2025-03-26T10:53:26.460+0000][28208][trace][gc,age      ] GC(4) - age   2:    4548704 bytes,    9090528 total
[2025-03-26T10:53:26.460+0000][28208][trace][gc,age      ] GC(4) - age   3:    6099736 bytes,   15190264 total
[2025-03-26T10:53:26.460+0000][28208][trace][gc,age      ] GC(4) - age   4:   14335720 bytes,   29525984 total
[2025-03-26T10:53:26.460+0000][28208][info ][gc,heap     ] GC(4) Eden regions: 93->0(93)
[2025-03-26T10:53:26.460+0000][28208][info ][gc,heap     ] GC(4) Survivor regions: 8->8(13)
[2025-03-26T10:53:26.460+0000][28208][info ][gc,heap     ] GC(4) Old regions: 0->0
[2025-03-26T10:53:26.460+0000][28208][info ][gc,heap     ] GC(4) Humongous regions: 0->0
[2025-03-26T10:53:26.460+0000][28208][info ][gc,metaspace] GC(4) Metaspace: 35068K(36096K)->35068K(36096K) NonClass: 31117K(31744K)->31117K(31744K) Class: 3950K(4352K)->3950K(4352K)
[2025-03-26T10:53:26.460+0000][28208][info ][gc          ] GC(4) Pause Young (Concurrent Start) (Metadata GC Threshold) 400M->30M(8148M) 10.671ms
[2025-03-26T10:53:26.460+0000][28208][info ][gc,cpu      ] GC(4) User=0.00s Sys=0.00s Real=0.01s
[2025-03-26T10:53:26.460+0000][28208][info ][gc          ] GC(5) Concurrent Mark Cycle
[2025-03-26T10:53:26.460+0000][28208][info ][gc,marking  ] GC(5) Concurrent Scan Root Regions
[2025-03-26T10:53:26.460+0000][28208][info ][safepoint   ] Safepoint "CollectForMetadataAllocation", Time since last: 685396500 ns, Reaching safepoint: 4500 ns, At safepoint: 10779700 ns, Total: 10784200 ns
[2025-03-26T10:53:26.463+0000][28208][info ][gc,marking  ] GC(5) Concurrent Scan Root Regions 2.104ms
[2025-03-26T10:53:26.463+0000][28208][info ][gc,marking  ] GC(5) Concurrent Mark
[2025-03-26T10:53:26.463+0000][28208][info ][gc,marking  ] GC(5) Concurrent Mark From Roots
[2025-03-26T10:53:26.463+0000][28208][info ][gc,task     ] GC(5) Using 5 workers of 5 for marking
[2025-03-26T10:53:26.463+0000][28208][info ][gc,marking  ] GC(5) Concurrent Mark From Roots 0.415ms
[2025-03-26T10:53:26.463+0000][28208][info ][gc,marking  ] GC(5) Concurrent Preclean
[2025-03-26T10:53:26.463+0000][28208][info ][gc,marking  ] GC(5) Concurrent Preclean 0.015ms
[2025-03-26T10:53:26.463+0000][28208][info ][gc,start    ] GC(5) Pause Remark
[2025-03-26T10:53:26.466+0000][28208][info ][gc          ] GC(5) Pause Remark 32M->32M(8148M) 2.593ms
[2025-03-26T10:53:26.466+0000][28208][info ][gc,cpu      ] GC(5) User=0.00s Sys=0.00s Real=0.00s
[2025-03-26T10:53:26.466+0000][28208][info ][safepoint   ] Safepoint "G1PauseRemark", Time since last: 2631100 ns, Reaching safepoint: 24500 ns, At safepoint: 2666100 ns, Total: 2690600 ns
[2025-03-26T10:53:26.466+0000][28208][info ][gc,marking  ] GC(5) Concurrent Mark 3.232ms
[2025-03-26T10:53:26.466+0000][28208][info ][gc,marking  ] GC(5) Concurrent Rebuild Remembered Sets and Scrub Regions
[2025-03-26T10:53:26.466+0000][28208][info ][gc,marking  ] GC(5) Concurrent Rebuild Remembered Sets and Scrub Regions 0.094ms
[2025-03-26T10:53:26.466+0000][28208][info ][gc,start    ] GC(5) Pause Cleanup
[2025-03-26T10:53:26.466+0000][28208][info ][gc          ] GC(5) Pause Cleanup 32M->32M(8148M) 0.030ms
[2025-03-26T10:53:26.466+0000][28208][info ][gc,cpu      ] GC(5) User=0.00s Sys=0.00s Real=0.00s
[2025-03-26T10:53:26.467+0000][28208][info ][safepoint   ] Safepoint "G1PauseCleanup", Time since last: 204500 ns, Reaching safepoint: 14600 ns, At safepoint: 71000 ns, Total: 85600 ns
[2025-03-26T10:53:26.467+0000][28208][info ][gc,marking  ] GC(5) Concurrent Clear Claimed Marks
[2025-03-26T10:53:26.467+0000][28208][info ][gc,marking  ] GC(5) Concurrent Clear Claimed Marks 0.036ms
[2025-03-26T10:53:26.467+0000][28208][info ][gc,marking  ] GC(5) Concurrent Cleanup for Next Mark
[2025-03-26T10:53:26.479+0000][28208][info ][gc,marking  ] GC(5) Concurrent Cleanup for Next Mark 12.595ms
[2025-03-26T10:53:26.479+0000][28208][info ][gc          ] GC(5) Concurrent Mark Cycle 18.422ms
[2025-03-26T10:53:27.038+0000][28208][info ][gc,start    ] GC(6) Pause Young (Normal) (G1 Evacuation Pause)
[2025-03-26T10:53:27.038+0000][28208][info ][gc,task     ] GC(6) Using 18 workers of 18 for evacuation
[2025-03-26T10:53:27.038+0000][28208][debug][gc,age      ] GC(6) Desired survivor size 27262976 bytes, new threshold 4 (max threshold 15)
[2025-03-26T10:53:27.051+0000][28208][info ][gc,phases   ] GC(6)   Pre Evacuate Collection Set: 0.21ms
[2025-03-26T10:53:27.051+0000][28208][info ][gc,phases   ] GC(6)   Merge Heap Roots: 0.09ms
[2025-03-26T10:53:27.051+0000][28208][info ][gc,phases   ] GC(6)   Evacuate Collection Set: 10.38ms
[2025-03-26T10:53:27.051+0000][28208][info ][gc,phases   ] GC(6)   Post Evacuate Collection Set: 1.17ms
[2025-03-26T10:53:27.051+0000][28208][info ][gc,phases   ] GC(6)   Other: 0.13ms
[2025-03-26T10:53:27.051+0000][28208][trace][gc,age      ] GC(6) Age table:
[2025-03-26T10:53:27.051+0000][28208][trace][gc,age      ] GC(6) - age   1:    6048264 bytes,    6048264 total
[2025-03-26T10:53:27.051+0000][28208][trace][gc,age      ] GC(6) - age   2:    4509216 bytes,   10557480 total
[2025-03-26T10:53:27.051+0000][28208][trace][gc,age      ] GC(6) - age   3:    4546016 bytes,   15103496 total
[2025-03-26T10:53:27.051+0000][28208][trace][gc,age      ] GC(6) - age   4:    6098368 bytes,   21201864 total
[2025-03-26T10:53:27.051+0000][28208][info ][gc,heap     ] GC(6) Eden regions: 93->0(95)
[2025-03-26T10:53:27.051+0000][28208][info ][gc,heap     ] GC(6) Survivor regions: 8->6(13)
[2025-03-26T10:53:27.051+0000][28208][info ][gc,heap     ] GC(6) Old regions: 0->4
[2025-03-26T10:53:27.051+0000][28208][info ][gc,heap     ] GC(6) Humongous regions: 0->0
[2025-03-26T10:53:27.051+0000][28208][info ][gc,metaspace] GC(6) Metaspace: 38081K(39168K)->38081K(39168K) NonClass: 33683K(34304K)->33683K(34304K) Class: 4397K(4864K)->4397K(4864K)
[2025-03-26T10:53:27.051+0000][28208][info ][gc          ] GC(6) Pause Young (Normal) (G1 Evacuation Pause) 402M->37M(8148M) 12.302ms
[2025-03-26T10:53:27.051+0000][28208][info ][gc,cpu      ] GC(6) User=0.02s Sys=0.00s Real=0.01s
[2025-03-26T10:53:27.051+0000][28208][info ][safepoint   ] Safepoint "G1CollectForAllocation", Time since last: 572522800 ns, Reaching safepoint: 4200 ns, At safepoint: 12363600 ns, Total: 12367800 ns
[2025-03-26T10:53:27.538+0000][28208][info ][gc,start    ] GC(7) Pause Young (Normal) (G1 Evacuation Pause)
[2025-03-26T10:53:27.538+0000][28208][info ][gc,task     ] GC(7) Using 18 workers of 18 for evacuation
[2025-03-26T10:53:27.538+0000][28208][debug][gc,age      ] GC(7) Desired survivor size 27262976 bytes, new threshold 15 (max threshold 15)
[2025-03-26T10:53:27.543+0000][28208][info ][gc,phases   ] GC(7)   Pre Evacuate Collection Set: 0.20ms
[2025-03-26T10:53:27.543+0000][28208][info ][gc,phases   ] GC(7)   Merge Heap Roots: 0.17ms
[2025-03-26T10:53:27.543+0000][28208][info ][gc,phases   ] GC(7)   Evacuate Collection Set: 4.45ms
[2025-03-26T10:53:27.543+0000][28208][info ][gc,phases   ] GC(7)   Post Evacuate Collection Set: 0.58ms
[2025-03-26T10:53:27.543+0000][28208][info ][gc,phases   ] GC(7)   Other: 0.09ms
[2025-03-26T10:53:27.543+0000][28208][trace][gc,age      ] GC(7) Age table:
[2025-03-26T10:53:27.543+0000][28208][trace][gc,age      ] GC(7) - age   1:    6864080 bytes,    6864080 total
[2025-03-26T10:53:27.543+0000][28208][trace][gc,age      ] GC(7) - age   2:    6006456 bytes,   12870536 total
[2025-03-26T10:53:27.543+0000][28208][trace][gc,age      ] GC(7) - age   3:    4506544 bytes,   17377080 total
[2025-03-26T10:53:27.543+0000][28208][trace][gc,age      ] GC(7) - age   4:    4545920 bytes,   21923000 total
[2025-03-26T10:53:27.543+0000][28208][trace][gc,age      ] GC(7) - age   5:    6095600 bytes,   28018600 total
[2025-03-26T10:53:27.543+0000][28208][info ][gc,heap     ] GC(7) Eden regions: 95->0(93)
[2025-03-26T10:53:27.543+0000][28208][info ][gc,heap     ] GC(7) Survivor regions: 6->8(13)
[2025-03-26T10:53:27.543+0000][28208][info ][gc,heap     ] GC(7) Old regions: 4->4
[2025-03-26T10:53:27.543+0000][28208][info ][gc,heap     ] GC(7) Humongous regions: 0->0
[2025-03-26T10:53:27.543+0000][28208][info ][gc,metaspace] GC(7) Metaspace: 39203K(40320K)->39203K(40320K) NonClass: 34673K(35328K)->34673K(35328K) Class: 4529K(4992K)->4529K(4992K)
[2025-03-26T10:53:27.543+0000][28208][info ][gc          ] GC(7) Pause Young (Normal) (G1 Evacuation Pause) 417M->43M(8148M) 5.735ms
[2025-03-26T10:53:27.543+0000][28208][info ][gc,cpu      ] GC(7) User=0.02s Sys=0.00s Real=0.00s
[2025-03-26T10:53:27.543+0000][28208][info ][safepoint   ] Safepoint "G1CollectForAllocation", Time since last: 486208900 ns, Reaching safepoint: 4000 ns, At safepoint: 5786800 ns, Total: 5790800 ns
[2025-03-26T10:53:27.945+0000][28208][info ][gc,start    ] GC(8) Pause Young (Normal) (G1 Evacuation Pause)
[2025-03-26T10:53:27.945+0000][28208][info ][gc,task     ] GC(8) Using 18 workers of 18 for evacuation
[2025-03-26T10:53:27.945+0000][28208][debug][gc,age      ] GC(8) Desired survivor size 27262976 bytes, new threshold 5 (max threshold 15)
[2025-03-26T10:53:27.950+0000][28208][info ][gc,phases   ] GC(8)   Pre Evacuate Collection Set: 0.19ms
[2025-03-26T10:53:27.950+0000][28208][info ][gc,phases   ] GC(8)   Merge Heap Roots: 0.10ms
[2025-03-26T10:53:27.950+0000][28208][info ][gc,phases   ] GC(8)   Evacuate Collection Set: 4.60ms
[2025-03-26T10:53:27.950+0000][28208][info ][gc,phases   ] GC(8)   Post Evacuate Collection Set: 0.52ms
[2025-03-26T10:53:27.950+0000][28208][info ][gc,phases   ] GC(8)   Other: 0.10ms
[2025-03-26T10:53:27.950+0000][28208][trace][gc,age      ] GC(8) Age table:
[2025-03-26T10:53:27.950+0000][28208][trace][gc,age      ] GC(8) - age   1:    4214192 bytes,    4214192 total
[2025-03-26T10:53:27.950+0000][28208][trace][gc,age      ] GC(8) - age   2:    4371856 bytes,    8586048 total
[2025-03-26T10:53:27.950+0000][28208][trace][gc,age      ] GC(8) - age   3:    6006096 bytes,   14592144 total
[2025-03-26T10:53:27.950+0000][28208][trace][gc,age      ] GC(8) - age   4:    4506512 bytes,   19098656 total
[2025-03-26T10:53:27.950+0000][28208][trace][gc,age      ] GC(8) - age   5:    4545424 bytes,   23644080 total
[2025-03-26T10:53:27.950+0000][28208][info ][gc,heap     ] GC(8) Eden regions: 93->0(133)
[2025-03-26T10:53:27.950+0000][28208][info ][gc,heap     ] GC(8) Survivor regions: 8->7(13)
[2025-03-26T10:53:27.950+0000][28208][info ][gc,heap     ] GC(8) Old regions: 4->6
[2025-03-26T10:53:27.950+0000][28208][info ][gc,heap     ] GC(8) Humongous regions: 0->0
[2025-03-26T10:53:27.951+0000][28208][info ][gc,metaspace] GC(8) Metaspace: 39741K(40896K)->39741K(40896K) NonClass: 35143K(35840K)->35143K(35840K) Class: 4597K(5056K)->4597K(5056K)
[2025-03-26T10:53:27.951+0000][28208][info ][gc          ] GC(8) Pause Young (Normal) (G1 Evacuation Pause) 415M->46M(8148M) 5.780ms
[2025-03-26T10:53:27.951+0000][28208][info ][gc,cpu      ] GC(8) User=0.00s Sys=0.00s Real=0.01s
[2025-03-26T10:53:27.951+0000][28208][info ][safepoint   ] Safepoint "G1CollectForAllocation", Time since last: 401333100 ns, Reaching safepoint: 3800 ns, At safepoint: 5824100 ns, Total: 5827900 ns
[2025-03-26T10:53:30.108+0000][28208][info ][gc,start    ] GC(9) Pause Young (Concurrent Start) (Metadata GC Threshold)
[2025-03-26T10:53:30.108+0000][28208][info ][gc,task     ] GC(9) Using 18 workers of 18 for evacuation
[2025-03-26T10:53:30.108+0000][28208][debug][gc,age      ] GC(9) Desired survivor size 37748736 bytes, new threshold 15 (max threshold 15)
[2025-03-26T10:53:30.113+0000][28208][info ][gc,phases   ] GC(9)   Pre Evacuate Collection Set: 0.23ms
[2025-03-26T10:53:30.113+0000][28208][info ][gc,phases   ] GC(9)   Merge Heap Roots: 0.08ms
[2025-03-26T10:53:30.114+0000][28208][info ][gc,phases   ] GC(9)   Evacuate Collection Set: 5.32ms
[2025-03-26T10:53:30.114+0000][28208][info ][gc,phases   ] GC(9)   Post Evacuate Collection Set: 0.62ms
[2025-03-26T10:53:30.114+0000][28208][info ][gc,phases   ] GC(9)   Other: 0.11ms
[2025-03-26T10:53:30.114+0000][28208][trace][gc,age      ] GC(9) Age table:
[2025-03-26T10:53:30.114+0000][28208][trace][gc,age      ] GC(9) - age   1:    6632832 bytes,    6632832 total
[2025-03-26T10:53:30.114+0000][28208][trace][gc,age      ] GC(9) - age   2:    3439472 bytes,   10072304 total
[2025-03-26T10:53:30.114+0000][28208][trace][gc,age      ] GC(9) - age   3:    4344160 bytes,   14416464 total
[2025-03-26T10:53:30.114+0000][28208][trace][gc,age      ] GC(9) - age   4:    5992240 bytes,   20408704 total
[2025-03-26T10:53:30.114+0000][28208][trace][gc,age      ] GC(9) - age   5:    4498904 bytes,   24907608 total
[2025-03-26T10:53:30.114+0000][28208][trace][gc,age      ] GC(9) - age   6:    4541232 bytes,   29448840 total
[2025-03-26T10:53:30.114+0000][28208][info ][gc,heap     ] GC(9) Eden regions: 98->0(118)
[2025-03-26T10:53:30.114+0000][28208][info ][gc,heap     ] GC(9) Survivor regions: 7->8(18)
[2025-03-26T10:53:30.114+0000][28208][info ][gc,heap     ] GC(9) Old regions: 6->6
[2025-03-26T10:53:30.114+0000][28208][info ][gc,heap     ] GC(9) Humongous regions: 0->0
[2025-03-26T10:53:30.114+0000][28208][info ][gc,metaspace] GC(9) Metaspace: 58770K(60288K)->58770K(60288K) NonClass: 51545K(52480K)->51545K(52480K) Class: 7224K(7808K)->7224K(7808K)
[2025-03-26T10:53:30.114+0000][28208][info ][gc          ] GC(9) Pause Young (Concurrent Start) (Metadata GC Threshold) 436M->51M(8148M) 6.651ms
[2025-03-26T10:53:30.114+0000][28208][info ][gc,cpu      ] GC(9) User=0.06s Sys=0.00s Real=0.01s
[2025-03-26T10:53:30.114+0000][28208][info ][gc          ] GC(10) Concurrent Mark Cycle
[2025-03-26T10:53:30.114+0000][28208][info ][gc,marking  ] GC(10) Concurrent Scan Root Regions
[2025-03-26T10:53:30.114+0000][28208][info ][safepoint   ] Safepoint "CollectForMetadataAllocation", Time since last: 2157236000 ns, Reaching safepoint: 2600 ns, At safepoint: 6740800 ns, Total: 6743400 ns
[2025-03-26T10:53:30.116+0000][28208][info ][gc,marking  ] GC(10) Concurrent Scan Root Regions 2.008ms
[2025-03-26T10:53:30.116+0000][28208][info ][gc,marking  ] GC(10) Concurrent Mark
[2025-03-26T10:53:30.116+0000][28208][info ][gc,marking  ] GC(10) Concurrent Mark From Roots
[2025-03-26T10:53:30.116+0000][28208][info ][gc,task     ] GC(10) Using 5 workers of 5 for marking
[2025-03-26T10:53:30.122+0000][28208][info ][gc,marking  ] GC(10) Concurrent Mark From Roots 6.091ms
[2025-03-26T10:53:30.122+0000][28208][info ][gc,marking  ] GC(10) Concurrent Preclean
[2025-03-26T10:53:30.122+0000][28208][info ][gc,marking  ] GC(10) Concurrent Preclean 0.092ms
[2025-03-26T10:53:30.122+0000][28208][info ][gc,start    ] GC(10) Pause Remark
[2025-03-26T10:53:30.125+0000][28208][info ][gc          ] GC(10) Pause Remark 54M->54M(8148M) 2.595ms
[2025-03-26T10:53:30.125+0000][28208][info ][gc,cpu      ] GC(10) User=0.03s Sys=0.00s Real=0.00s
[2025-03-26T10:53:30.125+0000][28208][info ][safepoint   ] Safepoint "G1PauseRemark", Time since last: 8288900 ns, Reaching safepoint: 114900 ns, At safepoint: 2645300 ns, Total: 2760200 ns
[2025-03-26T10:53:30.126+0000][28208][info ][gc,marking  ] GC(10) Concurrent Mark 9.049ms
[2025-03-26T10:53:30.126+0000][28208][info ][gc,marking  ] GC(10) Concurrent Rebuild Remembered Sets and Scrub Regions
[2025-03-26T10:53:30.127+0000][28208][info ][gc,marking  ] GC(10) Concurrent Rebuild Remembered Sets and Scrub Regions 1.416ms
[2025-03-26T10:53:30.127+0000][28208][info ][gc,start    ] GC(10) Pause Cleanup
[2025-03-26T10:53:30.127+0000][28208][info ][gc          ] GC(10) Pause Cleanup 54M->54M(8148M) 0.038ms
[2025-03-26T10:53:30.127+0000][28208][info ][gc,cpu      ] GC(10) User=0.00s Sys=0.00s Real=0.00s
[2025-03-26T10:53:30.127+0000][28208][info ][safepoint   ] Safepoint "G1PauseCleanup", Time since last: 1512900 ns, Reaching safepoint: 12600 ns, At safepoint: 75200 ns, Total: 87800 ns
[2025-03-26T10:53:30.127+0000][28208][info ][gc,marking  ] GC(10) Concurrent Clear Claimed Marks
[2025-03-26T10:53:30.127+0000][28208][info ][gc,marking  ] GC(10) Concurrent Clear Claimed Marks 0.061ms
[2025-03-26T10:53:30.127+0000][28208][info ][gc,marking  ] GC(10) Concurrent Cleanup for Next Mark
[2025-03-26T10:53:30.137+0000][28208][info ][gc,marking  ] GC(10) Concurrent Cleanup for Next Mark 9.530ms
[2025-03-26T10:53:30.137+0000][28208][info ][gc          ] GC(10) Concurrent Mark Cycle 22.394ms
[2025-03-26T10:53:32.312+0000][28208][info ][gc,start    ] GC(11) Pause Young (Normal) (G1 Evacuation Pause)
[2025-03-26T10:53:32.312+0000][28208][info ][gc,task     ] GC(11) Using 18 workers of 18 for evacuation
[2025-03-26T10:53:32.312+0000][28208][debug][gc,age      ] GC(11) Desired survivor size 33554432 bytes, new threshold 15 (max threshold 15)
[2025-03-26T10:53:32.322+0000][28208][info ][gc,phases   ] GC(11)   Pre Evacuate Collection Set: 0.20ms
[2025-03-26T10:53:32.322+0000][28208][info ][gc,phases   ] GC(11)   Merge Heap Roots: 0.11ms
[2025-03-26T10:53:32.322+0000][28208][info ][gc,phases   ] GC(11)   Evacuate Collection Set: 8.95ms
[2025-03-26T10:53:32.322+0000][28208][info ][gc,phases   ] GC(11)   Post Evacuate Collection Set: 0.94ms
[2025-03-26T10:53:32.322+0000][28208][info ][gc,phases   ] GC(11)   Other: 0.10ms
[2025-03-26T10:53:32.322+0000][28208][trace][gc,age      ] GC(11) Age table:
[2025-03-26T10:53:32.322+0000][28208][trace][gc,age      ] GC(11) - age   1:   11843968 bytes,   11843968 total
[2025-03-26T10:53:32.322+0000][28208][trace][gc,age      ] GC(11) - age   2:    6191600 bytes,   18035568 total
[2025-03-26T10:53:32.322+0000][28208][trace][gc,age      ] GC(11) - age   3:    3386312 bytes,   21421880 total
[2025-03-26T10:53:32.322+0000][28208][trace][gc,age      ] GC(11) - age   4:    4332136 bytes,   25754016 total
[2025-03-26T10:53:32.322+0000][28208][trace][gc,age      ] GC(11) - age   5:    5974976 bytes,   31728992 total
[2025-03-26T10:53:32.322+0000][28208][trace][gc,age      ] GC(11) - age   6:    4472360 bytes,   36201352 total
[2025-03-26T10:53:32.322+0000][28208][trace][gc,age      ] GC(11) - age   7:    4523056 bytes,   40724408 total
[2025-03-26T10:53:32.322+0000][28208][info ][gc,heap     ] GC(11) Eden regions: 118->0(126)
[2025-03-26T10:53:32.322+0000][28208][info ][gc,heap     ] GC(11) Survivor regions: 8->12(16)
[2025-03-26T10:53:32.322+0000][28208][info ][gc,heap     ] GC(11) Old regions: 6->6
[2025-03-26T10:53:32.322+0000][28208][info ][gc,heap     ] GC(11) Humongous regions: 0->0
[2025-03-26T10:53:32.322+0000][28208][info ][gc,metaspace] GC(11) Metaspace: 77934K(79808K)->77934K(79808K) NonClass: 67457K(68544K)->67457K(68544K) Class: 10476K(11264K)->10476K(11264K)
[2025-03-26T10:53:32.322+0000][28208][info ][gc          ] GC(11) Pause Young (Normal) (G1 Evacuation Pause) 523M->64M(8148M) 10.580ms
[2025-03-26T10:53:32.322+0000][28208][info ][gc,cpu      ] GC(11) User=0.00s Sys=0.00s Real=0.01s
[2025-03-26T10:53:32.322+0000][28208][info ][safepoint   ] Safepoint "G1CollectForAllocation", Time since last: 2184866700 ns, Reaching safepoint: 4100 ns, At safepoint: 10633600 ns, Total: 10637700 ns
[2025-03-26T10:53:34.584+0000][28208][info ][gc,start    ] GC(12) Pause Young (Normal) (G1 Evacuation Pause)
[2025-03-26T10:53:34.584+0000][28208][info ][gc,task     ] GC(12) Using 18 workers of 18 for evacuation
[2025-03-26T10:53:34.584+0000][28208][debug][gc,age      ] GC(12) Desired survivor size 37748736 bytes, new threshold 7 (max threshold 15)
[2025-03-26T10:53:34.597+0000][28208][info ][gc,phases   ] GC(12)   Pre Evacuate Collection Set: 0.19ms
[2025-03-26T10:53:34.597+0000][28208][info ][gc,phases   ] GC(12)   Merge Heap Roots: 0.10ms
[2025-03-26T10:53:34.597+0000][28208][info ][gc,phases   ] GC(12)   Evacuate Collection Set: 12.51ms
[2025-03-26T10:53:34.597+0000][28208][info ][gc,phases   ] GC(12)   Post Evacuate Collection Set: 1.20ms
[2025-03-26T10:53:34.597+0000][28208][info ][gc,phases   ] GC(12)   Other: 0.10ms
[2025-03-26T10:53:34.597+0000][28208][trace][gc,age      ] GC(12) Age table:
[2025-03-26T10:53:34.597+0000][28208][trace][gc,age      ] GC(12) - age   1:    9695064 bytes,    9695064 total
[2025-03-26T10:53:34.597+0000][28208][trace][gc,age      ] GC(12) - age   2:   11426536 bytes,   21121600 total
[2025-03-26T10:53:34.597+0000][28208][trace][gc,age      ] GC(12) - age   3:    6067056 bytes,   27188656 total
[2025-03-26T10:53:34.597+0000][28208][trace][gc,age      ] GC(12) - age   4:    3380120 bytes,   30568776 total
[2025-03-26T10:53:34.598+0000][28208][trace][gc,age      ] GC(12) - age   5:    4325336 bytes,   34894112 total
[2025-03-26T10:53:34.598+0000][28208][trace][gc,age      ] GC(12) - age   6:    5958792 bytes,   40852904 total
[2025-03-26T10:53:34.598+0000][28208][trace][gc,age      ] GC(12) - age   7:    4460672 bytes,   45313576 total
[2025-03-26T10:53:34.598+0000][28208][info ][gc,heap     ] GC(12) Eden regions: 126->0(149)
[2025-03-26T10:53:34.598+0000][28208][info ][gc,heap     ] GC(12) Survivor regions: 12->12(18)
[2025-03-26T10:53:34.598+0000][28208][info ][gc,heap     ] GC(12) Old regions: 6->7
[2025-03-26T10:53:34.598+0000][28208][info ][gc,heap     ] GC(12) Humongous regions: 0->0
[2025-03-26T10:53:34.598+0000][28208][info ][gc,metaspace] GC(12) Metaspace: 97648K(99648K)->97648K(99648K) NonClass: 84478K(85632K)->84478K(85632K) Class: 13170K(14016K)->13170K(14016K)
[2025-03-26T10:53:34.598+0000][28208][info ][gc          ] GC(12) Pause Young (Normal) (G1 Evacuation Pause) 568M->72M(8148M) 14.447ms
[2025-03-26T10:53:34.598+0000][28208][info ][gc,cpu      ] GC(12) User=0.02s Sys=0.00s Real=0.01s
[2025-03-26T10:53:34.598+0000][28208][info ][safepoint   ] Safepoint "G1CollectForAllocation", Time since last: 2260957300 ns, Reaching safepoint: 3600 ns, At safepoint: 14500200 ns, Total: 14503800 ns
[2025-03-26T10:53:34.677+0000][28208][info ][gc,start    ] GC(13) Pause Young (Concurrent Start) (Metadata GC Threshold)
[2025-03-26T10:53:34.677+0000][28208][info ][gc,task     ] GC(13) Using 18 workers of 18 for evacuation
[2025-03-26T10:53:34.677+0000][28208][debug][gc,age      ] GC(13) Desired survivor size 44040192 bytes, new threshold 7 (max threshold 15)
[2025-03-26T10:53:34.689+0000][28208][info ][gc,phases   ] GC(13)   Pre Evacuate Collection Set: 0.25ms
[2025-03-26T10:53:34.689+0000][28208][info ][gc,phases   ] GC(13)   Merge Heap Roots: 0.08ms
[2025-03-26T10:53:34.689+0000][28208][info ][gc,phases   ] GC(13)   Evacuate Collection Set: 10.53ms
[2025-03-26T10:53:34.689+0000][28208][info ][gc,phases   ] GC(13)   Post Evacuate Collection Set: 1.02ms
[2025-03-26T10:53:34.689+0000][28208][info ][gc,phases   ] GC(13)   Other: 0.09ms
[2025-03-26T10:53:34.689+0000][28208][trace][gc,age      ] GC(13) Age table:
[2025-03-26T10:53:34.689+0000][28208][trace][gc,age      ] GC(13) - age   1:     438656 bytes,     438656 total
[2025-03-26T10:53:34.689+0000][28208][trace][gc,age      ] GC(13) - age   2:    9488720 bytes,    9927376 total
[2025-03-26T10:53:34.689+0000][28208][trace][gc,age      ] GC(13) - age   3:   11419360 bytes,   21346736 total
[2025-03-26T10:53:34.689+0000][28208][trace][gc,age      ] GC(13) - age   4:    6066064 bytes,   27412800 total
[2025-03-26T10:53:34.689+0000][28208][trace][gc,age      ] GC(13) - age   5:    3379160 bytes,   30791960 total
[2025-03-26T10:53:34.689+0000][28208][trace][gc,age      ] GC(13) - age   6:    4325144 bytes,   35117104 total
[2025-03-26T10:53:34.689+0000][28208][trace][gc,age      ] GC(13) - age   7:    5958376 bytes,   41075480 total
[2025-03-26T10:53:34.689+0000][28208][info ][gc,heap     ] GC(13) Eden regions: 4->0(207)
[2025-03-26T10:53:34.689+0000][28208][info ][gc,heap     ] GC(13) Survivor regions: 12->11(21)
[2025-03-26T10:53:34.689+0000][28208][info ][gc,heap     ] GC(13) Old regions: 7->8
[2025-03-26T10:53:34.689+0000][28208][info ][gc,heap     ] GC(13) Humongous regions: 0->0
[2025-03-26T10:53:34.689+0000][28208][info ][gc,metaspace] GC(13) Metaspace: 98755K(100800K)->98755K(100800K) NonClass: 85319K(86528K)->85319K(86528K) Class: 13435K(14272K)->13435K(14272K)
[2025-03-26T10:53:34.689+0000][28208][info ][gc          ] GC(13) Pause Young (Concurrent Start) (Metadata GC Threshold) 88M->73M(8148M) 12.239ms
[2025-03-26T10:53:34.691+0000][28208][info ][gc,cpu      ] GC(13) User=0.02s Sys=0.00s Real=0.01s
[2025-03-26T10:53:34.691+0000][28208][info ][gc          ] GC(14) Concurrent Mark Cycle
[2025-03-26T10:53:34.691+0000][28208][info ][gc,marking  ] GC(14) Concurrent Scan Root Regions
[2025-03-26T10:53:34.691+0000][28208][info ][safepoint   ] Safepoint "CollectForMetadataAllocation", Time since last: 79979100 ns, Reaching safepoint: 2900 ns, At safepoint: 12340700 ns, Total: 12343600 ns
[2025-03-26T10:53:34.694+0000][28208][info ][gc,marking  ] GC(14) Concurrent Scan Root Regions 3.561ms
[2025-03-26T10:53:34.694+0000][28208][info ][gc,marking  ] GC(14) Concurrent Mark
[2025-03-26T10:53:34.694+0000][28208][info ][gc,marking  ] GC(14) Concurrent Mark From Roots
[2025-03-26T10:53:34.694+0000][28208][info ][gc,task     ] GC(14) Using 5 workers of 5 for marking
[2025-03-26T10:53:34.700+0000][28208][info ][gc,marking  ] GC(14) Concurrent Mark From Roots 6.130ms
[2025-03-26T10:53:34.700+0000][28208][info ][gc,marking  ] GC(14) Concurrent Preclean
[2025-03-26T10:53:34.700+0000][28208][info ][gc,marking  ] GC(14) Concurrent Preclean 0.068ms
[2025-03-26T10:53:34.700+0000][28208][info ][gc,start    ] GC(14) Pause Remark
[2025-03-26T10:53:34.703+0000][28208][info ][gc          ] GC(14) Pause Remark 75M->75M(8148M) 2.924ms
[2025-03-26T10:53:34.703+0000][28208][info ][gc,cpu      ] GC(14) User=0.00s Sys=0.02s Real=0.00s
[2025-03-26T10:53:34.703+0000][28208][info ][safepoint   ] Safepoint "G1PauseRemark", Time since last: 9852300 ns, Reaching safepoint: 708200 ns, At safepoint: 2981700 ns, Total: 3689900 ns
[2025-03-26T10:53:34.703+0000][28208][info ][gc,marking  ] GC(14) Concurrent Mark 9.998ms
[2025-03-26T10:53:34.703+0000][28208][info ][gc,marking  ] GC(14) Concurrent Rebuild Remembered Sets and Scrub Regions
[2025-03-26T10:53:34.705+0000][28208][info ][gc,marking  ] GC(14) Concurrent Rebuild Remembered Sets and Scrub Regions 1.709ms
[2025-03-26T10:53:34.705+0000][28208][info ][gc,start    ] GC(14) Pause Cleanup
[2025-03-26T10:53:34.705+0000][28208][info ][gc          ] GC(14) Pause Cleanup 75M->75M(8148M) 0.040ms
[2025-03-26T10:53:34.705+0000][28208][info ][gc,cpu      ] GC(14) User=0.00s Sys=0.00s Real=0.00s
[2025-03-26T10:53:34.705+0000][28208][info ][safepoint   ] Safepoint "G1PauseCleanup", Time since last: 1796200 ns, Reaching safepoint: 3000 ns, At safepoint: 77400 ns, Total: 80400 ns
[2025-03-26T10:53:34.705+0000][28208][info ][gc,marking  ] GC(14) Concurrent Clear Claimed Marks
[2025-03-26T10:53:34.705+0000][28208][info ][gc,marking  ] GC(14) Concurrent Clear Claimed Marks 0.078ms
[2025-03-26T10:53:34.705+0000][28208][info ][gc,marking  ] GC(14) Concurrent Cleanup for Next Mark
[2025-03-26T10:53:34.713+0000][28208][info ][gc,marking  ] GC(14) Concurrent Cleanup for Next Mark 8.189ms
[2025-03-26T10:53:34.713+0000][28208][info ][gc          ] GC(14) Concurrent Mark Cycle 23.859ms
[2025-03-26T10:53:38.416+0000][28208][info ][gc,start    ] GC(15) Pause Young (Prepare Mixed) (G1 Evacuation Pause)
[2025-03-26T10:53:38.416+0000][28208][info ][gc,task     ] GC(15) Using 18 workers of 18 for evacuation
[2025-03-26T10:53:38.416+0000][28208][debug][gc,age      ] GC(15) Desired survivor size 58720256 bytes, new threshold 15 (max threshold 15)
[2025-03-26T10:53:38.440+0000][28208][info ][gc,phases   ] GC(15)   Pre Evacuate Collection Set: 0.20ms
[2025-03-26T10:53:38.440+0000][28208][info ][gc,phases   ] GC(15)   Merge Heap Roots: 0.11ms
[2025-03-26T10:53:38.440+0000][28208][info ][gc,phases   ] GC(15)   Evacuate Collection Set: 21.50ms
[2025-03-26T10:53:38.440+0000][28208][info ][gc,phases   ] GC(15)   Post Evacuate Collection Set: 1.79ms
[2025-03-26T10:53:38.440+0000][28208][info ][gc,phases   ] GC(15)   Other: 0.11ms
[2025-03-26T10:53:38.440+0000][28208][trace][gc,age      ] GC(15) Age table:
[2025-03-26T10:53:38.440+0000][28208][trace][gc,age      ] GC(15) - age   1:   33018696 bytes,   33018696 total
[2025-03-26T10:53:38.440+0000][28208][trace][gc,age      ] GC(15) - age   2:     391912 bytes,   33410608 total
[2025-03-26T10:53:38.440+0000][28208][trace][gc,age      ] GC(15) - age   3:    9305064 bytes,   42715672 total
[2025-03-26T10:53:38.440+0000][28208][trace][gc,age      ] GC(15) - age   4:   11200184 bytes,   53915856 total
[2025-03-26T10:53:38.440+0000][28208][trace][gc,age      ] GC(15) - age   5:    6025648 bytes,   59941504 total
[2025-03-26T10:53:38.440+0000][28208][trace][gc,age      ] GC(15) - age   6:    3376544 bytes,   63318048 total
[2025-03-26T10:53:38.440+0000][28208][trace][gc,age      ] GC(15) - age   7:    4320672 bytes,   67638720 total
[2025-03-26T10:53:38.440+0000][28208][trace][gc,age      ] GC(15) - age   8:    5947584 bytes,   73586304 total
[2025-03-26T10:53:38.440+0000][28208][info ][gc,heap     ] GC(15) Eden regions: 207->0(176)
[2025-03-26T10:53:38.440+0000][28208][info ][gc,heap     ] GC(15) Survivor regions: 11->19(28)
[2025-03-26T10:53:38.440+0000][28208][info ][gc,heap     ] GC(15) Old regions: 8->8
[2025-03-26T10:53:38.440+0000][28208][info ][gc,heap     ] GC(15) Humongous regions: 2->2
[2025-03-26T10:53:38.440+0000][28208][info ][gc,metaspace] GC(15) Metaspace: 145041K(149184K)->145041K(149184K) NonClass: 124357K(126656K)->124357K(126656K) Class: 20684K(22528K)->20684K(22528K)
[2025-03-26T10:53:38.440+0000][28208][info ][gc          ] GC(15) Pause Young (Prepare Mixed) (G1 Evacuation Pause) 909M->113M(8148M) 24.015ms
[2025-03-26T10:53:38.440+0000][28208][info ][gc,cpu      ] GC(15) User=0.03s Sys=0.02s Real=0.02s
[2025-03-26T10:53:38.440+0000][28208][info ][safepoint   ] Safepoint "G1CollectForAllocation", Time since last: 3710163700 ns, Reaching safepoint: 12600 ns, At safepoint: 24105700 ns, Total: 24118300 ns
[2025-03-26T10:53:53.097+0000][28208][info ][gc,start    ] GC(16) Pause Young (Mixed) (G1 Evacuation Pause)
[2025-03-26T10:53:53.097+0000][28208][info ][gc,task     ] GC(16) Using 18 workers of 18 for evacuation
[2025-03-26T10:53:53.097+0000][28208][debug][gc,age      ] GC(16) Desired survivor size 52428800 bytes, new threshold 4 (max threshold 15)
[2025-03-26T10:53:53.132+0000][28208][info ][gc,phases   ] GC(16)   Pre Evacuate Collection Set: 0.30ms
[2025-03-26T10:53:53.132+0000][28208][info ][gc,phases   ] GC(16)   Merge Heap Roots: 0.11ms
[2025-03-26T10:53:53.132+0000][28208][info ][gc,phases   ] GC(16)   Evacuate Collection Set: 31.37ms
[2025-03-26T10:53:53.132+0000][28208][info ][gc,phases   ] GC(16)   Post Evacuate Collection Set: 2.41ms
[2025-03-26T10:53:53.132+0000][28208][info ][gc,phases   ] GC(16)   Other: 0.11ms
[2025-03-26T10:53:53.132+0000][28208][trace][gc,age      ] GC(16) Age table:
[2025-03-26T10:53:53.132+0000][28208][trace][gc,age      ] GC(16) - age   1:   65084336 bytes,   65084336 total
[2025-03-26T10:53:53.132+0000][28208][trace][gc,age      ] GC(16) - age   2:   24648824 bytes,   89733160 total
[2025-03-26T10:53:53.132+0000][28208][trace][gc,age      ] GC(16) - age   3:     377960 bytes,   90111120 total
[2025-03-26T10:53:53.132+0000][28208][trace][gc,age      ] GC(16) - age   4:    8230544 bytes,   98341664 total
[2025-03-26T10:53:53.132+0000][28208][info ][gc,heap     ] GC(16) Eden regions: 176->0(177)
[2025-03-26T10:53:53.132+0000][28208][info ][gc,heap     ] GC(16) Survivor regions: 19->25(25)
[2025-03-26T10:53:53.132+0000][28208][info ][gc,heap     ] GC(16) Old regions: 8->19
[2025-03-26T10:53:53.132+0000][28208][info ][gc,heap     ] GC(16) Humongous regions: 2->2
[2025-03-26T10:53:53.132+0000][28208][info ][gc,metaspace] GC(16) Metaspace: 152813K(157312K)->152813K(157312K) NonClass: 130858K(133376K)->130858K(133376K) Class: 21954K(23936K)->21954K(23936K)
[2025-03-26T10:53:53.132+0000][28208][info ][gc          ] GC(16) Pause Young (Mixed) (G1 Evacuation Pause) 817M->180M(8148M) 34.576ms
[2025-03-26T10:53:53.132+0000][28208][info ][gc,cpu      ] GC(16) User=0.30s Sys=0.00s Real=0.04s
[2025-03-26T10:53:53.132+0000][28208][info ][safepoint   ] Safepoint "G1CollectForAllocation", Time since last: 14657635300 ns, Reaching safepoint: 16300 ns, At safepoint: 34702900 ns, Total: 34719200 ns
[2025-03-26T10:53:53.627+0000][28208][info ][gc,start    ] GC(17) Pause Young (Normal) (G1 Evacuation Pause)
[2025-03-26T10:53:53.628+0000][28208][info ][gc,task     ] GC(17) Using 18 workers of 18 for evacuation
[2025-03-26T10:53:53.628+0000][28208][debug][gc,age      ] GC(17) Desired survivor size 54525952 bytes, new threshold 1 (max threshold 15)
[2025-03-26T10:53:53.648+0000][28208][info ][gc,phases   ] GC(17)   Pre Evacuate Collection Set: 0.22ms
[2025-03-26T10:53:53.648+0000][28208][info ][gc,phases   ] GC(17)   Merge Heap Roots: 0.18ms
[2025-03-26T10:53:53.648+0000][28208][info ][gc,phases   ] GC(17)   Evacuate Collection Set: 18.84ms
[2025-03-26T10:53:53.648+0000][28208][info ][gc,phases   ] GC(17)   Post Evacuate Collection Set: 1.18ms
[2025-03-26T10:53:53.648+0000][28208][info ][gc,phases   ] GC(17)   Other: 0.11ms
[2025-03-26T10:53:53.648+0000][28208][trace][gc,age      ] GC(17) Age table:
[2025-03-26T10:53:53.648+0000][28208][trace][gc,age      ] GC(17) - age   1:   10779832 bytes,   10779832 total
[2025-03-26T10:53:53.648+0000][28208][info ][gc,heap     ] GC(17) Eden regions: 177->0(267)
[2025-03-26T10:53:53.648+0000][28208][info ][gc,heap     ] GC(17) Survivor regions: 25->4(26)
[2025-03-26T10:53:53.648+0000][28208][info ][gc,heap     ] GC(17) Old regions: 19->48
[2025-03-26T10:53:53.648+0000][28208][info ][gc,heap     ] GC(17) Humongous regions: 2->2
[2025-03-26T10:53:53.648+0000][28208][info ][gc,metaspace] GC(17) Metaspace: 154344K(158784K)->154344K(158784K) NonClass: 132255K(134720K)->132255K(134720K) Class: 22088K(24064K)->22088K(24064K)
[2025-03-26T10:53:53.648+0000][28208][info ][gc          ] GC(17) Pause Young (Normal) (G1 Evacuation Pause) 888M->212M(8148M) 20.809ms
[2025-03-26T10:53:53.648+0000][28208][info ][gc,cpu      ] GC(17) User=0.16s Sys=0.09s Real=0.02s
[2025-03-26T10:53:53.648+0000][28208][info ][safepoint   ] Safepoint "G1CollectForAllocation", Time since last: 495651100 ns, Reaching safepoint: 16900 ns, At safepoint: 20928500 ns, Total: 20945400 ns
[2025-03-26T10:54:50.535+0000][28208][info ][gc,start    ] GC(18) Pause Young (Concurrent Start) (CodeCache GC Threshold)
[2025-03-26T10:54:50.535+0000][28208][info ][gc,task     ] GC(18) Using 18 workers of 18 for evacuation
[2025-03-26T10:54:50.535+0000][28208][debug][gc,age      ] GC(18) Desired survivor size 77594624 bytes, new threshold 15 (max threshold 15)
[2025-03-26T10:54:50.538+0000][28208][info ][gc,phases   ] GC(18)   Pre Evacuate Collection Set: 0.32ms
[2025-03-26T10:54:50.538+0000][28208][info ][gc,phases   ] GC(18)   Merge Heap Roots: 0.14ms
[2025-03-26T10:54:50.538+0000][28208][info ][gc,phases   ] GC(18)   Evacuate Collection Set: 2.74ms
[2025-03-26T10:54:50.538+0000][28208][info ][gc,phases   ] GC(18)   Post Evacuate Collection Set: 0.66ms
[2025-03-26T10:54:50.538+0000][28208][info ][gc,phases   ] GC(18)   Other: 0.12ms
[2025-03-26T10:54:50.538+0000][28208][trace][gc,age      ] GC(18) Age table:
[2025-03-26T10:54:50.538+0000][28208][trace][gc,age      ] GC(18) - age   1:    8616568 bytes,    8616568 total
[2025-03-26T10:54:50.538+0000][28208][trace][gc,age      ] GC(18) - age   2:    3529048 bytes,   12145616 total
[2025-03-26T10:54:50.538+0000][28208][info ][gc,heap     ] GC(18) Eden regions: 200->0(384)
[2025-03-26T10:54:50.538+0000][28208][info ][gc,heap     ] GC(18) Survivor regions: 4->4(37)
[2025-03-26T10:54:50.538+0000][28208][info ][gc,heap     ] GC(18) Old regions: 48->48
[2025-03-26T10:54:50.538+0000][28208][info ][gc,heap     ] GC(18) Humongous regions: 2->2
[2025-03-26T10:54:50.538+0000][28208][info ][gc,metaspace] GC(18) Metaspace: 158285K(163136K)->158285K(163136K) NonClass: 135805K(138496K)->135805K(138496K) Class: 22480K(24640K)->22480K(24640K)
[2025-03-26T10:54:50.538+0000][28208][info ][gc          ] GC(18) Pause Young (Concurrent Start) (CodeCache GC Threshold) 1012M->211M(8148M) 4.245ms
[2025-03-26T10:54:50.538+0000][28208][info ][gc          ] GC(19) Concurrent Mark Cycle
[2025-03-26T10:54:50.538+0000][28208][info ][gc,cpu      ] GC(18) User=0.00s Sys=0.00s Real=0.00s
[2025-03-26T10:54:50.538+0000][28208][info ][gc,marking  ] GC(19) Concurrent Scan Root Regions
[2025-03-26T10:54:50.538+0000][28208][info ][safepoint   ] Safepoint "G1TryInitiateConcMark", Time since last: 56885913000 ns, Reaching safepoint: 30500 ns, At safepoint: 4383300 ns, Total: 4413800 ns
[2025-03-26T10:54:50.541+0000][28208][info ][gc,marking  ] GC(19) Concurrent Scan Root Regions 2.258ms
[2025-03-26T10:54:50.541+0000][28208][info ][gc,marking  ] GC(19) Concurrent Mark
[2025-03-26T10:54:50.541+0000][28208][info ][gc,marking  ] GC(19) Concurrent Mark From Roots
[2025-03-26T10:54:50.541+0000][28208][info ][gc,task     ] GC(19) Using 5 workers of 5 for marking
[2025-03-26T10:54:50.564+0000][28208][info ][gc,marking  ] GC(19) Concurrent Mark From Roots 21.811ms
[2025-03-26T10:54:50.564+0000][28208][info ][gc,marking  ] GC(19) Concurrent Preclean
[2025-03-26T10:54:50.564+0000][28208][info ][gc,marking  ] GC(19) Concurrent Preclean 0.476ms
[2025-03-26T10:54:50.564+0000][28208][info ][gc,start    ] GC(19) Pause Remark
[2025-03-26T10:54:50.580+0000][28208][info ][gc          ] GC(19) Pause Remark 212M->210M(8148M) 15.968ms
[2025-03-26T10:54:50.580+0000][28208][info ][gc,cpu      ] GC(19) User=0.00s Sys=0.00s Real=0.02s
[2025-03-26T10:54:50.580+0000][28208][info ][safepoint   ] Safepoint "G1PauseRemark", Time since last: 24668600 ns, Reaching safepoint: 25500 ns, At safepoint: 16137500 ns, Total: 16163000 ns
[2025-03-26T10:54:50.580+0000][28208][info ][gc,marking  ] GC(19) Concurrent Mark 38.629ms
[2025-03-26T10:54:50.580+0000][28208][info ][gc,marking  ] GC(19) Concurrent Rebuild Remembered Sets and Scrub Regions
[2025-03-26T10:54:50.587+0000][28208][info ][gc,marking  ] GC(19) Concurrent Rebuild Remembered Sets and Scrub Regions 7.160ms
[2025-03-26T10:54:50.587+0000][28208][info ][gc,start    ] GC(19) Pause Cleanup
[2025-03-26T10:54:50.587+0000][28208][info ][gc          ] GC(19) Pause Cleanup 211M->211M(8148M) 0.064ms
[2025-03-26T10:54:50.588+0000][28208][info ][gc,cpu      ] GC(19) User=0.00s Sys=0.00s Real=0.00s
[2025-03-26T10:54:50.588+0000][28208][info ][safepoint   ] Safepoint "G1PauseCleanup", Time since last: 7322800 ns, Reaching safepoint: 15300 ns, At safepoint: 146600 ns, Total: 161900 ns
[2025-03-26T10:54:50.588+0000][28208][info ][gc,marking  ] GC(19) Concurrent Clear Claimed Marks
[2025-03-26T10:54:50.588+0000][28208][info ][gc,marking  ] GC(19) Concurrent Clear Claimed Marks 0.174ms
[2025-03-26T10:54:50.588+0000][28208][info ][gc,marking  ] GC(19) Concurrent Cleanup for Next Mark
[2025-03-26T10:54:50.596+0000][28208][info ][gc,marking  ] GC(19) Concurrent Cleanup for Next Mark 8.416ms
[2025-03-26T10:54:50.596+0000][28208][info ][gc          ] GC(19) Concurrent Mark Cycle 57.129ms
[2025-03-26T10:59:20.228+0000][28208][info ][gc,start    ] GC(20) Pause Young (Prepare Mixed) (G1 Evacuation Pause)
[2025-03-26T10:59:20.228+0000][28208][info ][gc,task     ] GC(20) Using 18 workers of 18 for evacuation
[2025-03-26T10:59:20.228+0000][28208][debug][gc,age      ] GC(20) Desired survivor size 104857600 bytes, new threshold 15 (max threshold 15)
[2025-03-26T10:59:20.231+0000][28208][info ][gc,phases   ] GC(20)   Pre Evacuate Collection Set: 0.25ms
[2025-03-26T10:59:20.231+0000][28208][info ][gc,phases   ] GC(20)   Merge Heap Roots: 0.17ms
[2025-03-26T10:59:20.231+0000][28208][info ][gc,phases   ] GC(20)   Evacuate Collection Set: 2.98ms
[2025-03-26T10:59:20.232+0000][28208][info ][gc,phases   ] GC(20)   Post Evacuate Collection Set: 0.92ms
[2025-03-26T10:59:20.232+0000][28208][info ][gc,phases   ] GC(20)   Other: 0.17ms
[2025-03-26T10:59:20.232+0000][28208][trace][gc,age      ] GC(20) Age table:
[2025-03-26T10:59:20.232+0000][28208][trace][gc,age      ] GC(20) - age   1:    6543264 bytes,    6543264 total
[2025-03-26T10:59:20.232+0000][28208][trace][gc,age      ] GC(20) - age   2:    7324560 bytes,   13867824 total
[2025-03-26T10:59:20.232+0000][28208][trace][gc,age      ] GC(20) - age   3:    3496648 bytes,   17364472 total
[2025-03-26T10:59:20.232+0000][28208][info ][gc,heap     ] GC(20) Eden regions: 395->0(335)
[2025-03-26T10:59:20.232+0000][28208][info ][gc,heap     ] GC(20) Survivor regions: 4->5(50)
[2025-03-26T10:59:20.232+0000][28208][info ][gc,heap     ] GC(20) Old regions: 47->47
[2025-03-26T10:59:20.232+0000][28208][info ][gc,heap     ] GC(20) Humongous regions: 2->2
[2025-03-26T10:59:20.232+0000][28208][info ][gc,metaspace] GC(20) Metaspace: 162195K(166976K)->162195K(166976K) NonClass: 139348K(142016K)->139348K(142016K) Class: 22846K(24960K)->22846K(24960K)
[2025-03-26T10:59:20.232+0000][28208][info ][gc          ] GC(20) Pause Young (Prepare Mixed) (G1 Evacuation Pause) 1789M->213M(8148M) 4.776ms
[2025-03-26T10:59:20.232+0000][28208][info ][gc,cpu      ] GC(20) User=0.00s Sys=0.00s Real=0.00s
[2025-03-26T10:59:20.232+0000][28208][info ][safepoint   ] Safepoint "G1CollectForAllocation", Time since last: 269639612900 ns, Reaching safepoint: 17500 ns, At safepoint: 4908200 ns, Total: 4925700 ns
[2025-03-26T11:05:40.424+0000][28208][info ][gc,start    ] GC(21) Pause Young (Mixed) (G1 Evacuation Pause)
[2025-03-26T11:05:40.424+0000][28208][info ][gc,task     ] GC(21) Using 18 workers of 18 for evacuation
[2025-03-26T11:05:40.424+0000][28208][debug][gc,age      ] GC(21) Desired survivor size 92274688 bytes, new threshold 15 (max threshold 15)
[2025-03-26T11:05:40.430+0000][28208][info ][gc,phases   ] GC(21)   Pre Evacuate Collection Set: 0.29ms
[2025-03-26T11:05:40.430+0000][28208][info ][gc,phases   ] GC(21)   Merge Heap Roots: 0.29ms
[2025-03-26T11:05:40.430+0000][28208][info ][gc,phases   ] GC(21)   Evacuate Collection Set: 3.11ms
[2025-03-26T11:05:40.430+0000][28208][info ][gc,phases   ] GC(21)   Merge Optional Heap Roots: 0.03ms
[2025-03-26T11:05:40.430+0000][28208][info ][gc,phases   ] GC(21)   Evacuate Optional Collection Set: 0.59ms
[2025-03-26T11:05:40.430+0000][28208][info ][gc,phases   ] GC(21)   Post Evacuate Collection Set: 1.09ms
[2025-03-26T11:05:40.430+0000][28208][info ][gc,phases   ] GC(21)   Other: 0.11ms
[2025-03-26T11:05:40.430+0000][28208][trace][gc,age      ] GC(21) Age table:
[2025-03-26T11:05:40.430+0000][28208][trace][gc,age      ] GC(21) - age   1:    2568264 bytes,    2568264 total
[2025-03-26T11:05:40.430+0000][28208][trace][gc,age      ] GC(21) - age   2:    4361976 bytes,    6930240 total
[2025-03-26T11:05:40.430+0000][28208][trace][gc,age      ] GC(21) - age   3:    7023184 bytes,   13953424 total
[2025-03-26T11:05:40.430+0000][28208][trace][gc,age      ] GC(21) - age   4:    3495856 bytes,   17449280 total
[2025-03-26T11:05:40.430+0000][28208][info ][gc,heap     ] GC(21) Eden regions: 341->0(397)
[2025-03-26T11:05:40.430+0000][28208][info ][gc,heap     ] GC(21) Survivor regions: 5->5(44)
[2025-03-26T11:05:40.430+0000][28208][info ][gc,heap     ] GC(21) Old regions: 47->46
[2025-03-26T11:05:40.430+0000][28208][info ][gc,heap     ] GC(21) Humongous regions: 2->2
[2025-03-26T11:05:40.430+0000][28208][info ][gc,metaspace] GC(21) Metaspace: 162977K(167680K)->162977K(167680K) NonClass: 140115K(142720K)->140115K(142720K) Class: 22862K(24960K)->22862K(24960K)
[2025-03-26T11:05:40.430+0000][28208][info ][gc          ] GC(21) Pause Young (Mixed) (G1 Evacuation Pause) 1577M->209M(8148M) 5.854ms
[2025-03-26T11:05:40.431+0000][28208][info ][gc,cpu      ] GC(21) User=0.00s Sys=0.00s Real=0.01s
[2025-03-26T11:05:40.431+0000][28208][info ][safepoint   ] Safepoint "G1CollectForAllocation", Time since last: 380192347000 ns, Reaching safepoint: 20400 ns, At safepoint: 5972100 ns, Total: 5992500 ns
[2025-03-26T11:19:11.771+0000][28208][info ][gc,start    ] GC(22) Pause Young (Mixed) (G1 Evacuation Pause)
[2025-03-26T11:19:11.771+0000][28208][info ][gc,task     ] GC(22) Using 18 workers of 18 for evacuation
[2025-03-26T11:19:11.771+0000][28208][debug][gc,age      ] GC(22) Desired survivor size 106954752 bytes, new threshold 15 (max threshold 15)
[2025-03-26T11:19:11.775+0000][28208][info ][gc,phases   ] GC(22)   Pre Evacuate Collection Set: 0.30ms
[2025-03-26T11:19:11.775+0000][28208][info ][gc,phases   ] GC(22)   Merge Heap Roots: 0.15ms
[2025-03-26T11:19:11.775+0000][28208][info ][gc,phases   ] GC(22)   Evacuate Collection Set: 3.06ms
[2025-03-26T11:19:11.775+0000][28208][info ][gc,phases   ] GC(22)   Post Evacuate Collection Set: 0.75ms
[2025-03-26T11:19:11.775+0000][28208][info ][gc,phases   ] GC(22)   Other: 0.12ms
[2025-03-26T11:19:11.775+0000][28208][trace][gc,age      ] GC(22) Age table:
[2025-03-26T11:19:11.775+0000][28208][trace][gc,age      ] GC(22) - age   1:    1480936 bytes,    1480936 total
[2025-03-26T11:19:11.775+0000][28208][trace][gc,age      ] GC(22) - age   2:     781592 bytes,    2262528 total
[2025-03-26T11:19:11.776+0000][28208][trace][gc,age      ] GC(22) - age   3:    4314504 bytes,    6577032 total
[2025-03-26T11:19:11.776+0000][28208][trace][gc,age      ] GC(22) - age   4:    7020144 bytes,   13597176 total
[2025-03-26T11:19:11.776+0000][28208][trace][gc,age      ] GC(22) - age   5:    3495440 bytes,   17092616 total
[2025-03-26T11:19:11.776+0000][28208][info ][gc,heap     ] GC(22) Eden regions: 403->0(445)
[2025-03-26T11:19:11.776+0000][28208][info ][gc,heap     ] GC(22) Survivor regions: 5->5(51)
[2025-03-26T11:19:11.776+0000][28208][info ][gc,heap     ] GC(22) Old regions: 46->46
[2025-03-26T11:19:11.776+0000][28208][info ][gc,heap     ] GC(22) Humongous regions: 2->2
[2025-03-26T11:19:11.776+0000][28208][info ][gc,metaspace] GC(22) Metaspace: 163645K(168320K)->163645K(168320K) NonClass: 140777K(143360K)->140777K(143360K) Class: 22867K(24960K)->22867K(24960K)
[2025-03-26T11:19:11.776+0000][28208][info ][gc          ] GC(22) Pause Young (Mixed) (G1 Evacuation Pause) 1821M->207M(8148M) 4.741ms
[2025-03-26T11:19:11.776+0000][28208][info ][gc,cpu      ] GC(22) User=0.00s Sys=0.00s Real=0.01s
[2025-03-26T11:19:11.776+0000][28208][info ][safepoint   ] Safepoint "G1CollectForAllocation", Time since last: 811340955500 ns, Reaching safepoint: 19800 ns, At safepoint: 4834900 ns, Total: 4854700 ns
