[2025-04-02T10:12:17.250+0000][13980][info][gc,init] CardTable entry size: 512
[2025-04-02T10:12:17.250+0000][13980][info][gc     ] Using G1
[2025-04-02T10:12:21.043+0000][13980][info][gc,init] Version: 23+37-2369 (release)
[2025-04-02T10:12:21.043+0000][13980][info][gc,init] CPUs: 24 total, 24 available
[2025-04-02T10:12:21.043+0000][13980][info][gc,init] Memory: 16296M
[2025-04-02T10:12:21.043+0000][13980][info][gc,init] Large Page Support: Disabled
[2025-04-02T10:12:21.043+0000][13980][info][gc,init] NUMA Support: Disabled
[2025-04-02T10:12:21.043+0000][13980][info][gc,init] Compressed Oops: Enabled (Zero based)
[2025-04-02T10:12:21.043+0000][13980][info][gc,init] Heap Region Size: 4M
[2025-04-02T10:12:21.043+0000][13980][info][gc,init] Heap Min Capacity: 8148M
[2025-04-02T10:12:21.043+0000][13980][info][gc,init] Heap Initial Capacity: 8148M
[2025-04-02T10:12:21.043+0000][13980][info][gc,init] Heap Max Capacity: 8148M
[2025-04-02T10:12:21.043+0000][13980][info][gc,init] Pre-touch: Enabled
[2025-04-02T10:12:21.043+0000][13980][info][gc,init] Parallel Workers: 18
[2025-04-02T10:12:21.043+0000][13980][info][gc,init] Concurrent Workers: 5
[2025-04-02T10:12:21.043+0000][13980][info][gc,init] Concurrent Refinement Workers: 18
[2025-04-02T10:12:21.043+0000][13980][info][gc,init] Periodic GC: Disabled
[2025-04-02T10:12:21.053+0000][13980][info][gc,metaspace] CDS archive(s) mapped at: [0x000001f645000000-0x000001f645d70000-0x000001f645d70000), size 14090240, SharedBaseAddress: 0x000001f645000000, ArchiveRelocationMode: 1.
[2025-04-02T10:12:21.053+0000][13980][info][gc,metaspace] Compressed class space mapped at: 0x000001f646000000-0x000001f686000000, reserved size: 1073741824
[2025-04-02T10:12:21.053+0000][13980][info][gc,metaspace] Narrow klass base: 0x000001f645000000, Narrow klass shift: 0, Narrow klass range: 0x41000000
[2025-04-02T10:12:24.277+0000][13980][info][gc,start    ] GC(0) Pause Young (Concurrent Start) (Metadata GC Threshold)
[2025-04-02T10:12:24.279+0000][13980][info][gc,task     ] GC(0) Using 18 workers of 18 for evacuation
[2025-04-02T10:12:24.279+0000][13980][debug][gc,age      ] GC(0) Desired survivor size 27262976 bytes, new threshold 15 (max threshold 15)
[2025-04-02T10:12:24.286+0000][13980][info ][gc,phases   ] GC(0)   Pre Evacuate Collection Set: 0.40ms
[2025-04-02T10:12:24.286+0000][13980][info ][gc,phases   ] GC(0)   Merge Heap Roots: 0.11ms
[2025-04-02T10:12:24.286+0000][13980][info ][gc,phases   ] GC(0)   Evacuate Collection Set: 5.56ms
[2025-04-02T10:12:24.286+0000][13980][info ][gc,phases   ] GC(0)   Post Evacuate Collection Set: 0.87ms
[2025-04-02T10:12:24.286+0000][13980][info ][gc,phases   ] GC(0)   Other: 0.64ms
[2025-04-02T10:12:24.286+0000][13980][trace][gc,age      ] GC(0) Age table:
[2025-04-02T10:12:24.286+0000][13980][trace][gc,age      ] GC(0) - age   1:   15369352 bytes,   15369352 total
[2025-04-02T10:12:24.286+0000][13980][info ][gc,heap     ] GC(0) Eden regions: 69->0(97)
[2025-04-02T10:12:24.286+0000][13980][info ][gc,heap     ] GC(0) Survivor regions: 0->4(13)
[2025-04-02T10:12:24.286+0000][13980][info ][gc,heap     ] GC(0) Old regions: 0->0
[2025-04-02T10:12:24.286+0000][13980][info ][gc,heap     ] GC(0) Humongous regions: 0->0
[2025-04-02T10:12:24.286+0000][13980][info ][gc,metaspace] GC(0) Metaspace: 20760K(21504K)->20760K(21504K) NonClass: 18436K(18880K)->18436K(18880K) Class: 2324K(2624K)->2324K(2624K)
[2025-04-02T10:12:24.286+0000][13980][info ][gc          ] GC(0) Pause Young (Concurrent Start) (Metadata GC Threshold) 274M->15M(8148M) 8.400ms
[2025-04-02T10:12:24.286+0000][13980][info ][gc,cpu      ] GC(0) User=0.02s Sys=0.00s Real=0.01s
[2025-04-02T10:12:24.286+0000][13980][info ][gc          ] GC(1) Concurrent Mark Cycle
[2025-04-02T10:12:24.286+0000][13980][info ][safepoint   ] Safepoint "CollectForMetadataAllocation", Time since last: 3221305500 ns, Reaching safepoint: 5700 ns, At safepoint: 8615400 ns, Total: 8621100 ns
[2025-04-02T10:12:24.286+0000][13980][info ][gc,marking  ] GC(1) Concurrent Scan Root Regions
[2025-04-02T10:12:24.288+0000][13980][info ][gc,marking  ] GC(1) Concurrent Scan Root Regions 1.540ms
[2025-04-02T10:12:24.288+0000][13980][info ][gc,marking  ] GC(1) Concurrent Mark
[2025-04-02T10:12:24.288+0000][13980][info ][gc,marking  ] GC(1) Concurrent Mark From Roots
[2025-04-02T10:12:24.288+0000][13980][info ][gc,task     ] GC(1) Using 5 workers of 5 for marking
[2025-04-02T10:12:24.288+0000][13980][info ][gc,marking  ] GC(1) Concurrent Mark From Roots 0.557ms
[2025-04-02T10:12:24.288+0000][13980][info ][gc,marking  ] GC(1) Concurrent Preclean
[2025-04-02T10:12:24.288+0000][13980][info ][gc,marking  ] GC(1) Concurrent Preclean 0.013ms
[2025-04-02T10:12:24.303+0000][13980][info ][gc,start    ] GC(1) Pause Remark
[2025-04-02T10:12:24.304+0000][13980][info ][gc          ] GC(1) Pause Remark 19M->19M(8148M) 1.840ms
[2025-04-02T10:12:24.304+0000][13980][info ][gc,cpu      ] GC(1) User=0.00s Sys=0.00s Real=0.00s
[2025-04-02T10:12:24.304+0000][13980][info ][safepoint   ] Safepoint "G1PauseRemark", Time since last: 2305800 ns, Reaching safepoint: 13357000 ns, At safepoint: 1901200 ns, Total: 15258200 ns
[2025-04-02T10:12:24.304+0000][13980][info ][gc,marking  ] GC(1) Concurrent Mark 15.930ms
[2025-04-02T10:12:24.304+0000][13980][info ][gc,marking  ] GC(1) Concurrent Rebuild Remembered Sets and Scrub Regions
[2025-04-02T10:12:24.304+0000][13980][info ][gc,marking  ] GC(1) Concurrent Rebuild Remembered Sets and Scrub Regions 0.075ms
[2025-04-02T10:12:24.305+0000][13980][info ][gc,start    ] GC(1) Pause Cleanup
[2025-04-02T10:12:24.305+0000][13980][info ][gc          ] GC(1) Pause Cleanup 19M->19M(8148M) 0.033ms
[2025-04-02T10:12:24.305+0000][13980][info ][gc,cpu      ] GC(1) User=0.00s Sys=0.00s Real=0.00s
[2025-04-02T10:12:24.305+0000][13980][info ][safepoint   ] Safepoint "G1PauseCleanup", Time since last: 161900 ns, Reaching safepoint: 12600 ns, At safepoint: 79700 ns, Total: 92300 ns
[2025-04-02T10:12:24.305+0000][13980][info ][gc,marking  ] GC(1) Concurrent Clear Claimed Marks
[2025-04-02T10:12:24.305+0000][13980][info ][gc,marking  ] GC(1) Concurrent Clear Claimed Marks 0.032ms
[2025-04-02T10:12:24.305+0000][13980][info ][gc,marking  ] GC(1) Concurrent Cleanup for Next Mark
[2025-04-02T10:12:24.313+0000][13980][info ][gc,marking  ] GC(1) Concurrent Cleanup for Next Mark 8.108ms
[2025-04-02T10:12:24.313+0000][13980][info ][gc          ] GC(1) Concurrent Mark Cycle 26.082ms
[2025-04-02T10:12:28.653+0000][13980][info ][gc,start    ] GC(2) Pause Young (Normal) (G1 Evacuation Pause)
[2025-04-02T10:12:28.653+0000][13980][info ][gc,task     ] GC(2) Using 18 workers of 18 for evacuation
[2025-04-02T10:12:28.653+0000][13980][debug][gc,age      ] GC(2) Desired survivor size 27262976 bytes, new threshold 15 (max threshold 15)
[2025-04-02T10:12:28.661+0000][13980][info ][gc,phases   ] GC(2)   Pre Evacuate Collection Set: 0.17ms
[2025-04-02T10:12:28.661+0000][13980][info ][gc,phases   ] GC(2)   Merge Heap Roots: 0.09ms
[2025-04-02T10:12:28.661+0000][13980][info ][gc,phases   ] GC(2)   Evacuate Collection Set: 6.12ms
[2025-04-02T10:12:28.661+0000][13980][info ][gc,phases   ] GC(2)   Post Evacuate Collection Set: 0.77ms
[2025-04-02T10:12:28.661+0000][13980][info ][gc,phases   ] GC(2)   Other: 0.09ms
[2025-04-02T10:12:28.661+0000][13980][trace][gc,age      ] GC(2) Age table:
[2025-04-02T10:12:28.661+0000][13980][trace][gc,age      ] GC(2) - age   1:    5221224 bytes,    5221224 total
[2025-04-02T10:12:28.661+0000][13980][trace][gc,age      ] GC(2) - age   2:   14341176 bytes,   19562400 total
[2025-04-02T10:12:28.661+0000][13980][info ][gc,heap     ] GC(2) Eden regions: 97->0(95)
[2025-04-02T10:12:28.661+0000][13980][info ][gc,heap     ] GC(2) Survivor regions: 4->6(13)
[2025-04-02T10:12:28.661+0000][13980][info ][gc,heap     ] GC(2) Old regions: 0->0
[2025-04-02T10:12:28.661+0000][13980][info ][gc,heap     ] GC(2) Humongous regions: 0->0
[2025-04-02T10:12:28.661+0000][13980][info ][gc,metaspace] GC(2) Metaspace: 28884K(29760K)->28884K(29760K) NonClass: 25656K(26176K)->25656K(26176K) Class: 3227K(3584K)->3227K(3584K)
[2025-04-02T10:12:28.661+0000][13980][info ][gc          ] GC(2) Pause Young (Normal) (G1 Evacuation Pause) 403M->20M(8148M) 7.497ms
[2025-04-02T10:12:28.661+0000][13980][info ][gc,cpu      ] GC(2) User=0.00s Sys=0.00s Real=0.01s
[2025-04-02T10:12:28.661+0000][13980][info ][safepoint   ] Safepoint "G1CollectForAllocation", Time since last: 4348410500 ns, Reaching safepoint: 2600 ns, At safepoint: 7545800 ns, Total: 7548400 ns
[2025-04-02T10:12:33.149+0000][13980][info ][gc,start    ] GC(3) Pause Young (Normal) (G1 Evacuation Pause)
[2025-04-02T10:12:33.149+0000][13980][info ][gc,task     ] GC(3) Using 18 workers of 18 for evacuation
[2025-04-02T10:12:33.149+0000][13980][debug][gc,age      ] GC(3) Desired survivor size 27262976 bytes, new threshold 15 (max threshold 15)
[2025-04-02T10:12:33.158+0000][13980][info ][gc,phases   ] GC(3)   Pre Evacuate Collection Set: 0.18ms
[2025-04-02T10:12:33.158+0000][13980][info ][gc,phases   ] GC(3)   Merge Heap Roots: 0.08ms
[2025-04-02T10:12:33.158+0000][13980][info ][gc,phases   ] GC(3)   Evacuate Collection Set: 7.02ms
[2025-04-02T10:12:33.158+0000][13980][info ][gc,phases   ] GC(3)   Post Evacuate Collection Set: 0.91ms
[2025-04-02T10:12:33.158+0000][13980][info ][gc,phases   ] GC(3)   Other: 0.10ms
[2025-04-02T10:12:33.158+0000][13980][trace][gc,age      ] GC(3) Age table:
[2025-04-02T10:12:33.158+0000][13980][trace][gc,age      ] GC(3) - age   1:    4672944 bytes,    4672944 total
[2025-04-02T10:12:33.158+0000][13980][trace][gc,age      ] GC(3) - age   2:    5199592 bytes,    9872536 total
[2025-04-02T10:12:33.158+0000][13980][trace][gc,age      ] GC(3) - age   3:   14338680 bytes,   24211216 total
[2025-04-02T10:12:33.158+0000][13980][info ][gc,heap     ] GC(3) Eden regions: 95->0(94)
[2025-04-02T10:12:33.158+0000][13980][info ][gc,heap     ] GC(3) Survivor regions: 6->7(13)
[2025-04-02T10:12:33.158+0000][13980][info ][gc,heap     ] GC(3) Old regions: 0->0
[2025-04-02T10:12:33.158+0000][13980][info ][gc,heap     ] GC(3) Humongous regions: 0->0
[2025-04-02T10:12:33.158+0000][13980][info ][gc,metaspace] GC(3) Metaspace: 30301K(31296K)->30301K(31296K) NonClass: 26862K(27456K)->26862K(27456K) Class: 3438K(3840K)->3438K(3840K)
[2025-04-02T10:12:33.158+0000][13980][info ][gc          ] GC(3) Pause Young (Normal) (G1 Evacuation Pause) 400M->25M(8148M) 8.527ms
[2025-04-02T10:12:33.158+0000][13980][info ][gc,cpu      ] GC(3) User=0.00s Sys=0.00s Real=0.01s
[2025-04-02T10:12:33.158+0000][13980][info ][safepoint   ] Safepoint "G1CollectForAllocation", Time since last: 4488562700 ns, Reaching safepoint: 4400 ns, At safepoint: 8576200 ns, Total: 8580600 ns
[2025-04-02T10:12:35.738+0000][13980][info ][gc,start    ] GC(4) Pause Young (Normal) (G1 Evacuation Pause)
[2025-04-02T10:12:35.738+0000][13980][info ][gc,task     ] GC(4) Using 18 workers of 18 for evacuation
[2025-04-02T10:12:35.738+0000][13980][debug][gc,age      ] GC(4) Desired survivor size 27262976 bytes, new threshold 15 (max threshold 15)
[2025-04-02T10:12:35.747+0000][13980][info ][gc,phases   ] GC(4)   Pre Evacuate Collection Set: 0.18ms
[2025-04-02T10:12:35.747+0000][13980][info ][gc,phases   ] GC(4)   Merge Heap Roots: 0.09ms
[2025-04-02T10:12:35.747+0000][13980][info ][gc,phases   ] GC(4)   Evacuate Collection Set: 7.21ms
[2025-04-02T10:12:35.747+0000][13980][info ][gc,phases   ] GC(4)   Post Evacuate Collection Set: 0.94ms
[2025-04-02T10:12:35.747+0000][13980][info ][gc,phases   ] GC(4)   Other: 0.09ms
[2025-04-02T10:12:35.747+0000][13980][trace][gc,age      ] GC(4) Age table:
[2025-04-02T10:12:35.747+0000][13980][trace][gc,age      ] GC(4) - age   1:    5027320 bytes,    5027320 total
[2025-04-02T10:12:35.747+0000][13980][trace][gc,age      ] GC(4) - age   2:    3826424 bytes,    8853744 total
[2025-04-02T10:12:35.747+0000][13980][trace][gc,age      ] GC(4) - age   3:    5199120 bytes,   14052864 total
[2025-04-02T10:12:35.747+0000][13980][trace][gc,age      ] GC(4) - age   4:   14338680 bytes,   28391544 total
[2025-04-02T10:12:35.747+0000][13980][info ][gc,heap     ] GC(4) Eden regions: 94->0(93)
[2025-04-02T10:12:35.747+0000][13980][info ][gc,heap     ] GC(4) Survivor regions: 7->8(13)
[2025-04-02T10:12:35.747+0000][13980][info ][gc,heap     ] GC(4) Old regions: 0->0
[2025-04-02T10:12:35.747+0000][13980][info ][gc,heap     ] GC(4) Humongous regions: 0->0
[2025-04-02T10:12:35.747+0000][13980][info ][gc,metaspace] GC(4) Metaspace: 30747K(31744K)->30747K(31744K) NonClass: 27246K(27840K)->27246K(27840K) Class: 3501K(3904K)->3501K(3904K)
[2025-04-02T10:12:35.747+0000][13980][info ][gc          ] GC(4) Pause Young (Normal) (G1 Evacuation Pause) 401M->29M(8148M) 8.766ms
[2025-04-02T10:12:35.747+0000][13980][info ][gc,cpu      ] GC(4) User=0.06s Sys=0.20s Real=0.01s
[2025-04-02T10:12:35.747+0000][13980][info ][safepoint   ] Safepoint "G1CollectForAllocation", Time since last: 2580324700 ns, Reaching safepoint: 2600 ns, At safepoint: 8816500 ns, Total: 8819100 ns
[2025-04-02T10:12:40.520+0000][13980][info ][gc,start    ] GC(5) Pause Young (Concurrent Start) (Metadata GC Threshold)
[2025-04-02T10:12:40.520+0000][13980][info ][gc,task     ] GC(5) Using 18 workers of 18 for evacuation
[2025-04-02T10:12:40.520+0000][13980][debug][gc,age      ] GC(5) Desired survivor size 27262976 bytes, new threshold 4 (max threshold 15)
[2025-04-02T10:12:40.529+0000][13980][info ][gc,phases   ] GC(5)   Pre Evacuate Collection Set: 0.24ms
[2025-04-02T10:12:40.529+0000][13980][info ][gc,phases   ] GC(5)   Merge Heap Roots: 0.07ms
[2025-04-02T10:12:40.529+0000][13980][info ][gc,phases   ] GC(5)   Evacuate Collection Set: 8.59ms
[2025-04-02T10:12:40.529+0000][13980][info ][gc,phases   ] GC(5)   Post Evacuate Collection Set: 0.80ms
[2025-04-02T10:12:40.529+0000][13980][info ][gc,phases   ] GC(5)   Other: 0.09ms
[2025-04-02T10:12:40.529+0000][13980][trace][gc,age      ] GC(5) Age table:
[2025-04-02T10:12:40.529+0000][13980][trace][gc,age      ] GC(5) - age   1:    3564248 bytes,    3564248 total
[2025-04-02T10:12:40.529+0000][13980][trace][gc,age      ] GC(5) - age   2:    2603816 bytes,    6168064 total
[2025-04-02T10:12:40.529+0000][13980][trace][gc,age      ] GC(5) - age   3:    3823496 bytes,    9991560 total
[2025-04-02T10:12:40.529+0000][13980][trace][gc,age      ] GC(5) - age   4:    5197616 bytes,   15189176 total
[2025-04-02T10:12:40.529+0000][13980][info ][gc,heap     ] GC(5) Eden regions: 50->0(96)
[2025-04-02T10:12:40.529+0000][13980][info ][gc,heap     ] GC(5) Survivor regions: 8->5(13)
[2025-04-02T10:12:40.529+0000][13980][info ][gc,heap     ] GC(5) Old regions: 0->4
[2025-04-02T10:12:40.529+0000][13980][info ][gc,heap     ] GC(5) Humongous regions: 0->0
[2025-04-02T10:12:40.529+0000][13980][info ][gc,metaspace] GC(5) Metaspace: 35209K(36160K)->35209K(36160K) NonClass: 31241K(31808K)->31241K(31808K) Class: 3967K(4352K)->3967K(4352K)
[2025-04-02T10:12:40.529+0000][13980][info ][gc          ] GC(5) Pause Young (Concurrent Start) (Metadata GC Threshold) 229M->31M(8148M) 10.039ms
[2025-04-02T10:12:40.529+0000][13980][info ][gc,cpu      ] GC(5) User=0.11s Sys=0.17s Real=0.01s
[2025-04-02T10:12:40.529+0000][13980][info ][gc          ] GC(6) Concurrent Mark Cycle
[2025-04-02T10:12:40.529+0000][13980][info ][safepoint   ] Safepoint "CollectForMetadataAllocation", Time since last: 4773256400 ns, Reaching safepoint: 2900 ns, At safepoint: 10117100 ns, Total: 10120000 ns
[2025-04-02T10:12:40.529+0000][13980][info ][gc,marking  ] GC(6) Concurrent Scan Root Regions
[2025-04-02T10:12:40.532+0000][13980][info ][gc,marking  ] GC(6) Concurrent Scan Root Regions 1.629ms
[2025-04-02T10:12:40.532+0000][13980][info ][gc,marking  ] GC(6) Concurrent Mark
[2025-04-02T10:12:40.532+0000][13980][info ][gc,marking  ] GC(6) Concurrent Mark From Roots
[2025-04-02T10:12:40.532+0000][13980][info ][gc,task     ] GC(6) Using 5 workers of 5 for marking
[2025-04-02T10:12:40.532+0000][13980][info ][gc,marking  ] GC(6) Concurrent Mark From Roots 0.365ms
[2025-04-02T10:12:40.532+0000][13980][info ][gc,marking  ] GC(6) Concurrent Preclean
[2025-04-02T10:12:40.532+0000][13980][info ][gc,marking  ] GC(6) Concurrent Preclean 0.017ms
[2025-04-02T10:12:40.532+0000][13980][info ][gc,start    ] GC(6) Pause Remark
[2025-04-02T10:12:40.535+0000][13980][info ][gc          ] GC(6) Pause Remark 33M->33M(8148M) 2.533ms
[2025-04-02T10:12:40.535+0000][13980][info ][gc,cpu      ] GC(6) User=0.00s Sys=0.00s Real=0.00s
[2025-04-02T10:12:40.535+0000][13980][info ][safepoint   ] Safepoint "G1PauseRemark", Time since last: 2191800 ns, Reaching safepoint: 362900 ns, At safepoint: 2590500 ns, Total: 2953400 ns
[2025-04-02T10:12:40.535+0000][13980][info ][gc,marking  ] GC(6) Concurrent Mark 3.487ms
[2025-04-02T10:12:40.535+0000][13980][info ][gc,marking  ] GC(6) Concurrent Rebuild Remembered Sets and Scrub Regions
[2025-04-02T10:12:40.536+0000][13980][info ][gc,marking  ] GC(6) Concurrent Rebuild Remembered Sets and Scrub Regions 1.265ms
[2025-04-02T10:12:40.536+0000][13980][info ][gc,start    ] GC(6) Pause Cleanup
[2025-04-02T10:12:40.536+0000][13980][info ][gc          ] GC(6) Pause Cleanup 33M->33M(8148M) 0.039ms
[2025-04-02T10:12:40.536+0000][13980][info ][gc,cpu      ] GC(6) User=0.00s Sys=0.00s Real=0.00s
[2025-04-02T10:12:40.536+0000][13980][info ][safepoint   ] Safepoint "G1PauseCleanup", Time since last: 1354900 ns, Reaching safepoint: 12000 ns, At safepoint: 80800 ns, Total: 92800 ns
[2025-04-02T10:12:40.536+0000][13980][info ][gc,marking  ] GC(6) Concurrent Clear Claimed Marks
[2025-04-02T10:12:40.536+0000][13980][info ][gc,marking  ] GC(6) Concurrent Clear Claimed Marks 0.059ms
[2025-04-02T10:12:40.536+0000][13980][info ][gc,marking  ] GC(6) Concurrent Cleanup for Next Mark
[2025-04-02T10:12:40.546+0000][13980][info ][gc,marking  ] GC(6) Concurrent Cleanup for Next Mark 8.809ms
[2025-04-02T10:12:40.546+0000][13980][info ][gc          ] GC(6) Concurrent Mark Cycle 15.583ms
[2025-04-02T10:12:43.807+0000][13980][info ][gc,start    ] GC(7) Pause Young (Normal) (G1 Evacuation Pause)
[2025-04-02T10:12:43.807+0000][13980][info ][gc,task     ] GC(7) Using 18 workers of 18 for evacuation
[2025-04-02T10:12:43.807+0000][13980][debug][gc,age      ] GC(7) Desired survivor size 27262976 bytes, new threshold 15 (max threshold 15)
[2025-04-02T10:12:43.812+0000][13980][info ][gc,phases   ] GC(7)   Pre Evacuate Collection Set: 0.19ms
[2025-04-02T10:12:43.812+0000][13980][info ][gc,phases   ] GC(7)   Merge Heap Roots: 0.09ms
[2025-04-02T10:12:43.812+0000][13980][info ][gc,phases   ] GC(7)   Evacuate Collection Set: 2.83ms
[2025-04-02T10:12:43.812+0000][13980][info ][gc,phases   ] GC(7)   Post Evacuate Collection Set: 0.47ms
[2025-04-02T10:12:43.812+0000][13980][info ][gc,phases   ] GC(7)   Other: 0.10ms
[2025-04-02T10:12:43.812+0000][13980][trace][gc,age      ] GC(7) Age table:
[2025-04-02T10:12:43.812+0000][13980][trace][gc,age      ] GC(7) - age   1:    5934736 bytes,    5934736 total
[2025-04-02T10:12:43.812+0000][13980][trace][gc,age      ] GC(7) - age   2:    3542168 bytes,    9476904 total
[2025-04-02T10:12:43.812+0000][13980][trace][gc,age      ] GC(7) - age   3:    2603688 bytes,   12080592 total
[2025-04-02T10:12:43.812+0000][13980][trace][gc,age      ] GC(7) - age   4:    3822408 bytes,   15903000 total
[2025-04-02T10:12:43.812+0000][13980][trace][gc,age      ] GC(7) - age   5:    5197616 bytes,   21100616 total
[2025-04-02T10:12:43.812+0000][13980][info ][gc,heap     ] GC(7) Eden regions: 96->0(95)
[2025-04-02T10:12:43.812+0000][13980][info ][gc,heap     ] GC(7) Survivor regions: 5->6(13)
[2025-04-02T10:12:43.812+0000][13980][info ][gc,heap     ] GC(7) Old regions: 4->4
[2025-04-02T10:12:43.812+0000][13980][info ][gc,heap     ] GC(7) Humongous regions: 0->0
[2025-04-02T10:12:43.812+0000][13980][info ][gc,metaspace] GC(7) Metaspace: 36946K(38016K)->36946K(38016K) NonClass: 32718K(33344K)->32718K(33344K) Class: 4228K(4672K)->4228K(4672K)
[2025-04-02T10:12:43.812+0000][13980][info ][gc          ] GC(7) Pause Young (Normal) (G1 Evacuation Pause) 415M->36M(8148M) 3.920ms
[2025-04-02T10:12:43.812+0000][13980][info ][gc,cpu      ] GC(7) User=0.00s Sys=0.00s Real=0.01s
[2025-04-02T10:12:43.812+0000][13980][info ][safepoint   ] Safepoint "G1CollectForAllocation", Time since last: 3271061600 ns, Reaching safepoint: 2700 ns, At safepoint: 3969500 ns, Total: 3972200 ns
[2025-04-02T10:12:48.574+0000][13980][info ][gc,start    ] GC(8) Pause Young (Normal) (G1 Evacuation Pause)
[2025-04-02T10:12:48.574+0000][13980][info ][gc,task     ] GC(8) Using 18 workers of 18 for evacuation
[2025-04-02T10:12:48.574+0000][13980][debug][gc,age      ] GC(8) Desired survivor size 27262976 bytes, new threshold 15 (max threshold 15)
[2025-04-02T10:12:48.577+0000][13980][info ][gc,phases   ] GC(8)   Pre Evacuate Collection Set: 0.19ms
[2025-04-02T10:12:48.577+0000][13980][info ][gc,phases   ] GC(8)   Merge Heap Roots: 0.09ms
[2025-04-02T10:12:48.577+0000][13980][info ][gc,phases   ] GC(8)   Evacuate Collection Set: 3.31ms
[2025-04-02T10:12:48.577+0000][13980][info ][gc,phases   ] GC(8)   Post Evacuate Collection Set: 0.49ms
[2025-04-02T10:12:48.577+0000][13980][info ][gc,phases   ] GC(8)   Other: 0.09ms
[2025-04-02T10:12:48.577+0000][13980][trace][gc,age      ] GC(8) Age table:
[2025-04-02T10:12:48.577+0000][13980][trace][gc,age      ] GC(8) - age   1:    4072576 bytes,    4072576 total
[2025-04-02T10:12:48.577+0000][13980][trace][gc,age      ] GC(8) - age   2:    3149984 bytes,    7222560 total
[2025-04-02T10:12:48.577+0000][13980][trace][gc,age      ] GC(8) - age   3:    3542072 bytes,   10764632 total
[2025-04-02T10:12:48.577+0000][13980][trace][gc,age      ] GC(8) - age   4:    2602800 bytes,   13367432 total
[2025-04-02T10:12:48.577+0000][13980][trace][gc,age      ] GC(8) - age   5:    3817992 bytes,   17185424 total
[2025-04-02T10:12:48.577+0000][13980][trace][gc,age      ] GC(8) - age   6:    5194152 bytes,   22379576 total
[2025-04-02T10:12:48.577+0000][13980][info ][gc,heap     ] GC(8) Eden regions: 95->0(146)
[2025-04-02T10:12:48.577+0000][13980][info ][gc,heap     ] GC(8) Survivor regions: 6->6(13)
[2025-04-02T10:12:48.577+0000][13980][info ][gc,heap     ] GC(8) Old regions: 4->4
[2025-04-02T10:12:48.577+0000][13980][info ][gc,heap     ] GC(8) Humongous regions: 0->0
[2025-04-02T10:12:48.577+0000][13980][info ][gc,metaspace] GC(8) Metaspace: 39216K(40384K)->39216K(40384K) NonClass: 34691K(35392K)->34691K(35392K) Class: 4525K(4992K)->4525K(4992K)
[2025-04-02T10:12:48.577+0000][13980][info ][gc          ] GC(8) Pause Young (Normal) (G1 Evacuation Pause) 416M->38M(8148M) 4.432ms
[2025-04-02T10:12:48.577+0000][13980][info ][gc,cpu      ] GC(8) User=0.00s Sys=0.00s Real=0.00s
[2025-04-02T10:12:48.577+0000][13980][info ][safepoint   ] Safepoint "G1CollectForAllocation", Time since last: 4762043400 ns, Reaching safepoint: 2600 ns, At safepoint: 4477100 ns, Total: 4479700 ns
[2025-04-02T10:12:53.633+0000][13980][info ][gc,start    ] GC(9) Pause Young (Normal) (G1 Evacuation Pause)
[2025-04-02T10:12:53.633+0000][13980][info ][gc,task     ] GC(9) Using 18 workers of 18 for evacuation
[2025-04-02T10:12:53.633+0000][13980][debug][gc,age      ] GC(9) Desired survivor size 39845888 bytes, new threshold 15 (max threshold 15)
[2025-04-02T10:12:53.640+0000][13980][info ][gc,phases   ] GC(9)   Pre Evacuate Collection Set: 0.18ms
[2025-04-02T10:12:53.640+0000][13980][info ][gc,phases   ] GC(9)   Merge Heap Roots: 0.09ms
[2025-04-02T10:12:53.640+0000][13980][info ][gc,phases   ] GC(9)   Evacuate Collection Set: 4.53ms
[2025-04-02T10:12:53.640+0000][13980][info ][gc,phases   ] GC(9)   Post Evacuate Collection Set: 0.56ms
[2025-04-02T10:12:53.640+0000][13980][info ][gc,phases   ] GC(9)   Other: 0.09ms
[2025-04-02T10:12:53.640+0000][13980][trace][gc,age      ] GC(9) Age table:
[2025-04-02T10:12:53.640+0000][13980][trace][gc,age      ] GC(9) - age   1:    7191376 bytes,    7191376 total
[2025-04-02T10:12:53.640+0000][13980][trace][gc,age      ] GC(9) - age   2:    3906624 bytes,   11098000 total
[2025-04-02T10:12:53.640+0000][13980][trace][gc,age      ] GC(9) - age   3:    3149680 bytes,   14247680 total
[2025-04-02T10:12:53.640+0000][13980][trace][gc,age      ] GC(9) - age   4:    3542072 bytes,   17789752 total
[2025-04-02T10:12:53.640+0000][13980][trace][gc,age      ] GC(9) - age   5:    2600464 bytes,   20390216 total
[2025-04-02T10:12:53.640+0000][13980][trace][gc,age      ] GC(9) - age   6:    3817928 bytes,   24208144 total
[2025-04-02T10:12:53.640+0000][13980][trace][gc,age      ] GC(9) - age   7:    5194008 bytes,   29402152 total
[2025-04-02T10:12:53.640+0000][13980][info ][gc,heap     ] GC(9) Eden regions: 146->0(119)
[2025-04-02T10:12:53.640+0000][13980][info ][gc,heap     ] GC(9) Survivor regions: 6->8(19)
[2025-04-02T10:12:53.640+0000][13980][info ][gc,heap     ] GC(9) Old regions: 4->4
[2025-04-02T10:12:53.640+0000][13980][info ][gc,heap     ] GC(9) Humongous regions: 0->0
[2025-04-02T10:12:53.640+0000][13980][info ][gc,metaspace] GC(9) Metaspace: 39929K(41216K)->39929K(41216K) NonClass: 35308K(36096K)->35308K(36096K) Class: 4620K(5120K)->4620K(5120K)
[2025-04-02T10:12:53.640+0000][13980][info ][gc          ] GC(9) Pause Young (Normal) (G1 Evacuation Pause) 622M->45M(8148M) 5.738ms
[2025-04-02T10:12:53.640+0000][13980][info ][gc,cpu      ] GC(9) User=0.00s Sys=0.00s Real=0.01s
[2025-04-02T10:12:53.640+0000][13980][info ][safepoint   ] Safepoint "G1CollectForAllocation", Time since last: 5055988800 ns, Reaching safepoint: 3300 ns, At safepoint: 5789800 ns, Total: 5793100 ns
[2025-04-02T10:12:56.098+0000][13980][info ][gc,start    ] GC(10) Pause Young (Concurrent Start) (Metadata GC Threshold)
[2025-04-02T10:12:56.098+0000][13980][info ][gc,task     ] GC(10) Using 18 workers of 18 for evacuation
[2025-04-02T10:12:56.098+0000][13980][debug][gc,age      ] GC(10) Desired survivor size 33554432 bytes, new threshold 15 (max threshold 15)
[2025-04-02T10:12:56.106+0000][13980][info ][gc,phases   ] GC(10)   Pre Evacuate Collection Set: 0.24ms
[2025-04-02T10:12:56.106+0000][13980][info ][gc,phases   ] GC(10)   Merge Heap Roots: 0.08ms
[2025-04-02T10:12:56.106+0000][13980][info ][gc,phases   ] GC(10)   Evacuate Collection Set: 6.88ms
[2025-04-02T10:12:56.106+0000][13980][info ][gc,phases   ] GC(10)   Post Evacuate Collection Set: 1.03ms
[2025-04-02T10:12:56.106+0000][13980][info ][gc,phases   ] GC(10)   Other: 0.11ms
[2025-04-02T10:12:56.106+0000][13980][trace][gc,age      ] GC(10) Age table:
[2025-04-02T10:12:56.106+0000][13980][trace][gc,age      ] GC(10) - age   1:    6693152 bytes,    6693152 total
[2025-04-02T10:12:56.106+0000][13980][trace][gc,age      ] GC(10) - age   2:    6719552 bytes,   13412704 total
[2025-04-02T10:12:56.106+0000][13980][trace][gc,age      ] GC(10) - age   3:    3866256 bytes,   17278960 total
[2025-04-02T10:12:56.106+0000][13980][trace][gc,age      ] GC(10) - age   4:    3130576 bytes,   20409536 total
[2025-04-02T10:12:56.106+0000][13980][trace][gc,age      ] GC(10) - age   5:    3525312 bytes,   23934848 total
[2025-04-02T10:12:56.106+0000][13980][trace][gc,age      ] GC(10) - age   6:    2589360 bytes,   26524208 total
[2025-04-02T10:12:56.106+0000][13980][trace][gc,age      ] GC(10) - age   7:    3799840 bytes,   30324048 total
[2025-04-02T10:12:56.106+0000][13980][trace][gc,age      ] GC(10) - age   8:    4985992 bytes,   35310040 total
[2025-04-02T10:12:56.106+0000][13980][info ][gc,heap     ] GC(10) Eden regions: 98->0(154)
[2025-04-02T10:12:56.106+0000][13980][info ][gc,heap     ] GC(10) Survivor regions: 8->10(16)
[2025-04-02T10:12:56.106+0000][13980][info ][gc,heap     ] GC(10) Old regions: 4->4
[2025-04-02T10:12:56.106+0000][13980][info ][gc,heap     ] GC(10) Humongous regions: 0->0
[2025-04-02T10:12:56.106+0000][13980][info ][gc,metaspace] GC(10) Metaspace: 59080K(60608K)->59080K(60608K) NonClass: 51804K(52736K)->51804K(52736K) Class: 7275K(7872K)->7275K(7872K)
[2025-04-02T10:12:56.106+0000][13980][info ][gc          ] GC(10) Pause Young (Concurrent Start) (Metadata GC Threshold) 435M->51M(8148M) 8.684ms
[2025-04-02T10:12:56.106+0000][13980][info ][gc,cpu      ] GC(10) User=0.00s Sys=0.03s Real=0.01s
[2025-04-02T10:12:56.106+0000][13980][info ][gc          ] GC(11) Concurrent Mark Cycle
[2025-04-02T10:12:56.106+0000][13980][info ][gc,marking  ] GC(11) Concurrent Scan Root Regions
[2025-04-02T10:12:56.106+0000][13980][info ][safepoint   ] Safepoint "CollectForMetadataAllocation", Time since last: 2458275500 ns, Reaching safepoint: 25000 ns, At safepoint: 8783500 ns, Total: 8808500 ns
[2025-04-02T10:12:56.110+0000][13980][info ][gc,marking  ] GC(11) Concurrent Scan Root Regions 2.663ms
[2025-04-02T10:12:56.110+0000][13980][info ][gc,marking  ] GC(11) Concurrent Mark
[2025-04-02T10:12:56.110+0000][13980][info ][gc,marking  ] GC(11) Concurrent Mark From Roots
[2025-04-02T10:12:56.110+0000][13980][info ][gc,task     ] GC(11) Using 5 workers of 5 for marking
[2025-04-02T10:12:56.114+0000][13980][info ][gc,marking  ] GC(11) Concurrent Mark From Roots 4.822ms
[2025-04-02T10:12:56.114+0000][13980][info ][gc,marking  ] GC(11) Concurrent Preclean
[2025-04-02T10:12:56.114+0000][13980][info ][gc,marking  ] GC(11) Concurrent Preclean 0.054ms
[2025-04-02T10:12:56.114+0000][13980][info ][gc,start    ] GC(11) Pause Remark
[2025-04-02T10:12:56.117+0000][13980][info ][gc          ] GC(11) Pause Remark 53M->53M(8148M) 2.417ms
[2025-04-02T10:12:56.117+0000][13980][info ][gc,cpu      ] GC(11) User=0.00s Sys=0.02s Real=0.00s
[2025-04-02T10:12:56.117+0000][13980][info ][safepoint   ] Safepoint "G1PauseRemark", Time since last: 7621300 ns, Reaching safepoint: 2500 ns, At safepoint: 2470000 ns, Total: 2472500 ns
[2025-04-02T10:12:56.117+0000][13980][info ][gc,marking  ] GC(11) Concurrent Mark 7.438ms
[2025-04-02T10:12:56.117+0000][13980][info ][gc,marking  ] GC(11) Concurrent Rebuild Remembered Sets and Scrub Regions
[2025-04-02T10:12:56.119+0000][13980][info ][gc,marking  ] GC(11) Concurrent Rebuild Remembered Sets and Scrub Regions 1.426ms
[2025-04-02T10:12:56.119+0000][13980][info ][gc,start    ] GC(11) Pause Cleanup
[2025-04-02T10:12:56.119+0000][13980][info ][gc          ] GC(11) Pause Cleanup 53M->53M(8148M) 0.033ms
[2025-04-02T10:12:56.119+0000][13980][info ][gc,cpu      ] GC(11) User=0.00s Sys=0.00s Real=0.00s
[2025-04-02T10:12:56.119+0000][13980][info ][safepoint   ] Safepoint "G1PauseCleanup", Time since last: 1506500 ns, Reaching safepoint: 12000 ns, At safepoint: 68200 ns, Total: 80200 ns
[2025-04-02T10:12:56.119+0000][13980][info ][gc,marking  ] GC(11) Concurrent Clear Claimed Marks
[2025-04-02T10:12:56.119+0000][13980][info ][gc,marking  ] GC(11) Concurrent Clear Claimed Marks 0.034ms
[2025-04-02T10:12:56.119+0000][13980][info ][gc,marking  ] GC(11) Concurrent Cleanup for Next Mark
[2025-04-02T10:12:56.127+0000][13980][info ][gc,marking  ] GC(11) Concurrent Cleanup for Next Mark 8.496ms
[2025-04-02T10:12:56.127+0000][13980][info ][gc          ] GC(11) Concurrent Mark Cycle 20.368ms
[2025-04-02T10:12:58.307+0000][13980][info ][gc,start    ] GC(12) Pause Young (Normal) (G1 Evacuation Pause)
[2025-04-02T10:12:58.307+0000][13980][info ][gc,task     ] GC(12) Using 18 workers of 18 for evacuation
[2025-04-02T10:12:58.307+0000][13980][debug][gc,age      ] GC(12) Desired survivor size 44040192 bytes, new threshold 15 (max threshold 15)
[2025-04-02T10:12:58.320+0000][13980][info ][gc,phases   ] GC(12)   Pre Evacuate Collection Set: 0.20ms
[2025-04-02T10:12:58.320+0000][13980][info ][gc,phases   ] GC(12)   Merge Heap Roots: 0.11ms
[2025-04-02T10:12:58.320+0000][13980][info ][gc,phases   ] GC(12)   Evacuate Collection Set: 11.58ms
[2025-04-02T10:12:58.320+0000][13980][info ][gc,phases   ] GC(12)   Post Evacuate Collection Set: 1.30ms
[2025-04-02T10:12:58.320+0000][13980][info ][gc,phases   ] GC(12)   Other: 0.14ms
[2025-04-02T10:12:58.320+0000][13980][trace][gc,age      ] GC(12) Age table:
[2025-04-02T10:12:58.320+0000][13980][trace][gc,age      ] GC(12) - age   1:   11757592 bytes,   11757592 total
[2025-04-02T10:12:58.320+0000][13980][trace][gc,age      ] GC(12) - age   2:    6255248 bytes,   18012840 total
[2025-04-02T10:12:58.320+0000][13980][trace][gc,age      ] GC(12) - age   3:    6713192 bytes,   24726032 total
[2025-04-02T10:12:58.320+0000][13980][trace][gc,age      ] GC(12) - age   4:    3821240 bytes,   28547272 total
[2025-04-02T10:12:58.320+0000][13980][trace][gc,age      ] GC(12) - age   5:    3126600 bytes,   31673872 total
[2025-04-02T10:12:58.320+0000][13980][trace][gc,age      ] GC(12) - age   6:    3520552 bytes,   35194424 total
[2025-04-02T10:12:58.320+0000][13980][trace][gc,age      ] GC(12) - age   7:    2581464 bytes,   37775888 total
[2025-04-02T10:12:58.320+0000][13980][trace][gc,age      ] GC(12) - age   8:    3786560 bytes,   41562448 total
[2025-04-02T10:12:58.320+0000][13980][trace][gc,age      ] GC(12) - age   9:    4960872 bytes,   46523320 total
[2025-04-02T10:12:58.320+0000][13980][info ][gc,heap     ] GC(12) Eden regions: 154->0(167)
[2025-04-02T10:12:58.320+0000][13980][info ][gc,heap     ] GC(12) Survivor regions: 10->13(21)
[2025-04-02T10:12:58.320+0000][13980][info ][gc,heap     ] GC(12) Old regions: 4->4
[2025-04-02T10:12:58.320+0000][13980][info ][gc,heap     ] GC(12) Humongous regions: 0->0
[2025-04-02T10:12:58.320+0000][13980][info ][gc,metaspace] GC(12) Metaspace: 77983K(79936K)->77983K(79936K) NonClass: 67501K(68672K)->67501K(68672K) Class: 10482K(11264K)->10482K(11264K)
[2025-04-02T10:12:58.320+0000][13980][info ][gc          ] GC(12) Pause Young (Normal) (G1 Evacuation Pause) 667M->63M(8148M) 13.701ms
[2025-04-02T10:12:58.320+0000][13980][info ][gc,cpu      ] GC(12) User=0.19s Sys=0.02s Real=0.01s
[2025-04-02T10:12:58.320+0000][13980][info ][safepoint   ] Safepoint "G1CollectForAllocation", Time since last: 2188139900 ns, Reaching safepoint: 4300 ns, At safepoint: 13763600 ns, Total: 13767900 ns
[2025-04-02T10:12:59.986+0000][13980][info ][gc,start    ] GC(13) Pause Young (Concurrent Start) (Metadata GC Threshold)
[2025-04-02T10:12:59.986+0000][13980][info ][gc,task     ] GC(13) Using 18 workers of 18 for evacuation
[2025-04-02T10:12:59.986+0000][13980][debug][gc,age      ] GC(13) Desired survivor size 48234496 bytes, new threshold 15 (max threshold 15)
[2025-04-02T10:13:00.002+0000][13980][info ][gc,phases   ] GC(13)   Pre Evacuate Collection Set: 0.24ms
[2025-04-02T10:13:00.002+0000][13980][info ][gc,phases   ] GC(13)   Merge Heap Roots: 0.08ms
[2025-04-02T10:13:00.002+0000][13980][info ][gc,phases   ] GC(13)   Evacuate Collection Set: 14.45ms
[2025-04-02T10:13:00.002+0000][13980][info ][gc,phases   ] GC(13)   Post Evacuate Collection Set: 1.59ms
[2025-04-02T10:13:00.002+0000][13980][info ][gc,phases   ] GC(13)   Other: 0.24ms
[2025-04-02T10:13:00.002+0000][13980][trace][gc,age      ] GC(13) Age table:
[2025-04-02T10:13:00.002+0000][13980][trace][gc,age      ] GC(13) - age   1:    8767632 bytes,    8767632 total
[2025-04-02T10:13:00.002+0000][13980][trace][gc,age      ] GC(13) - age   2:   11340032 bytes,   20107664 total
[2025-04-02T10:13:00.002+0000][13980][trace][gc,age      ] GC(13) - age   3:    6167752 bytes,   26275416 total
[2025-04-02T10:13:00.002+0000][13980][trace][gc,age      ] GC(13) - age   4:    6704120 bytes,   32979536 total
[2025-04-02T10:13:00.002+0000][13980][trace][gc,age      ] GC(13) - age   5:    3806472 bytes,   36786008 total
[2025-04-02T10:13:00.002+0000][13980][trace][gc,age      ] GC(13) - age   6:    3118896 bytes,   39904904 total
[2025-04-02T10:13:00.002+0000][13980][trace][gc,age      ] GC(13) - age   7:    3509792 bytes,   43414696 total
[2025-04-02T10:13:00.002+0000][13980][trace][gc,age      ] GC(13) - age   8:    2578224 bytes,   45992920 total
[2025-04-02T10:13:00.002+0000][13980][trace][gc,age      ] GC(13) - age   9:    3782904 bytes,   49775824 total
[2025-04-02T10:13:00.002+0000][13980][trace][gc,age      ] GC(13) - age  10:    4951360 bytes,   54727184 total
[2025-04-02T10:13:00.002+0000][13980][info ][gc,heap     ] GC(13) Eden regions: 84->0(209)
[2025-04-02T10:13:00.002+0000][13980][info ][gc,heap     ] GC(13) Survivor regions: 13->15(23)
[2025-04-02T10:13:00.002+0000][13980][info ][gc,heap     ] GC(13) Old regions: 4->4
[2025-04-02T10:13:00.003+0000][13980][info ][gc,heap     ] GC(13) Humongous regions: 0->0
[2025-04-02T10:13:00.003+0000][13980][info ][gc,metaspace] GC(13) Metaspace: 99087K(101248K)->99087K(101248K) NonClass: 85617K(86848K)->85617K(86848K) Class: 13469K(14400K)->13469K(14400K)
[2025-04-02T10:13:00.003+0000][13980][info ][gc          ] GC(13) Pause Young (Concurrent Start) (Metadata GC Threshold) 399M->72M(8148M) 17.096ms
[2025-04-02T10:13:00.003+0000][13980][info ][gc          ] GC(14) Concurrent Mark Cycle
[2025-04-02T10:13:00.003+0000][13980][info ][gc,cpu      ] GC(13) User=0.27s Sys=0.03s Real=0.02s
[2025-04-02T10:13:00.003+0000][13980][info ][gc,marking  ] GC(14) Concurrent Scan Root Regions
[2025-04-02T10:13:00.003+0000][13980][info ][safepoint   ] Safepoint "CollectForMetadataAllocation", Time since last: 1664669600 ns, Reaching safepoint: 3000 ns, At safepoint: 17227400 ns, Total: 17230400 ns
[2025-04-02T10:13:00.006+0000][13980][info ][gc,marking  ] GC(14) Concurrent Scan Root Regions 3.737ms
[2025-04-02T10:13:00.006+0000][13980][info ][gc,marking  ] GC(14) Concurrent Mark
[2025-04-02T10:13:00.006+0000][13980][info ][gc,marking  ] GC(14) Concurrent Mark From Roots
[2025-04-02T10:13:00.006+0000][13980][info ][gc,task     ] GC(14) Using 5 workers of 5 for marking
[2025-04-02T10:13:00.011+0000][13980][info ][gc,marking  ] GC(14) Concurrent Mark From Roots 4.567ms
[2025-04-02T10:13:00.011+0000][13980][info ][gc,marking  ] GC(14) Concurrent Preclean
[2025-04-02T10:13:00.011+0000][13980][info ][gc,marking  ] GC(14) Concurrent Preclean 0.062ms
[2025-04-02T10:13:00.011+0000][13980][info ][gc,start    ] GC(14) Pause Remark
[2025-04-02T10:13:00.014+0000][13980][info ][gc          ] GC(14) Pause Remark 76M->76M(8148M) 3.246ms
[2025-04-02T10:13:00.014+0000][13980][info ][gc,cpu      ] GC(14) User=0.00s Sys=0.00s Real=0.00s
[2025-04-02T10:13:00.014+0000][13980][info ][safepoint   ] Safepoint "G1PauseRemark", Time since last: 8443300 ns, Reaching safepoint: 391500 ns, At safepoint: 3318100 ns, Total: 3709600 ns
[2025-04-02T10:13:00.014+0000][13980][info ][gc,marking  ] GC(14) Concurrent Mark 8.464ms
[2025-04-02T10:13:00.014+0000][13980][info ][gc,marking  ] GC(14) Concurrent Rebuild Remembered Sets and Scrub Regions
[2025-04-02T10:13:00.016+0000][13980][info ][gc,marking  ] GC(14) Concurrent Rebuild Remembered Sets and Scrub Regions 1.377ms
[2025-04-02T10:13:00.016+0000][13980][info ][gc,start    ] GC(14) Pause Cleanup
[2025-04-02T10:13:00.016+0000][13980][info ][gc          ] GC(14) Pause Cleanup 76M->76M(8148M) 0.042ms
[2025-04-02T10:13:00.016+0000][13980][info ][gc,cpu      ] GC(14) User=0.00s Sys=0.00s Real=0.00s
[2025-04-02T10:13:00.016+0000][13980][info ][safepoint   ] Safepoint "G1PauseCleanup", Time since last: 1467000 ns, Reaching safepoint: 24000 ns, At safepoint: 78800 ns, Total: 102800 ns
[2025-04-02T10:13:00.016+0000][13980][info ][gc,marking  ] GC(14) Concurrent Clear Claimed Marks
[2025-04-02T10:13:00.017+0000][13980][info ][gc,marking  ] GC(14) Concurrent Clear Claimed Marks 0.084ms
[2025-04-02T10:13:00.017+0000][13980][info ][gc,marking  ] GC(14) Concurrent Cleanup for Next Mark
[2025-04-02T10:13:00.026+0000][13980][info ][gc,marking  ] GC(14) Concurrent Cleanup for Next Mark 8.844ms
[2025-04-02T10:13:00.026+0000][13980][info ][gc          ] GC(14) Concurrent Mark Cycle 22.909ms
[2025-04-02T10:13:03.640+0000][13980][info ][gc,start    ] GC(15) Pause Young (Normal) (G1 Evacuation Pause)
[2025-04-02T10:13:03.640+0000][13980][info ][gc,task     ] GC(15) Using 18 workers of 18 for evacuation
[2025-04-02T10:13:03.640+0000][13980][debug][gc,age      ] GC(15) Desired survivor size 58720256 bytes, new threshold 15 (max threshold 15)
[2025-04-02T10:13:03.667+0000][13980][info ][gc,phases   ] GC(15)   Pre Evacuate Collection Set: 0.22ms
[2025-04-02T10:13:03.667+0000][13980][info ][gc,phases   ] GC(15)   Merge Heap Roots: 0.11ms
[2025-04-02T10:13:03.667+0000][13980][info ][gc,phases   ] GC(15)   Evacuate Collection Set: 25.33ms
[2025-04-02T10:13:03.667+0000][13980][info ][gc,phases   ] GC(15)   Post Evacuate Collection Set: 1.99ms
[2025-04-02T10:13:03.667+0000][13980][info ][gc,phases   ] GC(15)   Other: 0.12ms
[2025-04-02T10:13:03.667+0000][13980][trace][gc,age      ] GC(15) Age table:
[2025-04-02T10:13:03.667+0000][13980][trace][gc,age      ] GC(15) - age   1:   33385728 bytes,   33385728 total
[2025-04-02T10:13:03.667+0000][13980][trace][gc,age      ] GC(15) - age   2:    8403088 bytes,   41788816 total
[2025-04-02T10:13:03.667+0000][13980][trace][gc,age      ] GC(15) - age   3:   11147688 bytes,   52936504 total
[2025-04-02T10:13:03.667+0000][13980][trace][gc,age      ] GC(15) - age   4:    6133288 bytes,   59069792 total
[2025-04-02T10:13:03.667+0000][13980][trace][gc,age      ] GC(15) - age   5:    6700816 bytes,   65770608 total
[2025-04-02T10:13:03.667+0000][13980][trace][gc,age      ] GC(15) - age   6:    3803424 bytes,   69574032 total
[2025-04-02T10:13:03.667+0000][13980][trace][gc,age      ] GC(15) - age   7:    3115456 bytes,   72689488 total
[2025-04-02T10:13:03.667+0000][13980][trace][gc,age      ] GC(15) - age   8:    3506984 bytes,   76196472 total
[2025-04-02T10:13:03.667+0000][13980][trace][gc,age      ] GC(15) - age   9:    2573040 bytes,   78769512 total
[2025-04-02T10:13:03.667+0000][13980][trace][gc,age      ] GC(15) - age  10:    3774464 bytes,   82543976 total
[2025-04-02T10:13:03.667+0000][13980][trace][gc,age      ] GC(15) - age  11:    4943552 bytes,   87487528 total
[2025-04-02T10:13:03.667+0000][13980][info ][gc,heap     ] GC(15) Eden regions: 209->0(193)
[2025-04-02T10:13:03.667+0000][13980][info ][gc,heap     ] GC(15) Survivor regions: 15->23(28)
[2025-04-02T10:13:03.667+0000][13980][info ][gc,heap     ] GC(15) Old regions: 4->4
[2025-04-02T10:13:03.667+0000][13980][info ][gc,heap     ] GC(15) Humongous regions: 2->2
[2025-04-02T10:13:03.667+0000][13980][info ][gc,metaspace] GC(15) Metaspace: 140607K(144704K)->140607K(144704K) NonClass: 120577K(122816K)->120577K(122816K) Class: 20029K(21888K)->20029K(21888K)
[2025-04-02T10:13:03.667+0000][13980][info ][gc          ] GC(15) Pause Young (Normal) (G1 Evacuation Pause) 916M->114M(8148M) 28.139ms
[2025-04-02T10:13:03.667+0000][13980][info ][gc,cpu      ] GC(15) User=0.38s Sys=0.17s Real=0.03s
[2025-04-02T10:13:03.667+0000][13980][info ][safepoint   ] Safepoint "G1CollectForAllocation", Time since last: 3623253400 ns, Reaching safepoint: 16200 ns, At safepoint: 28237300 ns, Total: 28253500 ns
[2025-04-02T10:18:32.751+0000][13980][info ][gc,start    ] GC(16) Pause Young (Normal) (G1 Evacuation Pause)
[2025-04-02T10:18:32.751+0000][13980][info ][gc,task     ] GC(16) Using 18 workers of 18 for evacuation
[2025-04-02T10:18:32.751+0000][13980][debug][gc,age      ] GC(16) Desired survivor size 56623104 bytes, new threshold 4 (max threshold 15)
[2025-04-02T10:18:32.778+0000][13980][info ][gc,phases   ] GC(16)   Pre Evacuate Collection Set: 0.22ms
[2025-04-02T10:18:32.778+0000][13980][info ][gc,phases   ] GC(16)   Merge Heap Roots: 0.11ms
[2025-04-02T10:18:32.778+0000][13980][info ][gc,phases   ] GC(16)   Evacuate Collection Set: 23.95ms
[2025-04-02T10:18:32.778+0000][13980][info ][gc,phases   ] GC(16)   Post Evacuate Collection Set: 1.86ms
[2025-04-02T10:18:32.778+0000][13980][info ][gc,phases   ] GC(16)   Other: 0.11ms
[2025-04-02T10:18:32.778+0000][13980][trace][gc,age      ] GC(16) Age table:
[2025-04-02T10:18:32.778+0000][13980][trace][gc,age      ] GC(16) - age   1:   53429864 bytes,   53429864 total
[2025-04-02T10:18:32.778+0000][13980][trace][gc,age      ] GC(16) - age   2:   27531768 bytes,   80961632 total
[2025-04-02T10:18:32.778+0000][13980][trace][gc,age      ] GC(16) - age   3:    8197040 bytes,   89158672 total
[2025-04-02T10:18:32.778+0000][13980][trace][gc,age      ] GC(16) - age   4:   11020984 bytes,  100179656 total
[2025-04-02T10:18:32.778+0000][13980][info ][gc,heap     ] GC(16) Eden regions: 193->0(236)
[2025-04-02T10:18:32.778+0000][13980][info ][gc,heap     ] GC(16) Survivor regions: 23->27(27)
[2025-04-02T10:18:32.778+0000][13980][info ][gc,heap     ] GC(16) Old regions: 4->13
[2025-04-02T10:18:32.778+0000][13980][info ][gc,heap     ] GC(16) Humongous regions: 2->2
[2025-04-02T10:18:32.778+0000][13980][info ][gc,metaspace] GC(16) Metaspace: 147559K(151872K)->147559K(151872K) NonClass: 126660K(129024K)->126660K(129024K) Class: 20898K(22848K)->20898K(22848K)
[2025-04-02T10:18:32.778+0000][13980][info ][gc          ] GC(16) Pause Young (Normal) (G1 Evacuation Pause) 886M->165M(8148M) 26.619ms
[2025-04-02T10:18:32.778+0000][13980][info ][gc,cpu      ] GC(16) User=0.47s Sys=0.03s Real=0.03s
[2025-04-02T10:18:32.778+0000][13980][info ][safepoint   ] Safepoint "G1CollectForAllocation", Time since last: 329083094600 ns, Reaching safepoint: 13200 ns, At safepoint: 26728100 ns, Total: 26741300 ns
[2025-04-02T11:00:37.935+0000][13980][info ][gc,start    ] GC(17) Pause Young (Concurrent Start) (CodeCache GC Threshold)
[2025-04-02T11:00:37.935+0000][13980][info ][gc,task     ] GC(17) Using 18 workers of 18 for evacuation
[2025-04-02T11:00:37.935+0000][13980][debug][gc,age      ] GC(17) Desired survivor size 69206016 bytes, new threshold 2 (max threshold 15)
[2025-04-02T11:00:37.958+0000][13980][info ][gc,phases   ] GC(17)   Pre Evacuate Collection Set: 0.64ms
[2025-04-02T11:00:37.958+0000][13980][info ][gc,phases   ] GC(17)   Merge Heap Roots: 0.20ms
[2025-04-02T11:00:37.958+0000][13980][info ][gc,phases   ] GC(17)   Evacuate Collection Set: 20.07ms
[2025-04-02T11:00:37.958+0000][13980][info ][gc,phases   ] GC(17)   Post Evacuate Collection Set: 2.24ms
[2025-04-02T11:00:37.958+0000][13980][info ][gc,phases   ] GC(17)   Other: 0.11ms
[2025-04-02T11:00:37.958+0000][13980][trace][gc,age      ] GC(17) Age table:
[2025-04-02T11:00:37.958+0000][13980][trace][gc,age      ] GC(17) - age   1:    2774016 bytes,    2774016 total
[2025-04-02T11:00:37.958+0000][13980][trace][gc,age      ] GC(17) - age   2:   52852936 bytes,   55626952 total
[2025-04-02T11:00:37.958+0000][13980][info ][gc,heap     ] GC(17) Eden regions: 169->0(342)
[2025-04-02T11:00:37.958+0000][13980][info ][gc,heap     ] GC(17) Survivor regions: 27->18(33)
[2025-04-02T11:00:37.958+0000][13980][info ][gc,heap     ] GC(17) Old regions: 13->25
[2025-04-02T11:00:37.958+0000][13980][info ][gc,heap     ] GC(17) Humongous regions: 2->2
[2025-04-02T11:00:37.958+0000][13980][info ][gc,metaspace] GC(17) Metaspace: 150395K(154688K)->150395K(154688K) NonClass: 129376K(131712K)->129376K(131712K) Class: 21018K(22976K)->21018K(22976K)
[2025-04-02T11:00:37.958+0000][13980][info ][gc          ] GC(17) Pause Young (Concurrent Start) (CodeCache GC Threshold) 839M->177M(8148M) 23.600ms
[2025-04-02T11:00:37.958+0000][13980][info ][gc          ] GC(18) Concurrent Mark Cycle
[2025-04-02T11:00:37.958+0000][13980][info ][gc,cpu      ] GC(17) User=0.45s Sys=0.11s Real=0.02s
[2025-04-02T11:00:37.958+0000][13980][info ][gc,marking  ] GC(18) Concurrent Scan Root Regions
[2025-04-02T11:00:37.958+0000][13980][info ][safepoint   ] Safepoint "G1TryInitiateConcMark", Time since last: 2525157326000 ns, Reaching safepoint: 24800 ns, At safepoint: 23744300 ns, Total: 23769100 ns
[2025-04-02T11:00:37.966+0000][13980][info ][gc,marking  ] GC(18) Concurrent Scan Root Regions 7.609ms
[2025-04-02T11:00:37.966+0000][13980][info ][gc,marking  ] GC(18) Concurrent Mark
[2025-04-02T11:00:37.966+0000][13980][info ][gc,marking  ] GC(18) Concurrent Mark From Roots
[2025-04-02T11:00:37.966+0000][13980][info ][gc,task     ] GC(18) Using 5 workers of 5 for marking
[2025-04-02T11:00:37.975+0000][13980][info ][gc,marking  ] GC(18) Concurrent Mark From Roots 8.836ms
[2025-04-02T11:00:37.975+0000][13980][info ][gc,marking  ] GC(18) Concurrent Preclean
[2025-04-02T11:00:37.975+0000][13980][info ][gc,marking  ] GC(18) Concurrent Preclean 0.147ms
[2025-04-02T11:00:37.975+0000][13980][info ][gc,start    ] GC(18) Pause Remark
[2025-04-02T11:00:37.984+0000][13980][info ][gc          ] GC(18) Pause Remark 180M->180M(8148M) 8.796ms
[2025-04-02T11:00:37.984+0000][13980][info ][gc,cpu      ] GC(18) User=0.00s Sys=0.00s Real=0.01s
[2025-04-02T11:00:37.984+0000][13980][info ][safepoint   ] Safepoint "G1PauseRemark", Time since last: 16695900 ns, Reaching safepoint: 14200 ns, At safepoint: 8908100 ns, Total: 8922300 ns
[2025-04-02T11:00:37.984+0000][13980][info ][gc,marking  ] GC(18) Concurrent Mark 18.027ms
[2025-04-02T11:00:37.984+0000][13980][info ][gc,marking  ] GC(18) Concurrent Rebuild Remembered Sets and Scrub Regions
[2025-04-02T11:00:37.989+0000][13980][info ][gc,marking  ] GC(18) Concurrent Rebuild Remembered Sets and Scrub Regions 5.561ms
[2025-04-02T11:00:37.989+0000][13980][info ][gc,start    ] GC(18) Pause Cleanup
[2025-04-02T11:00:37.989+0000][13980][info ][gc          ] GC(18) Pause Cleanup 180M->180M(8148M) 0.065ms
[2025-04-02T11:00:37.989+0000][13980][info ][gc,cpu      ] GC(18) User=0.00s Sys=0.00s Real=0.00s
[2025-04-02T11:00:37.989+0000][13980][info ][safepoint   ] Safepoint "G1PauseCleanup", Time since last: 5682800 ns, Reaching safepoint: 12600 ns, At safepoint: 128400 ns, Total: 141000 ns
[2025-04-02T11:00:37.989+0000][13980][info ][gc,marking  ] GC(18) Concurrent Clear Claimed Marks
[2025-04-02T11:00:37.991+0000][13980][info ][gc,marking  ] GC(18) Concurrent Clear Claimed Marks 0.211ms
[2025-04-02T11:00:37.991+0000][13980][info ][gc,marking  ] GC(18) Concurrent Cleanup for Next Mark
[2025-04-02T11:00:37.998+0000][13980][info ][gc,marking  ] GC(18) Concurrent Cleanup for Next Mark 8.735ms
[2025-04-02T11:00:37.998+0000][13980][info ][gc          ] GC(18) Concurrent Mark Cycle 40.591ms
[2025-04-02T12:51:01.484+0000][13980][info ][gc,heap,exit] Heap
[2025-04-02T12:51:01.484+0000][13980][info ][gc,heap,exit]  garbage-first heap   total reserved 8343552K, committed 8343552K, used 1556158K [0x0000000602c00000, 0x0000000800000000)
[2025-04-02T12:51:01.484+0000][13980][info ][gc,heap,exit]   region size 4096K, 354 young (1449984K), 18 survivors (73728K)
[2025-04-02T12:51:01.484+0000][13980][info ][gc,heap,exit]  Metaspace       used 152797K, committed 157248K, reserved 1245184K
[2025-04-02T12:51:01.484+0000][13980][info ][gc,heap,exit]   class space    used 21222K, committed 23232K, reserved 1048576K
