[2025-03-20T12:36:33.855+0000][9684][info][gc,init] CardTable entry size: 512
[2025-03-20T12:36:33.855+0000][9684][info][gc     ] Using G1
[2025-03-20T12:36:35.166+0000][9684][info][gc,init] Version: 23+37-2369 (release)
[2025-03-20T12:36:35.166+0000][9684][info][gc,init] CPUs: 24 total, 24 available
[2025-03-20T12:36:35.166+0000][9684][info][gc,init] Memory: 16296M
[2025-03-20T12:36:35.166+0000][9684][info][gc,init] Large Page Support: Disabled
[2025-03-20T12:36:35.166+0000][9684][info][gc,init] NUMA Support: Disabled
[2025-03-20T12:36:35.166+0000][9684][info][gc,init] Compressed Oops: Enabled (Zero based)
[2025-03-20T12:36:35.166+0000][9684][info][gc,init] Heap Region Size: 4M
[2025-03-20T12:36:35.166+0000][9684][info][gc,init] Heap Min Capacity: 8148M
[2025-03-20T12:36:35.166+0000][9684][info][gc,init] Heap Initial Capacity: 8148M
[2025-03-20T12:36:35.166+0000][9684][info][gc,init] Heap Max Capacity: 8148M
[2025-03-20T12:36:35.166+0000][9684][info][gc,init] Pre-touch: Enabled
[2025-03-20T12:36:35.166+0000][9684][info][gc,init] Parallel Workers: 18
[2025-03-20T12:36:35.166+0000][9684][info][gc,init] Concurrent Workers: 5
[2025-03-20T12:36:35.166+0000][9684][info][gc,init] Concurrent Refinement Workers: 18
[2025-03-20T12:36:35.166+0000][9684][info][gc,init] Periodic GC: Disabled
[2025-03-20T12:36:35.177+0000][9684][info][gc,metaspace] CDS archive(s) mapped at: [0x0000021a80000000-0x0000021a80d70000-0x0000021a80d70000), size 14090240, SharedBaseAddress: 0x0000021a80000000, ArchiveRelocationMode: 1.
[2025-03-20T12:36:35.177+0000][9684][info][gc,metaspace] Compressed class space mapped at: 0x0000021a81000000-0x0000021ac1000000, reserved size: 1073741824
[2025-03-20T12:36:35.177+0000][9684][info][gc,metaspace] Narrow klass base: 0x0000021a80000000, Narrow klass shift: 0, Narrow klass range: 0x41000000
[2025-03-20T12:36:38.170+0000][9684][info][gc,start    ] GC(0) Pause Young (Concurrent Start) (Metadata GC Threshold)
[2025-03-20T12:36:38.172+0000][9684][info][gc,task     ] GC(0) Using 18 workers of 18 for evacuation
[2025-03-20T12:36:38.173+0000][9684][debug][gc,age      ] GC(0) Desired survivor size 27262976 bytes, new threshold 15 (max threshold 15)
[2025-03-20T12:36:38.179+0000][9684][info ][gc,phases   ] GC(0)   Pre Evacuate Collection Set: 0.27ms
[2025-03-20T12:36:38.179+0000][9684][info ][gc,phases   ] GC(0)   Merge Heap Roots: 0.16ms
[2025-03-20T12:36:38.179+0000][9684][info ][gc,phases   ] GC(0)   Evacuate Collection Set: 5.58ms
[2025-03-20T12:36:38.179+0000][9684][info ][gc,phases   ] GC(0)   Post Evacuate Collection Set: 1.00ms
[2025-03-20T12:36:38.179+0000][9684][info ][gc,phases   ] GC(0)   Other: 3.08ms
[2025-03-20T12:36:38.179+0000][9684][trace][gc,age      ] GC(0) Age table:
[2025-03-20T12:36:38.179+0000][9684][trace][gc,age      ] GC(0) - age   1:   15275760 bytes,   15275760 total
[2025-03-20T12:36:38.180+0000][9684][info ][gc,heap     ] GC(0) Eden regions: 68->0(97)
[2025-03-20T12:36:38.180+0000][9684][info ][gc,heap     ] GC(0) Survivor regions: 0->4(13)
[2025-03-20T12:36:38.180+0000][9684][info ][gc,heap     ] GC(0) Old regions: 0->0
[2025-03-20T12:36:38.180+0000][9684][info ][gc,heap     ] GC(0) Humongous regions: 0->0
[2025-03-20T12:36:38.180+0000][9684][info ][gc,metaspace] GC(0) Metaspace: 20781K(21504K)->20781K(21504K) NonClass: 18458K(18880K)->18458K(18880K) Class: 2323K(2624K)->2323K(2624K)
[2025-03-20T12:36:38.180+0000][9684][info ][gc          ] GC(0) Pause Young (Concurrent Start) (Metadata GC Threshold) 272M->15M(8148M) 10.391ms
[2025-03-20T12:36:38.180+0000][9684][info ][gc,cpu      ] GC(0) User=0.00s Sys=0.00s Real=0.01s
[2025-03-20T12:36:38.180+0000][9684][info ][gc          ] GC(1) Concurrent Mark Cycle
[2025-03-20T12:36:38.180+0000][9684][info ][gc,marking  ] GC(1) Concurrent Scan Root Regions
[2025-03-20T12:36:38.180+0000][9684][info ][safepoint   ] Safepoint "CollectForMetadataAllocation", Time since last: 2988687300 ns, Reaching safepoint: 5200 ns, At safepoint: 10487200 ns, Total: 10492400 ns
[2025-03-20T12:36:38.183+0000][9684][info ][gc,marking  ] GC(1) Concurrent Scan Root Regions 3.856ms
[2025-03-20T12:36:38.183+0000][9684][info ][gc,marking  ] GC(1) Concurrent Mark
[2025-03-20T12:36:38.183+0000][9684][info ][gc,marking  ] GC(1) Concurrent Mark From Roots
[2025-03-20T12:36:38.184+0000][9684][info ][gc,task     ] GC(1) Using 5 workers of 5 for marking
[2025-03-20T12:36:38.184+0000][9684][info ][gc,marking  ] GC(1) Concurrent Mark From Roots 1.412ms
[2025-03-20T12:36:38.184+0000][9684][info ][gc,marking  ] GC(1) Concurrent Preclean
[2025-03-20T12:36:38.184+0000][9684][info ][gc,marking  ] GC(1) Concurrent Preclean 0.013ms
[2025-03-20T12:36:38.184+0000][9684][info ][gc,start    ] GC(1) Pause Remark
[2025-03-20T12:36:38.186+0000][9684][info ][gc          ] GC(1) Pause Remark 19M->19M(8148M) 1.498ms
[2025-03-20T12:36:38.186+0000][9684][info ][gc,cpu      ] GC(1) User=0.03s Sys=0.00s Real=0.00s
[2025-03-20T12:36:38.187+0000][9684][info ][safepoint   ] Safepoint "G1PauseRemark", Time since last: 5431000 ns, Reaching safepoint: 53700 ns, At safepoint: 1558900 ns, Total: 1612600 ns
[2025-03-20T12:36:38.187+0000][9684][info ][gc,marking  ] GC(1) Concurrent Mark 3.140ms
[2025-03-20T12:36:38.187+0000][9684][info ][gc,marking  ] GC(1) Concurrent Rebuild Remembered Sets and Scrub Regions
[2025-03-20T12:36:38.187+0000][9684][info ][gc,marking  ] GC(1) Concurrent Rebuild Remembered Sets and Scrub Regions 0.069ms
[2025-03-20T12:36:38.187+0000][9684][info ][gc,start    ] GC(1) Pause Cleanup
[2025-03-20T12:36:38.187+0000][9684][info ][gc          ] GC(1) Pause Cleanup 19M->19M(8148M) 0.028ms
[2025-03-20T12:36:38.187+0000][9684][info ][gc,cpu      ] GC(1) User=0.00s Sys=0.00s Real=0.00s
[2025-03-20T12:36:38.187+0000][9684][info ][safepoint   ] Safepoint "G1PauseCleanup", Time since last: 170000 ns, Reaching safepoint: 12400 ns, At safepoint: 64100 ns, Total: 76500 ns
[2025-03-20T12:36:38.187+0000][9684][info ][gc,marking  ] GC(1) Concurrent Clear Claimed Marks
[2025-03-20T12:36:38.187+0000][9684][info ][gc,marking  ] GC(1) Concurrent Clear Claimed Marks 0.034ms
[2025-03-20T12:36:38.187+0000][9684][info ][gc,marking  ] GC(1) Concurrent Cleanup for Next Mark
[2025-03-20T12:36:38.198+0000][9684][info ][gc,marking  ] GC(1) Concurrent Cleanup for Next Mark 10.841ms
[2025-03-20T12:36:38.198+0000][9684][info ][gc          ] GC(1) Concurrent Mark Cycle 18.381ms
[2025-03-20T12:36:39.100+0000][9684][info ][gc,start    ] GC(2) Pause Young (Normal) (G1 Evacuation Pause)
[2025-03-20T12:36:39.100+0000][9684][info ][gc,task     ] GC(2) Using 18 workers of 18 for evacuation
[2025-03-20T12:36:39.100+0000][9684][debug][gc,age      ] GC(2) Desired survivor size 27262976 bytes, new threshold 15 (max threshold 15)
[2025-03-20T12:36:39.108+0000][9684][info ][gc,phases   ] GC(2)   Pre Evacuate Collection Set: 0.17ms
[2025-03-20T12:36:39.108+0000][9684][info ][gc,phases   ] GC(2)   Merge Heap Roots: 0.08ms
[2025-03-20T12:36:39.108+0000][9684][info ][gc,phases   ] GC(2)   Evacuate Collection Set: 6.71ms
[2025-03-20T12:36:39.108+0000][9684][info ][gc,phases   ] GC(2)   Post Evacuate Collection Set: 0.90ms
[2025-03-20T12:36:39.108+0000][9684][info ][gc,phases   ] GC(2)   Other: 0.11ms
[2025-03-20T12:36:39.108+0000][9684][trace][gc,age      ] GC(2) Age table:
[2025-03-20T12:36:39.108+0000][9684][trace][gc,age      ] GC(2) - age   1:    5343816 bytes,    5343816 total
[2025-03-20T12:36:39.108+0000][9684][trace][gc,age      ] GC(2) - age   2:   14343128 bytes,   19686944 total
[2025-03-20T12:36:39.108+0000][9684][info ][gc,heap     ] GC(2) Eden regions: 97->0(96)
[2025-03-20T12:36:39.108+0000][9684][info ][gc,heap     ] GC(2) Survivor regions: 4->5(13)
[2025-03-20T12:36:39.108+0000][9684][info ][gc,heap     ] GC(2) Old regions: 0->0
[2025-03-20T12:36:39.108+0000][9684][info ][gc,heap     ] GC(2) Humongous regions: 0->0
[2025-03-20T12:36:39.108+0000][9684][info ][gc,metaspace] GC(2) Metaspace: 28779K(29760K)->28779K(29760K) NonClass: 25564K(26112K)->25564K(26112K) Class: 3214K(3648K)->3214K(3648K)
[2025-03-20T12:36:39.108+0000][9684][info ][gc          ] GC(2) Pause Young (Normal) (G1 Evacuation Pause) 403M->20M(8148M) 8.207ms
[2025-03-20T12:36:39.108+0000][9684][info ][gc,cpu      ] GC(2) User=0.02s Sys=0.00s Real=0.01s
[2025-03-20T12:36:39.108+0000][9684][info ][safepoint   ] Safepoint "G1CollectForAllocation", Time since last: 913547600 ns, Reaching safepoint: 4300 ns, At safepoint: 8304000 ns, Total: 8308300 ns
[2025-03-20T12:36:39.526+0000][9684][info ][gc,start    ] GC(3) Pause Young (Normal) (G1 Evacuation Pause)
[2025-03-20T12:36:39.526+0000][9684][info ][gc,task     ] GC(3) Using 18 workers of 18 for evacuation
[2025-03-20T12:36:39.526+0000][9684][debug][gc,age      ] GC(3) Desired survivor size 27262976 bytes, new threshold 15 (max threshold 15)
[2025-03-20T12:36:39.534+0000][9684][info ][gc,phases   ] GC(3)   Pre Evacuate Collection Set: 0.17ms
[2025-03-20T12:36:39.534+0000][9684][info ][gc,phases   ] GC(3)   Merge Heap Roots: 0.07ms
[2025-03-20T12:36:39.534+0000][9684][info ][gc,phases   ] GC(3)   Evacuate Collection Set: 7.01ms
[2025-03-20T12:36:39.534+0000][9684][info ][gc,phases   ] GC(3)   Post Evacuate Collection Set: 0.92ms
[2025-03-20T12:36:39.534+0000][9684][info ][gc,phases   ] GC(3)   Other: 0.08ms
[2025-03-20T12:36:39.534+0000][9684][trace][gc,age      ] GC(3) Age table:
[2025-03-20T12:36:39.534+0000][9684][trace][gc,age      ] GC(3) - age   1:    5352800 bytes,    5352800 total
[2025-03-20T12:36:39.534+0000][9684][trace][gc,age      ] GC(3) - age   2:    5317256 bytes,   10670056 total
[2025-03-20T12:36:39.534+0000][9684][trace][gc,age      ] GC(3) - age   3:   14340696 bytes,   25010752 total
[2025-03-20T12:36:39.534+0000][9684][info ][gc,heap     ] GC(3) Eden regions: 96->0(94)
[2025-03-20T12:36:39.534+0000][9684][info ][gc,heap     ] GC(3) Survivor regions: 5->7(13)
[2025-03-20T12:36:39.534+0000][9684][info ][gc,heap     ] GC(3) Old regions: 0->0
[2025-03-20T12:36:39.534+0000][9684][info ][gc,heap     ] GC(3) Humongous regions: 0->0
[2025-03-20T12:36:39.534+0000][9684][info ][gc,metaspace] GC(3) Metaspace: 30190K(31168K)->30190K(31168K) NonClass: 26765K(27328K)->26765K(27328K) Class: 3424K(3840K)->3424K(3840K)
[2025-03-20T12:36:39.534+0000][9684][info ][gc          ] GC(3) Pause Young (Normal) (G1 Evacuation Pause) 404M->26M(8148M) 8.482ms
[2025-03-20T12:36:39.534+0000][9684][info ][gc,cpu      ] GC(3) User=0.08s Sys=0.00s Real=0.01s
[2025-03-20T12:36:39.534+0000][9684][info ][safepoint   ] Safepoint "G1CollectForAllocation", Time since last: 417641400 ns, Reaching safepoint: 3300 ns, At safepoint: 8531600 ns, Total: 8534900 ns
[2025-03-20T12:36:39.822+0000][9684][info ][gc,start    ] GC(4) Pause Young (Normal) (G1 Evacuation Pause)
[2025-03-20T12:36:39.822+0000][9684][info ][gc,task     ] GC(4) Using 18 workers of 18 for evacuation
[2025-03-20T12:36:39.822+0000][9684][debug][gc,age      ] GC(4) Desired survivor size 27262976 bytes, new threshold 15 (max threshold 15)
[2025-03-20T12:36:39.831+0000][9684][info ][gc,phases   ] GC(4)   Pre Evacuate Collection Set: 0.17ms
[2025-03-20T12:36:39.831+0000][9684][info ][gc,phases   ] GC(4)   Merge Heap Roots: 0.09ms
[2025-03-20T12:36:39.831+0000][9684][info ][gc,phases   ] GC(4)   Evacuate Collection Set: 7.36ms
[2025-03-20T12:36:39.831+0000][9684][info ][gc,phases   ] GC(4)   Post Evacuate Collection Set: 1.07ms
[2025-03-20T12:36:39.831+0000][9684][info ][gc,phases   ] GC(4)   Other: 0.09ms
[2025-03-20T12:36:39.831+0000][9684][trace][gc,age      ] GC(4) Age table:
[2025-03-20T12:36:39.831+0000][9684][trace][gc,age      ] GC(4) - age   1:    2652480 bytes,    2652480 total
[2025-03-20T12:36:39.831+0000][9684][trace][gc,age      ] GC(4) - age   2:    3702144 bytes,    6354624 total
[2025-03-20T12:36:39.831+0000][9684][trace][gc,age      ] GC(4) - age   3:    5316784 bytes,   11671408 total
[2025-03-20T12:36:39.831+0000][9684][trace][gc,age      ] GC(4) - age   4:   14340696 bytes,   26012104 total
[2025-03-20T12:36:39.831+0000][9684][info ][gc,heap     ] GC(4) Eden regions: 94->0(94)
[2025-03-20T12:36:39.831+0000][9684][info ][gc,heap     ] GC(4) Survivor regions: 7->7(13)
[2025-03-20T12:36:39.831+0000][9684][info ][gc,heap     ] GC(4) Old regions: 0->0
[2025-03-20T12:36:39.831+0000][9684][info ][gc,heap     ] GC(4) Humongous regions: 0->0
[2025-03-20T12:36:39.831+0000][9684][info ][gc,metaspace] GC(4) Metaspace: 30645K(31680K)->30645K(31680K) NonClass: 27155K(27776K)->27155K(27776K) Class: 3489K(3904K)->3489K(3904K)
[2025-03-20T12:36:39.831+0000][9684][info ][gc          ] GC(4) Pause Young (Normal) (G1 Evacuation Pause) 402M->27M(8148M) 9.053ms
[2025-03-20T12:36:39.831+0000][9684][info ][gc,cpu      ] GC(4) User=0.02s Sys=0.00s Real=0.01s
[2025-03-20T12:36:39.831+0000][9684][info ][safepoint   ] Safepoint "G1CollectForAllocation", Time since last: 287067400 ns, Reaching safepoint: 3700 ns, At safepoint: 9101600 ns, Total: 9105300 ns
[2025-03-20T12:36:40.174+0000][9684][info ][gc,start    ] GC(5) Pause Young (Concurrent Start) (Metadata GC Threshold)
[2025-03-20T12:36:40.174+0000][9684][info ][gc,task     ] GC(5) Using 18 workers of 18 for evacuation
[2025-03-20T12:36:40.174+0000][9684][debug][gc,age      ] GC(5) Desired survivor size 27262976 bytes, new threshold 15 (max threshold 15)
[2025-03-20T12:36:40.183+0000][9684][info ][gc,phases   ] GC(5)   Pre Evacuate Collection Set: 0.23ms
[2025-03-20T12:36:40.183+0000][9684][info ][gc,phases   ] GC(5)   Merge Heap Roots: 0.07ms
[2025-03-20T12:36:40.183+0000][9684][info ][gc,phases   ] GC(5)   Evacuate Collection Set: 7.61ms
[2025-03-20T12:36:40.183+0000][9684][info ][gc,phases   ] GC(5)   Post Evacuate Collection Set: 0.90ms
[2025-03-20T12:36:40.183+0000][9684][info ][gc,phases   ] GC(5)   Other: 0.09ms
[2025-03-20T12:36:40.183+0000][9684][trace][gc,age      ] GC(5) Age table:
[2025-03-20T12:36:40.183+0000][9684][trace][gc,age      ] GC(5) - age   1:    3548368 bytes,    3548368 total
[2025-03-20T12:36:40.183+0000][9684][trace][gc,age      ] GC(5) - age   2:    2646608 bytes,    6194976 total
[2025-03-20T12:36:40.183+0000][9684][trace][gc,age      ] GC(5) - age   3:    3699216 bytes,    9894192 total
[2025-03-20T12:36:40.183+0000][9684][trace][gc,age      ] GC(5) - age   4:    5315248 bytes,   15209440 total
[2025-03-20T12:36:40.183+0000][9684][trace][gc,age      ] GC(5) - age   5:   14340024 bytes,   29549464 total
[2025-03-20T12:36:40.183+0000][9684][info ][gc,heap     ] GC(5) Eden regions: 49->0(93)
[2025-03-20T12:36:40.183+0000][9684][info ][gc,heap     ] GC(5) Survivor regions: 7->8(13)
[2025-03-20T12:36:40.183+0000][9684][info ][gc,heap     ] GC(5) Old regions: 0->0
[2025-03-20T12:36:40.183+0000][9684][info ][gc,heap     ] GC(5) Humongous regions: 0->0
[2025-03-20T12:36:40.183+0000][9684][info ][gc,metaspace] GC(5) Metaspace: 35046K(36096K)->35046K(36096K) NonClass: 31092K(31680K)->31092K(31680K) Class: 3954K(4416K)->3954K(4416K)
[2025-03-20T12:36:40.183+0000][9684][info ][gc          ] GC(5) Pause Young (Concurrent Start) (Metadata GC Threshold) 221M->30M(8148M) 9.156ms
[2025-03-20T12:36:40.183+0000][9684][info ][gc          ] GC(6) Concurrent Mark Cycle
[2025-03-20T12:36:40.183+0000][9684][info ][gc,cpu      ] GC(5) User=0.00s Sys=0.00s Real=0.01s
[2025-03-20T12:36:40.183+0000][9684][info ][gc,marking  ] GC(6) Concurrent Scan Root Regions
[2025-03-20T12:36:40.183+0000][9684][info ][safepoint   ] Safepoint "CollectForMetadataAllocation", Time since last: 342778000 ns, Reaching safepoint: 2900 ns, At safepoint: 9274400 ns, Total: 9277300 ns
[2025-03-20T12:36:40.184+0000][9684][info ][gc,marking  ] GC(6) Concurrent Scan Root Regions 1.577ms
[2025-03-20T12:36:40.184+0000][9684][info ][gc,marking  ] GC(6) Concurrent Mark
[2025-03-20T12:36:40.185+0000][9684][info ][gc,marking  ] GC(6) Concurrent Mark From Roots
[2025-03-20T12:36:40.185+0000][9684][info ][gc,task     ] GC(6) Using 5 workers of 5 for marking
[2025-03-20T12:36:40.185+0000][9684][info ][gc,marking  ] GC(6) Concurrent Mark From Roots 0.381ms
[2025-03-20T12:36:40.185+0000][9684][info ][gc,marking  ] GC(6) Concurrent Preclean
[2025-03-20T12:36:40.185+0000][9684][info ][gc,marking  ] GC(6) Concurrent Preclean 0.011ms
[2025-03-20T12:36:40.185+0000][9684][info ][gc,start    ] GC(6) Pause Remark
[2025-03-20T12:36:40.187+0000][9684][info ][gc          ] GC(6) Pause Remark 33M->33M(8148M) 2.364ms
[2025-03-20T12:36:40.187+0000][9684][info ][gc,cpu      ] GC(6) User=0.00s Sys=0.00s Real=0.00s
[2025-03-20T12:36:40.187+0000][9684][info ][safepoint   ] Safepoint "G1PauseRemark", Time since last: 2000200 ns, Reaching safepoint: 12400 ns, At safepoint: 2411900 ns, Total: 2424300 ns
[2025-03-20T12:36:40.187+0000][9684][info ][gc,marking  ] GC(6) Concurrent Mark 2.899ms
[2025-03-20T12:36:40.187+0000][9684][info ][gc,marking  ] GC(6) Concurrent Rebuild Remembered Sets and Scrub Regions
[2025-03-20T12:36:40.187+0000][9684][info ][gc,marking  ] GC(6) Concurrent Rebuild Remembered Sets and Scrub Regions 0.052ms
[2025-03-20T12:36:40.187+0000][9684][info ][gc,start    ] GC(6) Pause Cleanup
[2025-03-20T12:36:40.187+0000][9684][info ][gc          ] GC(6) Pause Cleanup 33M->33M(8148M) 0.016ms
[2025-03-20T12:36:40.187+0000][9684][info ][gc,cpu      ] GC(6) User=0.00s Sys=0.00s Real=0.00s
[2025-03-20T12:36:40.187+0000][9684][info ][safepoint   ] Safepoint "G1PauseCleanup", Time since last: 118800 ns, Reaching safepoint: 11700 ns, At safepoint: 43100 ns, Total: 54800 ns
[2025-03-20T12:36:40.187+0000][9684][info ][gc,marking  ] GC(6) Concurrent Clear Claimed Marks
[2025-03-20T12:36:40.187+0000][9684][info ][gc,marking  ] GC(6) Concurrent Clear Claimed Marks 0.019ms
[2025-03-20T12:36:40.187+0000][9684][info ][gc,marking  ] GC(6) Concurrent Cleanup for Next Mark
[2025-03-20T12:36:40.196+0000][9684][info ][gc,marking  ] GC(6) Concurrent Cleanup for Next Mark 8.291ms
[2025-03-20T12:36:40.196+0000][9684][info ][gc          ] GC(6) Concurrent Mark Cycle 13.084ms
[2025-03-20T12:36:40.532+0000][9684][info ][gc,start    ] GC(7) Pause Young (Normal) (G1 Evacuation Pause)
[2025-03-20T12:36:40.532+0000][9684][info ][gc,task     ] GC(7) Using 18 workers of 18 for evacuation
[2025-03-20T12:36:40.532+0000][9684][debug][gc,age      ] GC(7) Desired survivor size 27262976 bytes, new threshold 5 (max threshold 15)
[2025-03-20T12:36:40.542+0000][9684][info ][gc,phases   ] GC(7)   Pre Evacuate Collection Set: 0.17ms
[2025-03-20T12:36:40.542+0000][9684][info ][gc,phases   ] GC(7)   Merge Heap Roots: 0.09ms
[2025-03-20T12:36:40.542+0000][9684][info ][gc,phases   ] GC(7)   Evacuate Collection Set: 8.22ms
[2025-03-20T12:36:40.542+0000][9684][info ][gc,phases   ] GC(7)   Post Evacuate Collection Set: 0.87ms
[2025-03-20T12:36:40.542+0000][9684][info ][gc,phases   ] GC(7)   Other: 0.09ms
[2025-03-20T12:36:40.542+0000][9684][trace][gc,age      ] GC(7) Age table:
[2025-03-20T12:36:40.542+0000][9684][trace][gc,age      ] GC(7) - age   1:    3900192 bytes,    3900192 total
[2025-03-20T12:36:40.542+0000][9684][trace][gc,age      ] GC(7) - age   2:    3497888 bytes,    7398080 total
[2025-03-20T12:36:40.542+0000][9684][trace][gc,age      ] GC(7) - age   3:    2646512 bytes,   10044592 total
[2025-03-20T12:36:40.542+0000][9684][trace][gc,age      ] GC(7) - age   4:    3698128 bytes,   13742720 total
[2025-03-20T12:36:40.542+0000][9684][trace][gc,age      ] GC(7) - age   5:    5315248 bytes,   19057968 total
[2025-03-20T12:36:40.542+0000][9684][info ][gc,heap     ] GC(7) Eden regions: 93->0(95)
[2025-03-20T12:36:40.542+0000][9684][info ][gc,heap     ] GC(7) Survivor regions: 8->6(13)
[2025-03-20T12:36:40.542+0000][9684][info ][gc,heap     ] GC(7) Old regions: 0->4
[2025-03-20T12:36:40.542+0000][9684][info ][gc,heap     ] GC(7) Humongous regions: 0->0
[2025-03-20T12:36:40.542+0000][9684][info ][gc,metaspace] GC(7) Metaspace: 36836K(37952K)->36836K(37952K) NonClass: 32619K(33280K)->32619K(33280K) Class: 4216K(4672K)->4216K(4672K)
[2025-03-20T12:36:40.542+0000][9684][info ][gc          ] GC(7) Pause Young (Normal) (G1 Evacuation Pause) 402M->36M(8148M) 9.687ms
[2025-03-20T12:36:40.542+0000][9684][info ][gc,cpu      ] GC(7) User=0.00s Sys=0.00s Real=0.01s
[2025-03-20T12:36:40.542+0000][9684][info ][safepoint   ] Safepoint "G1CollectForAllocation", Time since last: 344743600 ns, Reaching safepoint: 3500 ns, At safepoint: 9737100 ns, Total: 9740600 ns
[2025-03-20T12:36:41.000+0000][9684][info ][gc,start    ] GC(8) Pause Young (Normal) (G1 Evacuation Pause)
[2025-03-20T12:36:41.000+0000][9684][info ][gc,task     ] GC(8) Using 18 workers of 18 for evacuation
[2025-03-20T12:36:41.000+0000][9684][debug][gc,age      ] GC(8) Desired survivor size 27262976 bytes, new threshold 15 (max threshold 15)
[2025-03-20T12:36:41.005+0000][9684][info ][gc,phases   ] GC(8)   Pre Evacuate Collection Set: 0.25ms
[2025-03-20T12:36:41.005+0000][9684][info ][gc,phases   ] GC(8)   Merge Heap Roots: 0.10ms
[2025-03-20T12:36:41.005+0000][9684][info ][gc,phases   ] GC(8)   Evacuate Collection Set: 3.76ms
[2025-03-20T12:36:41.005+0000][9684][info ][gc,phases   ] GC(8)   Post Evacuate Collection Set: 0.77ms
[2025-03-20T12:36:41.005+0000][9684][info ][gc,phases   ] GC(8)   Other: 0.12ms
[2025-03-20T12:36:41.005+0000][9684][trace][gc,age      ] GC(8) Age table:
[2025-03-20T12:36:41.005+0000][9684][trace][gc,age      ] GC(8) - age   1:    3886672 bytes,    3886672 total
[2025-03-20T12:36:41.005+0000][9684][trace][gc,age      ] GC(8) - age   2:    3151088 bytes,    7037760 total
[2025-03-20T12:36:41.005+0000][9684][trace][gc,age      ] GC(8) - age   3:    3497760 bytes,   10535520 total
[2025-03-20T12:36:41.005+0000][9684][trace][gc,age      ] GC(8) - age   4:    2645752 bytes,   13181272 total
[2025-03-20T12:36:41.005+0000][9684][trace][gc,age      ] GC(8) - age   5:    3693648 bytes,   16874920 total
[2025-03-20T12:36:41.005+0000][9684][trace][gc,age      ] GC(8) - age   6:    5314312 bytes,   22189232 total
[2025-03-20T12:36:41.005+0000][9684][info ][gc,heap     ] GC(8) Eden regions: 95->0(144)
[2025-03-20T12:36:41.005+0000][9684][info ][gc,heap     ] GC(8) Survivor regions: 6->6(13)
[2025-03-20T12:36:41.005+0000][9684][info ][gc,heap     ] GC(8) Old regions: 4->4
[2025-03-20T12:36:41.005+0000][9684][info ][gc,heap     ] GC(8) Humongous regions: 0->0
[2025-03-20T12:36:41.005+0000][9684][info ][gc,metaspace] GC(8) Metaspace: 39013K(40128K)->39013K(40128K) NonClass: 34511K(35200K)->34511K(35200K) Class: 4502K(4928K)->4502K(4928K)
[2025-03-20T12:36:41.005+0000][9684][info ][gc          ] GC(8) Pause Young (Normal) (G1 Evacuation Pause) 416M->38M(8148M) 5.273ms
[2025-03-20T12:36:41.005+0000][9684][info ][gc,cpu      ] GC(8) User=0.00s Sys=0.00s Real=0.01s
[2025-03-20T12:36:41.005+0000][9684][info ][safepoint   ] Safepoint "G1CollectForAllocation", Time since last: 457468500 ns, Reaching safepoint: 3400 ns, At safepoint: 5326800 ns, Total: 5330200 ns
[2025-03-20T12:36:41.526+0000][9684][info ][gc,start    ] GC(9) Pause Young (Normal) (G1 Evacuation Pause)
[2025-03-20T12:36:41.526+0000][9684][info ][gc,task     ] GC(9) Using 18 workers of 18 for evacuation
[2025-03-20T12:36:41.526+0000][9684][debug][gc,age      ] GC(9) Desired survivor size 39845888 bytes, new threshold 15 (max threshold 15)
[2025-03-20T12:36:41.531+0000][9684][info ][gc,phases   ] GC(9)   Pre Evacuate Collection Set: 0.19ms
[2025-03-20T12:36:41.531+0000][9684][info ][gc,phases   ] GC(9)   Merge Heap Roots: 0.09ms
[2025-03-20T12:36:41.531+0000][9684][info ][gc,phases   ] GC(9)   Evacuate Collection Set: 4.68ms
[2025-03-20T12:36:41.531+0000][9684][info ][gc,phases   ] GC(9)   Post Evacuate Collection Set: 0.64ms
[2025-03-20T12:36:41.531+0000][9684][info ][gc,phases   ] GC(9)   Other: 0.11ms
[2025-03-20T12:36:41.531+0000][9684][trace][gc,age      ] GC(9) Age table:
[2025-03-20T12:36:41.531+0000][9684][trace][gc,age      ] GC(9) - age   1:    7085040 bytes,    7085040 total
[2025-03-20T12:36:41.531+0000][9684][trace][gc,age      ] GC(9) - age   2:    3849256 bytes,   10934296 total
[2025-03-20T12:36:41.531+0000][9684][trace][gc,age      ] GC(9) - age   3:    3150816 bytes,   14085112 total
[2025-03-20T12:36:41.531+0000][9684][trace][gc,age      ] GC(9) - age   4:    3497760 bytes,   17582872 total
[2025-03-20T12:36:41.531+0000][9684][trace][gc,age      ] GC(9) - age   5:    2643352 bytes,   20226224 total
[2025-03-20T12:36:41.531+0000][9684][trace][gc,age      ] GC(9) - age   6:    3693328 bytes,   23919552 total
[2025-03-20T12:36:41.531+0000][9684][trace][gc,age      ] GC(9) - age   7:    5311608 bytes,   29231160 total
[2025-03-20T12:36:41.531+0000][9684][info ][gc,heap     ] GC(9) Eden regions: 144->0(118)
[2025-03-20T12:36:41.531+0000][9684][info ][gc,heap     ] GC(9) Survivor regions: 6->8(19)
[2025-03-20T12:36:41.531+0000][9684][info ][gc,heap     ] GC(9) Old regions: 4->4
[2025-03-20T12:36:41.531+0000][9684][info ][gc,heap     ] GC(9) Humongous regions: 0->0
[2025-03-20T12:36:41.531+0000][9684][info ][gc,metaspace] GC(9) Metaspace: 39732K(40960K)->39732K(40960K) NonClass: 35134K(35904K)->35134K(35904K) Class: 4597K(5056K)->4597K(5056K)
[2025-03-20T12:36:41.531+0000][9684][info ][gc          ] GC(9) Pause Young (Normal) (G1 Evacuation Pause) 614M->46M(8148M) 5.987ms
[2025-03-20T12:36:41.531+0000][9684][info ][gc,cpu      ] GC(9) User=0.02s Sys=0.00s Real=0.00s
[2025-03-20T12:36:41.531+0000][9684][info ][safepoint   ] Safepoint "G1CollectForAllocation", Time since last: 520276900 ns, Reaching safepoint: 3900 ns, At safepoint: 6041700 ns, Total: 6045600 ns
[2025-03-20T12:36:43.464+0000][9684][info ][gc,start    ] GC(10) Pause Young (Concurrent Start) (Metadata GC Threshold)
[2025-03-20T12:36:43.464+0000][9684][info ][gc,task     ] GC(10) Using 18 workers of 18 for evacuation
[2025-03-20T12:36:43.464+0000][9684][debug][gc,age      ] GC(10) Desired survivor size 33554432 bytes, new threshold 15 (max threshold 15)
[2025-03-20T12:36:43.472+0000][9684][info ][gc,phases   ] GC(10)   Pre Evacuate Collection Set: 0.22ms
[2025-03-20T12:36:43.472+0000][9684][info ][gc,phases   ] GC(10)   Merge Heap Roots: 0.09ms
[2025-03-20T12:36:43.472+0000][9684][info ][gc,phases   ] GC(10)   Evacuate Collection Set: 6.71ms
[2025-03-20T12:36:43.472+0000][9684][info ][gc,phases   ] GC(10)   Post Evacuate Collection Set: 0.80ms
[2025-03-20T12:36:43.472+0000][9684][info ][gc,phases   ] GC(10)   Other: 0.10ms
[2025-03-20T12:36:43.472+0000][9684][trace][gc,age      ] GC(10) Age table:
[2025-03-20T12:36:43.472+0000][9684][trace][gc,age      ] GC(10) - age   1:    6666712 bytes,    6666712 total
[2025-03-20T12:36:43.472+0000][9684][trace][gc,age      ] GC(10) - age   2:    6805392 bytes,   13472104 total
[2025-03-20T12:36:43.472+0000][9684][trace][gc,age      ] GC(10) - age   3:    3809152 bytes,   17281256 total
[2025-03-20T12:36:43.472+0000][9684][trace][gc,age      ] GC(10) - age   4:    3131184 bytes,   20412440 total
[2025-03-20T12:36:43.472+0000][9684][trace][gc,age      ] GC(10) - age   5:    3482040 bytes,   23894480 total
[2025-03-20T12:36:43.472+0000][9684][trace][gc,age      ] GC(10) - age   6:    2631144 bytes,   26525624 total
[2025-03-20T12:36:43.472+0000][9684][trace][gc,age      ] GC(10) - age   7:    3675104 bytes,   30200728 total
[2025-03-20T12:36:43.472+0000][9684][trace][gc,age      ] GC(10) - age   8:    5103656 bytes,   35304384 total
[2025-03-20T12:36:43.472+0000][9684][info ][gc,heap     ] GC(10) Eden regions: 99->0(153)
[2025-03-20T12:36:43.472+0000][9684][info ][gc,heap     ] GC(10) Survivor regions: 8->10(16)
[2025-03-20T12:36:43.472+0000][9684][info ][gc,heap     ] GC(10) Old regions: 4->4
[2025-03-20T12:36:43.472+0000][9684][info ][gc,heap     ] GC(10) Humongous regions: 0->0
[2025-03-20T12:36:43.472+0000][9684][info ][gc,metaspace] GC(10) Metaspace: 58912K(60416K)->58912K(60416K) NonClass: 51658K(52544K)->51658K(52544K) Class: 7254K(7872K)->7254K(7872K)
[2025-03-20T12:36:43.472+0000][9684][info ][gc          ] GC(10) Pause Young (Concurrent Start) (Metadata GC Threshold) 442M->51M(8148M) 8.222ms
[2025-03-20T12:36:43.472+0000][9684][info ][gc,cpu      ] GC(10) User=0.00s Sys=0.00s Real=0.01s
[2025-03-20T12:36:43.472+0000][9684][info ][gc          ] GC(11) Concurrent Mark Cycle
[2025-03-20T12:36:43.472+0000][9684][info ][gc,marking  ] GC(11) Concurrent Scan Root Regions
[2025-03-20T12:36:43.472+0000][9684][info ][safepoint   ] Safepoint "CollectForMetadataAllocation", Time since last: 1933230900 ns, Reaching safepoint: 3300 ns, At safepoint: 8316000 ns, Total: 8319300 ns
[2025-03-20T12:36:43.476+0000][9684][info ][gc,marking  ] GC(11) Concurrent Scan Root Regions 2.569ms
[2025-03-20T12:36:43.476+0000][9684][info ][gc,marking  ] GC(11) Concurrent Mark
[2025-03-20T12:36:43.476+0000][9684][info ][gc,marking  ] GC(11) Concurrent Mark From Roots
[2025-03-20T12:36:43.476+0000][9684][info ][gc,task     ] GC(11) Using 5 workers of 5 for marking
[2025-03-20T12:36:43.480+0000][9684][info ][gc,marking  ] GC(11) Concurrent Mark From Roots 4.404ms
[2025-03-20T12:36:43.480+0000][9684][info ][gc,marking  ] GC(11) Concurrent Preclean
[2025-03-20T12:36:43.480+0000][9684][info ][gc,marking  ] GC(11) Concurrent Preclean 0.083ms
[2025-03-20T12:36:43.480+0000][9684][info ][gc,start    ] GC(11) Pause Remark
[2025-03-20T12:36:43.482+0000][9684][info ][gc          ] GC(11) Pause Remark 54M->54M(8148M) 2.461ms
[2025-03-20T12:36:43.482+0000][9684][info ][gc,cpu      ] GC(11) User=0.00s Sys=0.00s Real=0.00s
[2025-03-20T12:36:43.482+0000][9684][info ][safepoint   ] Safepoint "G1PauseRemark", Time since last: 7136600 ns, Reaching safepoint: 2700 ns, At safepoint: 2517200 ns, Total: 2519900 ns
[2025-03-20T12:36:43.482+0000][9684][info ][gc,marking  ] GC(11) Concurrent Mark 7.098ms
[2025-03-20T12:36:43.482+0000][9684][info ][gc,marking  ] GC(11) Concurrent Rebuild Remembered Sets and Scrub Regions
[2025-03-20T12:36:43.485+0000][9684][info ][gc,marking  ] GC(11) Concurrent Rebuild Remembered Sets and Scrub Regions 2.389ms
[2025-03-20T12:36:43.485+0000][9684][info ][gc,start    ] GC(11) Pause Cleanup
[2025-03-20T12:36:43.485+0000][9684][info ][gc          ] GC(11) Pause Cleanup 54M->54M(8148M) 0.042ms
[2025-03-20T12:36:43.485+0000][9684][info ][gc,cpu      ] GC(11) User=0.00s Sys=0.00s Real=0.00s
[2025-03-20T12:36:43.485+0000][9684][info ][safepoint   ] Safepoint "G1PauseCleanup", Time since last: 2492800 ns, Reaching safepoint: 13000 ns, At safepoint: 86900 ns, Total: 99900 ns
[2025-03-20T12:36:43.485+0000][9684][info ][gc,marking  ] GC(11) Concurrent Clear Claimed Marks
[2025-03-20T12:36:43.485+0000][9684][info ][gc,marking  ] GC(11) Concurrent Clear Claimed Marks 0.048ms
[2025-03-20T12:36:43.485+0000][9684][info ][gc,marking  ] GC(11) Concurrent Cleanup for Next Mark
[2025-03-20T12:36:43.493+0000][9684][info ][gc,marking  ] GC(11) Concurrent Cleanup for Next Mark 8.207ms
[2025-03-20T12:36:43.493+0000][9684][info ][gc          ] GC(11) Concurrent Mark Cycle 20.689ms
[2025-03-20T12:36:45.754+0000][9684][info ][gc,start    ] GC(12) Pause Young (Prepare Mixed) (G1 Evacuation Pause)
[2025-03-20T12:36:45.754+0000][9684][info ][gc,task     ] GC(12) Using 18 workers of 18 for evacuation
[2025-03-20T12:36:45.754+0000][9684][debug][gc,age      ] GC(12) Desired survivor size 44040192 bytes, new threshold 15 (max threshold 15)
[2025-03-20T12:36:45.767+0000][9684][info ][gc,phases   ] GC(12)   Pre Evacuate Collection Set: 0.18ms
[2025-03-20T12:36:45.767+0000][9684][info ][gc,phases   ] GC(12)   Merge Heap Roots: 0.11ms
[2025-03-20T12:36:45.767+0000][9684][info ][gc,phases   ] GC(12)   Evacuate Collection Set: 10.90ms
[2025-03-20T12:36:45.767+0000][9684][info ][gc,phases   ] GC(12)   Post Evacuate Collection Set: 1.04ms
[2025-03-20T12:36:45.767+0000][9684][info ][gc,phases   ] GC(12)   Other: 0.10ms
[2025-03-20T12:36:45.767+0000][9684][trace][gc,age      ] GC(12) Age table:
[2025-03-20T12:36:45.767+0000][9684][trace][gc,age      ] GC(12) - age   1:   11780368 bytes,   11780368 total
[2025-03-20T12:36:45.767+0000][9684][trace][gc,age      ] GC(12) - age   2:    6224048 bytes,   18004416 total
[2025-03-20T12:36:45.767+0000][9684][trace][gc,age      ] GC(12) - age   3:    6762376 bytes,   24766792 total
[2025-03-20T12:36:45.767+0000][9684][trace][gc,age      ] GC(12) - age   4:    3800728 bytes,   28567520 total
[2025-03-20T12:36:45.767+0000][9684][trace][gc,age      ] GC(12) - age   5:    3127768 bytes,   31695288 total
[2025-03-20T12:36:45.767+0000][9684][trace][gc,age      ] GC(12) - age   6:    3477368 bytes,   35172656 total
[2025-03-20T12:36:45.767+0000][9684][trace][gc,age      ] GC(12) - age   7:    2623096 bytes,   37795752 total
[2025-03-20T12:36:45.767+0000][9684][trace][gc,age      ] GC(12) - age   8:    3661952 bytes,   41457704 total
[2025-03-20T12:36:45.767+0000][9684][trace][gc,age      ] GC(12) - age   9:    5078472 bytes,   46536176 total
[2025-03-20T12:36:45.767+0000][9684][info ][gc,heap     ] GC(12) Eden regions: 153->0(162)
[2025-03-20T12:36:45.767+0000][9684][info ][gc,heap     ] GC(12) Survivor regions: 10->12(21)
[2025-03-20T12:36:45.767+0000][9684][info ][gc,heap     ] GC(12) Old regions: 4->4
[2025-03-20T12:36:45.767+0000][9684][info ][gc,heap     ] GC(12) Humongous regions: 0->0
[2025-03-20T12:36:45.767+0000][9684][info ][gc,metaspace] GC(12) Metaspace: 77921K(79872K)->77921K(79872K) NonClass: 67440K(68608K)->67440K(68608K) Class: 10481K(11264K)->10481K(11264K)
[2025-03-20T12:36:45.767+0000][9684][info ][gc          ] GC(12) Pause Young (Prepare Mixed) (G1 Evacuation Pause) 663M->62M(8148M) 12.693ms
[2025-03-20T12:36:45.767+0000][9684][info ][gc,cpu      ] GC(12) User=0.03s Sys=0.00s Real=0.01s
[2025-03-20T12:36:45.767+0000][9684][info ][safepoint   ] Safepoint "G1CollectForAllocation", Time since last: 2269392400 ns, Reaching safepoint: 3800 ns, At safepoint: 12749600 ns, Total: 12753400 ns
[2025-03-20T12:36:47.903+0000][9684][info ][gc,start    ] GC(13) Pause Young (Mixed) (Metadata GC Threshold)
[2025-03-20T12:36:47.904+0000][9684][info ][gc,task     ] GC(13) Using 18 workers of 18 for evacuation
[2025-03-20T12:36:47.904+0000][9684][debug][gc,age      ] GC(13) Desired survivor size 46137344 bytes, new threshold 9 (max threshold 15)
[2025-03-20T12:36:47.924+0000][9684][info ][gc,phases   ] GC(13)   Pre Evacuate Collection Set: 0.20ms
[2025-03-20T12:36:47.924+0000][9684][info ][gc,phases   ] GC(13)   Merge Heap Roots: 0.12ms
[2025-03-20T12:36:47.924+0000][9684][info ][gc,phases   ] GC(13)   Evacuate Collection Set: 17.79ms
[2025-03-20T12:36:47.924+0000][9684][info ][gc,phases   ] GC(13)   Post Evacuate Collection Set: 1.84ms
[2025-03-20T12:36:47.924+0000][9684][info ][gc,phases   ] GC(13)   Other: 0.09ms
[2025-03-20T12:36:47.924+0000][9684][trace][gc,age      ] GC(13) Age table:
[2025-03-20T12:36:47.924+0000][9684][trace][gc,age      ] GC(13) - age   1:   10473128 bytes,   10473128 total
[2025-03-20T12:36:47.924+0000][9684][trace][gc,age      ] GC(13) - age   2:   11261616 bytes,   21734744 total
[2025-03-20T12:36:47.924+0000][9684][trace][gc,age      ] GC(13) - age   3:    6090384 bytes,   27825128 total
[2025-03-20T12:36:47.924+0000][9684][trace][gc,age      ] GC(13) - age   4:    6753400 bytes,   34578528 total
[2025-03-20T12:36:47.924+0000][9684][trace][gc,age      ] GC(13) - age   5:    3785000 bytes,   38363528 total
[2025-03-20T12:36:47.924+0000][9684][trace][gc,age      ] GC(13) - age   6:    3119936 bytes,   41483464 total
[2025-03-20T12:36:47.924+0000][9684][trace][gc,age      ] GC(13) - age   7:    3466512 bytes,   44949976 total
[2025-03-20T12:36:47.924+0000][9684][trace][gc,age      ] GC(13) - age   8:    2619248 bytes,   47569224 total
[2025-03-20T12:36:47.924+0000][9684][trace][gc,age      ] GC(13) - age   9:    3658360 bytes,   51227584 total
[2025-03-20T12:36:47.924+0000][9684][info ][gc,heap     ] GC(13) Eden regions: 107->0(165)
[2025-03-20T12:36:47.924+0000][9684][info ][gc,heap     ] GC(13) Survivor regions: 12->14(22)
[2025-03-20T12:36:47.924+0000][9684][info ][gc,heap     ] GC(13) Old regions: 4->5
[2025-03-20T12:36:47.924+0000][9684][info ][gc,heap     ] GC(13) Humongous regions: 0->0
[2025-03-20T12:36:47.924+0000][9684][info ][gc,metaspace] GC(13) Metaspace: 98879K(100928K)->98879K(100928K) NonClass: 85402K(86592K)->85402K(86592K) Class: 13476K(14336K)->13476K(14336K)
[2025-03-20T12:36:47.924+0000][9684][info ][gc          ] GC(13) Pause Young (Mixed) (Metadata GC Threshold) 488M->73M(8148M) 20.355ms
[2025-03-20T12:36:47.924+0000][9684][info ][gc,cpu      ] GC(13) User=0.02s Sys=0.00s Real=0.02s
[2025-03-20T12:36:47.924+0000][9684][info ][safepoint   ] Safepoint "CollectForMetadataAllocation", Time since last: 2136500900 ns, Reaching safepoint: 3500 ns, At safepoint: 20439900 ns, Total: 20443400 ns
[2025-03-20T12:36:47.941+0000][9684][info ][gc,start    ] GC(14) Pause Young (Concurrent Start) (Metadata GC Threshold)
[2025-03-20T12:36:47.941+0000][9684][info ][gc,task     ] GC(14) Using 18 workers of 18 for evacuation
[2025-03-20T12:36:47.941+0000][9684][debug][gc,age      ] GC(14) Desired survivor size 48234496 bytes, new threshold 9 (max threshold 15)
[2025-03-20T12:36:47.955+0000][9684][info ][gc,phases   ] GC(14)   Pre Evacuate Collection Set: 0.21ms
[2025-03-20T12:36:47.955+0000][9684][info ][gc,phases   ] GC(14)   Merge Heap Roots: 0.07ms
[2025-03-20T12:36:47.955+0000][9684][info ][gc,phases   ] GC(14)   Evacuate Collection Set: 13.10ms
[2025-03-20T12:36:47.955+0000][9684][info ][gc,phases   ] GC(14)   Post Evacuate Collection Set: 1.07ms
[2025-03-20T12:36:47.955+0000][9684][info ][gc,phases   ] GC(14)   Other: 0.08ms
[2025-03-20T12:36:47.955+0000][9684][trace][gc,age      ] GC(14) Age table:
[2025-03-20T12:36:47.955+0000][9684][trace][gc,age      ] GC(14) - age   1:     101168 bytes,     101168 total
[2025-03-20T12:36:47.955+0000][9684][trace][gc,age      ] GC(14) - age   2:   10134176 bytes,   10235344 total
[2025-03-20T12:36:47.955+0000][9684][trace][gc,age      ] GC(14) - age   3:   11260968 bytes,   21496312 total
[2025-03-20T12:36:47.955+0000][9684][trace][gc,age      ] GC(14) - age   4:    6089096 bytes,   27585408 total
[2025-03-20T12:36:47.955+0000][9684][trace][gc,age      ] GC(14) - age   5:    6753176 bytes,   34338584 total
[2025-03-20T12:36:47.955+0000][9684][trace][gc,age      ] GC(14) - age   6:    3785000 bytes,   38123584 total
[2025-03-20T12:36:47.955+0000][9684][trace][gc,age      ] GC(14) - age   7:    3119936 bytes,   41243520 total
[2025-03-20T12:36:47.955+0000][9684][trace][gc,age      ] GC(14) - age   8:    3466512 bytes,   44710032 total
[2025-03-20T12:36:47.955+0000][9684][trace][gc,age      ] GC(14) - age   9:    2619248 bytes,   47329280 total
[2025-03-20T12:36:47.955+0000][9684][info ][gc,heap     ] GC(14) Eden regions: 1->0(212)
[2025-03-20T12:36:47.955+0000][9684][info ][gc,heap     ] GC(14) Survivor regions: 14->13(23)
[2025-03-20T12:36:47.955+0000][9684][info ][gc,heap     ] GC(14) Old regions: 5->6
[2025-03-20T12:36:47.955+0000][9684][info ][gc,heap     ] GC(14) Humongous regions: 0->0
[2025-03-20T12:36:47.955+0000][9684][info ][gc,metaspace] GC(14) Metaspace: 99185K(101248K)->99185K(101248K) NonClass: 85657K(86848K)->85657K(86848K) Class: 13527K(14400K)->13527K(14400K)
[2025-03-20T12:36:47.955+0000][9684][info ][gc          ] GC(14) Pause Young (Concurrent Start) (Metadata GC Threshold) 76M->73M(8148M) 14.845ms
[2025-03-20T12:36:47.955+0000][9684][info ][gc          ] GC(15) Concurrent Mark Cycle
[2025-03-20T12:36:47.955+0000][9684][info ][gc,cpu      ] GC(14) User=0.02s Sys=0.00s Real=0.01s
[2025-03-20T12:36:47.955+0000][9684][info ][gc,marking  ] GC(15) Concurrent Scan Root Regions
[2025-03-20T12:36:47.955+0000][9684][info ][safepoint   ] Safepoint "CollectForMetadataAllocation", Time since last: 16290600 ns, Reaching safepoint: 3200 ns, At safepoint: 14962200 ns, Total: 14965400 ns
[2025-03-20T12:36:47.960+0000][9684][info ][gc,marking  ] GC(15) Concurrent Scan Root Regions 3.925ms
[2025-03-20T12:36:47.960+0000][9684][info ][gc,marking  ] GC(15) Concurrent Mark
[2025-03-20T12:36:47.960+0000][9684][info ][gc,marking  ] GC(15) Concurrent Mark From Roots
[2025-03-20T12:36:47.960+0000][9684][info ][gc,task     ] GC(15) Using 5 workers of 5 for marking
[2025-03-20T12:36:47.964+0000][9684][info ][gc,marking  ] GC(15) Concurrent Mark From Roots 4.536ms
[2025-03-20T12:36:47.964+0000][9684][info ][gc,marking  ] GC(15) Concurrent Preclean
[2025-03-20T12:36:47.964+0000][9684][info ][gc,marking  ] GC(15) Concurrent Preclean 0.082ms
[2025-03-20T12:36:47.964+0000][9684][info ][gc,start    ] GC(15) Pause Remark
[2025-03-20T12:36:47.967+0000][9684][info ][gc          ] GC(15) Pause Remark 76M->76M(8148M) 2.889ms
[2025-03-20T12:36:47.967+0000][9684][info ][gc,cpu      ] GC(15) User=0.02s Sys=0.00s Real=0.00s
[2025-03-20T12:36:47.967+0000][9684][info ][safepoint   ] Safepoint "G1PauseRemark", Time since last: 8627000 ns, Reaching safepoint: 3600 ns, At safepoint: 2986700 ns, Total: 2990300 ns
[2025-03-20T12:36:47.967+0000][9684][info ][gc,marking  ] GC(15) Concurrent Mark 7.715ms
[2025-03-20T12:36:47.967+0000][9684][info ][gc,marking  ] GC(15) Concurrent Rebuild Remembered Sets and Scrub Regions
[2025-03-20T12:36:47.971+0000][9684][info ][gc,marking  ] GC(15) Concurrent Rebuild Remembered Sets and Scrub Regions 4.364ms
[2025-03-20T12:36:47.971+0000][9684][info ][gc,start    ] GC(15) Pause Cleanup
[2025-03-20T12:36:47.972+0000][9684][info ][gc          ] GC(15) Pause Cleanup 76M->76M(8148M) 0.037ms
[2025-03-20T12:36:47.972+0000][9684][info ][gc,cpu      ] GC(15) User=0.00s Sys=0.00s Real=0.00s
[2025-03-20T12:36:47.972+0000][9684][info ][safepoint   ] Safepoint "G1PauseCleanup", Time since last: 4456500 ns, Reaching safepoint: 23000 ns, At safepoint: 75600 ns, Total: 98600 ns
[2025-03-20T12:36:47.972+0000][9684][info ][gc,marking  ] GC(15) Concurrent Clear Claimed Marks
[2025-03-20T12:36:47.972+0000][9684][info ][gc,marking  ] GC(15) Concurrent Clear Claimed Marks 0.053ms
[2025-03-20T12:36:47.972+0000][9684][info ][gc,marking  ] GC(15) Concurrent Cleanup for Next Mark
[2025-03-20T12:36:47.980+0000][9684][info ][gc,marking  ] GC(15) Concurrent Cleanup for Next Mark 8.463ms
[2025-03-20T12:36:47.980+0000][9684][info ][gc          ] GC(15) Concurrent Mark Cycle 24.875ms
[2025-03-20T12:36:51.537+0000][9684][info ][gc,start    ] GC(16) Pause Young (Prepare Mixed) (G1 Evacuation Pause)
[2025-03-20T12:36:51.537+0000][9684][info ][gc,task     ] GC(16) Using 18 workers of 18 for evacuation
[2025-03-20T12:36:51.537+0000][9684][debug][gc,age      ] GC(16) Desired survivor size 60817408 bytes, new threshold 15 (max threshold 15)
[2025-03-20T12:36:51.560+0000][9684][info ][gc,phases   ] GC(16)   Pre Evacuate Collection Set: 0.20ms
[2025-03-20T12:36:51.561+0000][9684][info ][gc,phases   ] GC(16)   Merge Heap Roots: 0.10ms
[2025-03-20T12:36:51.561+0000][9684][info ][gc,phases   ] GC(16)   Evacuate Collection Set: 22.09ms
[2025-03-20T12:36:51.561+0000][9684][info ][gc,phases   ] GC(16)   Post Evacuate Collection Set: 1.67ms
[2025-03-20T12:36:51.561+0000][9684][info ][gc,phases   ] GC(16)   Other: 0.11ms
[2025-03-20T12:36:51.561+0000][9684][trace][gc,age      ] GC(16) Age table:
[2025-03-20T12:36:51.561+0000][9684][trace][gc,age      ] GC(16) - age   1:   35262776 bytes,   35262776 total
[2025-03-20T12:36:51.561+0000][9684][trace][gc,age      ] GC(16) - age   2:      80176 bytes,   35342952 total
[2025-03-20T12:36:51.561+0000][9684][trace][gc,age      ] GC(16) - age   3:    9950368 bytes,   45293320 total
[2025-03-20T12:36:51.561+0000][9684][trace][gc,age      ] GC(16) - age   4:   11162728 bytes,   56456048 total
[2025-03-20T12:36:51.561+0000][9684][trace][gc,age      ] GC(16) - age   5:    6059424 bytes,   62515472 total
[2025-03-20T12:36:51.561+0000][9684][trace][gc,age      ] GC(16) - age   6:    6750032 bytes,   69265504 total
[2025-03-20T12:36:51.561+0000][9684][trace][gc,age      ] GC(16) - age   7:    3779272 bytes,   73044776 total
[2025-03-20T12:36:51.561+0000][9684][trace][gc,age      ] GC(16) - age   8:    3116880 bytes,   76161656 total
[2025-03-20T12:36:51.561+0000][9684][trace][gc,age      ] GC(16) - age   9:    3463800 bytes,   79625456 total
[2025-03-20T12:36:51.561+0000][9684][trace][gc,age      ] GC(16) - age  10:    2614352 bytes,   82239808 total
[2025-03-20T12:36:51.561+0000][9684][info ][gc,heap     ] GC(16) Eden regions: 212->0(189)
[2025-03-20T12:36:51.561+0000][9684][info ][gc,heap     ] GC(16) Survivor regions: 13->22(29)
[2025-03-20T12:36:51.561+0000][9684][info ][gc,heap     ] GC(16) Old regions: 6->6
[2025-03-20T12:36:51.561+0000][9684][info ][gc,heap     ] GC(16) Humongous regions: 2->2
[2025-03-20T12:36:51.561+0000][9684][info ][gc,metaspace] GC(16) Metaspace: 143006K(147136K)->143006K(147136K) NonClass: 122598K(124864K)->122598K(124864K) Class: 20408K(22272K)->20408K(22272K)
[2025-03-20T12:36:51.561+0000][9684][info ][gc          ] GC(16) Pause Young (Prepare Mixed) (G1 Evacuation Pause) 929M->118M(8148M) 24.514ms
[2025-03-20T12:36:51.561+0000][9684][info ][gc,cpu      ] GC(16) User=0.02s Sys=0.00s Real=0.02s
[2025-03-20T12:36:51.561+0000][9684][info ][safepoint   ] Safepoint "G1CollectForAllocation", Time since last: 3564869200 ns, Reaching safepoint: 12600 ns, At safepoint: 24606800 ns, Total: 24619400 ns
[2025-03-20T12:38:44.371+0000][9684][info ][gc,heap,exit] Heap
[2025-03-20T12:38:44.371+0000][9684][info ][gc,heap,exit]  garbage-first heap   total reserved 8343552K, committed 8343552K, used 478618K [0x0000000602c00000, 0x0000000800000000)
[2025-03-20T12:38:44.371+0000][9684][info ][gc,heap,exit]   region size 4096K, 110 young (450560K), 22 survivors (90112K)
[2025-03-20T12:38:44.371+0000][9684][info ][gc,heap,exit]  Metaspace       used 144577K, committed 148736K, reserved 1179648K
[2025-03-20T12:38:44.371+0000][9684][info ][gc,heap,exit]   class space    used 20604K, committed 22464K, reserved 1048576K
