[2025-02-26T12:48:41.121+0000][27128][info][gc,init] CardTable entry size: 512
[2025-02-26T12:48:41.122+0000][27128][info][gc     ] Using G1
[2025-02-26T12:48:41.127+0000][27128][info][gc,init] Version: 23+37-2369 (release)
[2025-02-26T12:48:41.127+0000][27128][info][gc,init] CPUs: 24 total, 24 available
[2025-02-26T12:48:41.127+0000][27128][info][gc,init] Memory: 16296M
[2025-02-26T12:48:41.127+0000][27128][info][gc,init] Large Page Support: Disabled
[2025-02-26T12:48:41.127+0000][27128][info][gc,init] NUMA Support: Disabled
[2025-02-26T12:48:41.127+0000][27128][info][gc,init] Compressed Oops: Enabled (Zero based)
[2025-02-26T12:48:41.127+0000][27128][info][gc,init] Heap Region Size: 2M
[2025-02-26T12:48:41.127+0000][27128][info][gc,init] Heap Min Capacity: 8M
[2025-02-26T12:48:41.127+0000][27128][info][gc,init] Heap Initial Capacity: 256M
[2025-02-26T12:48:41.127+0000][27128][info][gc,init] Heap Max Capacity: 4076M
[2025-02-26T12:48:41.127+0000][27128][info][gc,init] Pre-touch: Disabled
[2025-02-26T12:48:41.127+0000][27128][info][gc,init] Parallel Workers: 18
[2025-02-26T12:48:41.127+0000][27128][info][gc,init] Concurrent Workers: 5
[2025-02-26T12:48:41.127+0000][27128][info][gc,init] Concurrent Refinement Workers: 18
[2025-02-26T12:48:41.127+0000][27128][info][gc,init] Periodic GC: Disabled
[2025-02-26T12:48:41.134+0000][27128][info][gc,metaspace] CDS archive(s) mapped at: [0x0000018e10000000-0x0000018e10d70000-0x0000018e10d70000), size 14090240, SharedBaseAddress: 0x0000018e10000000, ArchiveRelocationMode: 1.
[2025-02-26T12:48:41.134+0000][27128][info][gc,metaspace] Compressed class space mapped at: 0x0000018e11000000-0x0000018e51000000, reserved size: 1073741824
[2025-02-26T12:48:41.134+0000][27128][info][gc,metaspace] Narrow klass base: 0x0000018e10000000, Narrow klass shift: 0, Narrow klass range: 0x41000000
[2025-02-26T12:48:41.180+0000][27128][info][gc,heap,exit] Heap
[2025-02-26T12:48:41.180+0000][27128][info][gc,heap,exit]  garbage-first heap   total reserved 4173824K, committed 262144K, used 3031K [0x0000000701400000, 0x0000000800000000)
[2025-02-26T12:48:41.180+0000][27128][info][gc,heap,exit]   region size 2048K, 2 young (4096K), 0 survivors (0K)
[2025-02-26T12:48:41.180+0000][27128][info][gc,heap,exit]  Metaspace       used 222K, committed 448K, reserved 1114112K
[2025-02-26T12:48:41.180+0000][27128][info][gc,heap,exit]   class space    used 6K, committed 128K, reserved 1048576K
