[2025-03-12T11:30:40.814+0000][4152][info][gc,init] CardTable entry size: 512
[2025-03-12T11:30:40.814+0000][4152][info][gc     ] Using G1
[2025-03-12T11:30:42.428+0000][4152][info][gc,init] Version: 23+37-2369 (release)
[2025-03-12T11:30:42.428+0000][4152][info][gc,init] CPUs: 24 total, 24 available
[2025-03-12T11:30:42.428+0000][4152][info][gc,init] Memory: 16296M
[2025-03-12T11:30:42.428+0000][4152][info][gc,init] Large Page Support: Disabled
[2025-03-12T11:30:42.428+0000][4152][info][gc,init] NUMA Support: Disabled
[2025-03-12T11:30:42.428+0000][4152][info][gc,init] Compressed Oops: Enabled (Zero based)
[2025-03-12T11:30:42.428+0000][4152][info][gc,init] Heap Region Size: 4M
[2025-03-12T11:30:42.428+0000][4152][info][gc,init] Heap Min Capacity: 8148M
[2025-03-12T11:30:42.428+0000][4152][info][gc,init] Heap Initial Capacity: 8148M
[2025-03-12T11:30:42.428+0000][4152][info][gc,init] Heap Max Capacity: 8148M
[2025-03-12T11:30:42.428+0000][4152][info][gc,init] Pre-touch: Enabled
[2025-03-12T11:30:42.428+0000][4152][info][gc,init] Parallel Workers: 18
[2025-03-12T11:30:42.428+0000][4152][info][gc,init] Concurrent Workers: 5
[2025-03-12T11:30:42.428+0000][4152][info][gc,init] Concurrent Refinement Workers: 18
[2025-03-12T11:30:42.428+0000][4152][info][gc,init] Periodic GC: Disabled
[2025-03-12T11:30:42.436+0000][4152][info][gc,metaspace] CDS archive(s) mapped at: [0x00000223d5000000-0x00000223d5d70000-0x00000223d5d70000), size 14090240, SharedBaseAddress: 0x00000223d5000000, ArchiveRelocationMode: 1.
[2025-03-12T11:30:42.436+0000][4152][info][gc,metaspace] Compressed class space mapped at: 0x00000223d6000000-0x0000022416000000, reserved size: 1073741824
[2025-03-12T11:30:42.436+0000][4152][info][gc,metaspace] Narrow klass base: 0x00000223d5000000, Narrow klass shift: 0, Narrow klass range: 0x41000000
[2025-03-12T11:30:45.534+0000][4152][info][gc,start    ] GC(0) Pause Young (Concurrent Start) (Metadata GC Threshold)
[2025-03-12T11:30:45.538+0000][4152][info][gc,task     ] GC(0) Using 18 workers of 18 for evacuation
[2025-03-12T11:30:45.538+0000][4152][debug][gc,age      ] GC(0) Desired survivor size 27262976 bytes, new threshold 15 (max threshold 15)
[2025-03-12T11:30:45.546+0000][4152][info ][gc,phases   ] GC(0)   Pre Evacuate Collection Set: 0.70ms
[2025-03-12T11:30:45.546+0000][4152][info ][gc,phases   ] GC(0)   Merge Heap Roots: 0.13ms
[2025-03-12T11:30:45.546+0000][4152][info ][gc,phases   ] GC(0)   Evacuate Collection Set: 6.18ms
[2025-03-12T11:30:45.546+0000][4152][info ][gc,phases   ] GC(0)   Post Evacuate Collection Set: 1.05ms
[2025-03-12T11:30:45.546+0000][4152][info ][gc,phases   ] GC(0)   Other: 4.36ms
[2025-03-12T11:30:45.546+0000][4152][trace][gc,age      ] GC(0) Age table:
[2025-03-12T11:30:45.546+0000][4152][trace][gc,age      ] GC(0) - age   1:   15271408 bytes,   15271408 total
[2025-03-12T11:30:45.547+0000][4152][info ][gc,heap     ] GC(0) Eden regions: 68->0(97)
[2025-03-12T11:30:45.547+0000][4152][info ][gc,heap     ] GC(0) Survivor regions: 0->4(13)
[2025-03-12T11:30:45.547+0000][4152][info ][gc,heap     ] GC(0) Old regions: 0->0
[2025-03-12T11:30:45.547+0000][4152][info ][gc,heap     ] GC(0) Humongous regions: 0->0
[2025-03-12T11:30:45.547+0000][4152][info ][gc,metaspace] GC(0) Metaspace: 20771K(21504K)->20771K(21504K) NonClass: 18448K(18880K)->18448K(18880K) Class: 2322K(2624K)->2322K(2624K)
[2025-03-12T11:30:45.547+0000][4152][info ][gc          ] GC(0) Pause Young (Concurrent Start) (Metadata GC Threshold) 270M->15M(8148M) 13.210ms
[2025-03-12T11:30:45.547+0000][4152][info ][gc,cpu      ] GC(0) User=0.02s Sys=0.00s Real=0.01s
[2025-03-12T11:30:45.547+0000][4152][info ][gc          ] GC(1) Concurrent Mark Cycle
[2025-03-12T11:30:45.547+0000][4152][info ][gc,marking  ] GC(1) Concurrent Scan Root Regions
[2025-03-12T11:30:45.547+0000][4152][info ][safepoint   ] Safepoint "CollectForMetadataAllocation", Time since last: 3094044800 ns, Reaching safepoint: 4600 ns, At safepoint: 13469800 ns, Total: 13474400 ns
[2025-03-12T11:30:45.551+0000][4152][info ][gc,marking  ] GC(1) Concurrent Scan Root Regions 3.710ms
[2025-03-12T11:30:45.551+0000][4152][info ][gc,marking  ] GC(1) Concurrent Mark
[2025-03-12T11:30:45.551+0000][4152][info ][gc,marking  ] GC(1) Concurrent Mark From Roots
[2025-03-12T11:30:45.552+0000][4152][info ][gc,task     ] GC(1) Using 5 workers of 5 for marking
[2025-03-12T11:30:45.553+0000][4152][info ][gc,marking  ] GC(1) Concurrent Mark From Roots 1.285ms
[2025-03-12T11:30:45.553+0000][4152][info ][gc,marking  ] GC(1) Concurrent Preclean
[2025-03-12T11:30:45.553+0000][4152][info ][gc,marking  ] GC(1) Concurrent Preclean 0.013ms
[2025-03-12T11:30:45.553+0000][4152][info ][gc,start    ] GC(1) Pause Remark
[2025-03-12T11:30:45.554+0000][4152][info ][gc          ] GC(1) Pause Remark 19M->19M(8148M) 1.688ms
[2025-03-12T11:30:45.554+0000][4152][info ][gc,cpu      ] GC(1) User=0.00s Sys=0.00s Real=0.00s
[2025-03-12T11:30:45.554+0000][4152][info ][safepoint   ] Safepoint "G1PauseRemark", Time since last: 5134600 ns, Reaching safepoint: 12900 ns, At safepoint: 1746000 ns, Total: 1758900 ns
[2025-03-12T11:30:45.554+0000][4152][info ][gc,marking  ] GC(1) Concurrent Mark 3.145ms
[2025-03-12T11:30:45.554+0000][4152][info ][gc,marking  ] GC(1) Concurrent Rebuild Remembered Sets and Scrub Regions
[2025-03-12T11:30:45.554+0000][4152][info ][gc,marking  ] GC(1) Concurrent Rebuild Remembered Sets and Scrub Regions 0.070ms
[2025-03-12T11:30:45.554+0000][4152][info ][gc,start    ] GC(1) Pause Cleanup
[2025-03-12T11:30:45.554+0000][4152][info ][gc          ] GC(1) Pause Cleanup 19M->19M(8148M) 0.034ms
[2025-03-12T11:30:45.554+0000][4152][info ][gc,cpu      ] GC(1) User=0.00s Sys=0.00s Real=0.00s
[2025-03-12T11:30:45.554+0000][4152][info ][safepoint   ] Safepoint "G1PauseCleanup", Time since last: 159300 ns, Reaching safepoint: 44200 ns, At safepoint: 80000 ns, Total: 124200 ns
[2025-03-12T11:30:45.554+0000][4152][info ][gc,marking  ] GC(1) Concurrent Clear Claimed Marks
[2025-03-12T11:30:45.554+0000][4152][info ][gc,marking  ] GC(1) Concurrent Clear Claimed Marks 0.058ms
[2025-03-12T11:30:45.554+0000][4152][info ][gc,marking  ] GC(1) Concurrent Cleanup for Next Mark
[2025-03-12T11:30:45.565+0000][4152][info ][gc,marking  ] GC(1) Concurrent Cleanup for Next Mark 9.614ms
[2025-03-12T11:30:45.565+0000][4152][info ][gc          ] GC(1) Concurrent Mark Cycle 16.985ms
[2025-03-12T11:30:46.527+0000][4152][info ][gc,start    ] GC(2) Pause Young (Normal) (G1 Evacuation Pause)
[2025-03-12T11:30:46.527+0000][4152][info ][gc,task     ] GC(2) Using 18 workers of 18 for evacuation
[2025-03-12T11:30:46.527+0000][4152][debug][gc,age      ] GC(2) Desired survivor size 27262976 bytes, new threshold 15 (max threshold 15)
[2025-03-12T11:30:46.536+0000][4152][info ][gc,phases   ] GC(2)   Pre Evacuate Collection Set: 0.15ms
[2025-03-12T11:30:46.536+0000][4152][info ][gc,phases   ] GC(2)   Merge Heap Roots: 0.08ms
[2025-03-12T11:30:46.536+0000][4152][info ][gc,phases   ] GC(2)   Evacuate Collection Set: 6.86ms
[2025-03-12T11:30:46.536+0000][4152][info ][gc,phases   ] GC(2)   Post Evacuate Collection Set: 0.87ms
[2025-03-12T11:30:46.536+0000][4152][info ][gc,phases   ] GC(2)   Other: 0.09ms
[2025-03-12T11:30:46.536+0000][4152][trace][gc,age      ] GC(2) Age table:
[2025-03-12T11:30:46.536+0000][4152][trace][gc,age      ] GC(2) - age   1:    5328424 bytes,    5328424 total
[2025-03-12T11:30:46.536+0000][4152][trace][gc,age      ] GC(2) - age   2:   14338808 bytes,   19667232 total
[2025-03-12T11:30:46.536+0000][4152][info ][gc,heap     ] GC(2) Eden regions: 97->0(95)
[2025-03-12T11:30:46.536+0000][4152][info ][gc,heap     ] GC(2) Survivor regions: 4->6(13)
[2025-03-12T11:30:46.536+0000][4152][info ][gc,heap     ] GC(2) Old regions: 0->0
[2025-03-12T11:30:46.536+0000][4152][info ][gc,heap     ] GC(2) Humongous regions: 0->0
[2025-03-12T11:30:46.536+0000][4152][info ][gc,metaspace] GC(2) Metaspace: 28796K(29760K)->28796K(29760K) NonClass: 25580K(26112K)->25580K(26112K) Class: 3215K(3648K)->3215K(3648K)
[2025-03-12T11:30:46.536+0000][4152][info ][gc          ] GC(2) Pause Young (Normal) (G1 Evacuation Pause) 403M->20M(8148M) 8.294ms
[2025-03-12T11:30:46.536+0000][4152][info ][gc,cpu      ] GC(2) User=0.00s Sys=0.00s Real=0.01s
[2025-03-12T11:30:46.536+0000][4152][info ][safepoint   ] Safepoint "G1CollectForAllocation", Time since last: 972579700 ns, Reaching safepoint: 2900 ns, At safepoint: 8382600 ns, Total: 8385500 ns
[2025-03-12T11:30:46.998+0000][4152][info ][gc,start    ] GC(3) Pause Young (Normal) (G1 Evacuation Pause)
[2025-03-12T11:30:46.998+0000][4152][info ][gc,task     ] GC(3) Using 18 workers of 18 for evacuation
[2025-03-12T11:30:46.998+0000][4152][debug][gc,age      ] GC(3) Desired survivor size 27262976 bytes, new threshold 15 (max threshold 15)
[2025-03-12T11:30:47.007+0000][4152][info ][gc,phases   ] GC(3)   Pre Evacuate Collection Set: 0.16ms
[2025-03-12T11:30:47.007+0000][4152][info ][gc,phases   ] GC(3)   Merge Heap Roots: 0.08ms
[2025-03-12T11:30:47.007+0000][4152][info ][gc,phases   ] GC(3)   Evacuate Collection Set: 7.36ms
[2025-03-12T11:30:47.007+0000][4152][info ][gc,phases   ] GC(3)   Post Evacuate Collection Set: 1.06ms
[2025-03-12T11:30:47.007+0000][4152][info ][gc,phases   ] GC(3)   Other: 0.08ms
[2025-03-12T11:30:47.007+0000][4152][trace][gc,age      ] GC(3) Age table:
[2025-03-12T11:30:47.007+0000][4152][trace][gc,age      ] GC(3) - age   1:    5162328 bytes,    5162328 total
[2025-03-12T11:30:47.007+0000][4152][trace][gc,age      ] GC(3) - age   2:    5299216 bytes,   10461544 total
[2025-03-12T11:30:47.007+0000][4152][trace][gc,age      ] GC(3) - age   3:   14336472 bytes,   24798016 total
[2025-03-12T11:30:47.007+0000][4152][info ][gc,heap     ] GC(3) Eden regions: 95->0(94)
[2025-03-12T11:30:47.007+0000][4152][info ][gc,heap     ] GC(3) Survivor regions: 6->7(13)
[2025-03-12T11:30:47.007+0000][4152][info ][gc,heap     ] GC(3) Old regions: 0->0
[2025-03-12T11:30:47.007+0000][4152][info ][gc,heap     ] GC(3) Humongous regions: 0->0
[2025-03-12T11:30:47.007+0000][4152][info ][gc,metaspace] GC(3) Metaspace: 30211K(31168K)->30211K(31168K) NonClass: 26787K(27328K)->26787K(27328K) Class: 3424K(3840K)->3424K(3840K)
[2025-03-12T11:30:47.007+0000][4152][info ][gc          ] GC(3) Pause Young (Normal) (G1 Evacuation Pause) 400M->26M(8148M) 8.971ms
[2025-03-12T11:30:47.007+0000][4152][info ][gc,cpu      ] GC(3) User=0.00s Sys=0.00s Real=0.01s
[2025-03-12T11:30:47.007+0000][4152][info ][safepoint   ] Safepoint "G1CollectForAllocation", Time since last: 463037600 ns, Reaching safepoint: 2900 ns, At safepoint: 9015900 ns, Total: 9018800 ns
[2025-03-12T11:30:47.334+0000][4152][info ][gc,start    ] GC(4) Pause Young (Normal) (G1 Evacuation Pause)
[2025-03-12T11:30:47.334+0000][4152][info ][gc,task     ] GC(4) Using 18 workers of 18 for evacuation
[2025-03-12T11:30:47.334+0000][4152][debug][gc,age      ] GC(4) Desired survivor size 27262976 bytes, new threshold 15 (max threshold 15)
[2025-03-12T11:30:47.343+0000][4152][info ][gc,phases   ] GC(4)   Pre Evacuate Collection Set: 0.18ms
[2025-03-12T11:30:47.343+0000][4152][info ][gc,phases   ] GC(4)   Merge Heap Roots: 0.08ms
[2025-03-12T11:30:47.343+0000][4152][info ][gc,phases   ] GC(4)   Evacuate Collection Set: 7.64ms
[2025-03-12T11:30:47.343+0000][4152][info ][gc,phases   ] GC(4)   Post Evacuate Collection Set: 1.02ms
[2025-03-12T11:30:47.343+0000][4152][info ][gc,phases   ] GC(4)   Other: 0.10ms
[2025-03-12T11:30:47.343+0000][4152][trace][gc,age      ] GC(4) Age table:
[2025-03-12T11:30:47.343+0000][4152][trace][gc,age      ] GC(4) - age   1:    2607592 bytes,    2607592 total
[2025-03-12T11:30:47.343+0000][4152][trace][gc,age      ] GC(4) - age   2:    3718568 bytes,    6326160 total
[2025-03-12T11:30:47.343+0000][4152][trace][gc,age      ] GC(4) - age   3:    5298712 bytes,   11624872 total
[2025-03-12T11:30:47.343+0000][4152][trace][gc,age      ] GC(4) - age   4:   14336440 bytes,   25961312 total
[2025-03-12T11:30:47.343+0000][4152][info ][gc,heap     ] GC(4) Eden regions: 94->0(94)
[2025-03-12T11:30:47.343+0000][4152][info ][gc,heap     ] GC(4) Survivor regions: 7->7(13)
[2025-03-12T11:30:47.343+0000][4152][info ][gc,heap     ] GC(4) Old regions: 0->0
[2025-03-12T11:30:47.343+0000][4152][info ][gc,heap     ] GC(4) Humongous regions: 0->0
[2025-03-12T11:30:47.343+0000][4152][info ][gc,metaspace] GC(4) Metaspace: 30654K(31680K)->30654K(31680K) NonClass: 27165K(27776K)->27165K(27776K) Class: 3489K(3904K)->3489K(3904K)
[2025-03-12T11:30:47.343+0000][4152][info ][gc          ] GC(4) Pause Young (Normal) (G1 Evacuation Pause) 402M->26M(8148M) 9.339ms
[2025-03-12T11:30:47.343+0000][4152][info ][gc,cpu      ] GC(4) User=0.00s Sys=0.00s Real=0.01s
[2025-03-12T11:30:47.343+0000][4152][info ][safepoint   ] Safepoint "G1CollectForAllocation", Time since last: 326473500 ns, Reaching safepoint: 34500 ns, At safepoint: 9399300 ns, Total: 9433800 ns
[2025-03-12T11:30:47.761+0000][4152][info ][gc,start    ] GC(5) Pause Young (Concurrent Start) (Metadata GC Threshold)
[2025-03-12T11:30:47.761+0000][4152][info ][gc,task     ] GC(5) Using 18 workers of 18 for evacuation
[2025-03-12T11:30:47.761+0000][4152][debug][gc,age      ] GC(5) Desired survivor size 27262976 bytes, new threshold 15 (max threshold 15)
[2025-03-12T11:30:47.772+0000][4152][info ][gc,phases   ] GC(5)   Pre Evacuate Collection Set: 0.30ms
[2025-03-12T11:30:47.772+0000][4152][info ][gc,phases   ] GC(5)   Merge Heap Roots: 0.17ms
[2025-03-12T11:30:47.772+0000][4152][info ][gc,phases   ] GC(5)   Evacuate Collection Set: 9.60ms
[2025-03-12T11:30:47.772+0000][4152][info ][gc,phases   ] GC(5)   Post Evacuate Collection Set: 1.66ms
[2025-03-12T11:30:47.772+0000][4152][info ][gc,phases   ] GC(5)   Other: 0.11ms
[2025-03-12T11:30:47.772+0000][4152][trace][gc,age      ] GC(5) Age table:
[2025-03-12T11:30:47.772+0000][4152][trace][gc,age      ] GC(5) - age   1:    3576504 bytes,    3576504 total
[2025-03-12T11:30:47.772+0000][4152][trace][gc,age      ] GC(5) - age   2:    2603656 bytes,    6180160 total
[2025-03-12T11:30:47.772+0000][4152][trace][gc,age      ] GC(5) - age   3:    3715640 bytes,    9895800 total
[2025-03-12T11:30:47.772+0000][4152][trace][gc,age      ] GC(5) - age   4:    5297208 bytes,   15193008 total
[2025-03-12T11:30:47.772+0000][4152][trace][gc,age      ] GC(5) - age   5:   14335768 bytes,   29528776 total
[2025-03-12T11:30:47.772+0000][4152][info ][gc,heap     ] GC(5) Eden regions: 50->0(93)
[2025-03-12T11:30:47.772+0000][4152][info ][gc,heap     ] GC(5) Survivor regions: 7->8(13)
[2025-03-12T11:30:47.772+0000][4152][info ][gc,heap     ] GC(5) Old regions: 0->0
[2025-03-12T11:30:47.772+0000][4152][info ][gc,heap     ] GC(5) Humongous regions: 0->0
[2025-03-12T11:30:47.772+0000][4152][info ][gc,metaspace] GC(5) Metaspace: 35083K(36096K)->35083K(36096K) NonClass: 31129K(31680K)->31129K(31680K) Class: 3953K(4416K)->3953K(4416K)
[2025-03-12T11:30:47.772+0000][4152][info ][gc          ] GC(5) Pause Young (Concurrent Start) (Metadata GC Threshold) 224M->30M(8148M) 12.131ms
[2025-03-12T11:30:47.772+0000][4152][info ][gc,cpu      ] GC(5) User=0.03s Sys=0.00s Real=0.01s
[2025-03-12T11:30:47.772+0000][4152][info ][gc          ] GC(6) Concurrent Mark Cycle
[2025-03-12T11:30:47.772+0000][4152][info ][safepoint   ] Safepoint "CollectForMetadataAllocation", Time since last: 416963100 ns, Reaching safepoint: 4200 ns, At safepoint: 12224800 ns, Total: 12229000 ns
[2025-03-12T11:30:47.772+0000][4152][info ][gc,marking  ] GC(6) Concurrent Scan Root Regions
[2025-03-12T11:30:47.774+0000][4152][info ][gc,marking  ] GC(6) Concurrent Scan Root Regions 2.238ms
[2025-03-12T11:30:47.774+0000][4152][info ][gc,marking  ] GC(6) Concurrent Mark
[2025-03-12T11:30:47.774+0000][4152][info ][gc,marking  ] GC(6) Concurrent Mark From Roots
[2025-03-12T11:30:47.774+0000][4152][info ][gc,task     ] GC(6) Using 5 workers of 5 for marking
[2025-03-12T11:30:47.775+0000][4152][info ][gc,marking  ] GC(6) Concurrent Mark From Roots 0.466ms
[2025-03-12T11:30:47.775+0000][4152][info ][gc,marking  ] GC(6) Concurrent Preclean
[2025-03-12T11:30:47.775+0000][4152][info ][gc,marking  ] GC(6) Concurrent Preclean 0.021ms
[2025-03-12T11:30:47.775+0000][4152][info ][gc,start    ] GC(6) Pause Remark
[2025-03-12T11:30:47.779+0000][4152][info ][gc          ] GC(6) Pause Remark 32M->32M(8148M) 2.707ms
[2025-03-12T11:30:47.779+0000][4152][info ][gc,cpu      ] GC(6) User=0.02s Sys=0.00s Real=0.00s
[2025-03-12T11:30:47.779+0000][4152][info ][safepoint   ] Safepoint "G1PauseRemark", Time since last: 2849000 ns, Reaching safepoint: 3900 ns, At safepoint: 2824300 ns, Total: 2828200 ns
[2025-03-12T11:30:47.779+0000][4152][info ][gc,marking  ] GC(6) Concurrent Mark 3.436ms
[2025-03-12T11:30:47.779+0000][4152][info ][gc,marking  ] GC(6) Concurrent Rebuild Remembered Sets and Scrub Regions
[2025-03-12T11:30:47.779+0000][4152][info ][gc,marking  ] GC(6) Concurrent Rebuild Remembered Sets and Scrub Regions 0.071ms
[2025-03-12T11:30:47.779+0000][4152][info ][gc,start    ] GC(6) Pause Cleanup
[2025-03-12T11:30:47.779+0000][4152][info ][gc          ] GC(6) Pause Cleanup 32M->32M(8148M) 0.033ms
[2025-03-12T11:30:47.779+0000][4152][info ][gc,cpu      ] GC(6) User=0.00s Sys=0.00s Real=0.00s
[2025-03-12T11:30:47.779+0000][4152][info ][safepoint   ] Safepoint "G1PauseCleanup", Time since last: 178100 ns, Reaching safepoint: 82800 ns, At safepoint: 78700 ns, Total: 161500 ns
[2025-03-12T11:30:47.779+0000][4152][info ][gc,marking  ] GC(6) Concurrent Clear Claimed Marks
[2025-03-12T11:30:47.779+0000][4152][info ][gc,marking  ] GC(6) Concurrent Clear Claimed Marks 0.063ms
[2025-03-12T11:30:47.779+0000][4152][info ][gc,marking  ] GC(6) Concurrent Cleanup for Next Mark
[2025-03-12T11:30:47.791+0000][4152][info ][gc,marking  ] GC(6) Concurrent Cleanup for Next Mark 12.345ms
[2025-03-12T11:30:47.791+0000][4152][info ][gc          ] GC(6) Concurrent Mark Cycle 18.609ms
[2025-03-12T11:30:48.221+0000][4152][info ][gc,start    ] GC(7) Pause Young (Normal) (G1 Evacuation Pause)
[2025-03-12T11:30:48.221+0000][4152][info ][gc,task     ] GC(7) Using 18 workers of 18 for evacuation
[2025-03-12T11:30:48.221+0000][4152][debug][gc,age      ] GC(7) Desired survivor size 27262976 bytes, new threshold 5 (max threshold 15)
[2025-03-12T11:30:48.229+0000][4152][info ][gc,phases   ] GC(7)   Pre Evacuate Collection Set: 0.17ms
[2025-03-12T11:30:48.229+0000][4152][info ][gc,phases   ] GC(7)   Merge Heap Roots: 0.08ms
[2025-03-12T11:30:48.229+0000][4152][info ][gc,phases   ] GC(7)   Evacuate Collection Set: 8.17ms
[2025-03-12T11:30:48.229+0000][4152][info ][gc,phases   ] GC(7)   Post Evacuate Collection Set: 0.85ms
[2025-03-12T11:30:48.229+0000][4152][info ][gc,phases   ] GC(7)   Other: 0.08ms
[2025-03-12T11:30:48.229+0000][4152][trace][gc,age      ] GC(7) Age table:
[2025-03-12T11:30:48.229+0000][4152][trace][gc,age      ] GC(7) - age   1:    3878608 bytes,    3878608 total
[2025-03-12T11:30:48.229+0000][4152][trace][gc,age      ] GC(7) - age   2:    3541112 bytes,    7419720 total
[2025-03-12T11:30:48.229+0000][4152][trace][gc,age      ] GC(7) - age   3:    2603560 bytes,   10023280 total
[2025-03-12T11:30:48.229+0000][4152][trace][gc,age      ] GC(7) - age   4:    3714552 bytes,   13737832 total
[2025-03-12T11:30:48.229+0000][4152][trace][gc,age      ] GC(7) - age   5:    5297208 bytes,   19035040 total
[2025-03-12T11:30:48.229+0000][4152][info ][gc,heap     ] GC(7) Eden regions: 93->0(95)
[2025-03-12T11:30:48.229+0000][4152][info ][gc,heap     ] GC(7) Survivor regions: 8->6(13)
[2025-03-12T11:30:48.229+0000][4152][info ][gc,heap     ] GC(7) Old regions: 0->4
[2025-03-12T11:30:48.229+0000][4152][info ][gc,heap     ] GC(7) Humongous regions: 0->0
[2025-03-12T11:30:48.229+0000][4152][info ][gc,metaspace] GC(7) Metaspace: 36854K(38016K)->36854K(38016K) NonClass: 32638K(33344K)->32638K(33344K) Class: 4215K(4672K)->4215K(4672K)
[2025-03-12T11:30:48.229+0000][4152][info ][gc          ] GC(7) Pause Young (Normal) (G1 Evacuation Pause) 402M->35M(8148M) 9.587ms
[2025-03-12T11:30:48.229+0000][4152][info ][gc,cpu      ] GC(7) User=0.00s Sys=0.00s Real=0.01s
[2025-03-12T11:30:48.229+0000][4152][info ][safepoint   ] Safepoint "G1CollectForAllocation", Time since last: 441550400 ns, Reaching safepoint: 3300 ns, At safepoint: 9632500 ns, Total: 9635800 ns
[2025-03-12T11:30:48.721+0000][4152][info ][gc,start    ] GC(8) Pause Young (Normal) (G1 Evacuation Pause)
[2025-03-12T11:30:48.721+0000][4152][info ][gc,task     ] GC(8) Using 18 workers of 18 for evacuation
[2025-03-12T11:30:48.722+0000][4152][debug][gc,age      ] GC(8) Desired survivor size 27262976 bytes, new threshold 15 (max threshold 15)
[2025-03-12T11:30:48.727+0000][4152][info ][gc,phases   ] GC(8)   Pre Evacuate Collection Set: 0.21ms
[2025-03-12T11:30:48.727+0000][4152][info ][gc,phases   ] GC(8)   Merge Heap Roots: 0.11ms
[2025-03-12T11:30:48.727+0000][4152][info ][gc,phases   ] GC(8)   Evacuate Collection Set: 4.16ms
[2025-03-12T11:30:48.727+0000][4152][info ][gc,phases   ] GC(8)   Post Evacuate Collection Set: 0.58ms
[2025-03-12T11:30:48.727+0000][4152][info ][gc,phases   ] GC(8)   Other: 0.10ms
[2025-03-12T11:30:48.727+0000][4152][trace][gc,age      ] GC(8) Age table:
[2025-03-12T11:30:48.727+0000][4152][trace][gc,age      ] GC(8) - age   1:    3883136 bytes,    3883136 total
[2025-03-12T11:30:48.727+0000][4152][trace][gc,age      ] GC(8) - age   2:    3150648 bytes,    7033784 total
[2025-03-12T11:30:48.727+0000][4152][trace][gc,age      ] GC(8) - age   3:    3541016 bytes,   10574800 total
[2025-03-12T11:30:48.727+0000][4152][trace][gc,age      ] GC(8) - age   4:    2602800 bytes,   13177600 total
[2025-03-12T11:30:48.727+0000][4152][trace][gc,age      ] GC(8) - age   5:    3710104 bytes,   16887704 total
[2025-03-12T11:30:48.728+0000][4152][trace][gc,age      ] GC(8) - age   6:    5296336 bytes,   22184040 total
[2025-03-12T11:30:48.728+0000][4152][info ][gc,heap     ] GC(8) Eden regions: 95->0(142)
[2025-03-12T11:30:48.728+0000][4152][info ][gc,heap     ] GC(8) Survivor regions: 6->6(13)
[2025-03-12T11:30:48.728+0000][4152][info ][gc,heap     ] GC(8) Old regions: 4->4
[2025-03-12T11:30:48.728+0000][4152][info ][gc,heap     ] GC(8) Humongous regions: 0->0
[2025-03-12T11:30:48.728+0000][4152][info ][gc,metaspace] GC(8) Metaspace: 39057K(40192K)->39057K(40192K) NonClass: 34556K(35200K)->34556K(35200K) Class: 4501K(4992K)->4501K(4992K)
[2025-03-12T11:30:48.728+0000][4152][info ][gc          ] GC(8) Pause Young (Normal) (G1 Evacuation Pause) 415M->38M(8148M) 5.424ms
[2025-03-12T11:30:48.728+0000][4152][info ][gc,cpu      ] GC(8) User=0.00s Sys=0.00s Real=0.01s
[2025-03-12T11:30:48.728+0000][4152][info ][safepoint   ] Safepoint "G1CollectForAllocation", Time since last: 491968700 ns, Reaching safepoint: 3200 ns, At safepoint: 5474500 ns, Total: 5477700 ns
[2025-03-12T11:30:49.274+0000][4152][info ][gc,start    ] GC(9) Pause Young (Normal) (G1 Evacuation Pause)
[2025-03-12T11:30:49.274+0000][4152][info ][gc,task     ] GC(9) Using 18 workers of 18 for evacuation
[2025-03-12T11:30:49.274+0000][4152][debug][gc,age      ] GC(9) Desired survivor size 39845888 bytes, new threshold 15 (max threshold 15)
[2025-03-12T11:30:49.281+0000][4152][info ][gc,phases   ] GC(9)   Pre Evacuate Collection Set: 0.19ms
[2025-03-12T11:30:49.281+0000][4152][info ][gc,phases   ] GC(9)   Merge Heap Roots: 0.11ms
[2025-03-12T11:30:49.281+0000][4152][info ][gc,phases   ] GC(9)   Evacuate Collection Set: 5.06ms
[2025-03-12T11:30:49.281+0000][4152][info ][gc,phases   ] GC(9)   Post Evacuate Collection Set: 0.69ms
[2025-03-12T11:30:49.281+0000][4152][info ][gc,phases   ] GC(9)   Other: 0.11ms
[2025-03-12T11:30:49.281+0000][4152][trace][gc,age      ] GC(9) Age table:
[2025-03-12T11:30:49.281+0000][4152][trace][gc,age      ] GC(9) - age   1:    6834080 bytes,    6834080 total
[2025-03-12T11:30:49.281+0000][4152][trace][gc,age      ] GC(9) - age   2:    3850744 bytes,   10684824 total
[2025-03-12T11:30:49.281+0000][4152][trace][gc,age      ] GC(9) - age   3:    3150344 bytes,   13835168 total
[2025-03-12T11:30:49.281+0000][4152][trace][gc,age      ] GC(9) - age   4:    3540984 bytes,   17376152 total
[2025-03-12T11:30:49.281+0000][4152][trace][gc,age      ] GC(9) - age   5:    2600400 bytes,   19976552 total
[2025-03-12T11:30:49.281+0000][4152][trace][gc,age      ] GC(9) - age   6:    3709816 bytes,   23686368 total
[2025-03-12T11:30:49.281+0000][4152][trace][gc,age      ] GC(9) - age   7:    5293664 bytes,   28980032 total
[2025-03-12T11:30:49.281+0000][4152][info ][gc,heap     ] GC(9) Eden regions: 142->0(118)
[2025-03-12T11:30:49.281+0000][4152][info ][gc,heap     ] GC(9) Survivor regions: 6->8(19)
[2025-03-12T11:30:49.281+0000][4152][info ][gc,heap     ] GC(9) Old regions: 4->4
[2025-03-12T11:30:49.281+0000][4152][info ][gc,heap     ] GC(9) Humongous regions: 0->0
[2025-03-12T11:30:49.281+0000][4152][info ][gc,metaspace] GC(9) Metaspace: 39771K(40960K)->39771K(40960K) NonClass: 35175K(35904K)->35175K(35904K) Class: 4595K(5056K)->4595K(5056K)
[2025-03-12T11:30:49.281+0000][4152][info ][gc          ] GC(9) Pause Young (Normal) (G1 Evacuation Pause) 606M->45M(8148M) 6.433ms
[2025-03-12T11:30:49.281+0000][4152][info ][gc,cpu      ] GC(9) User=0.00s Sys=0.00s Real=0.01s
[2025-03-12T11:30:49.281+0000][4152][info ][safepoint   ] Safepoint "G1CollectForAllocation", Time since last: 547516000 ns, Reaching safepoint: 3400 ns, At safepoint: 6484400 ns, Total: 6487800 ns
[2025-03-12T11:30:51.331+0000][4152][info ][gc,start    ] GC(10) Pause Young (Concurrent Start) (Metadata GC Threshold)
[2025-03-12T11:30:51.331+0000][4152][info ][gc,task     ] GC(10) Using 18 workers of 18 for evacuation
[2025-03-12T11:30:51.331+0000][4152][debug][gc,age      ] GC(10) Desired survivor size 33554432 bytes, new threshold 15 (max threshold 15)
[2025-03-12T11:30:51.341+0000][4152][info ][gc,phases   ] GC(10)   Pre Evacuate Collection Set: 0.24ms
[2025-03-12T11:30:51.341+0000][4152][info ][gc,phases   ] GC(10)   Merge Heap Roots: 0.21ms
[2025-03-12T11:30:51.341+0000][4152][info ][gc,phases   ] GC(10)   Evacuate Collection Set: 8.21ms
[2025-03-12T11:30:51.341+0000][4152][info ][gc,phases   ] GC(10)   Post Evacuate Collection Set: 0.85ms
[2025-03-12T11:30:51.341+0000][4152][info ][gc,phases   ] GC(10)   Other: 0.09ms
[2025-03-12T11:30:51.341+0000][4152][trace][gc,age      ] GC(10) Age table:
[2025-03-12T11:30:51.341+0000][4152][trace][gc,age      ] GC(10) - age   1:    6638008 bytes,    6638008 total
[2025-03-12T11:30:51.341+0000][4152][trace][gc,age      ] GC(10) - age   2:    6800232 bytes,   13438240 total
[2025-03-12T11:30:51.341+0000][4152][trace][gc,age      ] GC(10) - age   3:    3810544 bytes,   17248784 total
[2025-03-12T11:30:51.341+0000][4152][trace][gc,age      ] GC(10) - age   4:    3130712 bytes,   20379496 total
[2025-03-12T11:30:51.341+0000][4152][trace][gc,age      ] GC(10) - age   5:    3524224 bytes,   23903720 total
[2025-03-12T11:30:51.341+0000][4152][trace][gc,age      ] GC(10) - age   6:    2589168 bytes,   26492888 total
[2025-03-12T11:30:51.341+0000][4152][trace][gc,age      ] GC(10) - age   7:    3691584 bytes,   30184472 total
[2025-03-12T11:30:51.341+0000][4152][trace][gc,age      ] GC(10) - age   8:    5085712 bytes,   35270184 total
[2025-03-12T11:30:51.341+0000][4152][info ][gc,heap     ] GC(10) Eden regions: 94->0(151)
[2025-03-12T11:30:51.341+0000][4152][info ][gc,heap     ] GC(10) Survivor regions: 8->10(16)
[2025-03-12T11:30:51.341+0000][4152][info ][gc,heap     ] GC(10) Old regions: 4->4
[2025-03-12T11:30:51.341+0000][4152][info ][gc,heap     ] GC(10) Humongous regions: 0->0
[2025-03-12T11:30:51.341+0000][4152][info ][gc,metaspace] GC(10) Metaspace: 58810K(60288K)->58810K(60288K) NonClass: 51576K(52480K)->51576K(52480K) Class: 7233K(7808K)->7233K(7808K)
[2025-03-12T11:30:51.341+0000][4152][info ][gc          ] GC(10) Pause Young (Concurrent Start) (Metadata GC Threshold) 421M->51M(8148M) 9.878ms
[2025-03-12T11:30:51.341+0000][4152][info ][gc,cpu      ] GC(10) User=0.00s Sys=0.00s Real=0.01s
[2025-03-12T11:30:51.341+0000][4152][info ][gc          ] GC(11) Concurrent Mark Cycle
[2025-03-12T11:30:51.341+0000][4152][info ][gc,marking  ] GC(11) Concurrent Scan Root Regions
[2025-03-12T11:30:51.341+0000][4152][info ][safepoint   ] Safepoint "CollectForMetadataAllocation", Time since last: 2050093200 ns, Reaching safepoint: 3100 ns, At safepoint: 9963500 ns, Total: 9966600 ns
[2025-03-12T11:30:51.344+0000][4152][info ][gc,marking  ] GC(11) Concurrent Scan Root Regions 2.718ms
[2025-03-12T11:30:51.344+0000][4152][info ][gc,marking  ] GC(11) Concurrent Mark
[2025-03-12T11:30:51.344+0000][4152][info ][gc,marking  ] GC(11) Concurrent Mark From Roots
[2025-03-12T11:30:51.344+0000][4152][info ][gc,task     ] GC(11) Using 5 workers of 5 for marking
[2025-03-12T11:30:51.349+0000][4152][info ][gc,marking  ] GC(11) Concurrent Mark From Roots 5.050ms
[2025-03-12T11:30:51.349+0000][4152][info ][gc,marking  ] GC(11) Concurrent Preclean
[2025-03-12T11:30:51.349+0000][4152][info ][gc,marking  ] GC(11) Concurrent Preclean 0.084ms
[2025-03-12T11:30:51.349+0000][4152][info ][gc,start    ] GC(11) Pause Remark
[2025-03-12T11:30:51.352+0000][4152][info ][gc          ] GC(11) Pause Remark 54M->54M(8148M) 2.709ms
[2025-03-12T11:30:51.352+0000][4152][info ][gc,cpu      ] GC(11) User=0.00s Sys=0.00s Real=0.00s
[2025-03-12T11:30:51.352+0000][4152][info ][safepoint   ] Safepoint "G1PauseRemark", Time since last: 7945800 ns, Reaching safepoint: 13500 ns, At safepoint: 2769500 ns, Total: 2783000 ns
[2025-03-12T11:30:51.352+0000][4152][info ][gc,marking  ] GC(11) Concurrent Mark 8.012ms
[2025-03-12T11:30:51.352+0000][4152][info ][gc,marking  ] GC(11) Concurrent Rebuild Remembered Sets and Scrub Regions
[2025-03-12T11:30:51.354+0000][4152][info ][gc,marking  ] GC(11) Concurrent Rebuild Remembered Sets and Scrub Regions 1.867ms
[2025-03-12T11:30:51.354+0000][4152][info ][gc,start    ] GC(11) Pause Cleanup
[2025-03-12T11:30:51.354+0000][4152][info ][gc          ] GC(11) Pause Cleanup 54M->54M(8148M) 0.049ms
[2025-03-12T11:30:51.354+0000][4152][info ][gc,cpu      ] GC(11) User=0.00s Sys=0.00s Real=0.00s
[2025-03-12T11:30:51.354+0000][4152][info ][safepoint   ] Safepoint "G1PauseCleanup", Time since last: 1976800 ns, Reaching safepoint: 45100 ns, At safepoint: 92400 ns, Total: 137500 ns
[2025-03-12T11:30:51.354+0000][4152][info ][gc,marking  ] GC(11) Concurrent Clear Claimed Marks
[2025-03-12T11:30:51.354+0000][4152][info ][gc,marking  ] GC(11) Concurrent Clear Claimed Marks 0.077ms
[2025-03-12T11:30:51.354+0000][4152][info ][gc,marking  ] GC(11) Concurrent Cleanup for Next Mark
[2025-03-12T11:30:51.364+0000][4152][info ][gc,marking  ] GC(11) Concurrent Cleanup for Next Mark 9.502ms
[2025-03-12T11:30:51.364+0000][4152][info ][gc          ] GC(11) Concurrent Mark Cycle 22.558ms
[2025-03-12T11:30:53.910+0000][4152][info ][gc,start    ] GC(12) Pause Young (Normal) (G1 Evacuation Pause)
[2025-03-12T11:30:53.910+0000][4152][info ][gc,task     ] GC(12) Using 18 workers of 18 for evacuation
[2025-03-12T11:30:53.910+0000][4152][debug][gc,age      ] GC(12) Desired survivor size 44040192 bytes, new threshold 15 (max threshold 15)
[2025-03-12T11:30:53.925+0000][4152][info ][gc,phases   ] GC(12)   Pre Evacuate Collection Set: 0.18ms
[2025-03-12T11:30:53.925+0000][4152][info ][gc,phases   ] GC(12)   Merge Heap Roots: 0.10ms
[2025-03-12T11:30:53.925+0000][4152][info ][gc,phases   ] GC(12)   Evacuate Collection Set: 12.06ms
[2025-03-12T11:30:53.925+0000][4152][info ][gc,phases   ] GC(12)   Post Evacuate Collection Set: 1.22ms
[2025-03-12T11:30:53.925+0000][4152][info ][gc,phases   ] GC(12)   Other: 0.10ms
[2025-03-12T11:30:53.925+0000][4152][trace][gc,age      ] GC(12) Age table:
[2025-03-12T11:30:53.925+0000][4152][trace][gc,age      ] GC(12) - age   1:   11816240 bytes,   11816240 total
[2025-03-12T11:30:53.925+0000][4152][trace][gc,age      ] GC(12) - age   2:    6206072 bytes,   18022312 total
[2025-03-12T11:30:53.925+0000][4152][trace][gc,age      ] GC(12) - age   3:    6757224 bytes,   24779536 total
[2025-03-12T11:30:53.925+0000][4152][trace][gc,age      ] GC(12) - age   4:    3802184 bytes,   28581720 total
[2025-03-12T11:30:53.925+0000][4152][trace][gc,age      ] GC(12) - age   5:    3127264 bytes,   31708984 total
[2025-03-12T11:30:53.925+0000][4152][trace][gc,age      ] GC(12) - age   6:    3519432 bytes,   35228416 total
[2025-03-12T11:30:53.925+0000][4152][trace][gc,age      ] GC(12) - age   7:    2581208 bytes,   37809624 total
[2025-03-12T11:30:53.925+0000][4152][trace][gc,age      ] GC(12) - age   8:    3678464 bytes,   41488088 total
[2025-03-12T11:30:53.925+0000][4152][trace][gc,age      ] GC(12) - age   9:    5060368 bytes,   46548456 total
[2025-03-12T11:30:53.925+0000][4152][info ][gc,heap     ] GC(12) Eden regions: 151->0(163)
[2025-03-12T11:30:53.925+0000][4152][info ][gc,heap     ] GC(12) Survivor regions: 10->13(21)
[2025-03-12T11:30:53.925+0000][4152][info ][gc,heap     ] GC(12) Old regions: 4->4
[2025-03-12T11:30:53.925+0000][4152][info ][gc,heap     ] GC(12) Humongous regions: 0->0
[2025-03-12T11:30:53.925+0000][4152][info ][gc,metaspace] GC(12) Metaspace: 77909K(79808K)->77909K(79808K) NonClass: 67435K(68544K)->67435K(68544K) Class: 10473K(11264K)->10473K(11264K)
[2025-03-12T11:30:53.925+0000][4152][info ][gc          ] GC(12) Pause Young (Normal) (G1 Evacuation Pause) 655M->63M(8148M) 14.034ms
[2025-03-12T11:30:53.925+0000][4152][info ][gc,cpu      ] GC(12) User=0.02s Sys=0.00s Real=0.01s
[2025-03-12T11:30:53.925+0000][4152][info ][safepoint   ] Safepoint "G1CollectForAllocation", Time since last: 2556718700 ns, Reaching safepoint: 4300 ns, At safepoint: 14089400 ns, Total: 14093700 ns
[2025-03-12T11:30:56.084+0000][4152][info ][gc,start    ] GC(13) Pause Young (Concurrent Start) (Metadata GC Threshold)
[2025-03-12T11:30:56.084+0000][4152][info ][gc,task     ] GC(13) Using 18 workers of 18 for evacuation
[2025-03-12T11:30:56.084+0000][4152][debug][gc,age      ] GC(13) Desired survivor size 46137344 bytes, new threshold 9 (max threshold 15)
[2025-03-12T11:30:56.103+0000][4152][info ][gc,phases   ] GC(13)   Pre Evacuate Collection Set: 0.23ms
[2025-03-12T11:30:56.103+0000][4152][info ][gc,phases   ] GC(13)   Merge Heap Roots: 0.09ms
[2025-03-12T11:30:56.103+0000][4152][info ][gc,phases   ] GC(13)   Evacuate Collection Set: 16.56ms
[2025-03-12T11:30:56.103+0000][4152][info ][gc,phases   ] GC(13)   Post Evacuate Collection Set: 1.53ms
[2025-03-12T11:30:56.103+0000][4152][info ][gc,phases   ] GC(13)   Other: 0.10ms
[2025-03-12T11:30:56.103+0000][4152][trace][gc,age      ] GC(13) Age table:
[2025-03-12T11:30:56.103+0000][4152][trace][gc,age      ] GC(13) - age   1:   10276008 bytes,   10276008 total
[2025-03-12T11:30:56.103+0000][4152][trace][gc,age      ] GC(13) - age   2:   11346336 bytes,   21622344 total
[2025-03-12T11:30:56.103+0000][4152][trace][gc,age      ] GC(13) - age   3:    6073016 bytes,   27695360 total
[2025-03-12T11:30:56.103+0000][4152][trace][gc,age      ] GC(13) - age   4:    6748440 bytes,   34443800 total
[2025-03-12T11:30:56.103+0000][4152][trace][gc,age      ] GC(13) - age   5:    3786744 bytes,   38230544 total
[2025-03-12T11:30:56.103+0000][4152][trace][gc,age      ] GC(13) - age   6:    3119432 bytes,   41349976 total
[2025-03-12T11:30:56.103+0000][4152][trace][gc,age      ] GC(13) - age   7:    3508288 bytes,   44858264 total
[2025-03-12T11:30:56.103+0000][4152][trace][gc,age      ] GC(13) - age   8:    2577744 bytes,   47436008 total
[2025-03-12T11:30:56.103+0000][4152][trace][gc,age      ] GC(13) - age   9:    3674936 bytes,   51110944 total
[2025-03-12T11:30:56.103+0000][4152][info ][gc,heap     ] GC(13) Eden regions: 103->0(206)
[2025-03-12T11:30:56.103+0000][4152][info ][gc,heap     ] GC(13) Survivor regions: 13->14(22)
[2025-03-12T11:30:56.103+0000][4152][info ][gc,heap     ] GC(13) Old regions: 4->5
[2025-03-12T11:30:56.103+0000][4152][info ][gc,heap     ] GC(13) Humongous regions: 0->0
[2025-03-12T11:30:56.103+0000][4152][info ][gc,metaspace] GC(13) Metaspace: 98568K(100736K)->98568K(100736K) NonClass: 85164K(86336K)->85164K(86336K) Class: 13404K(14400K)->13404K(14400K)
[2025-03-12T11:30:56.103+0000][4152][info ][gc          ] GC(13) Pause Young (Concurrent Start) (Metadata GC Threshold) 475M->74M(8148M) 18.817ms
[2025-03-12T11:30:56.103+0000][4152][info ][gc,cpu      ] GC(13) User=0.05s Sys=0.00s Real=0.02s
[2025-03-12T11:30:56.103+0000][4152][info ][gc          ] GC(14) Concurrent Mark Cycle
[2025-03-12T11:30:56.103+0000][4152][info ][safepoint   ] Safepoint "CollectForMetadataAllocation", Time since last: 2159545300 ns, Reaching safepoint: 3800 ns, At safepoint: 18917300 ns, Total: 18921100 ns
[2025-03-12T11:30:56.103+0000][4152][info ][gc,marking  ] GC(14) Concurrent Scan Root Regions
[2025-03-12T11:30:56.107+0000][4152][info ][gc,marking  ] GC(14) Concurrent Scan Root Regions 4.251ms
[2025-03-12T11:30:56.107+0000][4152][info ][gc,marking  ] GC(14) Concurrent Mark
[2025-03-12T11:30:56.107+0000][4152][info ][gc,marking  ] GC(14) Concurrent Mark From Roots
[2025-03-12T11:30:56.107+0000][4152][info ][gc,task     ] GC(14) Using 5 workers of 5 for marking
[2025-03-12T11:30:56.113+0000][4152][info ][gc,marking  ] GC(14) Concurrent Mark From Roots 4.708ms
[2025-03-12T11:30:56.113+0000][4152][info ][gc,marking  ] GC(14) Concurrent Preclean
[2025-03-12T11:30:56.113+0000][4152][info ][gc,marking  ] GC(14) Concurrent Preclean 0.066ms
[2025-03-12T11:30:56.113+0000][4152][info ][gc,start    ] GC(14) Pause Remark
[2025-03-12T11:30:56.116+0000][4152][info ][gc          ] GC(14) Pause Remark 76M->76M(8148M) 3.133ms
[2025-03-12T11:30:56.116+0000][4152][info ][gc,cpu      ] GC(14) User=0.00s Sys=0.00s Real=0.00s
[2025-03-12T11:30:56.116+0000][4152][info ][safepoint   ] Safepoint "G1PauseRemark", Time since last: 9146200 ns, Reaching safepoint: 13900 ns, At safepoint: 3199000 ns, Total: 3212900 ns
[2025-03-12T11:30:56.116+0000][4152][info ][gc,marking  ] GC(14) Concurrent Mark 8.085ms
[2025-03-12T11:30:56.116+0000][4152][info ][gc,marking  ] GC(14) Concurrent Rebuild Remembered Sets and Scrub Regions
[2025-03-12T11:30:56.117+0000][4152][info ][gc,marking  ] GC(14) Concurrent Rebuild Remembered Sets and Scrub Regions 0.974ms
[2025-03-12T11:30:56.117+0000][4152][info ][gc,start    ] GC(14) Pause Cleanup
[2025-03-12T11:30:56.117+0000][4152][info ][gc          ] GC(14) Pause Cleanup 76M->76M(8148M) 0.033ms
[2025-03-12T11:30:56.117+0000][4152][info ][gc,cpu      ] GC(14) User=0.02s Sys=0.00s Real=0.00s
[2025-03-12T11:30:56.117+0000][4152][info ][safepoint   ] Safepoint "G1PauseCleanup", Time since last: 1078500 ns, Reaching safepoint: 108100 ns, At safepoint: 76100 ns, Total: 184200 ns
[2025-03-12T11:30:56.117+0000][4152][info ][gc,marking  ] GC(14) Concurrent Clear Claimed Marks
[2025-03-12T11:30:56.117+0000][4152][info ][gc,marking  ] GC(14) Concurrent Clear Claimed Marks 0.084ms
[2025-03-12T11:30:56.117+0000][4152][info ][gc,marking  ] GC(14) Concurrent Cleanup for Next Mark
[2025-03-12T11:30:56.127+0000][4152][info ][gc,marking  ] GC(14) Concurrent Cleanup for Next Mark 9.714ms
[2025-03-12T11:30:56.127+0000][4152][info ][gc          ] GC(14) Concurrent Mark Cycle 23.557ms
[2025-03-12T11:37:55.490+0000][4152][info ][gc,start    ] GC(15) Pause Young (Normal) (G1 Evacuation Pause)
[2025-03-12T11:37:55.490+0000][4152][info ][gc,task     ] GC(15) Using 18 workers of 18 for evacuation
[2025-03-12T11:37:55.490+0000][4152][debug][gc,age      ] GC(15) Desired survivor size 58720256 bytes, new threshold 15 (max threshold 15)
[2025-03-12T11:37:55.519+0000][4152][info ][gc,phases   ] GC(15)   Pre Evacuate Collection Set: 0.28ms
[2025-03-12T11:37:55.519+0000][4152][info ][gc,phases   ] GC(15)   Merge Heap Roots: 0.12ms
[2025-03-12T11:37:55.519+0000][4152][info ][gc,phases   ] GC(15)   Evacuate Collection Set: 26.27ms
[2025-03-12T11:37:55.519+0000][4152][info ][gc,phases   ] GC(15)   Post Evacuate Collection Set: 1.96ms
[2025-03-12T11:37:55.519+0000][4152][info ][gc,phases   ] GC(15)   Other: 0.12ms
[2025-03-12T11:37:55.519+0000][4152][trace][gc,age      ] GC(15) Age table:
[2025-03-12T11:37:55.519+0000][4152][trace][gc,age      ] GC(15) - age   1:   48016688 bytes,   48016688 total
[2025-03-12T11:37:55.519+0000][4152][trace][gc,age      ] GC(15) - age   2:    9860200 bytes,   57876888 total
[2025-03-12T11:37:55.519+0000][4152][trace][gc,age      ] GC(15) - age   3:   11180992 bytes,   69057880 total
[2025-03-12T11:37:55.519+0000][4152][trace][gc,age      ] GC(15) - age   4:    6040496 bytes,   75098376 total
[2025-03-12T11:37:55.519+0000][4152][trace][gc,age      ] GC(15) - age   5:    6745496 bytes,   81843872 total
[2025-03-12T11:37:55.519+0000][4152][trace][gc,age      ] GC(15) - age   6:    3780920 bytes,   85624792 total
[2025-03-12T11:37:55.519+0000][4152][trace][gc,age      ] GC(15) - age   7:    3116528 bytes,   88741320 total
[2025-03-12T11:37:55.519+0000][4152][trace][gc,age      ] GC(15) - age   8:    3505784 bytes,   92247104 total
[2025-03-12T11:37:55.519+0000][4152][trace][gc,age      ] GC(15) - age   9:    2572752 bytes,   94819856 total
[2025-03-12T11:37:55.519+0000][4152][trace][gc,age      ] GC(15) - age  10:    3668280 bytes,   98488136 total
[2025-03-12T11:37:55.519+0000][4152][info ][gc,heap     ] GC(15) Eden regions: 206->0(181)
[2025-03-12T11:37:55.519+0000][4152][info ][gc,heap     ] GC(15) Survivor regions: 14->26(28)
[2025-03-12T11:37:55.519+0000][4152][info ][gc,heap     ] GC(15) Old regions: 5->5
[2025-03-12T11:37:55.519+0000][4152][info ][gc,heap     ] GC(15) Humongous regions: 2->2
[2025-03-12T11:37:55.519+0000][4152][info ][gc,metaspace] GC(15) Metaspace: 145480K(149696K)->145480K(149696K) NonClass: 124522K(126848K)->124522K(126848K) Class: 20958K(22848K)->20958K(22848K)
[2025-03-12T11:37:55.519+0000][4152][info ][gc          ] GC(15) Pause Young (Normal) (G1 Evacuation Pause) 906M->131M(8148M) 29.077ms
[2025-03-12T11:37:55.519+0000][4152][info ][gc,cpu      ] GC(15) User=0.06s Sys=0.00s Real=0.03s
[2025-03-12T11:37:55.519+0000][4152][info ][safepoint   ] Safepoint "G1CollectForAllocation", Time since last: 419372888000 ns, Reaching safepoint: 10700 ns, At safepoint: 29158700 ns, Total: 29169400 ns
[2025-03-12T11:45:50.916+0000][4152][info ][gc,heap,exit] Heap
[2025-03-12T11:45:50.916+0000][4152][info ][gc,heap,exit]  garbage-first heap   total reserved 8343552K, committed 8343552K, used 547175K [0x0000000602c00000, 0x0000000800000000)
[2025-03-12T11:45:50.916+0000][4152][info ][gc,heap,exit]   region size 4096K, 127 young (520192K), 26 survivors (106496K)
[2025-03-12T11:45:50.916+0000][4152][info ][gc,heap,exit]  Metaspace       used 146569K, committed 150784K, reserved 1179648K
[2025-03-12T11:45:50.916+0000][4152][info ][gc,heap,exit]   class space    used 21079K, committed 22976K, reserved 1048576K
